04-01 17:52:50.103   500   498 D soundtrigger: audio_extn_sound_trigger_update_stream_status: uc_info->id 0 of type 0 for Event 3, with Raise=1
04-01 17:52:50.108   500   498 D audio_hw_utils: audio_extn_utils_send_app_type_cfg: usecase->out_snd_device headphones
04-01 17:52:50.108   500   498 D msm8916_platform: platform_split_snd_device: snd_device(9) num devices(0) new_snd_devices(0)
04-01 17:52:50.108   500   498 D audio_hw_utils: audio_extn_btsco_get_sample_rate:Not a BT SCO device, need not update sampling rate
04-01 17:52:50.108   500   498 I audio_hw_utils: send_app_type_cfg_for_device PLAYBACK app_type 69936, acdb_dev_id 10, sample_rate 48000, snd_device_be_idx 43
04-01 17:52:50.108   500   498 D msm8916_platform: platform_split_snd_device: snd_device(9) num devices(1) new_snd_devices(0)
04-01 17:52:50.108   500   498 D audio_hw_utils: audio_extn_btsco_get_sample_rate:Not a BT SCO device, need not update sampling rate
04-01 17:52:50.109   500   498 D ACDB-LOADER: ACDB -> send_audio_cal, acdb_id = 10, path = 0, app id = 0x11130, sample rate = 48000, afe_sample_rate = 48000
04-01 17:52:50.109   500   498 D ACDB-LOADER: ACDB -> send_asm_topology
04-01 17:52:50.109   500   498 D ACDB-LOADER: ACDB -> ACDB_CMD_GET_AUDPROC_STREAM_TOPOLOGY_ID
04-01 17:52:50.109   500   498 D ACDB-LOADER: ACDB -> send_adm_topology
04-01 17:52:50.109   500   498 D ACDB-LOADER: ACDB -> ACDB_CMD_GET_AUDPROC_COMMON_TOPOLOGY_ID
04-01 17:52:50.109   500   498 D ACDB-LOADER: ACDB -> send_audtable
04-01 17:52:50.109   500   498 D ACDB-LOADER: ACDB -> ACDB_CMD_GET_AUDPROC_COMMON_TABLE_SIZE
04-01 17:52:50.109   500   498 D ACDB-LOADER: ACDB -> ACDB_CMD_GET_AUDPROC_COMMON_TABLE
04-01 17:52:50.109   500   498 D ACDB-LOADER: ACDB -> AUDIO_SET_AUDPROC_CAL cal_type[11] acdb_id[10] app_type[69936]
04-01 17:52:50.109   500   498 D ACDB-LOADER: ACDB -> send_audvoltable
04-01 17:52:50.109   500   498 D ACDB-LOADER: ACDB -> ACDB_CMD_GET_AUDPROC_GAIN_DEP_STEP_TABLE_SIZE
04-01 17:52:50.109   500   498 D ACDB-LOADER: ACDB -> ACDB_CMD_GET_AUDPROC_GAIN_DEP_STEP_TABLE, vol index 0
04-01 17:52:50.109   500   498 D ACDB-LOADER: ACDB -> AUDIO_SET_VOL_CAL cal type = 12
04-01 17:52:50.109   500   498 D ACDB-LOADER: ACDB -> ACDB_CMD_GET_AUDPROC_STREAM_TABLE_SIZE
04-01 17:52:50.109   500   498 D ACDB-LOADER: ACDB -> send_audstrmtable
04-01 17:52:50.109   500   498 D ACDB-LOADER: ACDB -> ACDB_CMD_GET_AUDPROC_STREAM_TABLE_V2
04-01 17:52:50.109   500   498 D ACDB-LOADER: ACDB -> audstrm_cal->cal_type.cal_data.cal_size = 456
04-01 17:52:50.109   500   498 D ACDB-LOADER: ACDB -> send_afe_topology
04-01 17:52:50.109   500   498 D ACDB-LOADER: ACDB -> ACDB_CMD_GET_AFE_TOPOLOGY_ID
04-01 17:52:50.109   500   498 D ACDB-LOADER: ACDB -> GET_AFE_TOPOLOGY_ID for adcd_id 10, Topology Id 112fc
04-01 17:52:50.109   500   498 D ACDB-LOADER: ACDB -> send_afe_cal
04-01 17:52:50.109   500   498 D ACDB-LOADER: ACDB -> ACDB_CMD_GET_AFE_COMMON_TABLE_SIZE
04-01 17:52:50.109   500   498 D         : Failed to fetch the lookup information of the device 0000000A 
04-01 17:52:50.109   500   498 D ACDB-LOADER: Error: ACDB_CMD_GET_AFE_COMMON_TABLE_SIZE Returned = -19
04-01 17:52:50.109   500   498 D ACDB-LOADER: ACDB -> ACDB_CMD_GET_AFE_COMMON_TABLE
04-01 17:52:50.109   500   498 D         : Failed to fetch the lookup information of the device 0000000A 
04-01 17:52:50.109   500   498 D ACDB-LOADER: Error: ACDB AFE returned = -19
04-01 17:52:50.109   500   498 D ACDB-LOADER: ACDB -> AUDIO_SET_AFE_CAL cal_type[16] acdb_id[10]
04-01 17:52:50.109   500   498 D ACDB-LOADER: ACDB -> send_hw_delay : acdb_id = 10 path = 0
04-01 17:52:50.109   500   498 D ACDB-LOADER: ACDB -> ACDB_AVSYNC_INFO: ACDB_CMD_GET_DEVICE_PROPERTY
04-01 17:52:50.109   500   498 D msm8916_platform: platform_split_snd_device: snd_device(9) num devices(0) new_snd_devices(0)
04-01 17:52:50.109   500   498 I msm8916_platform: platform_get_custom_mtmx_params: no matching param with id 0 ip_ch 2 op_ch 1 uc_id 0 snd_dev 9
04-01 17:52:50.109   500   498 D audio_hw_primary: enable_audio_route: apply mixer and update path: deep-buffer-playback
04-01 17:52:50.109   500   498 D audio_route: Apply path: deep-buffer-playback
04-01 17:52:50.110   500   498 D audio_hw_primary: select_devices: done
04-01 17:52:50.111   500   498 D msm8916_platform: platform_set_channel_map mixer_ctl_name:Playback Channel Map0
04-01 17:52:50.112   500   498 D msm8916_platform: platform_set_channel_map: set mapping(1 2 0 0 0 0 0 0) for channel:2
04-01 17:52:50.148   500   498 E audio_hw_extn: audio_extn_perf_lock_release: Perf lock release error 
04-01 17:52:50.148   500   498 D audio_hw_primary: start_output_stream: exit
04-01 17:52:50.148   500   498 D msm8916_platform: platform_split_snd_device: snd_device(9) num devices(0) new_snd_devices(0)
04-01 17:52:50.148   500   498 I msm8916_platform: platform_get_custom_mtmx_params: no matching param with id 0 ip_ch 2 op_ch 1 uc_id 0 snd_dev 9
04-01 17:52:50.242   520   893 D AudioFlinger: mixer(0xabf6a580) throttle end: throttle time(49)
04-01 17:52:50.267   607   607 I GeckoDump: [system] WakeLockManager cpu : unlocked, isHeld 0
04-01 17:52:50.267   607   607 I GeckoDump: [system] WakeLockManager audio-playing : locked-foreground, isHeld 1
04-01 17:52:50.274   607   607 I GeckoDump: [system] [AppWindow][Music][AppWindow_19][1616492629.959] publishing internal event: chromecollapsed
04-01 17:52:50.274   607   607 I GeckoDump: [system] [AppWindow][Music][AppWindow_19][1616492629.960] publishing external event: appchromecollapsed
04-01 17:52:50.275   607   607 I GeckoDump: [system] [HierarchyManager][1616492629.960] getting top most...,AppWindowManager
04-01 17:52:50.889   513   872 E WifiHAL : Invalid data received from driver
04-01 17:52:50.890   513   872 I chatty  : uid=1010 wifi@1.0-servic identical 5 lines
04-01 17:52:50.890   513   872 E WifiHAL : Invalid data received from driver
04-01 17:52:50.898  3453  3453 W Web Content: [JavaScript Warning: "Cannot play media. No decoders for requested formats: application/ogg" {file: "http://music.localhost/index.html" line: 0}]
04-01 17:52:52.410   513   872 E WifiHAL : Invalid data received from driver
04-01 17:52:52.937   513   872 I chatty  : uid=1010 wifi@1.0-servic identical 2 lines
04-01 17:52:52.937   513   872 E WifiHAL : Invalid data received from driver
04-01 17:52:53.309   607   607 I Gecko   : console.log: "sendKeyEvent" "keydown" "Enter"
04-01 17:52:53.310   607   607 I GeckoConsole: Content JS LOG: 
04-01 17:52:53.312   607   607 I GeckoDump: [system] [HardwareButtons] event type: keydown, key: Enter, target: [object XULFrameElement], src: http://music.localhost/index.html, activeElement nodeName: browser, class: 
04-01 17:52:53.315   607   607 I GeckoDump: [system] [KeypadBacklightManager]set keyLightEnabled = true, keyLightBrightness = 50
04-01 17:52:53.316   607   607 I GeckoDump: [system] [HierarchyManager][1616492633.002] getting top most...,AppWindowManager
04-01 17:52:53.319  3453  3453 I Gecko   : [Event] event type: keydown, key: Enter, target: [object HTMLDivElement], id: views-player, class: view
04-01 17:52:53.323   607   607 I GeckoDump: [system] [AudioChannelService][1616492633.009] handling audiochannelstatechanged
04-01 17:52:53.323   607   607 I GeckoDump: [system] [AudioChannelService][1616492633.009] Audio channel state is false
04-01 17:52:53.323  3453  3453 I Gecko   : WebViewChild: 
04-01 17:52:53.323  3453  3453 I Gecko   : Got metaChanged: (og:kaios:softkeyinfo) SoftLeft: Library, Enter: icon=play, SoftRight: Options 
04-01 17:52:53.324  3453  3453 I Gecko   : 
04-01 17:52:53.324   607   607 I GeckoDump: [system] [AudioChannelService][1616492633.010] publishing: audiochannelchanged
04-01 17:52:53.326  3453  3561 D         : PlayerBase::pause() from IPlayer
04-01 17:52:53.328   607   607 I Gecko   : console.warn: "L10nError: \"2/15\" not found in en-US in chrome://system/content/index.html"
04-01 17:52:53.328   607   607 W GeckoConsole: Content JS WARN: 
04-01 17:52:53.338   607   607 I GeckoDump: [system] [AppWindow][Music][AppWindow_19][1616492633.024]  Handling mozbrowsermetachange event...
04-01 17:52:53.339   607   607 I GeckoDump: [system] [HierarchyManager][1616492633.025] getting top most...,AppWindowManager
04-01 17:52:53.340   607   607 I GeckoDump: [system] [AppWindow][Music][AppWindow_19][1616492633.026] Pause the audio channel
04-01 17:52:53.341   607   607 I FocusManager: << focus() called >>
04-01 17:52:53.341   607   607 I FocusManager:    trying to set focus on, tag: browser, id: systemapp, class: 
04-01 17:52:53.341   607   607 I FocusManager: Warning: element is already focused.
04-01 17:52:53.451   607   607 I Gecko   : console.log: "sendKeyEvent" "keyup" "Enter"
04-01 17:52:53.452   607   607 I GeckoConsole: Content JS LOG: 
04-01 17:52:53.454   607   607 I GeckoDump: [system] [HardwareButtons] event type: keyup, key: Enter, target: [object XULFrameElement], src: http://music.localhost/index.html, activeElement nodeName: browser, class: 
04-01 17:52:53.455   607   607 I GeckoDump: [system] [HierarchyManager][1616492633.141] enter
04-01 17:52:53.456   607   607 I GeckoDump: [system] [HierarchyManager][1616492633.142] handover enter to AppWindowManager
04-01 17:52:53.458  3453  3453 I Gecko   : [Event] event type: keyup, key: Enter, target: [object HTMLDivElement], id: views-player, class: view
04-01 17:52:53.524   520   893 W AudioFlinger: no wake lock to update, system not ready yet
04-01 17:52:53.526   520   893 W BatteryNotifier: batterystats service unavailable!
04-01 17:52:53.526   520   810 W AudioFlinger: moveEffectChain_l() effect chain for session 0 not on source thread 0xabf6a580
04-01 17:52:54.682   513   872 E WifiHAL : Invalid data received from driver
04-01 17:52:54.683   513   872 E WifiHAL : Invalid data received from driver
04-01 17:52:55.322   607   607 I GeckoDump: [system] WakeLockManager cpu : unlocked, isHeld 0
04-01 17:52:55.322   607   607 I GeckoDump: [system] WakeLockManager audio-playing : unlocked, isHeld 0
04-01 17:52:55.350   608  1053 E telemetry: error recv from sock Sys(EAGAIN)
04-01 17:52:55.413   513   872 E WifiHAL : Invalid data received from driver
04-01 17:52:56.364   500   545 D audio_hw_primary: out_standby: enter: stream (0xa813d000) usecase(0: deep-buffer-playback)
04-01 17:52:56.601   500   545 D audio_hw_primary: disable_audio_route: reset and update mixer path: deep-buffer-playback
04-01 17:52:56.601   500   545 D soundtrigger: audio_extn_sound_trigger_update_stream_status: uc_info->id 0 of type 0 for Event 2, with Raise=1
04-01 17:52:56.601   500   545 D msm8916_platform: platform_split_snd_device: snd_device(9) num devices(0) new_snd_devices(0)
04-01 17:52:56.601   500   545 I msm8916_platform: platform_get_custom_mtmx_params: no matching param with id 0 ip_ch 2 op_ch 1 uc_id 0 snd_dev 9
04-01 17:52:56.601   500   545 D hardware_info: hw_info_append_hw_type : device_name = headphones
04-01 17:52:56.601   500   545 D audio_hw_primary: disable_snd_device: snd_device(9: headphones)
04-01 17:52:56.601   500   545 D msm8916_platform: platform_split_snd_device: snd_device(9) num devices(0) new_snd_devices(0)
04-01 17:52:56.605   500   545 I soundtrigger: audio_extn_sound_trigger_update_device_status: device 0x9 of type 0 for Event 0, with Raise=0
04-01 17:52:56.605   500   545 D audio_hw_primary: out_standby: exit
04-01 17:52:56.753   607   607 W GeckoConsole: [JavaScript Warning: "Security wrapper denied access to property "Services" on privileged Javascript object. Support for exposing privileged objects to untrusted content via __exposedProps__ has been removed - use WebIDL bindings or Components.utils.cloneInto instead. Note that only the first denied property access from a given global object will be reported." {file: "kaitests/mtbf/kai_mtbf_test_case.py" line: 480}]
04-01 17:52:56.805  2591  2591 W Web Content: [JavaScript Warning: "Security wrapper denied access to property "Services" on privileged Javascript object. Support for exposing privileged objects to untrusted content via __exposedProps__ has been removed - use WebIDL bindings or Components.utils.cloneInto instead. Note that only the first denied property access from a given global object will be reported." {file: "kaitests/mtbf/kai_mtbf_test_case.py" line: 480}]
04-01 17:52:56.931   513   872 E WifiHAL : Invalid data received from driver
04-01 17:52:56.931   513   872 I chatty  : uid=1010 wifi@1.0-servic identical 3 lines
04-01 17:52:56.931   513   872 E WifiHAL : Invalid data received from driver
04-01 17:52:56.945   607   607 I Gecko   : console.log: "sendKeyEvent" "keydown" "Backspace"
04-01 17:52:56.945   607   607 I GeckoConsole: Content JS LOG: 
04-01 17:52:56.950  3453  3453 I Gecko   : WebViewChild: 
04-01 17:52:56.950  3453  3453 I Gecko   : Got metaChanged: (theme-color) rgb(255, 255, 255) 
04-01 17:52:56.950  3453  3453 I Gecko   : 
04-01 17:52:56.952   607   607 I GeckoDump: [system] [AppWindow][Music][AppWindow_19][1616492636.638]  Handling mozbrowsermetachange event...
04-01 17:52:56.953   607   607 I GeckoDump: [system] [AppWindow][Music][AppWindow_19][1616492636.639] publishing internal event: themecolorchange
04-01 17:52:56.953   607   607 I GeckoDump: [system] [AppWindow][Music][AppWindow_19][1616492636.639] publishing external event: appthemecolorchange
04-01 17:52:56.966  3453  3453 I Gecko   : [Event] event type: keydown, key: Backspace, target: [object HTMLDivElement], id: views-player, class: view hidden
04-01 17:52:56.967  3453  3453 I FocusManager: << focus() called >>
04-01 17:52:56.967  3453  3453 I FocusManager:    trying to set focus on, tag: DIV, id: views-list, class: view
04-01 17:52:56.967  3453  3453 I FocusManager:    current focused element, tag: DIV, id: views-player, class: view hidden
04-01 17:52:56.967  3453  3453 I FocusManager: <- blur on, tag: DIV, id: views-player, class: view hidden
04-01 17:52:56.967  3453  3453 I FocusManager: -> focus is now on, tag: DIV, id: views-list, class: view
04-01 17:52:56.969   607   607 I GeckoDump: [system] [HardwareButtons] event type: keydown, key: Backspace, target: [object XULFrameElement], src: http://music.localhost/index.html, activeElement nodeName: browser, class: 
04-01 17:52:56.970   607   607 I GeckoDump: [system] [KeypadBacklightManager]set keyLightEnabled = true, keyLightBrightness = 50
04-01 17:52:56.971   607   607 I GeckoDump: [system] [HierarchyManager][1616492636.657] getting top most...,AppWindowManager
04-01 17:52:56.975  3453  3453 I FocusManager: << focus() called >>
04-01 17:52:56.975  3453  3453 I FocusManager:    trying to set focus on, tag: LI, id: list-first-item, class: list-item focusable
04-01 17:52:56.975  3453  3453 I FocusManager:    current focused element, tag: DIV, id: views-list, class: view
04-01 17:52:56.975  3453  3453 I FocusManager: <- blur on, tag: DIV, id: views-list, class: view
04-01 17:52:56.976  3453  3453 I FocusManager: -> focus is now on, tag: LI, id: list-first-item, class: list-item focusable
04-01 17:52:56.982  3453  3453 I Gecko   : WebViewChild: 
04-01 17:52:56.983  3453  3453 I Gecko   : Got metaChanged: (og:kaios:softkeyinfo) SoftLeft: Player, Enter: icon=play, SoftRight: Options 
04-01 17:52:56.983  3453  3453 I Gecko   : 
04-01 17:52:56.984   607   607 I GeckoDump: [system] [AppWindow][Music][AppWindow_19][1616492636.670]  Handling mozbrowsermetachange event...
04-01 17:52:56.985   607   607 I GeckoDump: [system] [HierarchyManager][1616492636.670] getting top most...,AppWindowManager
04-01 17:52:56.990   607   607 I GeckoDump: [system] [AppWindow][Music][AppWindow_19][1616492636.676] publishing internal event: titlestatechanged
04-01 17:52:56.991   607   607 I GeckoDump: [system] [AppWindow][Music][AppWindow_19][1616492636.676] publishing external event: apptitlestatechanged
04-01 17:52:56.991   607   607 I GeckoDump: [system] [HierarchyManager][1616492636.677] getting top most...,AppWindowManager
04-01 17:52:57.080   607   607 I Gecko   : console.log: "sendKeyEvent" "keyup" "Backspace"
04-01 17:52:57.081   607   607 I GeckoConsole: Content JS LOG: 
04-01 17:52:57.082  3453  3453 I Gecko   : [Event] event type: keyup, key: Backspace, target: [object HTMLLIElement], id: list-first-item, class: list-item focusable
04-01 17:52:57.090   607   607 I GeckoDump: [system] [HardwareButtons] event type: keyup, key: Backspace, target: [object XULFrameElement], src: http://music.localhost/index.html, activeElement nodeName: browser, class: 
04-01 17:52:57.234   607   607 I Gecko   : console.log: "sendKeyEvent" "keydown" "EndCall"
04-01 17:52:57.234   607   607 I GeckoConsole: Content JS LOG: 
04-01 17:52:57.239  3453  3453 I Gecko   : [Event] event type: keydown, key: EndCall, target: [object HTMLLIElement], id: list-first-item, class: list-item focusable
04-01 17:52:57.242   607   607 I GeckoDump: [system] [HardwareButtons] event type: keydown, key: EndCall, target: [object XULFrameElement], src: http://music.localhost/index.html, activeElement nodeName: browser, class: 
04-01 17:52:57.243   607   607 I GeckoDump: [system] [KeypadBacklightManager]set keyLightEnabled = true, keyLightBrightness = 50
04-01 17:52:57.245   607   607 I GeckoDump: [system] [HierarchyManager][1616492636.931] getting top most...,AppWindowManager
04-01 17:52:57.371   607   607 I Gecko   : console.log: "sendKeyEvent" "keyup" "EndCall"
04-01 17:52:57.372   607   607 I GeckoConsole: Content JS LOG: 
04-01 17:52:57.374  3453  3453 I Gecko   : [Event] event type: keyup, key: EndCall, target: [object HTMLLIElement], id: list-first-item, class: list-item focusable
04-01 17:52:57.377   607   607 I GeckoDump: [system] [HardwareButtons] event type: keyup, key: EndCall, target: [object XULFrameElement], src: http://music.localhost/index.html, activeElement nodeName: browser, class: 
04-01 17:52:57.378   607   607 I GeckoDump: [system] [HierarchyManager][1616492637.063] home
04-01 17:52:57.378   607   607 I GeckoDump: [system] [HierarchyManager][1616492637.064] handover home to AppWindowManager
04-01 17:52:57.379   607   607 I GeckoDump: [system] [AppWindow][Music][AppWindow_19][1616492637.065] publishing internal event: requestclose
04-01 17:52:57.380   607   607 I GeckoDump: [system] [AppWindow][Music][AppWindow_19][1616492637.066] publishing external event: apprequestclose
04-01 17:52:57.380   607   607 I GeckoDump: [system] [AppWindowManager][1616492637.066]handling apprequestclose
04-01 17:52:57.381   607   607 I GeckoDump: [system] [HomescreenWindow][Launcher][homescreen][1616492637.067] ensuring homescreen...,
04-01 17:52:57.381   607   607 I GeckoDump: [system] [AppWindowManager][1616492637.067] current is http://music.localhost/index.html; next is http://launcher.localhost/index.html#mainView
04-01 17:52:57.381   607   607 I GeckoDump: [system] [AppWindowManager][1616492637.067]true,false,[object Object]
04-01 17:52:57.381   607   607 I GeckoDump: [system] [HomescreenWindow][Launcher][homescreen][1616492637.067] request RESIZE...
04-01 17:52:57.382   607   607 I GeckoDump: [system] [HomescreenWindow][Launcher][homescreen][1616492637.068]  will resize... 
04-01 17:52:57.382   607   607 I GeckoDump: [system] [HomescreenWindow][Launcher][homescreen][1616492637.068] force RESIZE...
04-01 17:52:57.382   607   607 I GeckoDump: [system] [HomescreenWindow][Launcher][homescreen][1616492637.068] publishing internal event: withoutkeyboard
04-01 17:52:57.383   607   607 I GeckoDump: [system] [AppWindowManager][1616492637.069]publish: activeappchanged
04-01 17:52:57.383   607   607 I GeckoDump: [system] [AppWindowManager][1616492637.069]=== Active app now is: ,Launcher,===
04-01 17:52:57.384   607   607 I GeckoDump: [system] [AppWindowManager][1616492637.069]before ready check[object Object][object Object]
04-01 17:52:57.384   607   607 I GeckoDump: [system] [HomescreenWindow][Launcher][homescreen][1616492637.070] requesting to open
04-01 17:52:57.384   607   607 I GeckoDump: [system] [HierarchyManager][1616492637.070] getting top most...,AppWindowManager
04-01 17:52:57.384   607   607 I GeckoDump: [system] [HomescreenWindow][Launcher][homescreen][1616492637.070] set visibility -> ,true
04-01 17:52:57.384   607   607 I GeckoDump: [system] [HomescreenWindow][Launcher][homescreen][1616492637.070] setVisibleForScreenReader:,true
04-01 17:52:57.385   607   607 I GeckoDump: [system] [HomescreenWindow][Launcher][homescreen][1616492637.071] toggleVirtualCursor(): enabled = undefined
04-01 17:52:57.385   607   607 I GeckoDump: [system] [HomescreenWindow][Launcher][homescreen][1616492637.071] toggleVirtualCursor(): early return, incorrect window
04-01 17:52:57.385   607   607 I GeckoDump: [system] [HomescreenWindow][Launcher][homescreen][1616492637.071] setActive on browser element:true
04-01 17:52:57.386   607   607 I GeckoDump: [system] [HomescreenWindow][Launcher][homescreen][1616492637.072]  Handling mozbrowservisibilitychange event...
04-01 17:52:57.386   607   607 I GeckoDump: [system] [HomescreenWindow][Launcher][homescreen][1616492637.072] publishing internal event: foreground
04-01 17:52:57.387   607   607 I GeckoDump: [system] [HomescreenWindow][Launcher][homescreen][1616492637.073] publishing external event: homescreenforeground
04-01 17:52:57.387   607   607 I GeckoDump: [system] [HomescreenWindow][Launcher][homescreen][1616492637.073] handling mozbrowservisibilitychange
04-01 17:52:57.391   607   607 I GeckoDump: [system] [HomescreenWindow][Launcher][homescreen][1616492637.076] before showing frame
04-01 17:52:57.391   607   607 I GeckoDump: [system] [HomescreenWindow][Launcher][homescreen][1616492637.077] setVisible on browser element:true
04-01 17:52:57.392   607   607 I FocusManager: << blur() called or ClearFocus called >>
04-01 17:52:57.392   607   607 I FocusManager: <- blur on, tag: browser, id: , class: 
04-01 17:52:57.393  3453  3453 I FocusManager: <- blur on, tag: LI, id: list-first-item, class: list-item focusable
04-01 17:52:57.394   607   607 I GeckoDump: [system] [AppWindow][Music][AppWindow_19][1616492637.079] publishing internal event: terminated
04-01 17:52:57.394   607   607 I GeckoDump: [system] [AppWindow][Music][AppWindow_19][1616492637.080] publishing external event: appterminated
04-01 17:52:57.394   607   607 I GeckoDump: [system] [AppWindowManager][1616492637.080]handling appterminated
04-01 17:52:57.420  2591  2591 I GeckoDump: [launcher] Visibilitychange = false
04-01 17:52:57.421  2591  2591 I GeckoDump: [launcher] [App][168.116] no handle event pre found. skip
04-01 17:52:57.421  2591  2591 I GeckoDump: [launcher] [App][168.116] handling visibilitychange
04-01 17:52:57.422  2591  2591 I FocusManager: << focus() called >>
04-01 17:52:57.422  2591  2591 I FocusManager:    trying to set focus on, tag: DIV, id: , class: dialog-container
04-01 17:52:57.422  2591  2591 I FocusManager: Warning: element is not focusable.
04-01 17:52:57.423  2591  2591 I GeckoDump: [launcher] [Clock][168.118] no handle event pre found. skip
04-01 17:52:57.424  2591  2591 I GeckoDump: [launcher] [Clock][168.119] handling visibilitychange
04-01 17:52:57.438   608  1057 W api_daemon::session: Processing 'ProcManagerService request: ProcessServiceCommit' took too long: 23ms
04-01 17:52:57.543   607   607 I GeckoDump: [system] [AppWindow][Music][AppWindow_19][1616492637.228] publishing internal event: chromecollapsed
04-01 17:52:57.543   607   607 I GeckoDump: [system] [AppWindow][Music][AppWindow_19][1616492637.229] publishing external event: appchromecollapsed
04-01 17:52:57.543   607   607 I GeckoDump: [system] [HierarchyManager][1616492637.229] getting top most...,AppWindowManager
04-01 17:52:57.879   607   607 I GeckoDump: [system] [AppWindow][Music][AppWindow_19][1616492637.565] close with reduce
04-01 17:52:57.880   607   607 I GeckoDump: [system] [AppWindow][Music][AppWindow_19][1616492637.566] opened,closing,::,close
04-01 17:52:57.880   607   607 I GeckoDump: [system] [AppWindow][Music][AppWindow_19][1616492637.566] timer to ensure closed does occur.
04-01 17:52:57.881   607   607 I GeckoDump: [system] [AppWindow][Music][AppWindow_19][1616492637.567] publishing internal event: closing
04-01 17:52:57.881   607   607 I GeckoDump: [system] [AppWindow][Music][AppWindow_19][1616492637.567] handling _closing
04-01 17:52:57.881   607   607 I GeckoDump: [system] [AppWindow][Music][AppWindow_19][1616492637.567] publishing external event: appclosing
04-01 17:52:57.882   607   607 I GeckoDump: [system] [AppWindow][Music][AppWindow_19][1616492637.568] publishing internal event: willclose
04-01 17:52:57.882   607   607 I GeckoDump: [system] [AppWindow][Music][AppWindow_19][1616492637.568] publishing external event: appwillclose
04-01 17:52:57.885   607   607 I GeckoDump: [system] [HomescreenWindow][Launcher][homescreen][1616492637.570]  nextpaint is timeouted.
04-01 17:52:57.885   607   607 I GeckoDump: [system] [AppWindowManager][1616492637.571]ready to open/closefalse
04-01 17:52:57.886   607   607 I GeckoDump: [system] [AppWindowManager][1616492637.571]false,false,[object Object]
04-01 17:52:57.886   607   607 I GeckoDump: [system] [HomescreenWindow][Launcher][homescreen][1616492637.572] request RESIZE...
04-01 17:52:57.886   607   607 I GeckoDump: [system] [HomescreenWindow][Launcher][homescreen][1616492637.572]  will resize... 
04-01 17:52:57.886   607   607 I GeckoDump: [system] [HomescreenWindow][Launcher][homescreen][1616492637.572] force RESIZE...
04-01 17:52:57.886   607   607 I GeckoDump: [system] [HomescreenWindow][Launcher][homescreen][1616492637.572] publishing internal event: withoutkeyboard
04-01 17:52:57.887   607   607 I GeckoDump: [system] [AppWindowManager][1616492637.572]=== Active app now is: ,Launcher,===
04-01 17:52:57.887   607   607 I GeckoDump: [system] [AppWindowManager][1616492637.573]publish: appwindowmanager-activated
04-01 17:52:57.887   607   607 I GeckoDump: [system] [HierarchyManager][1616492637.573] appwindowmanager-activated
04-01 17:52:57.887   607   607 I GeckoDump: [system] [HierarchyManager][1616492637.573] handling appwindowmanager-activated
04-01 17:52:57.888   607   607 I GeckoDump: [system] [HierarchyManager][1616492637.573] AppWindowManager is becoming active now.
04-01 17:52:57.888   607   607 I GeckoDump: [system] [HierarchyManager][1616492637.574] top most is the same.,AppWindowManager
04-01 17:52:57.888   607   607 I GeckoDump: [system] [AppWindow][Music][AppWindow_19][1616492637.574] portrait-primary
04-01 17:52:57.888   607   607 I GeckoDump: [system] [HomescreenWindow][Launcher][homescreen][1616492637.574] open with no-animation
04-01 17:52:57.888   607   607 I GeckoDump: [system] [HomescreenWindow][Launcher][homescreen][1616492637.574] closed,opening,::,open
04-01 17:52:57.889   607   607 I GeckoDump: [system] [HomescreenWindow][Launcher][homescreen][1616492637.575] timer to ensure opened does occur.
04-01 17:52:57.890   607   607 I GeckoDump: [system] [HomescreenWindow][Launcher][homescreen][1616492637.575] appWindow homescreen statusbar-overlapped render transition-opening no-animation
04-01 17:52:57.890   607   607 I GeckoDump: [system] [HomescreenWindow][Launcher][homescreen][1616492637.576] publishing internal event: opening
04-01 17:52:57.890   607   607 I GeckoDump: [system] [HomescreenWindow][Launcher][homescreen][1616492637.576]  fade in <<<<< 
04-01 17:52:57.890   607   607 I GeckoDump: [system] [HomescreenWindow][Launcher][homescreen][1616492637.576] publishing internal event: requestforeground
04-01 17:52:57.891   607   607 I GeckoDump: [system] [HomescreenWindow][Launcher][homescreen][1616492637.577] publishing external event: homescreenrequestforeground
04-01 17:52:57.891   607   607 I GeckoDump: [system] [HomescreenWindow][Launcher][homescreen][1616492637.577] set visibility -> ,true
04-01 17:52:57.891   607   607 I GeckoDump: [system] [HomescreenWindow][Launcher][homescreen][1616492637.577] setVisibleForScreenReader:,true
04-01 17:52:57.891   607   607 I GeckoDump: [system] [HomescreenWindow][Launcher][homescreen][1616492637.577] toggleVirtualCursor(): enabled = undefined
04-01 17:52:57.891   607   607 I GeckoDump: [system] [HomescreenWindow][Launcher][homescreen][1616492637.577] toggleVirtualCursor(): early return, incorrect window
04-01 17:52:57.891   607   607 I GeckoDump: [system] [HomescreenWindow][Launcher][homescreen][1616492637.577] setActive on browser element:true
04-01 17:52:57.893   607   607 I GeckoDump: [system] [HomescreenWindow][Launcher][homescreen][1616492637.579] before showing frame
04-01 17:52:57.894   607   607 I Gecko   : console.warn: "screen.mozLockOrientation() returned false for" "http://launcher.localhost/manifest.webmanifest" "orientation" "natural"
04-01 17:52:57.895   607   607 W GeckoConsole: Content JS WARN: 
04-01 17:52:57.895   607   607 I GeckoDump: [system] [HomescreenWindow][Launcher][homescreen][1616492637.581] handling _opening
04-01 17:52:57.896   607   607 I GeckoDump: [system] [HomescreenWindow][Launcher][homescreen][1616492637.582] publishing external event: homescreenopening
04-01 17:52:57.896   607   607 I GeckoDump: [system] [HomescreenWindow][Launcher][homescreen][1616492637.582] publishing internal event: willopen
04-01 17:52:57.897   607   607 I GeckoDump: [system] [HomescreenWindow][Launcher][homescreen][1616492637.583] publishing external event: homescreenwillopen
04-01 17:52:57.897   607   607 I GeckoDump: [system] [AppWindow][Music][AppWindow_19][1616492637.583] close with reduce
04-01 17:52:58.094   607   607 I GeckoDump: [system] [AppWindow][Music][AppWindow_19][1616492637.780] closeApp has been ENDED!
04-01 17:52:58.094   607   607 I GeckoDump: [system] [AppWindow][Music][AppWindow_19][1616492637.780] closing,closed,::,complete
04-01 17:52:58.097   607   607 I GeckoDump: [system] [AppWindow][Music][AppWindow_19][1616492637.782] publishing internal event: closed
04-01 17:52:58.097   607   607 I GeckoDump: [system] [AppWindow][Music][AppWindow_19][1616492637.783] set visibility -> ,false
04-01 17:52:58.098   607   607 I GeckoDump: [system] [AppWindow][Music][AppWindow_19][1616492637.783] setVisibleForScreenReader:,false
04-01 17:52:58.098   607   607 I GeckoDump: [system] [AppWindow][Music][AppWindow_19][1616492637.784] toggleVirtualCursor(): enabled = undefined
04-01 17:52:58.098   607   607 I GeckoDump: [system] [AppWindow][Music][AppWindow_19][1616492637.784] toggleVirtualCursor(): disableVirtualCursor
04-01 17:52:58.098   607   607 I GeckoDump: [system] [AppWindow][Music][AppWindow_19][1616492637.784] setActive on browser element:false
04-01 17:52:58.100   607   607 I GeckoDump: [system] [AppWindow][Music][AppWindow_19][1616492637.785]  Handling mozbrowservisibilitychange event...
04-01 17:52:58.100   607   607 I GeckoDump: [system] [AppWindow][Music][AppWindow_19][1616492637.786] publishing internal event: background
04-01 17:52:58.100   607   607 I GeckoDump: [system] [AppWindow][Music][AppWindow_19][1616492637.786] publishing external event: appbackground
04-01 17:52:58.101   607   607 I GeckoDump: [system] [AppWindow][Music][AppWindow_19][1616492637.787] handling mozbrowservisibilitychange
04-01 17:52:58.103  3453  3453 I Gecko   : WebViewChild: 
04-01 17:52:58.103  3453  3453 I Gecko   : Got metaChanged: (theme-color)  
04-01 17:52:58.103  3453  3453 I Gecko   : 
04-01 17:52:58.106   607   607 I GeckoDump: [system] [AppWindow][Music][AppWindow_19][1616492637.791] before hiding frame
04-01 17:52:58.106   607   607 I GeckoDump: [system] [AppWindow][Music][AppWindow_19][1616492637.792] setVisible on browser element:false
04-01 17:52:58.107   607   607 I GeckoDump: [system] [AppWindow][Music][AppWindow_19][1616492637.792] Music:AppWindow_19 is setting nfc active to: false
04-01 17:52:58.107   607   607 I GeckoDump: [system] [AppWindow][Music][AppWindow_19][1616492637.793] set nfc active is not implemented
04-01 17:52:58.108   607   607 I GeckoDump: [system] [AppWindow][Music][AppWindow_19][1616492637.794] handling _closed
04-01 17:52:58.108   607   607 I GeckoDump: [system] [AppWindow][Music][AppWindow_19][1616492637.794] publishing internal event: willdestroy
04-01 17:52:58.109   607   607 I GeckoDump: [system] [AppWindow][Music][AppWindow_19][1616492637.795] publishing external event: appwilldestroy
04-01 17:52:58.111   607   607 I GeckoDump: [system] [AudioChannelService][1616492637.797] handling audiochanneldestroyed
04-01 17:52:58.112   607   607 I GeckoDump: [system] [AudioChannelService][1616492637.798] publishing: audiochannelchanged
04-01 17:52:58.112   607   607 I GeckoDump: [system] [AudioChannelService][1616492637.798] handling audiochanneldestroyed
04-01 17:52:58.113   607   607 I GeckoDump: [system] [AudioChannelService][1616492637.799] publishing: audiochannelchanged
04-01 17:52:58.114   607   607 I GeckoDump: [system] [AudioChannelService][1616492637.799] handling audiochanneldestroyed
04-01 17:52:58.114   607   607 I GeckoDump: [system] [AudioChannelService][1616492637.800] publishing: audiochannelchanged
04-01 17:52:58.115   607   607 I GeckoDump: [system] [AudioChannelService][1616492637.801] handling audiochanneldestroyed
04-01 17:52:58.115   607   607 I GeckoDump: [system] [AudioChannelService][1616492637.801] publishing: audiochannelchanged
04-01 17:52:58.116   607   607 I GeckoDump: [system] [AudioChannelService][1616492637.802] handling audiochanneldestroyed
04-01 17:52:58.116   607   607 I GeckoDump: [system] [AudioChannelService][1616492637.802] publishing: audiochannelchanged
04-01 17:52:58.117   607   607 I GeckoDump: [system] [AudioChannelService][1616492637.803] handling audiochanneldestroyed
04-01 17:52:58.117   607   607 I GeckoDump: [system] [AudioChannelService][1616492637.803] publishing: audiochannelchanged
04-01 17:52:58.118   607   607 I GeckoDump: [system] [AudioChannelService][1616492637.804] handling audiochanneldestroyed
04-01 17:52:58.118   607   607 I GeckoDump: [system] [AudioChannelService][1616492637.804] publishing: audiochannelchanged
04-01 17:52:58.119   607   607 I GeckoDump: [system] [AudioChannelService][1616492637.805] handling audiochanneldestroyed
04-01 17:52:58.120   607   607 I GeckoDump: [system] [AudioChannelService][1616492637.805] publishing: audiochannelchanged
04-01 17:52:58.122   607   607 I GeckoDump: [system] [AppWindow][Music][AppWindow_19][1616492637.807] removing mozbrowserclose event handler ...
04-01 17:52:58.122   607   607 I GeckoDump: [system] [AppWindow][Music][AppWindow_19][1616492637.808] removing mozbrowsererror event handler ...
04-01 17:52:58.122   607   607 I GeckoDump: [system] [AppWindow][Music][AppWindow_19][1616492637.808] removing mozbrowservisibilitychange event handler ...
04-01 17:52:58.122   607   607 I GeckoDump: [system] [AppWindow][Music][AppWindow_19][1616492637.808] removing mozbrowserloadend event handler ...
04-01 17:52:58.122   607   607 I GeckoDump: [system] [AppWindow][Music][AppWindow_19][1616492637.808] removing mozbrowseractivitydone event handler ...
04-01 17:52:58.122   607   607 I GeckoDump: [system] [AppWindow][Music][AppWindow_19][1616492637.808] removing mozbrowserloadstart event handler ...
04-01 17:52:58.122   607   607 I GeckoDump: [system] [AppWindow][Music][AppWindow_19][1616492637.808] removing mozbrowsertitlechange event handler ...
04-01 17:52:58.122   607   607 I GeckoDump: [system] [AppWindow][Music][AppWindow_19][1616492637.808] removing mozbrowserlocationchange event handler ...
04-01 17:52:58.123   607   607 I GeckoDump: [system] [AppWindow][Music][AppWindow_19][1616492637.808] removing mozbrowserpromptpermission event handler ...
04-01 17:52:58.123   607   607 I GeckoDump: [system] [AppWindow][Music][AppWindow_19][1616492637.809] removing mozbrowsermetachange event handler ...
04-01 17:52:58.123   607   607 I GeckoDump: [system] [AppWindow][Music][AppWindow_19][1616492637.809] removing mozbrowsericonchange event handler ...
04-01 17:52:58.123   607   607 I GeckoDump: [system] [AppWindow][Music][AppWindow_19][1616492637.809] removing mozbrowserasyncscroll event handler ...
04-01 17:52:58.123   607   607 I GeckoDump: [system] [AppWindow][Music][AppWindow_19][1616492637.809] removing mozbrowsersecuritychange event handler ...
04-01 17:52:58.123   607   607 I GeckoDump: [system] [AppWindow][Music][AppWindow_19][1616492637.809] removing mozbrowserdocumentfirstpaint event handler ...
04-01 17:52:58.123   607   607 I GeckoDump: [system] [AppWindow][Music][AppWindow_19][1616492637.809] removing mozbrowserprocessready event handler ...
04-01 17:52:58.123   607   607 I GeckoDump: [system] [AppWindow][Music][AppWindow_19][1616492637.809] removing _localized event handler ...
04-01 17:52:58.123   607   607 I GeckoDump: [system] [AppWindow][Music][AppWindow_19][1616492637.809] removing _swipein event handler ...
04-01 17:52:58.124   607   607 I GeckoDump: [system] [AppWindow][Music][AppWindow_19][1616492637.809] removing _swipeout event handler ...
04-01 17:52:58.124   607   607 I GeckoDump: [system] [AppWindow][Music][AppWindow_19][1616492637.810] removing _kill_suspended event handler ...
04-01 17:52:58.124   607   607 I GeckoDump: [system] [AppWindow][Music][AppWindow_19][1616492637.810] removing _orientationchange event handler ...
04-01 17:52:58.124   607   607 I GeckoDump: [system] [AppWindow][Music][AppWindow_19][1616492637.810] removing _focus event handler ...
04-01 17:52:58.125   607   607 I GeckoDump: [system] [AppWindow][Music][AppWindow_19][1616492637.810] removing _blur event handler ...
04-01 17:52:58.125   607   607 I GeckoDump: [system] [AppWindow][Music][AppWindow_19][1616492637.811] removing _hidewindow event handler ...
04-01 17:52:58.128   607   607 I GeckoDump: [system] [AppWindow][Music][AppWindow_19][1616492637.814] publishing internal event: suspended
04-01 17:52:58.129   607   607 I GeckoDump: [system] [AppWindow][Music][AppWindow_19][1616492637.815] publishing external event: appsuspended
04-01 17:52:58.130   607   607 I GeckoDump: [system] [AppWindow][Music][AppWindow_19][1616492637.816] publishing external event: appdestroyed
04-01 17:52:58.131   607   607 I GeckoDump: [system] [AppWindow][Music][AppWindow_19][1616492637.817] publishing external event: appclosed
04-01 17:52:58.133   607   607 I GeckoDump: [system] [HomescreenWindow][Launcher][homescreen][1616492637.819] ensuring homescreen...,
04-01 17:52:58.133   607   607 I GeckoDump: [system] [HomescreenWindow][Launcher][homescreen][1616492637.819] ensuring homescreen...,
04-01 17:52:58.134   607   607 I GeckoDump: [system] [HierarchyManager][1616492637.819] windowclosed
04-01 17:52:58.134   607   607 I GeckoDump: [system] [HierarchyManager][1616492637.820] publishing: hierarchytopmostwindowchanged
04-01 17:52:58.134   607   607 I GeckoDump: [system] [HierarchyManager][1616492637.820] getting top most...,AppWindowManager
04-01 17:52:58.136   607   607 I GeckoDump: [system] [AppWindowManager][1616492637.821]handling hierarchytopmostwindowchanged
04-01 17:52:58.136   607   607 I GeckoDump: [system] [HierarchyManager][1616492637.822] getting top most...,AppWindowManager
04-01 17:52:58.136   607   607 I GeckoDump: [system] [HomescreenWindow][Launcher][homescreen][1616492637.822] Launcher:homescreen is setting nfc active to: true
04-01 17:52:58.137   607   607 I GeckoDump: [system] [HomescreenWindow][Launcher][homescreen][1616492637.823] set nfc active is not implemented
04-01 17:52:58.137   607   607 I GeckoDump: [system] [AudioChannelService][1616492637.823] handling hierarchytopmostwindowchanged
04-01 17:52:58.138   607   607 I GeckoDump: [system] [AudioChannelService][1616492637.824] Launcher is opened
04-01 17:52:58.139   607   607 I GeckoDump: [system] [AudioChannelService][1616492637.825] publishing: audiochannelchanged
04-01 17:52:58.143  3453  3561 D AudioTrack: stop(59): called with 159526 frames delivered
04-01 17:52:58.143   520   893 W AudioFlinger: no wake lock to update, system not ready yet
04-01 17:52:58.146  3453  3561 D         : TrackPlayerBase::~TrackPlayerBase()
04-01 17:52:58.146  3453  3561 D         : PlayerBase::~PlayerBase()
04-01 17:52:58.151   607   607 I Gecko   : console.log: "Embedding: Embedder event: default-volume-channel-changed"
04-01 17:52:58.151   607   607 I GeckoConsole: Content JS LOG: 
04-01 17:52:58.155   607   607 E GeckoConsole: [JavaScript Error: "NS_ERROR_FILE_NOT_FOUND: " {file: "resource://gre/modules/SessionStoreFunctions.jsm" line: 444}]
04-01 17:52:58.155   607   607 E GeckoConsole: SSF_updateSessionStore@resource://gre/modules/SessionStoreFunctions.jsm:444:5
04-01 17:52:58.155   607   607 E GeckoConsole: UpdateSessionStore@resource://gre/modules/SessionStoreFunctions.jsm:20:35
04-01 17:52:58.156   608  1059 I devicecapability_serv..: Dropping DeviceCapabilityService #1
04-01 17:52:58.173   608  1057 W api_daemon::session: Processing 'ProcManagerService request: ProcessServiceCommit' took too long: 13ms
04-01 17:52:58.186   608  3507 I api_daemon::uds_server: Failed to read frame: IO Error: failed to fill whole buffer, closing uds session.
04-01 17:52:58.186   608  3507 I geckobridge::service: Dropping GeckoBridge Service #1
04-01 17:52:58.187   608  3509 I api_daemon::uds_server: Closing uds connection.
04-01 17:52:58.187   608  3468 I api_daemon::uds_server: Failed to read frame: IO Error: failed to fill whole buffer, closing uds session.
04-01 17:52:58.188   608  3470 I api_daemon::uds_server: Closing uds connection.
04-01 17:52:58.390   607   607 I GeckoDump: [system] [HomescreenWindow][Launcher][homescreen][1616492638.076] publishing internal event: openingtimeout
04-01 17:52:58.390   607   607 I GeckoDump: [system] [HierarchyManager][1616492638.076] getting top most...,AppWindowManager
04-01 17:52:58.391   607   607 I GeckoDump: [system] [HomescreenWindow][Launcher][homescreen][1616492638.076] opening,opened,::,timeout
04-01 17:52:58.392   607   607 I GeckoDump: [system] [HomescreenWindow][Launcher][homescreen][1616492638.078] publishing internal event: opened
04-01 17:52:58.392   607   607 I GeckoDump: [system] [HomescreenWindow][Launcher][homescreen][1616492638.078] publishing internal event: requestforeground
04-01 17:52:58.393   607   607 I GeckoDump: [system] [HomescreenWindow][Launcher][homescreen][1616492638.079] publishing external event: homescreenrequestforeground
04-01 17:52:58.393   607   607 I GeckoDump: [system] [HomescreenWindow][Launcher][homescreen][1616492638.079] set visibility -> ,true
04-01 17:52:58.393   607   607 I GeckoDump: [system] [HomescreenWindow][Launcher][homescreen][1616492638.079] setVisibleForScreenReader:,true
04-01 17:52:58.393   607   607 I GeckoDump: [system] [HomescreenWindow][Launcher][homescreen][1616492638.079] toggleVirtualCursor(): enabled = undefined
04-01 17:52:58.393   607   607 I GeckoDump: [system] [HomescreenWindow][Launcher][homescreen][1616492638.079] toggleVirtualCursor(): early return, incorrect window
04-01 17:52:58.393   607   607 I GeckoDump: [system] [HomescreenWindow][Launcher][homescreen][1616492638.079] setActive on browser element:true
04-01 17:52:58.395   607   607 I GeckoDump: [system] [HomescreenWindow][Launcher][homescreen][1616492638.081] before showing frame
04-01 17:52:58.396   607   607 I Gecko   : console.warn: "screen.mozLockOrientation() returned false for" "http://launcher.localhost/manifest.webmanifest" "orientation" "natural"
04-01 17:52:58.397   607   607 W GeckoConsole: Content JS WARN: 
04-01 17:52:58.398   607   607 I GeckoDump: [system] [HierarchyManager][1616492638.084] getting top most...,AppWindowManager
04-01 17:52:58.398   607   607 I GeckoDump: [system] [HomescreenWindow][Launcher][homescreen][1616492638.084] focusing this app.
04-01 17:52:58.398   607   607 I GeckoDump: [system] [HomescreenWindow][Launcher][homescreen][1616492638.084] focusing
04-01 17:52:58.398   607   607 I GeckoDump: [system] [HomescreenWindow][Launcher][homescreen][1616492638.084] set visibility -> ,true
04-01 17:52:58.399   607   607 I GeckoDump: [system] [HomescreenWindow][Launcher][homescreen][1616492638.084] setVisibleForScreenReader:,true
04-01 17:52:58.399   607   607 I GeckoDump: [system] [HomescreenWindow][Launcher][homescreen][1616492638.085] toggleVirtualCursor(): enabled = undefined
04-01 17:52:58.399   607   607 I GeckoDump: [system] [HomescreenWindow][Launcher][homescreen][1616492638.085] toggleVirtualCursor(): early return, incorrect window
04-01 17:52:58.399   607   607 I GeckoDump: [system] [HomescreenWindow][Launcher][homescreen][1616492638.085] setActive on browser element:true
04-01 17:52:58.402   607   607 I GeckoDump: [system] [HomescreenWindow][Launcher][homescreen][1616492638.087] before showing frame
04-01 17:52:58.402   607   607 I FocusManager: << focus() called >>
04-01 17:52:58.402   607   607 I FocusManager:    trying to set focus on, tag: browser, id: , class: 
04-01 17:52:58.405   607   607 I FocusManager:    current focused element, NULL, tag: , id: , class: 
04-01 17:52:58.405   607   607 I FocusManager: <- blur on, NULL, tag: , id: , class: 
04-01 17:52:58.405   607   607 I FocusManager: -> focus is now on, tag: browser, id: , class: 
04-01 17:52:58.408  2591  2591 I FocusManager: * WindowRaised *
04-01 17:52:58.408  2591  2591 I FocusManager: -> focus is now on, tag: DIV, id: main-view, class: 
04-01 17:52:58.409   607   607 I GeckoDump: [system] [HierarchyManager][1616492638.095] getting top most...,AppWindowManager
04-01 17:52:58.410   607   607 I GeckoDump: [system] [HomescreenWindow][Launcher][homescreen][1616492638.096] _setVisibleForScreenReader(): visible = true
04-01 17:52:58.410   607   607 I GeckoDump: [system] [HomescreenWindow][Launcher][homescreen][1616492638.096] aria-hidden on browser element:false
04-01 17:52:58.410   607   607 I GeckoDump: [system] [HomescreenWindow][Launcher][homescreen][1616492638.096] toggleVirtualCursor(): enabled = undefined
04-01 17:52:58.410   607   607 I GeckoDump: [system] [HomescreenWindow][Launcher][homescreen][1616492638.096] toggleVirtualCursor(): early return, incorrect window
04-01 17:52:58.411   607   607 I GeckoDump: [system] [HomescreenWindow][Launcher][homescreen][1616492638.097] publishing internal event: loadtime
04-01 17:52:58.411   607   607 I GeckoDump: [system] [HomescreenWindow][Launcher][homescreen][1616492638.097] publishing external event: homescreenloadtime
04-01 17:52:58.412   607   607 I GeckoDump: [system] [HomescreenWindow][Launcher][homescreen][1616492638.097] publishing external event: homescreenopened
04-01 17:52:58.412   607   607 I GeckoDump: [system] [DeviceStorageWatcher]no handle event pre found. skip
04-01 17:52:58.412  2591  2591 I GeckoDump: [launcher] Get main view onfocus!
04-01 17:52:58.412   607   607 I GeckoDump: [system] [DeviceStorageWatcher]handling homescreenopened
04-01 17:52:58.415  2591  2591 I Gecko   : console.warn: "L10nError: \"icon=all-apps\" not found in en-US in http://launcher.localhost/index.html#mainView"
04-01 17:52:58.416  2591  2591 W Web Content: Content JS WARN: 
04-01 17:52:58.416   607   607 I GeckoDump: [system] [HierarchyManager][1616492638.102] getting top most...,AppWindowManager
04-01 17:52:58.417   607   607 I GeckoDump: [system] [HierarchyManager][1616492638.103] windowopened
04-01 17:52:58.417   607   607 I GeckoDump: [system] [HomescreenWindow][Launcher][homescreen][1616492638.103] publishing internal event: open
04-01 17:52:58.418   607   607 I GeckoDump: [system] [HomescreenWindow][Launcher][homescreen][1616492638.104] publishing external event: homescreenopen
04-01 17:52:58.431   513   872 E WifiHAL : Invalid data received from driver
04-01 17:52:58.848   513   872 E WifiHAL : Invalid data received from driver
04-01 17:52:59.159   608  1059 I actix_web::middleware..: "GET /ws HTTP/1.1" 127.0.0.1 101 50 21407.965206
04-01 17:53:00.563   607   607 W GeckoConsole: [JavaScript Warning: "Security wrapper denied access to property "Services" on privileged Javascript object. Support for exposing privileged objects to untrusted content via __exposedProps__ has been removed - use WebIDL bindings or Components.utils.cloneInto instead. Note that only the first denied property access from a given global object will be reported." {file: "kaitests/mtbf/kai_mtbf_test_case.py" line: 480}]
04-01 17:53:00.603  2591  2591 W Web Content: [JavaScript Warning: "Security wrapper denied access to property "Services" on privileged Javascript object. Support for exposing privileged objects to untrusted content via __exposedProps__ has been removed - use WebIDL bindings or Components.utils.cloneInto instead. Note that only the first denied property access from a given global object will be reported." {file: "kaitests/mtbf/kai_mtbf_test_case.py" line: 480}]
04-01 17:53:00.844   607   607 I FocusManager: << focus() called >>
04-01 17:53:00.844   607   607 I FocusManager:    trying to set focus on, tag: browser, id: systemapp, class: 
04-01 17:53:00.844   607   607 I FocusManager: Warning: element is already focused.
04-01 17:53:00.845   607   607 I FocusManager: << focus() called >>
04-01 17:53:00.845   607   607 I FocusManager:    trying to set focus on, tag: browser, id: , class: 
04-01 17:53:00.845   607   607 I FocusManager: Warning: element is not focusable.
04-01 17:53:00.846   607   607 I FocusManager: << focus() called >>
04-01 17:53:00.846   607   607 I FocusManager:    trying to set focus on, tag: browser, id: , class: 
04-01 17:53:00.846   607   607 I FocusManager: Warning: element is not focusable.
04-01 17:53:00.847   607   607 I FocusManager: << focus() called >>
04-01 17:53:00.847   607   607 I FocusManager:    trying to set focus on, tag: browser, id: , class: 
04-01 17:53:00.847   607   607 I FocusManager: Warning: element is not focusable.
04-01 17:53:01.445   513   872 E WifiHAL : Invalid data received from driver
04-01 17:53:01.971   513   872 I chatty  : uid=1010 wifi@1.0-servic identical 6 lines
04-01 17:53:01.971   513   872 E WifiHAL : Invalid data received from driver
