04-01 17:52:13.950   607   607 I GeckoDump: [system] [AppWindow][Internet][AppWindow_18][1616492593.636] publishing internal event: requestforeground
04-01 17:52:13.951   607   607 I GeckoDump: [system] [AppWindow][Internet][AppWindow_18][1616492593.637] publishing external event: apprequestforeground
04-01 17:52:13.951   607   607 I GeckoDump: [system] [AppWindow][Internet][AppWindow_18][1616492593.637] set visibility -> ,true
04-01 17:52:13.952   607   607 I GeckoDump: [system] [AppWindow][Internet][AppWindow_18][1616492593.637] setVisibleForScreenReader:,true
04-01 17:52:13.952   607   607 I GeckoDump: [system] [AppWindow][Internet][AppWindow_18][1616492593.638] toggleVirtualCursor(): enabled = undefined
04-01 17:52:13.952   607   607 I GeckoDump: [system] [AppWindow][Internet][AppWindow_18][1616492593.638] toggleVirtualCursor(): disableVirtualCursor
04-01 17:52:13.953   607   607 I GeckoDump: [system] [AppWindow][Internet][AppWindow_18][1616492593.638] setActive on browser element:true
04-01 17:52:13.953   607   607 I GeckoDump: [system] [AppWindow][Internet][AppWindow_18][1616492593.639]  Handling mozbrowservisibilitychange event...
04-01 17:52:13.954   607   607 I GeckoDump: [system] [AppWindow][Internet][AppWindow_18][1616492593.640] publishing internal event: foreground
04-01 17:52:13.954   607   607 I GeckoDump: [system] [AppWindow][Internet][AppWindow_18][1616492593.640] publishing external event: appforeground
04-01 17:52:13.955   607   607 I GeckoDump: [system] [AppWindow][Internet][AppWindow_18][1616492593.640] handling mozbrowservisibilitychange
04-01 17:52:13.957   607   607 I GeckoDump: [system] [AppWindow][Internet][AppWindow_18][1616492593.643] before showing frame
04-01 17:52:13.958   607   607 I GeckoDump: [system] [AppWindow][Internet][AppWindow_18][1616492593.643] handling _opening
04-01 17:52:13.958   607   607 I GeckoDump: [system] [AppWindow][Internet][AppWindow_18][1616492593.644] publishing external event: appopening
04-01 17:52:13.959   607   607 I GeckoDump: [system] [AppWindowManager][1616492593.645]handling appopening
04-01 17:52:13.960   607   607 I GeckoDump: [system] [AppWindowManager][1616492593.646]false,false,[object Object]
04-01 17:52:13.960   607   607 I GeckoDump: [system] [AppWindow][Internet][AppWindow_18][1616492593.646] request RESIZE...active? ,true
04-01 17:52:13.961   607   607 I GeckoDump: [system] [AppWindowManager][1616492593.646]=== Active app now is: ,Internet,===
04-01 17:52:13.961   607   607 I GeckoDump: [system] [AppWindowManager][1616492593.647]publish: appwindowmanager-activated
04-01 17:52:13.961   607   607 I GeckoDump: [system] [HierarchyManager][1616492593.647] appwindowmanager-activated
04-01 17:52:13.962   607   607 I GeckoDump: [system] [HierarchyManager][1616492593.648] handling appwindowmanager-activated
04-01 17:52:13.963   607   607 I GeckoDump: [system] [HierarchyManager][1616492593.648] AppWindowManager is becoming active now.
04-01 17:52:13.963   607   607 I GeckoDump: [system] [HierarchyManager][1616492593.649] top most is the same.,AppWindowManager
04-01 17:52:13.963   607   607 I GeckoDump: [system] [HierarchyManager][1616492593.649] getting top most...,AppWindowManager
04-01 17:52:13.964   607   607 I GeckoDump: [system] [AppWindow][Internet][AppWindow_18][1616492593.650] publishing internal event: willopen
04-01 17:52:13.965   607   607 I GeckoDump: [system] [AppWindow][Internet][AppWindow_18][1616492593.651] publishing external event: appwillopen
04-01 17:52:13.965   607   607 I GeckoDump: [system] [HomescreenWindow][Launcher][homescreen][1616492593.651] close with no-animation
04-01 17:52:13.965   607   607 I GeckoDump: [system] [HomescreenWindow][Launcher][homescreen][1616492593.651] opened,closing,::,close
04-01 17:52:13.966   607   607 I GeckoDump: [system] [HomescreenWindow][Launcher][homescreen][1616492593.652] timer to ensure closed does occur.
04-01 17:52:13.967   607   607 I GeckoDump: [system] [HomescreenWindow][Launcher][homescreen][1616492593.653] publishing internal event: closing
04-01 17:52:13.967   607   607 I GeckoDump: [system] [HomescreenWindow][Launcher][homescreen][1616492593.653] handling _closing
04-01 17:52:13.968   607   607 I GeckoDump: [system] [HomescreenWindow][Launcher][homescreen][1616492593.654] publishing external event: homescreenclosing
04-01 17:52:13.968   607   607 I GeckoDump: [system] [HomescreenWindow][Launcher][homescreen][1616492593.654] publishing internal event: willclose
04-01 17:52:13.969   607   607 I GeckoDump: [system] [HomescreenWindow][Launcher][homescreen][1616492593.655] publishing external event: homescreenwillclose
04-01 17:52:14.022   608  1057 W api_daemon::session: Processing 'ProcManagerService request: ProcessServiceCommit' took too long: 13ms
04-01 17:52:14.060   607   607 I GeckoDump: [system] [AppWindow][Internet][AppWindow_18][1616492593.746]  Handling mozbrowserloadend event...
04-01 17:52:14.061   607   607 I GeckoDump: [system] [AppWindow][Internet][AppWindow_18][1616492593.747] publishing internal event: loaded
04-01 17:52:14.063   607   607 I GeckoDump: [system] [AppWindow][Internet][AppWindow_18][1616492593.748] publishing external event: apploaded
04-01 17:52:14.064   607   607 I GeckoDump: [system] [AppWindow][Internet][AppWindow_18][1616492593.749] bgcolor= ,transparent
04-01 17:52:14.066   607   607 I GeckoDump: [system] [AppWindow][Internet][AppWindow_18][1616492593.751] Registered normal audio channel
04-01 17:52:14.066   607   607 I GeckoDump: [system] [AppWindow][Internet][AppWindow_18][1616492593.752] Registered content audio channel
04-01 17:52:14.066   607   607 I GeckoDump: [system] [AppWindow][Internet][AppWindow_18][1616492593.752] Registered notification audio channel
04-01 17:52:14.066   607   607 I GeckoDump: [system] [AppWindow][Internet][AppWindow_18][1616492593.752] Registered alarm audio channel
04-01 17:52:14.067   607   607 I GeckoDump: [system] [AppWindow][Internet][AppWindow_18][1616492593.753] Registered telephony audio channel
04-01 17:52:14.067   607   607 I GeckoDump: [system] [AppWindow][Internet][AppWindow_18][1616492593.753] Registered ringer audio channel
04-01 17:52:14.067   607   607 I GeckoDump: [system] [AppWindow][Internet][AppWindow_18][1616492593.753] Registered publicnotification audio channel
04-01 17:52:14.067   607   607 I GeckoDump: [system] [AppWindow][Internet][AppWindow_18][1616492593.753] Registered system audio channel
04-01 17:52:14.067   607   607 I GeckoDump: [system] [AppWindow][Internet][AppWindow_18][1616492593.753]  Handling mozbrowserloadstart event...
04-01 17:52:14.068   607   607 I GeckoDump: [system] [AppWindow][Internet][AppWindow_18][1616492593.753] publishing internal event: loading
04-01 17:52:14.068   607   607 I GeckoDump: [system] [AppWindow][Internet][AppWindow_18][1616492593.754] publishing external event: apploading
04-01 17:52:14.084   608  1057 I actix_web::middleware..: "GET /browser/browser.html HTTP/1.1" system.localhost 200 788 0.372657
04-01 17:52:14.125  3316  3316 I Gecko   : WebViewChild: 
04-01 17:52:14.125  3316  3316 I Gecko   : Window created: http://system.localhost/browser/browser.html 
04-01 17:52:14.125  3316  3316 I Gecko   : 
04-01 17:52:14.133   607   607 I GeckoDump: [system] [AppWindow][Internet][AppWindow_18][1616492593.819]  Handling mozbrowserlocationchange event...
04-01 17:52:14.133   607   607 I GeckoDump: [system] [AppWindow][Internet][AppWindow_18][1616492593.819] publishing internal event: locationchange
04-01 17:52:14.134   607   607 I GeckoDump: [system] [AppWindow][Internet][AppWindow_18][1616492593.820] publishing external event: applocationchange
04-01 17:52:14.135   607   607 I GeckoDump: [system] [AppWindow][Internet][AppWindow_18][1616492593.820] toggleVirtualCursor(): enabled = undefined
04-01 17:52:14.135   607   607 I GeckoDump: [system] [AppWindow][Internet][AppWindow_18][1616492593.821] toggleVirtualCursor(): disableVirtualCursor
04-01 17:52:14.136   607   607 I GeckoDump: [system] [AppWindow][Internet][AppWindow_18][1616492593.822]  Handling mozbrowsersecuritychange event...
04-01 17:52:14.136   607   607 I GeckoDump: [system] [AppWindow][Internet][AppWindow_18][1616492593.822] publishing internal event: securitychange
04-01 17:52:14.137   607   607 I GeckoDump: [system] [AppWindow][Internet][AppWindow_18][1616492593.823] publishing external event: appsecuritychange
04-01 17:52:14.147  3316  3316 I Gecko   : WebViewChild: 
04-01 17:52:14.147  3316  3316 I Gecko   : Got metaChanged: (theme-color) rgb(255, 255, 255) 
04-01 17:52:14.147  3316  3316 I Gecko   : 
04-01 17:52:14.149  3316  3316 I Gecko   : WebViewChild: 
04-01 17:52:14.149  3316  3316 I Gecko   : Got metaChanged: (viewport) width=device-width,user-scalable=no,initial-scale=1.0 
04-01 17:52:14.149  3316  3316 I Gecko   : 
04-01 17:52:14.150  3316  3316 I Gecko   : WebViewChild: 
04-01 17:52:14.150  3316  3316 I Gecko   : Got metaChanged: (defaultLanguage) en-US 
04-01 17:52:14.150  3316  3316 I Gecko   : 
04-01 17:52:14.151  3316  3316 I Gecko   : WebViewChild: 
04-01 17:52:14.151  3316  3316 I Gecko   : Got metaChanged: (availableLanguages) af-ZA:202103011718, ar-SA:202103011718, bn-IN:202103011718, de-DE:202103011718, en-GB:202103011718, en-US:202103011718, es-US:202103011718, en-NG:202103011718, es-ES:202103011718, fa-IR:202103011718, fr-CA:202103011718, fr-FR:202103011718, hi-HI:202103011718, hu-HU:202103011718, id-ID:202103011718, it-IT:202103011718, ms-MY:202103011718, ne-IN:202103011718, nl-NL:202103011718, pl-PL:202103011718, pt-BR:202103011718, pt-PT:202103011718, ro-RO:202103011718, ru-RU:202103011718, sw-ZA:202103011718, ta-IN:202103011718, th-TH:202103011718, tr-TR:202103011718, ur-PK:202103011718, vi-VN:202103011718, zh-CN:202103011718, zu-ZA:202103011718 
04-01 17:52:14.151  3316  3316 I Gecko   : 
04-01 17:52:14.154  3316  3316 I Gecko   : WebViewChild: 
04-01 17:52:14.154  3316  3316 I Gecko   : Got metaChanged: (appVersion) 2.2 
04-01 17:52:14.154  3316  3316 I Gecko   : 
04-01 17:52:14.157  3316  3316 I Gecko   : WebViewChild: 
04-01 17:52:14.157  3316  3316 I Gecko   : Got linkAdded: (http://system.localhost/locales-obj/%7Blocale%7D.json) localization 
04-01 17:52:14.157  3316  3316 I Gecko   : 
04-01 17:52:14.160   607   607 I GeckoDump: [system] [AppWindow][Internet][AppWindow_18][1616492593.845] openApp has been ENDED!
04-01 17:52:14.160   607   607 I GeckoDump: [system] [HierarchyManager][1616492593.846] getting top most...,AppWindowManager
04-01 17:52:14.160   607   607 I GeckoDump: [system] [AppWindow][Internet][AppWindow_18][1616492593.846] opening,opened,::,complete
04-01 17:52:14.162   607   607 I GeckoDump: [system] [AppWindow][Internet][AppWindow_18][1616492593.848] publishing internal event: opened
04-01 17:52:14.163   607   607 I GeckoDump: [system] [AppWindow][Internet][AppWindow_18][1616492593.849] publishing internal event: requestforeground
04-01 17:52:14.163   607   607 I GeckoDump: [system] [AppWindow][Internet][AppWindow_18][1616492593.849] publishing external event: apprequestforeground
04-01 17:52:14.164   607   607 I GeckoDump: [system] [AppWindow][Internet][AppWindow_18][1616492593.850] set visibility -> ,true
04-01 17:52:14.165   607   607 I GeckoDump: [system] [AppWindow][Internet][AppWindow_18][1616492593.851] setVisibleForScreenReader:,true
04-01 17:52:14.165   607   607 I GeckoDump: [system] [AppWindow][Internet][AppWindow_18][1616492593.851] toggleVirtualCursor(): enabled = undefined
04-01 17:52:14.166   607   607 I GeckoDump: [system] [AppWindow][Internet][AppWindow_18][1616492593.852] toggleVirtualCursor(): disableVirtualCursor
04-01 17:52:14.167   607   607 I GeckoDump: [system] [AppWindow][Internet][AppWindow_18][1616492593.852] setActive on browser element:true
04-01 17:52:14.168   607   607 I GeckoDump: [system] [AppWindow][Internet][AppWindow_18][1616492593.853] before showing frame
04-01 17:52:14.168   607   607 I Gecko   : console.warn: "screen.mozLockOrientation() returned false for" "http://search.localhost/manifest.webmanifest" "orientation" "natural"
04-01 17:52:14.169   607   607 W GeckoConsole: Content JS WARN: 
04-01 17:52:14.171   607   607 I GeckoDump: [system] [HierarchyManager][1616492593.856] getting top most...,AppWindowManager
04-01 17:52:14.171   607   607 I GeckoDump: [system] [AppWindow][Internet][AppWindow_18][1616492593.857] focusing this app.
04-01 17:52:14.171   607   607 I GeckoDump: [system] [AppWindow][Internet][AppWindow_18][1616492593.857] focusing
04-01 17:52:14.172   607   607 I GeckoDump: [system] [AppWindow][Internet][AppWindow_18][1616492593.857] set visibility -> ,true
04-01 17:52:14.172   607   607 I GeckoDump: [system] [AppWindow][Internet][AppWindow_18][1616492593.858] setVisibleForScreenReader:,true
04-01 17:52:14.172   607   607 I GeckoDump: [system] [AppWindow][Internet][AppWindow_18][1616492593.858] toggleVirtualCursor(): enabled = undefined
04-01 17:52:14.172   607   607 I GeckoDump: [system] [AppWindow][Internet][AppWindow_18][1616492593.858] toggleVirtualCursor(): disableVirtualCursor
04-01 17:52:14.172   607   607 I GeckoDump: [system] [AppWindow][Internet][AppWindow_18][1616492593.858] setActive on browser element:true
04-01 17:52:14.173   607   607 I GeckoDump: [system] [AppWindow][Internet][AppWindow_18][1616492593.859] before showing frame
04-01 17:52:14.174   607   607 I FocusManager: << focus() called >>
04-01 17:52:14.174   607   607 I FocusManager:    trying to set focus on, tag: browser, id: , class: 
04-01 17:52:14.176   607   607 I FocusManager:    current focused element, tag: browser, id: , class: 
04-01 17:52:14.177   607   607 I FocusManager: <- blur on, tag: browser, id: , class: 
04-01 17:52:14.177  2591  2591 I FocusManager: <- blur on, tag: DIV, id: main-view, class: is-focus
04-01 17:52:14.179   607   607 I FocusManager: -> focus is now on, tag: browser, id: , class: 
04-01 17:52:14.180  2591  2591 I GeckoDump: [launcher] Get main view onblur!
04-01 17:52:14.183  3316  3316 I FocusManager: * WindowRaised *
04-01 17:52:14.183  3316  3316 I FocusManager: -> focus is now on, NULL, tag: , id: , class: 
04-01 17:52:14.185   607   607 I GeckoDump: [system] [HierarchyManager][1616492593.871] getting top most...,AppWindowManager
04-01 17:52:14.186   607   607 I GeckoDump: [system] [AppWindow][Internet][AppWindow_18][1616492593.872] _setVisibleForScreenReader(): visible = true
04-01 17:52:14.186   607   607 I GeckoDump: [system] [AppWindow][Internet][AppWindow_18][1616492593.872] aria-hidden on browser element:false
04-01 17:52:14.186   607   607 I GeckoDump: [system] [AppWindow][Internet][AppWindow_18][1616492593.872] toggleVirtualCursor(): enabled = undefined
04-01 17:52:14.186   607   607 I GeckoDump: [system] [AppWindow][Internet][AppWindow_18][1616492593.872] toggleVirtualCursor(): disableVirtualCursor
04-01 17:52:14.187   607   607 I GeckoDump: [system] [AppWindow][Internet][AppWindow_18][1616492593.873] Internet:AppWindow_18 is setting nfc active to: true
04-01 17:52:14.187   607   607 I GeckoDump: [system] [AppWindow][Internet][AppWindow_18][1616492593.873] set nfc active is not implemented
04-01 17:52:14.187   607   607 I GeckoDump: [system] [AppWindow][Internet][AppWindow_18][1616492593.873] install appchrome
04-01 17:52:14.191   607   607 I GeckoDump: [system] [AppWindow][Internet][AppWindow_18][1616492593.877] publishing external event: appopened
04-01 17:52:14.192   607   607 I GeckoDump: [system] [SimLockManager]no handle event pre found. skip
04-01 17:52:14.192   607   607 I GeckoDump: [system] [SimLockManager]handling appopened
04-01 17:52:14.197   607   607 I GeckoDump: [system] [AppWindowManager][1616492593.883]handling appopened
04-01 17:52:14.197   607   607 I GeckoDump: [system] [AppWindowManager][1616492593.883]false,false,[object Object]
04-01 17:52:14.197   607   607 I GeckoDump: [system] [AppWindow][Internet][AppWindow_18][1616492593.883] request RESIZE...active? ,true
04-01 17:52:14.197   607   607 I GeckoDump: [system] [AppWindow][Internet][AppWindow_18][1616492593.883]  will resize... 
04-01 17:52:14.197   607   607 I GeckoDump: [system] [AppWindow][Internet][AppWindow_18][1616492593.883] force RESIZE...
04-01 17:52:14.198   607   607 I GeckoDump: [system] [AppWindow][Internet][AppWindow_18][1616492593.884] publishing internal event: withoutkeyboard
04-01 17:52:14.198   607   607 I GeckoDump: [system] [AppWindow][Internet][AppWindow_18][1616492593.884] publishing internal event: resize
04-01 17:52:14.199   607   607 I GeckoDump: [system] [AppWindow][Internet][AppWindow_18][1616492593.884] publishing external event: appresize
04-01 17:52:14.199   607   607 I GeckoDump: [system] [AppWindow][Internet][AppWindow_18][1616492593.885] W:,240,H:,320
04-01 17:52:14.199   607   607 I GeckoDump: [system] [AppWindowManager][1616492593.885]=== Active app now is: ,Internet,===
04-01 17:52:14.200   607   607 I GeckoDump: [system] [AppWindowManager][1616492593.886]publish: appwindowmanager-activated
04-01 17:52:14.200   607   607 I GeckoDump: [system] [HierarchyManager][1616492593.886] appwindowmanager-activated
04-01 17:52:14.200   607   607 I GeckoDump: [system] [HierarchyManager][1616492593.886] handling appwindowmanager-activated
04-01 17:52:14.201   607   607 I GeckoDump: [system] [HierarchyManager][1616492593.887] AppWindowManager is becoming active now.
04-01 17:52:14.201   607   607 I GeckoDump: [system] [HierarchyManager][1616492593.887] top most is the same.,AppWindowManager
04-01 17:52:14.221   607   607 I GeckoDump: [system] [HierarchyManager][1616492593.906] windowopened
04-01 17:52:14.221   607   607 I GeckoDump: [system] [HierarchyManager][1616492593.907] publishing: hierarchytopmostwindowchanged
04-01 17:52:14.222   607   607 I GeckoDump: [system] [HierarchyManager][1616492593.907] getting top most...,AppWindowManager
04-01 17:52:14.223   607   607 I GeckoDump: [system] [AppWindowManager][1616492593.909]handling hierarchytopmostwindowchanged
04-01 17:52:14.223   607   607 I GeckoDump: [system] [HierarchyManager][1616492593.909] getting top most...,AppWindowManager
04-01 17:52:14.223   607   607 I GeckoDump: [system] [AudioChannelService][1616492593.909] handling hierarchytopmostwindowchanged
04-01 17:52:14.224   607   607 I GeckoDump: [system] [AudioChannelService][1616492593.910] Internet is opened
04-01 17:52:14.225   607   607 I GeckoDump: [system] [AudioChannelService][1616492593.911] publishing: audiochannelchanged
04-01 17:52:14.225   607   607 I GeckoDump: [system] [AppWindow][Internet][AppWindow_18][1616492593.911] publishing internal event: open
04-01 17:52:14.226   607   607 I GeckoDump: [system] [AppWindow][Internet][AppWindow_18][1616492593.912] publishing external event: appopen
04-01 17:52:14.254   607   607 I GeckoDump: [system] [AppWindow][Internet][AppWindow_18][1616492593.940]  Handling mozbrowsermetachange event...
04-01 17:52:14.254   607   607 I GeckoDump: [system] [AppWindow][Internet][AppWindow_18][1616492593.940] publishing internal event: themecolorchange
04-01 17:52:14.255   607   607 I GeckoDump: [system] [AppWindow][Internet][AppWindow_18][1616492593.940] publishing external event: appthemecolorchange
04-01 17:52:14.261   607   607 I GeckoDump: [system] [AppWindow][Internet][AppWindow_18][1616492593.947]  Handling mozbrowsertitlechange event...
04-01 17:52:14.262   607   607 I GeckoDump: [system] [AppWindow][Internet][AppWindow_18][1616492593.948] publishing internal event: titlechange
04-01 17:52:14.262   607   607 I GeckoDump: [system] [AppWindow][Internet][AppWindow_18][1616492593.948] publishing external event: apptitlechange
04-01 17:52:14.267   608  1058 I actix_web::middleware..: "GET /js/utils/common/app_origin.js HTTP/1.1" shared.localhost 304 0 1.320260
04-01 17:52:14.270   608  1058 I actix_web::middleware..: "GET /js/utils/l10n/l10n.js HTTP/1.1" shared.localhost 304 0 1.400782
04-01 17:52:14.273   608  1058 I actix_web::middleware..: "GET /style/gaia_theme/gaia-theme.css HTTP/1.1" shared.localhost 304 0 1.455573
04-01 17:52:14.274   608  1059 I actix_web::middleware..: "GET /js/utils/storage/async_storage.js HTTP/1.1" shared.localhost 304 0 1.361199
04-01 17:52:14.281   608  1058 I actix_web::middleware..: "GET /js/utils/common/lazy_loader.js HTTP/1.1" shared.localhost 304 0 3.237031
04-01 17:52:14.284   608  1059 I actix_web::middleware..: "GET /js/utils/common/utilities.js HTTP/1.1" shared.localhost 304 0 1.394480
04-01 17:52:14.289   608  1060 I actix_web::middleware..: "GET /style/gaia_theme/gaia-font.css HTTP/1.1" shared.localhost 304 0 1.340521
04-01 17:52:14.290   608  1057 I actix_web::middleware..: "GET /js/helper/softkey/softkey_register.js HTTP/1.1" shared.localhost 304 0 1.674166
04-01 17:52:14.293   608  1058 I actix_web::middleware..: "GET /style/gaia_icons/gaia-icons.css HTTP/1.1" shared.localhost 304 0 1.395677
04-01 17:52:14.294   608  1057 I actix_web::middleware..: "GET /browser/style/home.css HTTP/1.1" system.localhost 304 0 2.028489
04-01 17:52:14.304   608  1057 I actix_web::middleware..: "GET /browser/js/browser_home.js HTTP/1.1" system.localhost 200 3613 0.451198
04-01 17:52:14.367   608  1057 I actix_web::middleware..: "GET /browser/js/emitter.js HTTP/1.1" system.localhost 200 364 0.391250
04-01 17:52:14.371   608  1057 I actix_web::middleware..: "GET /browser/js/browser_config.js HTTP/1.1" system.localhost 304 0 1.324479
04-01 17:52:14.380   608  1059 I actix_web::middleware..: "GET /browser/js/utils.js HTTP/1.1" system.localhost 304 0 1.340313
04-01 17:52:14.389   608  1059 I actix_web::middleware..: "GET /browser/js/elements/header.js HTTP/1.1" system.localhost 304 0 1.477344
04-01 17:52:14.397   608  1059 I actix_web::middleware..: "GET /browser/js/elements/grid_list.js HTTP/1.1" system.localhost 304 0 2.805469
04-01 17:52:14.403   608  1059 I actix_web::middleware..: "GET /browser/js/elements/slider.js HTTP/1.1" system.localhost 304 0 1.849948
04-01 17:52:14.408   608  1059 I actix_web::middleware..: "GET /browser/js/elements/softkey.js HTTP/1.1" system.localhost 304 0 1.626979
04-01 17:52:14.444   607  3318 E Sandbox : SandboxBroker: denied op=open rflags=2500000 perms=0 path=/dev/__properties__/u:object_r:use_memfd_prop:s0 for pid=3316
04-01 17:52:14.445  3316  3316 E libc    : Access denied finding property "sys.use_memfd"
04-01 17:52:14.452   607  3318 E Sandbox : SandboxBroker: denied op=access rflags=6 perms=0 path=/dev/binder for pid=3316
04-01 17:52:14.452  3316  3316 E /system/b2g/b2g: Failed to get IAshmemDeviceService.
04-01 17:52:14.456   608  1057 I actix_web::middleware..: "GET /browser/js/browser_icon_store.js HTTP/1.1" system.localhost 304 0 1.425833
04-01 17:52:14.456   608  1059 I actix_web::middleware..: "GET /browser/js/elements/base.js HTTP/1.1" system.localhost 304 0 2.567448
04-01 17:52:14.467   607   607 I GeckoDump: [system] [HomescreenWindow][Launcher][homescreen][1616492594.153] publishing internal event: closingtimeout
04-01 17:52:14.468   607   607 I GeckoDump: [system] [HomescreenWindow][Launcher][homescreen][1616492594.153] closing,closed,::,timeout
04-01 17:52:14.469   607   607 I GeckoDump: [system] [HomescreenWindow][Launcher][homescreen][1616492594.155] publishing internal event: closed
04-01 17:52:14.470   607   607 I GeckoDump: [system] [HomescreenWindow][Launcher][homescreen][1616492594.155] set visibility -> ,false
04-01 17:52:14.470   607   607 I GeckoDump: [system] [HomescreenWindow][Launcher][homescreen][1616492594.156] setVisibleForScreenReader:,false
04-01 17:52:14.470   607   607 I GeckoDump: [system] [HomescreenWindow][Launcher][homescreen][1616492594.156] toggleVirtualCursor(): enabled = undefined
04-01 17:52:14.470   607   607 I GeckoDump: [system] [HomescreenWindow][Launcher][homescreen][1616492594.156] toggleVirtualCursor(): early return, incorrect window
04-01 17:52:14.470   607   607 I GeckoDump: [system] [HomescreenWindow][Launcher][homescreen][1616492594.156] setActive on browser element:false
04-01 17:52:14.471   607   607 I GeckoDump: [system] [HomescreenWindow][Launcher][homescreen][1616492594.157]  Handling mozbrowservisibilitychange event...
04-01 17:52:14.472   607   607 I GeckoDump: [system] [HomescreenWindow][Launcher][homescreen][1616492594.157] publishing internal event: background
04-01 17:52:14.472   607   607 I GeckoDump: [system] [HomescreenWindow][Launcher][homescreen][1616492594.158] publishing external event: homescreenbackground
04-01 17:52:14.473   607   607 I GeckoDump: [system] [HomescreenWindow][Launcher][homescreen][1616492594.158] handling mozbrowservisibilitychange
04-01 17:52:14.473  2591  2591 I GeckoDump: [launcher] Visibilitychange = true
04-01 17:52:14.473  2591  2591 I GeckoDump: [launcher] [App][125.169] no handle event pre found. skip
04-01 17:52:14.474  2591  2591 I GeckoDump: [launcher] [App][125.169] handling visibilitychange
04-01 17:52:14.475   607   607 I GeckoDump: [system] [HomescreenWindow][Launcher][homescreen][1616492594.161] before hiding frame
04-01 17:52:14.475   607   607 I GeckoDump: [system] [HomescreenWindow][Launcher][homescreen][1616492594.161] setVisible on browser element:false
04-01 17:52:14.475  2591  2591 I GeckoDump: [launcher] [Clock][125.170] no handle event pre found. skip
04-01 17:52:14.476  2591  2591 I GeckoDump: [launcher] [Clock][125.171] handling visibilitychange
04-01 17:52:14.477   607   607 I GeckoDump: [system] [HomescreenWindow][Launcher][homescreen][1616492594.163] Launcher:homescreen is setting nfc active to: false
04-01 17:52:14.478   607   607 I GeckoDump: [system] [HomescreenWindow][Launcher][homescreen][1616492594.163] set nfc active is not implemented
04-01 17:52:14.478   607   607 I GeckoDump: [system] [HomescreenWindow][Launcher][homescreen][1616492594.164] handling _closed
04-01 17:52:14.479   607   607 I GeckoDump: [system] [HomescreenWindow][Launcher][homescreen][1616492594.164] publishing external event: homescreenclosed
04-01 17:52:14.480   607   607 I GeckoDump: [system] [HierarchyManager][1616492594.166] windowclosed
04-01 17:52:14.480   607   607 I GeckoDump: [system] [HomescreenWindow][Launcher][homescreen][1616492594.166] publishing internal event: close
04-01 17:52:14.481   607   607 I GeckoDump: [system] [HomescreenWindow][Launcher][homescreen][1616492594.167] publishing external event: homescreenclose
04-01 17:52:14.485  3316  3316 I Gecko   : WebViewChild: 
04-01 17:52:14.485  3316  3316 I Gecko   : Got afterpaint event: http://system.localhost/browser/browser.html 
04-01 17:52:14.485  3316  3316 I Gecko   : 
04-01 17:52:14.499   607   607 I GeckoDump: [system] [AppWindow][Internet][AppWindow_18][1616492594.185]  Handling mozbrowserdocumentfirstpaint event...
04-01 17:52:14.499   607   607 I GeckoDump: [system] [AppWindow][Internet][AppWindow_18][1616492594.185] publishing internal event: loadtime
04-01 17:52:14.499   607   607 I GeckoDump: [system] [AppWindow][Internet][AppWindow_18][1616492594.185] publishing external event: apploadtime
04-01 17:52:14.511   608  1058 I actix_web::middleware..: "GET /js/helper/common/icons_helper.js HTTP/1.1" shared.localhost 304 0 1.351094
04-01 17:52:14.515   607   607 I GeckoDump: [system] [AppWindow][Internet][AppWindow_18][1616492594.201] publishing internal event: titlestatechanged
04-01 17:52:14.515   607   607 I GeckoDump: [system] [AppWindow][Internet][AppWindow_18][1616492594.201] publishing external event: apptitlestatechanged
04-01 17:52:14.516   607   607 I GeckoDump: [system] [HierarchyManager][1616492594.202] getting top most...,AppWindowManager
04-01 17:52:14.525   608  1057 W api_daemon::session: Processing 'ProcManagerService request: ProcessServiceCommit' took too long: 19ms
04-01 17:52:14.575   607   607 I GeckoDump: [system] [AppWindow][Internet][AppWindow_18][1616492594.261]  Handling mozbrowserloadend event...
04-01 17:52:14.576   607   607 I GeckoDump: [system] [AppWindow][Internet][AppWindow_18][1616492594.262] publishing internal event: loaded
04-01 17:52:14.577   607   607 I GeckoDump: [system] [AppWindow][Internet][AppWindow_18][1616492594.263] publishing external event: apploaded
04-01 17:52:14.578   607   607 I GeckoDump: [system] [AppWindow][Internet][AppWindow_18][1616492594.263] bgcolor= ,transparent
04-01 17:52:14.586   608  1059 I actix_web::middleware..: "GET /locales-obj/en-US.json HTTP/1.1" system.localhost 304 0 1.380156
04-01 17:52:14.791   608  1059 I actix_web::middleware..: "GET /browser/style/img/ic_search_internet.png HTTP/1.1" system.localhost 304 0 1.418333
04-01 17:52:14.795  3316  3316 I FocusManager: << focus() called >>
04-01 17:52:14.795  3316  3316 I FocusManager:    trying to set focus on, tag: DIV, id: , class: basic fixed focusable
04-01 17:52:14.799   608  1059 I actix_web::middleware..: "GET /browser/style/img/ic_history.png HTTP/1.1" system.localhost 304 0 1.338177
04-01 17:52:14.802  3316  3316 I FocusManager:    current focused element, NULL, tag: , id: , class: 
04-01 17:52:14.802  3316  3316 I FocusManager: <- blur on, NULL, tag: , id: , class: 
04-01 17:52:14.802  3316  3316 I FocusManager: -> focus is now on, tag: DIV, id: , class: basic fixed focusable
04-01 17:52:14.804   608  1059 I actix_web::middleware..: "GET /browser/style/img/ic_store.png HTTP/1.1" system.localhost 304 0 1.654896
04-01 17:52:14.814  3316  3316 I Gecko   : WebViewChild: 
04-01 17:52:14.814  3316  3316 I Gecko   : Got metaChanged: (og:kaios:softkeyinfo)  
04-01 17:52:14.814  3316  3316 I Gecko   : 
04-01 17:52:14.816  3316  3316 I Gecko   : WebViewChild: 
04-01 17:52:14.816  3316  3316 I Gecko   : Got metaChanged: (og:kaios:softkeyinfo) Enter: Select 
04-01 17:52:14.816  3316  3316 I Gecko   : 
04-01 17:52:14.817   607   607 I GeckoDump: [system] [AppWindow][Internet][AppWindow_18][1616492594.502]  Handling mozbrowsermetachange event...
04-01 17:52:14.818   607   607 I GeckoDump: [system] [HierarchyManager][1616492594.504] getting top most...,AppWindowManager
04-01 17:52:14.818   608  1059 I actix_web::middleware..: "GET /browser/style/img/ic_default.png HTTP/1.1" system.localhost 304 0 1.905521
04-01 17:52:14.819   607   607 I GeckoDump: [system] [AppWindow][Internet][AppWindow_18][1616492594.505]  Handling mozbrowsermetachange event...
04-01 17:52:14.820   607   607 I GeckoDump: [system] [HierarchyManager][1616492594.506] getting top most...,AppWindowManager
04-01 17:52:14.839   608  1059 I actix_web::middleware..: "GET /js/session/task_scheduler.js HTTP/1.1" shared.localhost 304 0 1.403281
04-01 17:52:14.844   608  1060 I actix_web::middleware..: "GET /js/session/lib_session.js HTTP/1.1" shared.localhost 304 0 1.843646
04-01 17:52:14.852   608  1057 I actix_web::middleware..: "GET /js/session/settings/settings_observer.js HTTP/1.1" shared.localhost 304 0 1.336876
04-01 17:52:14.862   608  1059 I actix_web::middleware..: "GET /browser/js/elements/history_list.js HTTP/1.1" system.localhost 304 0 1.297136
04-01 17:52:14.865   608  1059 I actix_web::middleware..: "GET /browser/js/elements/dialog.js HTTP/1.1" system.localhost 304 0 1.241823
04-01 17:52:14.901   608  1059 I actix_web::middleware..: "GET /sw-system-message.js HTTP/1.1" system.localhost 304 0 1.273125
04-01 17:52:14.947   608  1060 I actix_web::middleware..: "GET /api/v1/shared/core.js HTTP/1.1" 127.0.0.1 304 0 7.940938
04-01 17:52:14.947   513   872 E WifiHAL : Invalid data received from driver
04-01 17:52:14.948   513   872 I chatty  : uid=1010 wifi@1.0-servic identical 2 lines
04-01 17:52:14.948   513   872 E WifiHAL : Invalid data received from driver
04-01 17:52:14.955   608  1060 I actix_web::middleware..: "GET /api/v1/shared/session.js HTTP/1.1" 127.0.0.1 304 0 5.049011
04-01 17:52:14.958   608  1057 I actix_web::middleware..: "GET /api/v1/settings/service.js HTTP/1.1" 127.0.0.1 304 0 3.863334
04-01 17:52:15.055   608  3389 I geckobridge::service: GeckoBridgeService::create
04-01 17:52:15.066   607   607 I GeckoDump: [system] [AppWindow][Internet][AppWindow_18][1616492594.752] publishing internal event: chromecollapsed
04-01 17:52:15.067   607   607 I GeckoDump: [system] [AppWindow][Internet][AppWindow_18][1616492594.752] publishing external event: appchromecollapsed
04-01 17:52:15.067   607   607 I GeckoDump: [system] [HierarchyManager][1616492594.753] getting top most...,AppWindowManager
04-01 17:52:15.088   608  1365 I time_service::service: incoming request
04-01 17:52:15.088   608  1365 I time_service::service: get_elapse_real_time
04-01 17:52:15.094   608  1059 I actix_web::middleware..: "GET /browser/style/img/img_loader.png HTTP/1.1" system.localhost 304 0 1.502344
04-01 17:52:15.108   641  3393 E ResolverController: No valid NAT64 prefix (103, <unspecified>/0)
04-01 17:52:15.111   641  3393 E /system/bin/netd: AIBinder_incStrong: on null binder
04-01 17:52:15.116   608  1059 I actix_web::middleware..: "GET /browser/style/img/img_no_website.png HTTP/1.1" system.localhost 304 0 1.462292
04-01 17:52:15.144   607  3318 E Sandbox : SandboxBroker: denied op=open rflags=2400000 perms=0 path=/data/misc/zoneinfo/current/tzdata for pid=3316
04-01 17:52:15.197   607  3318 I chatty  : uid=0(root) /system/b2g/b2g identical 2 lines
04-01 17:52:15.199   607  3318 E Sandbox : SandboxBroker: denied op=open rflags=2400000 perms=0 path=/data/misc/zoneinfo/current/tzdata for pid=3316
04-01 17:52:15.223  3316  3316 I Gecko   : console.log: "Websocket: opened"
04-01 17:52:15.228  3316  3316 I Web Content: Content JS LOG: 
04-01 17:52:15.231   608  1059 I api_daemon::session: Got client handshake
04-01 17:52:15.233  3316  3316 I Gecko   : console.log: "Got ack: {\"success\":true}"
04-01 17:52:15.233  3316  3316 I Web Content: Content JS LOG: 
04-01 17:52:15.233  3316  3316 I Gecko   : console.log: "[LibSession] onsessionconnected"
04-01 17:52:15.234  3316  3316 I Web Content: Content JS LOG: 
04-01 17:52:15.234  3316  3316 I Gecko   : console.log: "[LibSession] sessionInit"
04-01 17:52:15.234  3316  3316 I Web Content: Content JS LOG: 
04-01 17:52:15.237   608  1059 I settings_service::ser..: SettingsService::create
04-01 17:52:15.241  3316  3316 I Gecko   : console.log: "[LibSession] services-load-complete"
04-01 17:52:15.242  3316  3316 I Web Content: Content JS LOG: 
04-01 17:52:15.243   513   872 E WifiHAL : Invalid data received from driver
04-01 17:52:16.355   513   872 E WifiHAL : Invalid data received from driver
04-01 17:52:16.356   607   607 I Gecko   : -*- WifiWorker component: shouldBroadcastRSSIForIMS, newRssi =-36 , oldRssi= -35
04-01 17:52:16.897   513   872 E WifiHAL : Invalid data received from driver
04-01 17:52:16.898   513   872 I chatty  : uid=1010 wifi@1.0-servic identical 3 lines
04-01 17:52:16.898   513   872 E WifiHAL : Invalid data received from driver
04-01 17:52:16.958   607   607 I GeckoDump: [system] [KeypadBacklightManager]set keyLightBrightness = 10
04-01 17:52:18.853   607   607 I GeckoDump: [system] WakeLockManager cpu : unlocked, isHeld 0
04-01 17:52:18.853   607   607 I GeckoDump: [system] WakeLockManager audio-playing : unlocked, isHeld 0
04-01 17:52:18.886   607   607 I Gecko   : console.log: "Embedding: Creating new preallocated process"
04-01 17:52:18.888   607   607 I GeckoConsole: Content JS LOG: 
04-01 17:52:18.889   607   607 I Gecko   : console.log: "Embedding: provideProcess [{\"isAlive\":true,\"processId\":804,\"tabCount\":1,\"messageManager\":{}},{\"isAlive\":true,\"processId\":2591,\"tabCount\":1,\"messageManager\":{}},{\"isAlive\":true,\"processId\":2855,\"tabCount\":1,\"messageManager\":{}},{\"isAlive\":true,\"processId\":3316,\"tabCount\":1,\"messageManager\":{}}] (max=100000)"
04-01 17:52:18.890   607   607 I GeckoConsole: Content JS LOG: 
04-01 17:52:18.901  3398  3398 E cutils-trace: Error opening trace file: No such file or directory (2)
04-01 17:52:18.902  3398  3398 D vndksupport: Loading /vendor/lib/egl/libEGL_adreno.so from current namespace instead of sphal namespace.
04-01 17:52:18.930  3398  3398 D libEGL  : loaded /vendor/lib/egl/libEGL_adreno.so
04-01 17:52:18.940   513   872 E WifiHAL : Invalid data received from driver
04-01 17:52:18.941   513   872 I chatty  : uid=1010 wifi@1.0-servic identical 2 lines
04-01 17:52:18.941   513   872 E WifiHAL : Invalid data received from driver
04-01 17:52:19.008  3398  3398 D vndksupport: Loading /vendor/lib/egl/libGLESv1_CM_adreno.so from current namespace instead of sphal namespace.
04-01 17:52:19.009  3398  3398 D libEGL  : loaded /vendor/lib/egl/libGLESv1_CM_adreno.so
04-01 17:52:19.018  3398  3398 D vndksupport: Loading /vendor/lib/egl/libGLESv2_adreno.so from current namespace instead of sphal namespace.
04-01 17:52:19.018  3398  3398 D libEGL  : loaded /vendor/lib/egl/libGLESv2_adreno.so
04-01 17:52:19.070  3398  3398 I Gecko   : Can't find symbol 'eglQuerySurfacePointerANGLE'.
04-01 17:52:19.071  3398  3398 I Gecko   : Can't find symbol 'eglQueryDisplayAttribEXT'.
04-01 17:52:19.071  3398  3398 I Gecko   : Can't find symbol 'eglQueryDeviceAttribEXT'.
04-01 17:52:19.071  3398  3398 I Gecko   : Can't find symbol 'eglStreamConsumerGLTextureExternalAttribsNV'.
04-01 17:52:19.072  3398  3398 I Gecko   : Can't find symbol 'eglCreateStreamProducerD3DTextureANGLE'.
04-01 17:52:19.072  3398  3398 I Gecko   : Can't find symbol 'eglStreamPostD3DTextureANGLE'.
04-01 17:52:19.073  3398  3398 I Gecko   : Can't find symbol 'eglSwapBuffersWithDamageEXT'.
04-01 17:52:19.077  3398  3398 I AdrenoGLES: QUALCOMM build                   : d71bcda, I98abbc9a02
04-01 17:52:19.077  3398  3398 I AdrenoGLES: Build Date                       : 03/09/21
04-01 17:52:19.077  3398  3398 I AdrenoGLES: OpenGL ES Shader Compiler Version: EV031.27.05.10
04-01 17:52:19.077  3398  3398 I AdrenoGLES: Local Branch                     : 
04-01 17:52:19.077  3398  3398 I AdrenoGLES: Remote Branch                    : 
04-01 17:52:19.077  3398  3398 I AdrenoGLES: Remote Branch                    : 
04-01 17:52:19.077  3398  3398 I AdrenoGLES: Reconstruct Branch               : 
04-01 17:52:19.077  3398  3398 I AdrenoGLES: Build Config                     : S L 8.0.12 AArch32
04-01 17:52:19.078  3398  3398 D vndksupport: Loading /vendor/lib/hw/gralloc.msm8937.so from current namespace instead of sphal namespace.
04-01 17:52:19.083  3398  3398 I AdrenoGLES: PFP: 0x00c60400, ME: 0x003ff041
04-01 17:52:19.091   507   558 I SDM     : HWCDisplay::GetHdrCapabilities: HDR is not supported
04-01 17:52:19.093   507   559 I SDM     : HWCDisplay::GetHdrCapabilities: HDR is not supported
04-01 17:52:19.094  3398  3398 I Gecko   : Reinitialize Android log.
04-01 17:52:19.096   350   350 I hwservicemanager: getTransport: Cannot find entry android.hardware.graphics.mapper@3.0::IMapper/default in either framework or device manifest.
04-01 17:52:19.096  3398  3398 W Gralloc3: mapper 3.x is not supported
04-01 17:52:19.098  3398  3398 D vndksupport: Loading /vendor/lib/hw/android.hardware.graphics.mapper@2.0-impl-2.1.so from current namespace instead of sphal namespace.
04-01 17:52:19.099  3398  3398 D vndksupport: Loading /vendor/lib/hw/gralloc.msm8937.so from current namespace instead of sphal namespace.
04-01 17:52:19.198  3398  3398 I Web Content: While registering XPCOM module <static module>, trying to re-register CID '{c401eb80-f9ea-11d3-bb6f-e732b73ebe7c}' already registered by <static module>.
04-01 17:52:19.198  3398  3398 I Web Content: While registering XPCOM module <static module>, trying to re-register CID '{8b5314ba-db01-11d2-96ce-0060b0fb9956}' already registered by <static module>.
04-01 17:52:19.351   513   872 E WifiHAL : Invalid data received from driver
04-01 17:52:19.353   607   607 I Gecko   : -*- WifiWorker component: shouldBroadcastRSSIForIMS, newRssi =-35 , oldRssi= -36
04-01 17:52:19.366   608  3412 I time_service::service: TimeService::create
04-01 17:52:19.367   608  3412 I time_service::service: incoming request
04-01 17:52:19.367   608  3412 I time_service::service: Adding observer ObjectRef(1)
04-01 17:52:19.367   608  3412 I time_service::service: incoming request
04-01 17:52:19.367   608  3412 I time_service::service: Adding observer ObjectRef(2)
04-01 17:52:20.403   513   872 E WifiHAL : Invalid data received from driver
04-01 17:52:22.352   607   607 I Gecko   : -*- WifiWorker component: shouldBroadcastRSSIForIMS, newRssi =-37 , oldRssi= -35
04-01 17:52:22.428   513   872 E WifiHAL : Invalid data received from driver
04-01 17:52:22.934   513   872 I chatty  : uid=1010 wifi@1.0-servic identical 4 lines
04-01 17:52:22.934   513   872 E WifiHAL : Invalid data received from driver
04-01 17:52:22.964   607   607 I Gecko   : -*- WifiWorker component: startDelayScan: manager.state=COMPLETED screenOn=true
04-01 17:52:22.964   607   607 I Gecko   : -*- WifiWorker component: start delay scan with age=120249 full scan interval=101250 maxinterval=300000
04-01 17:52:22.993   513   872 E WifiHAL : Invalid data received from driver
04-01 17:52:23.000   607   607 I Gecko   : -*- WifiWorker component: Traffic state: txSuccessDelta=15, rxSuccessDelta=26, timeMsDelta=19957, lastSampleWeight=0.00129
04-01 17:52:23.000   607   607 I Gecko   : -*- WifiWorker component: Traffic state: txSuccessRate=0.79, rxSuccessRate=1.37, trafficOverThreshold=false
04-01 17:52:23.006   513   872 E WifiHAL : Invalid data received from driver
04-01 17:52:23.006   513   872 E WifiHAL : Invalid data received from driver
04-01 17:52:23.006   877   877 D wpa_supplicant: nl80211: Drv Event 33 (NL80211_CMD_TRIGGER_SCAN) received for wlan0
04-01 17:52:23.006   877   877 D wpa_supplicant: wlan0: nl80211: Scan trigger
04-01 17:52:23.006   513   872 E WifiHAL : Invalid data received from driver
04-01 17:52:23.006   877   877 D wpa_supplicant: wlan0: Event SCAN_STARTED (47) received
04-01 17:52:23.006   877   877 D wpa_supplicant: wlan0: External program started a scan
04-01 17:52:23.007   730   873 D LOWI-8.6.0.81: [LOWI-Scan] wait_event:Wait done with Cmd 33
04-01 17:52:23.007   730   873 D LOWI-8.6.0.81: [LOWI-Scan] do_listen_events: Rcvd valid Netlink Cmd 0 Err 0
04-01 17:52:23.007   513   872 V WifiHAL : event received NL80211_CMD_TRIGGER_SCAN
04-01 17:52:23.059   513   872 E WifiHAL : Invalid data received from driver
04-01 17:52:23.543   513   872 I chatty  : uid=1010 wifi@1.0-servic identical 12 lines
04-01 17:52:23.544   513   872 E WifiHAL : Invalid data received from driver
04-01 17:52:23.544   877   877 D wpa_supplicant: nl80211: Drv Event 34 (NL80211_CMD_NEW_SCAN_RESULTS) received for wlan0
04-01 17:52:23.544   877   877 D wpa_supplicant: wlan0: nl80211: New scan results available
04-01 17:52:23.544   877   877 D wpa_supplicant: nl80211: Scan included frequencies: 2412 2417 2422 2427 2432 2437 2442 2447 2452 2457 2462
04-01 17:52:23.544   877   877 D wpa_supplicant: wlan0: Event SCAN_RESULTS (3) received
04-01 17:52:23.545   877   877 D wpa_supplicant: nl80211: Received scan results (22 BSSes)
04-01 17:52:23.545   877   877 D wpa_supplicant: nl80211: Scan results indicate BSS status with a8:5e:45:09:37:70 as associated
04-01 17:52:23.545   877   877 D wpa_supplicant: wlan0: BSS: Start scan result update 24
04-01 17:52:23.546   877   877 D wpa_supplicant: wlan0: BSS: Remove id 11 BSSID 6c:3b:6b:9b:f8:16 SSID 'WM-GFC' due to no match in scan
04-01 17:52:23.546   877   877 D wpa_supplicant: BSS: last_scan_res_used=22/32
04-01 17:52:23.546   877   877 D wpa_supplicant: wlan0: New scan results available (own=0 ext=1)
04-01 17:52:23.546   877   877 D wpa_supplicant: wlan0: Do not use results from externally requested scan operation for network selection
04-01 17:52:23.546   730   873 D LOWI-8.6.0.81: [LOWI-Scan] wait_event:Wait done with Cmd 34
04-01 17:52:23.546   730   873 D LOWI-8.6.0.81: [LOWI-Scan] do_listen_events: Rcvd valid Netlink Cmd 34 Err 0
04-01 17:52:23.547   730   873 D LOWI-8.6.0.81: [LOWI-Scan]  -- associated
04-01 17:52:23.547   730   873 D LOWI-8.6.0.81: [LOWI-Scan] 
04-01 17:52:23.547   730   873 D LOWI-8.6.0.81: [LOWI-Scan] print_bss_handler: Report Probe TSF 701688310 as it greater than Beacon TSF 0
04-01 17:52:23.547   730   873 D LOWI-8.6.0.81: [LOWI-Scan]  No Secondary channel present
04-01 17:52:23.547   730   873 D LOWI-8.6.0.81: [LOWI-Scan] BSS a8:5e:45:09:37:70 LOWI_PHY_MODE_11NG_HT20(5), Beacon Interval: 100, LOWI_ENCRYPTION_TYPE_WPA_PSK 11mcRanging: No, ANQP: No, LCI: No, Civic: No, capability(0x0c11): ESS Privacy ShortSlotTime APSD
04-01 17:52:23.547   730   873 D LOWI-8.6.0.81: [LOWI-Scan] BSS a8:5e:45:09:37:70 FREQ: 2432, cFreq1[40:80] = [2432:0] cFreq2 = 0 Country Code = US 
04-01 17:52:23.547   730   873 D LOWI-8.6.0.81: [LOWI-Scan] BSS a8:5e:45:09:37:70 (wlan0) ASSO: YES AddInfo: 0x0, TSF 0, 00:11:41.688, RSSI: -74, CPL: 127, AGE: 0,  SSID QA-Lab, TSFDelta: 0x8506492d, TXRate: 0
04-01 17:52:23.547   730   873 D LOWI-8.6.0.81: [LOWI-Scan] 
04-01 17:52:23.547   730   873 D LOWI-8.6.0.81: [LOWI-Scan] print_bss_handler: Report Probe TSF 701688375 as it greater than Beacon TSF 581454450
04-01 17:52:23.547   730   873 D LOWI-8.6.0.81: [LOWI-Scan] BSS 10:0c:6b:9a:d8:d8 LOWI_PHY_MODE_11AC_VHT40_2G(12), Beacon Interval: 100, LOWI_ENCRYPTION_TYPE_WPA_PSK 11mcRanging: No, ANQP: Yes, LCI: No, Civic: No, capability(0x1411): ESS Privacy ShortSlotTime
04-01 17:52:23.547   730   873 D LOWI-8.6.0.81: [LOWI-Scan] BSS 10:0c:6b:9a:d8:d8 FREQ: 2432, cFreq1[40:80] = [2422:0] cFreq2 = 0 Country Code = US 
04-01 17:52:23.547   730   873 D LOWI-8.6.0.81: [LOWI-Scan] BSS 10:0c:6b:9a:d8:d8 (wlan0) ASSO: NO AddInfo: 0x0, TSF 0, 00:11:41.688, RSSI: -76, CPL: 127, AGE: 4,  SSID 55667788, TSFDelta: 0x8506492d, TXRate: 0
04-01 17:52:23.547   730   873 D LOWI-8.6.0.81: [LOWI-Scan] 
04-01 17:52:23.547   730   873 D LOWI-8.6.0.81: [LOWI-Scan] print_bss_handler: Report Probe TSF 701688393 as it greater than Beacon TSF 420997802
04-01 17:52:23.547   730   873 D LOWI-8.6.0.81: [LOWI-Scan] BSS 40:9b:cd:9d:c8:2c LOWI_PHY_MODE_11NG_HT20(5), Beacon Interval: 100, LOWI_ENCRYPTION_TYPE_WPA_PSK 11mcRanging: No, ANQP: No, LCI: No, Civic: No, capability(0x0431): ESS Privacy ShortPreamble ShortSlotTime
04-01 17:52:23.547   730   873 D LOWI-8.6.0.81: [LOWI-Scan] BSS 40:9b:cd:9d:c8:2c FREQ: 2412, cFreq1[40:80] = [0:0] cFreq2 = 0 Country Code = TW 
04-01 17:52:23.547   730   873 D LOWI-8.6.0.81: [LOWI-Scan] BSS 40:9b:cd:9d:c8:2c (wlan0) ASSO: NO AddInfo: 0x0, TSF 0, 00:11:41.688, RSSI: -90, CPL: 127, AGE: 4,  SSID dlink-C82C, TSFDelta: 0x8506492d, TXRate: 0
04-01 17:52:23.547   730   873 D LOWI-8.6.0.81: [LOWI-Scan] 
04-01 17:52:23.547   730   873 D LOWI-8.6.0.81: [LOWI-Scan] print_bss_handler: Report Probe TSF 701688569 as it greater than Beacon TSF 0
04-01 17:52:23.547   730   873 D LOWI-8.6.0.81: [LOWI-Scan] BSS 10:6f:3f:e9:b6:a8 LOWI_PHY_MODE_11NG_HT20(5), Beacon Interval: 100, LOWI_ENCRYPTION_TYPE_WPA_PSK 11mcRanging: No, ANQP: No, LCI: No, Civic: No, capability(0x0411): ESS Privacy ShortSlotTime
04-01 17:52:23.548   730   873 D LOWI-8.6.0.81: [LOWI-Scan] BSS 10:6f:3f:e9:b6:a8 FREQ: 2462, cFreq1[40:80] = [0:0] cFreq2 = 0 Country Code = GB 
04-01 17:52:23.548   730   873 D LOWI-8.6.0.81: [LOWI-Scan] BSS 10:6f:3f:e9:b6:a8 (wlan0) ASSO: NO AddInfo: 0x0, TSF 0, 00:11:41.688, RSSI: -102, CPL: 127, AGE: 4,  SSID BUFFALO-E9B6A8, TSFDelta: 0x8506492d, TXRate: 0
04-01 17:52:23.548   730   873 D LOWI-8.6.0.81: [LOWI-Scan] 
04-01 17:52:23.548   730   873 D LOWI-8.6.0.81: [LOWI-Scan] print_bss_handler: Report Probe TSF 701688509 as it greater than Beacon TSF 0
04-01 17:52:23.548   730   873 D LOWI-8.6.0.81: [LOWI-Scan] BSS 00:a2:ee:0c:8f:47 LOWI_PHY_MODE_11NG_HT20(5), Beacon Interval: 102, LOWI_ENCRYPTION_TYPE_OPEN 11mcRanging: No, ANQP: No, LCI: No, Civic: No, capability(0x1431): ESS Privacy ShortPreamble ShortSlotTime
04-01 17:52:23.548   730   873 D LOWI-8.6.0.81: [LOWI-Scan] BSS 00:a2:ee:0c:8f:47 FREQ: 2462, cFreq1[40:80] = [0:0] cFreq2 = 0 Country Code = TW 
04-01 17:52:23.548   730   873 D LOWI-8.6.0.81: [LOWI-Scan] BSS 00:a2:ee:0c:8f:47 (wlan0) ASSO: NO AddInfo: 0x0, TSF 0, 00:11:41.688, RSSI: -100, CPL: 22, AGE: 4,  SSID KaiOS-OSU, TSFDelta: 0x8506492d, TXRate: 0
04-01 17:52:23.548   730   873 D LOWI-8.6.0.81: [LOWI-Scan] 
04-01 17:52:23.548   730   873 D LOWI-8.6.0.81: [LOWI-Scan] print_bss_handler: Report beacon TSF 701688584 as it greater than probe TSF 691599619
04-01 17:52:23.548   730   873 D LOWI-8.6.0.81: [LOWI-Scan] BSS 00:a6:ca:56:93:87 LOWI_PHY_MODE_11NG_HT20(5), Beacon Interval: 102, LOWI_ENCRYPTION_TYPE_OPEN 11mcRanging: No, ANQP: No, LCI: No, Civic: No, capability(0x1431): ESS Privacy ShortPreamble ShortSlotTime
04-01 17:52:23.548   730   873 D LOWI-8.6.0.81: [LOWI-Scan] BSS 00:a6:ca:56:93:87 FREQ: 2412, cFreq1[40:80] = [0:0] cFreq2 = 0 Country Code = TW 
04-01 17:52:23.548   730   873 D LOWI-8.6.0.81: [LOWI-Scan] BSS 00:a6:ca:56:93:87 (wlan0) ASSO: NO AddInfo: 0x1, TSF 0, 00:11:41.688, RSSI: -120, CPL: 22, AGE: 4,  SSID KaiOS-OSU, TSFDelta: 0x8506492d, TXRate: 0
04-01 17:52:23.548   730   873 D LOWI-8.6.0.81: [LOWI-Scan] 
04-01 17:52:23.548   730   873 D LOWI-8.6.0.81: [LOWI-Scan] print_bss_handler: Report Probe TSF 701688598 as it greater than Beacon TSF 0
04-01 17:52:23.548   730   873 D LOWI-8.6.0.81: [LOWI-Scan] BSS 00:a6:ca:56:93:85 LOWI_PHY_MODE_11NG_HT20(5), Beacon Interval: 102, LOWI_ENCRYPTION_TYPE_WPA_PSK 11mcRanging: No, ANQP: No, LCI: No, Civic: No, capability(0x1431): ESS Privacy ShortPreamble ShortSlotTime
04-01 17:52:23.548   730   873 D LOWI-8.6.0.81: [LOWI-Scan] BSS 00:a6:ca:56:93:85 FREQ: 2412, cFreq1[40:80] = [0:0] cFreq2 = 0 Country Code = TW 
04-01 17:52:23.548   730   873 D LOWI-8.6.0.81: [LOWI-Scan] BSS 00:a6:ca:56:93:85 (wlan0) ASSO: NO AddInfo: 0x0, TSF 0, 00:11:41.688, RSSI: -120, CPL: 22, AGE: 4,  SSID Kaiostech-Guest, TSFDelta: 0x8506492d, TXRate: 0
04-01 17:52:23.548   730   873 D LOWI-8.6.0.81: [LOWI-Scan] 
04-01 17:52:23.548   730   873 D LOWI-8.6.0.81: [LOWI-Scan] print_bss_handler: Report Probe TSF 701688613 as it greater than Beacon TSF 0
