04-01 17:47:34.460   608  1624 I chatty  : uid=0(root) /data/local/service/api-daemon/api-daemon identical 1 line
04-01 17:47:34.460   608  1624 I common  : Checking event service #1 object #0 event #0 : false
04-01 17:47:34.475   607   607 I FocusManager: << focus() called >>
04-01 17:47:34.475   607   607 I FocusManager:    trying to set focus on, tag: browser, id: systemapp, class: 
04-01 17:47:34.475   607   607 I FocusManager: Warning: element is already focused.
04-01 17:47:34.507   500   545 D audio_hw_primary: adev_get_parameters:fm_status
04-01 17:47:34.507   500   545 D audio_hw_spkr_prot: audio_extn_fbsp_get_parameters: Speaker protection disabled
04-01 17:47:34.507   500   545 D soundtrigger: audio_extn_sound_trigger_get_parameters input string<fm_status=>
04-01 17:47:34.507   500   545 D soundtrigger: extract_sm_handle input string <fm_status=> param string <fm_status=>
04-01 17:47:34.507   500   545 D audio_hw_extn: audio_extn_get_parameters: returns fm_status=0
04-01 17:47:34.507   500   545 D audio_hw_primary: adev_get_parameters: exit: returns - fm_status=0
04-01 17:47:34.510   608  1625 I common  : Checking event service #1 object #0 event #0 : false
04-01 17:47:34.511   608  1625 I common  : Checking event service #1 object #0 event #0 : false
04-01 17:47:34.511   608  1625 I common  : Checking event service #2 object #0 event #0 : false
04-01 17:47:34.511   608  1625 I common  : Checking event service #1 object #0 event #0 : false
04-01 17:47:34.511   608  1625 I chatty  : uid=0(root) /data/local/service/api-daemon/api-daemon identical 1 line
04-01 17:47:34.511   608  1625 I common  : Checking event service #1 object #0 event #0 : false
04-01 17:47:34.573   607   607 E GeckoConsole: [JavaScript Error: "uncaught exception: undefined"]
04-01 17:47:35.439   513   872 E WifiHAL : Invalid data received from driver
04-01 17:47:35.926   513   872 I chatty  : uid=1010 wifi@1.0-servic identical 7 lines
04-01 17:47:35.926   513   872 E WifiHAL : Invalid data received from driver
04-01 17:47:36.624   607   607 I Gecko   : console.log: "sendKeyEvent" "keydown" "AudioVolumeDown"
04-01 17:47:36.625   607   607 I GeckoConsole: Content JS LOG: 
04-01 17:47:36.627   428   428 I Gecko   : [Event] event type: keydown, key: AudioVolumeDown, target: [object HTMLDivElement], id: views-player, class: view
04-01 17:47:36.633   607   607 I GeckoDump: [system] [HardwareButtons] event type: keydown, key: AudioVolumeDown, target: [object XULFrameElement], src: http://music.localhost/index.html, activeElement nodeName: browser, class: 
04-01 17:47:36.636   607   607 I GeckoDump: [system] [KeypadBacklightManager]set keyLightEnabled = true, keyLightBrightness = 50
04-01 17:47:36.638   607   607 I GeckoDump: [system] [HierarchyManager][1616492316.324] getting top most...,AppWindowManager
04-01 17:47:36.775   607   607 I Gecko   : console.log: "sendKeyEvent" "keyup" "AudioVolumeDown"
04-01 17:47:36.776   607   607 I GeckoConsole: Content JS LOG: 
04-01 17:47:36.778   428   428 I Gecko   : [Event] event type: keyup, key: AudioVolumeDown, target: [object HTMLDivElement], id: views-player, class: view
04-01 17:47:36.783   607   607 I GeckoDump: [system] [HardwareButtons] event type: keyup, key: AudioVolumeDown, target: [object XULFrameElement], src: http://music.localhost/index.html, activeElement nodeName: browser, class: 
04-01 17:47:36.785   607   607 I GeckoDump: [system] [HierarchyManager][1616492316.471] getting top most...,AppWindowManager
04-01 17:47:36.789   608  1632 I common  : Checking event service #1 object #0 event #0 : false
04-01 17:47:36.790   608  1632 I common  : Checking event service #1 object #0 event #0 : false
04-01 17:47:36.790   608  1632 I common  : Checking event service #2 object #0 event #0 : false
04-01 17:47:36.790   608  1632 I common  : Checking event service #1 object #0 event #0 : false
04-01 17:47:36.790   608  1632 I chatty  : uid=0(root) /data/local/service/api-daemon/api-daemon identical 1 line
04-01 17:47:36.790   608  1632 I common  : Checking event service #1 object #0 event #0 : false
04-01 17:47:36.819   607   607 I FocusManager: << focus() called >>
04-01 17:47:36.819   607   607 I FocusManager:    trying to set focus on, tag: browser, id: systemapp, class: 
04-01 17:47:36.819   607   607 I FocusManager: Warning: element is already focused.
04-01 17:47:36.933   513   872 E WifiHAL : Invalid data received from driver
04-01 17:47:38.385   513   872 I chatty  : uid=1010 wifi@1.0-servic identical 3 lines
04-01 17:47:38.438   513   872 E WifiHAL : Invalid data received from driver
04-01 17:47:38.940   607   607 I Gecko   : console.log: "sendKeyEvent" "keydown" "AudioVolumeDown"
04-01 17:47:38.941   607   607 I GeckoConsole: Content JS LOG: 
04-01 17:47:38.943   428   428 I Gecko   : [Event] event type: keydown, key: AudioVolumeDown, target: [object HTMLDivElement], id: views-player, class: view
04-01 17:47:38.948   607   607 I GeckoDump: [system] [HardwareButtons] event type: keydown, key: AudioVolumeDown, target: [object XULFrameElement], src: http://music.localhost/index.html, activeElement nodeName: browser, class: 
04-01 17:47:38.950   607   607 I GeckoDump: [system] [KeypadBacklightManager]set keyLightEnabled = true, keyLightBrightness = 50
04-01 17:47:38.952   607   607 I GeckoDump: [system] [HierarchyManager][1616492318.638] getting top most...,AppWindowManager
04-01 17:47:38.983   513   872 E WifiHAL : Invalid data received from driver
04-01 17:47:38.984   513   872 I chatty  : uid=1010 wifi@1.0-servic identical 1 line
04-01 17:47:38.984   513   872 E WifiHAL : Invalid data received from driver
04-01 17:47:39.089   607   607 I Gecko   : console.log: "sendKeyEvent" "keyup" "AudioVolumeDown"
04-01 17:47:39.090   607   607 I GeckoConsole: Content JS LOG: 
04-01 17:47:39.092   428   428 I Gecko   : [Event] event type: keyup, key: AudioVolumeDown, target: [object HTMLDivElement], id: views-player, class: view
04-01 17:47:39.096   607   607 I GeckoDump: [system] [HardwareButtons] event type: keyup, key: AudioVolumeDown, target: [object XULFrameElement], src: http://music.localhost/index.html, activeElement nodeName: browser, class: 
04-01 17:47:39.098   607   607 I GeckoDump: [system] [HierarchyManager][1616492318.784] getting top most...,AppWindowManager
04-01 17:47:39.102   608  1633 I common  : Checking event service #1 object #0 event #0 : false
04-01 17:47:39.102   608  1633 I common  : Checking event service #1 object #0 event #0 : false
04-01 17:47:39.102   608  1633 I common  : Checking event service #2 object #0 event #0 : false
04-01 17:47:39.102   608  1633 I common  : Checking event service #1 object #0 event #0 : false
04-01 17:47:39.102   608  1633 I chatty  : uid=0(root) /data/local/service/api-daemon/api-daemon identical 1 line
04-01 17:47:39.102   608  1633 I common  : Checking event service #1 object #0 event #0 : false
04-01 17:47:39.114   607   607 I FocusManager: << focus() called >>
04-01 17:47:39.114   607   607 I FocusManager:    trying to set focus on, tag: browser, id: systemapp, class: 
04-01 17:47:39.115   607   607 I FocusManager: Warning: element is already focused.
04-01 17:47:40.929   513   872 E WifiHAL : Invalid data received from driver
04-01 17:47:40.929   513   872 I chatty  : uid=1010 wifi@1.0-servic identical 2 lines
04-01 17:47:40.929   513   872 E WifiHAL : Invalid data received from driver
04-01 17:47:41.256   607   607 I Gecko   : console.log: "sendKeyEvent" "keydown" "AudioVolumeDown"
04-01 17:47:41.257   607   607 I GeckoConsole: Content JS LOG: 
04-01 17:47:41.259   428   428 I Gecko   : [Event] event type: keydown, key: AudioVolumeDown, target: [object HTMLDivElement], id: views-player, class: view
04-01 17:47:41.264   607   607 I GeckoDump: [system] [HardwareButtons] event type: keydown, key: AudioVolumeDown, target: [object XULFrameElement], src: http://music.localhost/index.html, activeElement nodeName: browser, class: 
04-01 17:47:41.267   607   607 I GeckoDump: [system] [KeypadBacklightManager]set keyLightEnabled = true, keyLightBrightness = 50
04-01 17:47:41.269   607   607 I GeckoDump: [system] [HierarchyManager][1616492320.954] getting top most...,AppWindowManager
04-01 17:47:41.336   608  1053 E telemetry: error recv from sock Sys(EAGAIN)
04-01 17:47:41.404   607   607 I Gecko   : console.log: "sendKeyEvent" "keyup" "AudioVolumeDown"
04-01 17:47:41.404   607   607 I GeckoConsole: Content JS LOG: 
04-01 17:47:41.406   428   428 I Gecko   : [Event] event type: keyup, key: AudioVolumeDown, target: [object HTMLDivElement], id: views-player, class: view
04-01 17:47:41.410   607   607 I GeckoDump: [system] [HardwareButtons] event type: keyup, key: AudioVolumeDown, target: [object XULFrameElement], src: http://music.localhost/index.html, activeElement nodeName: browser, class: 
04-01 17:47:41.413   607   607 I GeckoDump: [system] [HierarchyManager][1616492321.099] getting top most...,AppWindowManager
04-01 17:47:41.418   608  1637 I common  : Checking event service #1 object #0 event #0 : false
04-01 17:47:41.418   608  1637 I common  : Checking event service #1 object #0 event #0 : false
04-01 17:47:41.418   608  1637 I common  : Checking event service #2 object #0 event #0 : false
04-01 17:47:41.418   608  1637 I common  : Checking event service #1 object #0 event #0 : false
04-01 17:47:41.418   608  1637 I chatty  : uid=0(root) /data/local/service/api-daemon/api-daemon identical 1 line
04-01 17:47:41.418   608  1637 I common  : Checking event service #1 object #0 event #0 : false
04-01 17:47:41.431   607   607 I FocusManager: << focus() called >>
04-01 17:47:41.431   607   607 I FocusManager:    trying to set focus on, tag: browser, id: systemapp, class: 
04-01 17:47:41.431   607   607 I FocusManager: Warning: element is already focused.
04-01 17:47:41.450   513   872 E WifiHAL : Invalid data received from driver
04-01 17:47:41.950   513   872 E WifiHAL : Invalid data received from driver
04-01 17:47:42.175   428  1612 D         : PlayerBase::pause() from IPlayer
04-01 17:47:42.176   428  1604 D AudioTrack: stop(39): called with 492032 frames delivered
04-01 17:47:42.184   428  1604 D         : TrackPlayerBase::~TrackPlayerBase()
04-01 17:47:42.184   428  1604 D         : PlayerBase::~PlayerBase()
04-01 17:47:42.190   428   428 I Gecko   : WebViewChild: 
04-01 17:47:42.191   428   428 I Gecko   : Got metaChanged: (og:kaios:softkeyinfo) SoftLeft: Library, Enter: icon=play, SoftRight: Options 
04-01 17:47:42.191   428   428 I Gecko   : 
04-01 17:47:42.193   607   607 I GeckoDump: [system] [AppWindow][Music][AppWindow_9][1616492321.879]  Handling mozbrowsermetachange event...
04-01 17:47:42.195   607   607 I GeckoDump: [system] [HierarchyManager][1616492321.880] getting top most...,AppWindowManager
04-01 17:47:42.226   608  1060 I actix_web::middleware..: "GET /style/images/albumart_03.jpg HTTP/1.1" music.localhost 304 0 2.427917
04-01 17:47:42.239   607   607 I Gecko   : -*- ContentPermissionPrompt: prompt request.types[0]: device-storage:music:read http://music.localhost
04-01 17:47:42.239   607   607 I Gecko   : -*- ContentPermissionPrompt: all permissions in the request are allowed.
04-01 17:47:42.252   428   428 I Gecko   : WebViewChild: 
04-01 17:47:42.252   428   428 I Gecko   : Got metaChanged: (og:kaios:softkeyinfo) SoftLeft: Library, Enter: icon=pause, SoftRight: Options 
04-01 17:47:42.252   428   428 I Gecko   : 
04-01 17:47:42.254   607   607 I GeckoDump: [system] [AppWindow][Music][AppWindow_9][1616492321.940]  Handling mozbrowsermetachange event...
04-01 17:47:42.256   607   607 I GeckoDump: [system] [HierarchyManager][1616492321.941] getting top most...,AppWindowManager
04-01 17:47:42.257   513   872 E WifiHAL : Invalid data received from driver
04-01 17:47:42.278   608  1060 I actix_web::middleware..: "GET /style/images/albumart_03.jpg HTTP/1.1" music.localhost 304 0 1.467084
04-01 17:47:42.286   428   428 E /system/b2g/b2g: Failed to get IAshmemDeviceService.
04-01 17:47:42.309   607   607 I GeckoBluetooth: SendMetaData: title: New Recording_8, duration: 10260
04-01 17:47:42.333   428  1638 D         : PlayerBase::PlayerBase()
04-01 17:47:42.333   428  1638 E         : PlayerBase(): binding to audio service failed, service up?
04-01 17:47:42.333   428  1638 D         : TrackPlayerBase::TrackPlayerBase()
04-01 17:47:42.334   428  1638 I libOpenSLES: Emulating old channel mask behavior (ignoring positional mask 0x3, using default mask 0x3 based on channel count of 2)
04-01 17:47:42.335   520   836 W ServiceUtilities: retreivePackageManager: failed to retrieve native package manager
04-01 17:47:42.335   520   893 W AudioFlinger: no wake lock to update, system not ready yet
04-01 17:47:42.335   520   836 W ServiceUtilities: doIsAllowed: Playback capture is denied as package manager is not reachable
04-01 17:47:42.335   520   893 W BatteryNotifier: batterystats service unavailable!
04-01 17:47:42.335   500   542 D audio_hw_primary: adev_get_parameters:vr_audio_mode_on
04-01 17:47:42.335   500   542 I audio_hw_primary: getting vr mode to 0
04-01 17:47:42.335   500   542 D audio_hw_primary: adev_get_parameters: exit: returns - vr_audio_mode_on=false
04-01 17:47:42.336   520   836 I AudioPolicyManagerCustom: VR mode is 0, switch to primary output if request is for fast|raw
04-01 17:47:42.337   520   810 W AudioFlinger: moveEffectChain_l() effect chain for session 0 not on source thread 0xabf6a580
04-01 17:47:42.338   520   836 D AudioFlinger: Client defaulted notificationFrames to 1922 for frameCount 3844
04-01 17:47:42.339   520   836 D AF::TrackHandle: OpPlayAudio: track:65 usage:1 not muted
04-01 17:47:42.340   428  1638 E         : AudioPlayer realize: no audio service, player will not be registered
04-01 17:47:42.340   428  1638 E libOpenSLES: Configuration error: unknown key
04-01 17:47:42.340   428  1638 W libOpenSLES: Leaving AndroidConfiguration::GetConfiguration (SL_RESULT_PARAMETER_INVALID)
04-01 17:47:42.341   520   810 W AudioFlinger: moveEffectChain_l() effect chain for session 0 not on source thread 0xaf7a0cc0
04-01 17:47:42.343   520   893 W AudioFlinger: no wake lock to update, system not ready yet
04-01 17:47:42.343   520   893 W BatteryNotifier: batterystats service unavailable!
04-01 17:47:42.430   627   627 W vm_bms  : type=1400 audit(0.0:341): avc: denied { read } for name="u:object_r:default_prop:s0" dev="tmpfs" ino=6245 scontext=u:r:vm_bms:s0 tcontext=u:object_r:default_prop:s0 tclass=file permissive=0
04-01 17:47:42.430   627   627 I chatty  : uid=0(root) /vendor/bin/vm_bms identical 2 lines
04-01 17:47:42.434   627   627 W vm_bms  : type=1400 audit(0.0:344): avc: denied { read } for name="u:object_r:default_prop:s0" dev="tmpfs" ino=6245 scontext=u:r:vm_bms:s0 tcontext=u:object_r:default_prop:s0 tclass=file permissive=0
04-01 17:47:42.434   627   627 E libc    : Access denied finding property "vbms.log.enable"
04-01 17:47:42.443   627   627 I chatty  : uid=0(root) /vendor/bin/vm_bms identical 27 lines
04-01 17:47:42.443   627   627 E libc    : Access denied finding property "vbms.log.enable"
04-01 17:47:42.437   627   627 W vm_bms  : type=1400 audit(0.0:345): avc: denied { read } for name="u:object_r:default_prop:s0" dev="tmpfs" ino=6245 scontext=u:r:vm_bms:s0 tcontext=u:object_r:default_prop:s0 tclass=file permissive=0
04-01 17:47:42.443   627   627 E libc    : Access denied finding property "vbms.log.enable"
04-01 17:47:42.443   627   627 I chatty  : uid=0(root) /vendor/bin/vm_bms identical 8 lines
04-01 17:47:42.444   627   627 E libc    : Access denied finding property "vbms.log.enable"
04-01 17:47:42.444   627   627 I VM_BMS  : power_supply_update: ocv_uv=4317339 ibatt=-242843 soc=99 seq_num=8
04-01 17:47:42.445   627   627 E libc    : Access denied finding property "vbms.log.enable"
04-01 17:47:42.445   627   627 E libc    : Access denied finding property "vbms.log.enable"
04-01 17:47:42.489   513   872 E WifiHAL : Invalid data received from driver
04-01 17:47:42.677   607   607 I Gecko   : -*- WifiWorker component: startDelayScan: manager.state=COMPLETED screenOn=true
04-01 17:47:42.678   607   607 I Gecko   : -*- WifiWorker component: start delay scan with age=20002 full scan interval=30000 maxinterval=300000
04-01 17:47:42.708   513   872 E WifiHAL : Invalid data received from driver
04-01 17:47:42.738   607   607 I Gecko   : -*- WifiWorker component: Traffic state: txSuccessDelta=9, rxSuccessDelta=42, timeMsDelta=19947, lastSampleWeight=0.00130
04-01 17:47:42.738   607   607 I Gecko   : -*- WifiWorker component: Traffic state: txSuccessRate=0.45, rxSuccessRate=2.10, trafficOverThreshold=false
04-01 17:47:42.742   513   872 E WifiHAL : Invalid data received from driver
04-01 17:47:42.743   877   877 D wpa_supplicant: nl80211: Drv Event 33 (NL80211_CMD_TRIGGER_SCAN) received for wlan0
04-01 17:47:42.743   877   877 D wpa_supplicant: wlan0: nl80211: Scan trigger
04-01 17:47:42.743   877   877 D wpa_supplicant: wlan0: Event SCAN_STARTED (47) received
04-01 17:47:42.743   877   877 D wpa_supplicant: wlan0: External program started a scan
04-01 17:47:42.743   513   872 E WifiHAL : Invalid data received from driver
04-01 17:47:42.743   513   872 E WifiHAL : Invalid data received from driver
04-01 17:47:42.743   730   873 D LOWI-8.6.0.81: [LOWI-Scan] wait_event:Wait done with Cmd 33
04-01 17:47:42.743   730   873 D LOWI-8.6.0.81: [LOWI-Scan] do_listen_events: Rcvd valid Netlink Cmd 0 Err 0
04-01 17:47:42.744   513   872 V WifiHAL : event received NL80211_CMD_TRIGGER_SCAN
04-01 17:47:42.808   513   872 E WifiHAL : Invalid data received from driver
04-01 17:47:42.853   513   872 I chatty  : uid=1010 wifi@1.0-servic identical 4 lines
04-01 17:47:42.853   513   872 E WifiHAL : Invalid data received from driver
04-01 17:47:42.854   877   877 D wpa_supplicant: nl80211: Drv Event 34 (NL80211_CMD_NEW_SCAN_RESULTS) received for wlan0
04-01 17:47:42.854   877   877 D wpa_supplicant: wlan0: nl80211: New scan results available
04-01 17:47:42.854   877   877 D wpa_supplicant: nl80211: Scan included frequencies: 2432
04-01 17:47:42.854   877   877 D wpa_supplicant: wlan0: Event SCAN_RESULTS (3) received
04-01 17:47:42.855   877   877 D wpa_supplicant: nl80211: Received scan results (26 BSSes)
04-01 17:47:42.855   607   607 I Gecko   : -*- WifiWorker component: Event coming: [wlan0] SCAN_RESULT_READY
04-01 17:47:42.855   607   607 I Gecko   : -*- WifiWorker component: Notifying of scan results available
04-01 17:47:42.855   877   877 D wpa_supplicant: nl80211: Scan results indicate BSS status with a8:5e:45:09:37:70 as associated
04-01 17:47:42.855   877   877 D wpa_supplicant: wlan0: BSS: Start scan result update 8
04-01 17:47:42.856   877   877 D wpa_supplicant: BSS: last_scan_res_used=26/32
04-01 17:47:42.856   877   877 D wpa_supplicant: wlan0: New scan results available (own=0 ext=1)
04-01 17:47:42.856   877   877 D wpa_supplicant: wlan0: Do not use results from externally requested scan operation for network selection
04-01 17:47:42.856   730   873 D LOWI-8.6.0.81: [LOWI-Scan] wait_event:Wait done with Cmd 34
04-01 17:47:42.856   730   873 D LOWI-8.6.0.81: [LOWI-Scan] do_listen_events: Rcvd valid Netlink Cmd 34 Err 0
04-01 17:47:42.857   730   873 D LOWI-8.6.0.81: [LOWI-Scan]  -- associated
04-01 17:47:42.857   730   873 D LOWI-8.6.0.81: [LOWI-Scan] 
04-01 17:47:42.857   730   873 D LOWI-8.6.0.81: [LOWI-Scan] print_bss_handler: Report Probe TSF 420997719 as it greater than Beacon TSF 0
04-01 17:47:42.857   730   873 D LOWI-8.6.0.81: [LOWI-Scan]  No Secondary channel present
04-01 17:47:42.857   730   873 D LOWI-8.6.0.81: [LOWI-Scan] BSS a8:5e:45:09:37:70 LOWI_PHY_MODE_11NG_HT20(5), Beacon Interval: 100, LOWI_ENCRYPTION_TYPE_WPA_PSK 11mcRanging: No, ANQP: No, LCI: No, Civic: No, capability(0x0c11): ESS Privacy ShortSlotTime APSD
04-01 17:47:42.857   730   873 D LOWI-8.6.0.81: [LOWI-Scan] BSS a8:5e:45:09:37:70 FREQ: 2432, cFreq1[40:80] = [2432:0] cFreq2 = 0 Country Code = US 
04-01 17:47:42.857   730   873 D LOWI-8.6.0.81: [LOWI-Scan] BSS a8:5e:45:09:37:70 (wlan0) ASSO: YES AddInfo: 0x0, TSF 0, 00:07:00.997, RSSI: -70, CPL: 127, AGE: 0,  SSID QA-Lab, TSFDelta: 0x8506492d, TXRate: 0
04-01 17:47:42.857   730   873 D LOWI-8.6.0.81: [LOWI-Scan] 
04-01 17:47:42.857   730   873 D LOWI-8.6.0.81: [LOWI-Scan] print_bss_handler: Report Probe TSF 420997784 as it greater than Beacon TSF 385932506
04-01 17:47:42.857   730   873 D LOWI-8.6.0.81: [LOWI-Scan] BSS 10:0c:6b:9a:d8:d8 LOWI_PHY_MODE_11AC_VHT40_2G(12), Beacon Interval: 100, LOWI_ENCRYPTION_TYPE_WPA_PSK 11mcRanging: No, ANQP: Yes, LCI: No, Civic: No, capability(0x1411): ESS Privacy ShortSlotTime
04-01 17:47:42.857   730   873 D LOWI-8.6.0.81: [LOWI-Scan] BSS 10:0c:6b:9a:d8:d8 FREQ: 2432, cFreq1[40:80] = [2422:0] cFreq2 = 0 Country Code = US 
04-01 17:47:42.857   730   873 D LOWI-8.6.0.81: [LOWI-Scan] BSS 10:0c:6b:9a:d8:d8 (wlan0) ASSO: NO AddInfo: 0x0, TSF 0, 00:07:00.997, RSSI: -78, CPL: 127, AGE: 4,  SSID 55667788, TSFDelta: 0x8506492d, TXRate: 0
04-01 17:47:42.857   730   873 D LOWI-8.6.0.81: [LOWI-Scan] 
04-01 17:47:42.857   730   873 D LOWI-8.6.0.81: [LOWI-Scan] print_bss_handler: Report beacon TSF 420997802 as it greater than probe TSF 389994680
04-01 17:47:42.857   730   873 D LOWI-8.6.0.81: [LOWI-Scan] BSS 40:9b:cd:9d:c8:2c LOWI_PHY_MODE_11NG_HT20(5), Beacon Interval: 100, LOWI_ENCRYPTION_TYPE_WPA_PSK 11mcRanging: No, ANQP: No, LCI: No, Civic: No, capability(0x0431): ESS Privacy ShortPreamble ShortSlotTime
04-01 17:47:42.857   730   873 D LOWI-8.6.0.81: [LOWI-Scan] BSS 40:9b:cd:9d:c8:2c FREQ: 2412, cFreq1[40:80] = [0:0] cFreq2 = 0 Country Code = TW 
04-01 17:47:42.857   730   873 D LOWI-8.6.0.81: [LOWI-Scan] BSS 40:9b:cd:9d:c8:2c (wlan0) ASSO: NO AddInfo: 0x1, TSF 0, 00:07:00.997, RSSI: -84, CPL: 127, AGE: 4,  SSID dlink-C82C, TSFDelta: 0x8506492d, TXRate: 0
04-01 17:47:42.857   730   873 D LOWI-8.6.0.81: [LOWI-Scan] 
04-01 17:47:42.857   730   873 D LOWI-8.6.0.81: [LOWI-Scan] print_bss_handler: Report Probe TSF 420997819 as it greater than Beacon TSF 0
04-01 17:47:42.857   730   873 D LOWI-8.6.0.81: [LOWI-Scan] BSS 00:a6:ca:56:93:b7 LOWI_PHY_MODE_11NG_HT20(5), Beacon Interval: 102, LOWI_ENCRYPTION_TYPE_OPEN 11mcRanging: No, ANQP: No, LCI: No, Civic: No, capability(0x1431): ESS Privacy ShortPreamble ShortSlotTime
04-01 17:47:42.857   730   873 D LOWI-8.6.0.81: [LOWI-Scan] BSS 00:a6:ca:56:93:b7 FREQ: 2437, cFreq1[40:80] = [0:0] cFreq2 = 0 Country Code = TW 
04-01 17:47:42.858   730   873 D LOWI-8.6.0.81: [LOWI-Scan] BSS 00:a6:ca:56:93:b7 (wlan0) ASSO: NO AddInfo: 0x0, TSF 0, 00:07:00.997, RSSI: -88, CPL: 22, AGE: 4,  SSID KaiOS-OSU, TSFDelta: 0x8506492d, TXRate: 0
04-01 17:47:42.858   730   873 D LOWI-8.6.0.81: [LOWI-Scan] 
04-01 17:47:42.858   730   873 D LOWI-8.6.0.81: [LOWI-Scan] print_bss_handler: Report Probe TSF 420997833 as it greater than Beacon TSF 0
04-01 17:47:42.858   730   873 D LOWI-8.6.0.81: [LOWI-Scan] BSS 00:a6:ca:56:93:b5 LOWI_PHY_MODE_11NG_HT20(5), Beacon Interval: 102, LOWI_ENCRYPTION_TYPE_WPA_PSK 11mcRanging: No, ANQP: No, LCI: No, Civic: No, capability(0x1431): ESS Privacy ShortPreamble ShortSlotTime
04-01 17:47:42.858   730   873 D LOWI-8.6.0.81: [LOWI-Scan] BSS 00:a6:ca:56:93:b5 FREQ: 2437, cFreq1[40:80] = [0:0] cFreq2 = 0 Country Code = TW 
04-01 17:47:42.858   730   873 D LOWI-8.6.0.81: [LOWI-Scan] BSS 00:a6:ca:56:93:b5 (wlan0) ASSO: NO AddInfo: 0x0, TSF 0, 00:07:00.997, RSSI: -88, CPL: 22, AGE: 4,  SSID Kaiostech-Guest, TSFDelta: 0x8506492d, TXRate: 0
04-01 17:47:42.858   730   873 D LOWI-8.6.0.81: [LOWI-Scan] 
04-01 17:47:42.858   730   873 D LOWI-8.6.0.81: [LOWI-Scan] print_bss_handler: Report Probe TSF 420997849 as it greater than Beacon TSF 385932570
04-01 17:47:42.858   730   873 D LOWI-8.6.0.81: [LOWI-Scan] BSS 00:a6:ca:56:93:b4 LOWI_PHY_MODE_11NG_HT20(5), Beacon Interval: 102, LOWI_ENCRYPTION_TYPE_WPA_PSK 11mcRanging: No, ANQP: No, LCI: No, Civic: No, capability(0x1431): ESS Privacy ShortPreamble ShortSlotTime
04-01 17:47:42.858   730   873 D LOWI-8.6.0.81: [LOWI-Scan] BSS 00:a6:ca:56:93:b4 FREQ: 2437, cFreq1[40:80] = [0:0] cFreq2 = 0 Country Code = TW 
04-01 17:47:42.858   730   873 D LOWI-8.6.0.81: [LOWI-Scan] BSS 00:a6:ca:56:93:b4 (wlan0) ASSO: NO AddInfo: 0x0, TSF 0, 00:07:00.997, RSSI: -88, CPL: 22, AGE: 4,  SSID KaiOS-QL, TSFDelta: 0x8506492d, TXRate: 0
04-01 17:47:42.858   730   873 D LOWI-8.6.0.81: [LOWI-Scan] 
04-01 17:47:42.858   730   873 D LOWI-8.6.0.81: [LOWI-Scan] print_bss_handler: Report Probe TSF 420997863 as it greater than Beacon TSF 356461521
04-01 17:47:42.858   730   873 D LOWI-8.6.0.81: [LOWI-Scan] BSS 00:a6:ca:56:93:b3 LOWI_PHY_MODE_11NG_HT20(5), Beacon Interval: 102, LOWI_ENCRYPTION_TYPE_WPA_EAP 11mcRanging: No, ANQP: Yes, LCI: No, Civic: No, capability(0x1431): ESS Privacy ShortPreamble ShortSlotTime
04-01 17:47:42.858   730   873 D LOWI-8.6.0.81: [LOWI-Scan] BSS 00:a6:ca:56:93:b3 FREQ: 2437, cFreq1[40:80] = [0:0] cFreq2 = 0 Country Code = TW 
04-01 17:47:42.858   730   873 D LOWI-8.6.0.81: [LOWI-Scan] BSS 00:a6:ca:56:93:b3 (wlan0) ASSO: NO AddInfo: 0x0, TSF 0, 00:07:00.997, RSSI: -86, CPL: 22, AGE: 4,  SSID KaiOS EAP-SIM TTLS, TSFDelta: 0x8506492d, TXRate: 0
04-01 17:47:42.858   730   873 D LOWI-8.6.0.81: [LOWI-Scan] 
04-01 17:47:42.858   730   873 D LOWI-8.6.0.81: [LOWI-Scan] print_bss_handler: Report Probe TSF 420997939 as it greater than Beacon TSF 0
04-01 17:47:42.858   730   873 D LOWI-8.6.0.81: [LOWI-Scan] BSS 10:6f:3f:e9:b6:a8 LOWI_PHY_MODE_11NG_HT20(5), Beacon Interval: 100, LOWI_ENCRYPTION_TYPE_WPA_PSK 11mcRanging: No, ANQP: No, LCI: No, Civic: No, capability(0x0411): ESS Privacy ShortSlotTime
04-01 17:47:42.858   730   873 D LOWI-8.6.0.81: [LOWI-Scan] BSS 10:6f:3f:e9:b6:a8 FREQ: 2462, cFreq1[40:80] = [0:0] cFreq2 = 0 Country Code = GB 
04-01 17:47:42.858   730   873 D LOWI-8.6.0.81: [LOWI-Scan] BSS 10:6f:3f:e9:b6:a8 (wlan0) ASSO: NO AddInfo: 0x0, TSF 0, 00:07:00.997, RSSI: -102, CPL: 127, AGE: 4,  SSID BUFFALO-E9B6A8, TSFDelta: 0x8506492d, TXRate: 0
04-01 17:47:42.858   730   873 D LOWI-8.6.0.81: [LOWI-Scan] 
04-01 17:47:42.858   730   873 D LOWI-8.6.0.81: [LOWI-Scan] print_bss_handler: Report Probe TSF 420997878 as it greater than Beacon TSF 0
04-01 17:47:42.858   730   873 D LOWI-8.6.0.81: [LOWI-Scan] BSS 00:a2:ee:0c:8f:47 LOWI_PHY_MODE_11NG_HT20(5), Beacon Interval: 102, LOWI_ENCRYPTION_TYPE_OPEN 11mcRanging: No, ANQP: No, LCI: No, Civic: No, capability(0x1431): ESS Privacy ShortPreamble ShortSlotTime
04-01 17:47:42.858   730   873 D LOWI-8.6.0.81: [LOWI-Scan] BSS 00:a2:ee:0c:8f:47 FREQ: 2462, cFreq1[40:80] = [0:0] cFreq2 = 0 Country Code = TW 
04-01 17:47:42.858   730   873 D LOWI-8.6.0.81: [LOWI-Scan] BSS 00:a2:ee:0c:8f:47 (wlan0) ASSO: NO AddInfo: 0x0, TSF 0, 00:07:00.997, RSSI: -102, CPL: 22, AGE: 4,  SSID KaiOS-OSU, TSFDelta: 0x8506492d, TXRate: 0
04-01 17:47:42.859   730   873 D LOWI-8.6.0.81: [LOWI-Scan] 
04-01 17:47:42.859   730   873 D LOWI-8.6.0.81: [LOWI-Scan] print_bss_handler: Report Probe TSF 420997954 as it greater than Beacon TSF 0
04-01 17:47:42.859   730   873 D LOWI-8.6.0.81: [LOWI-Scan] BSS 00:a6:ca:56:93:87 LOWI_PHY_MODE_11NG_HT20(5), Beacon Interval: 102, LOWI_ENCRYPTION_TYPE_OPEN 11mcRanging: No, ANQP: No, LCI: No, Civic: No, capability(0x1431): ESS Privacy ShortPreamble ShortSlotTime
04-01 17:47:42.859   730   873 D LOWI-8.6.0.81: [LOWI-Scan] BSS 00:a6:ca:56:93:87 FREQ: 2412, cFreq1[40:80] = [0:0] cFreq2 = 0 Country Code = TW 
04-01 17:47:42.859   730   873 D LOWI-8.6.0.81: [LOWI-Scan] BSS 00:a6:ca:56:93:87 (wlan0) ASSO: NO AddInfo: 0x0, TSF 0, 00:07:00.997, RSSI: -114, CPL: 22, AGE: 4,  SSID KaiOS-OSU, TSFDelta: 0x8506492d, TXRate: 0
04-01 17:47:42.859   730   873 D LOWI-8.6.0.81: [LOWI-Scan] 
04-01 17:47:42.859   730   873 D LOWI-8.6.0.81: [LOWI-Scan] print_bss_handler: Report Probe TSF 420998001 as it greater than Beacon TSF 0
04-01 17:47:42.859   730   873 D LOWI-8.6.0.81: [LOWI-Scan] BSS 00:a6:ca:56:93:85 LOWI_PHY_MODE_11NG_HT20(5), Beacon Interval: 102, LOWI_ENCRYPTION_TYPE_WPA_PSK 11mcRanging: No, ANQP: No, LCI: No, Civic: No, capability(0x1431): ESS Privacy ShortPreamble ShortSlotTime
04-01 17:47:42.859   730   873 D LOWI-8.6.0.81: [LOWI-Scan] BSS 00:a6:ca:56:93:85 FREQ: 2412, cFreq1[40:80] = [0:0] cFreq2 = 0 Country Code = TW 
04-01 17:47:42.859   730   873 D LOWI-8.6.0.81: [LOWI-Scan] BSS 00:a6:ca:56:93:85 (wlan0) ASSO: NO AddInfo: 0x0, TSF 0, 00:07:00.998, RSSI: -114, CPL: 22, AGE: 4,  SSID Kaiostech-Guest, TSFDelta: 0x8506492d, TXRate: 0
04-01 17:47:42.859   730   873 D LOWI-8.6.0.81: [LOWI-Scan] 
04-01 17:47:42.859   730   873 D LOWI-8.6.0.81: [LOWI-Scan] print_bss_handler: Report Probe TSF 420998017 as it greater than Beacon TSF 0
04-01 17:47:42.859   730   873 D LOWI-8.6.0.81: [LOWI-Scan] BSS 00:a6:ca:56:93:84 LOWI_PHY_MODE_11NG_HT20(5), Beacon Interval: 102, LOWI_ENCRYPTION_TYPE_WPA_PSK 11mcRanging: No, ANQP: No, LCI: No, Civic: No, capability(0x1431): ESS Privacy ShortPreamble ShortSlotTime
04-01 17:47:42.859   730   873 D LOWI-8.6.0.81: [LOWI-Scan] BSS 00:a6:ca:56:93:84 FREQ: 2412, cFreq1[40:80] = [0:0] cFreq2 = 0 Country Code = TW 
04-01 17:47:42.859   730   873 D LOWI-8.6.0.81: [LOWI-Scan] BSS 00:a6:ca:56:93:84 (wlan0) ASSO: NO AddInfo: 0x0, TSF 0, 00:07:00.998, RSSI: -114, CPL: 22, AGE: 4,  SSID KaiOS-QL, TSFDelta: 0x8506492d, TXRate: 0
04-01 17:47:42.859   730   873 D LOWI-8.6.0.81: [LOWI-Scan] 
04-01 17:47:42.859   730   873 D LOWI-8.6.0.81: [LOWI-Scan] print_bss_handler: Report Probe TSF 420998032 as it greater than Beacon TSF 0
04-01 17:47:42.859   730   873 D LOWI-8.6.0.81: [LOWI-Scan] BSS 00:a6:ca:56:93:83 LOWI_PHY_MODE_11NG_HT20(5), Beacon Interval: 102, LOWI_ENCRYPTION_TYPE_WPA_EAP 11mcRanging: No, ANQP: Yes, LCI: No, Civic: No, capability(0x1431): ESS Privacy ShortPreamble ShortSlotTime
04-01 17:47:42.859   730   873 D LOWI-8.6.0.81: [LOWI-Scan] BSS 00:a6:ca:56:93:83 FREQ: 2412, cFreq1[40:80] = [0:0] cFreq2 = 0 Country Code = TW 
04-01 17:47:42.859   730   873 D LOWI-8.6.0.81: [LOWI-Scan] BSS 00:a6:ca:56:93:83 (wlan0) ASSO: NO AddInfo: 0x0, TSF 0, 00:07:00.998, RSSI: -114, CPL: 22, AGE: 4,  SSID KaiOS EAP-SIM TTLS, TSFDelta: 0x8506492d, TXRate: 0
04-01 17:47:42.859   730   873 D LOWI-8.6.0.81: [LOWI-Scan] 
04-01 17:47:42.859   730   873 D LOWI-8.6.0.81: [LOWI-Scan] print_bss_handler: Report beacon TSF 420998066 as it greater than probe TSF 343509149
04-01 17:47:42.859   730   873 D LOWI-8.6.0.81: [LOWI-Scan] BSS 6c:3b:6b:9b:f8:16 LOWI_PHY_MODE_11NG_HT20(5), Beacon Interval: 100, LOWI_ENCRYPTION_TYPE_WPA_PSK 11mcRanging: No, ANQP: No, LCI: No, Civic: No, capability(0x0431): ESS Privacy ShortPreamble ShortSlotTime
04-01 17:47:42.859   730   873 D LOWI-8.6.0.81: [LOWI-Scan] BSS 6c:3b:6b:9b:f8:16 FREQ: 2422, cFreq1[40:80] = [0:0] cFreq2 = 0 Country Code =    
04-01 17:47:42.859   730   873 D LOWI-8.6.0.81: [LOWI-Scan] BSS 6c:3b:6b:9b:f8:16 (wlan0) ASSO: NO AddInfo: 0x1, TSF 0, 00:07:00.998, RSSI: -128, CPL: 127, AGE: 4,  SSID WM-GFC, TSFDelta: 0x8506492d, TXRate: 0
04-01 17:47:42.859   730   873 D LOWI-8.6.0.81: [LOWI-Scan] 
04-01 17:47:42.860   730   873 D LOWI-8.6.0.81: [LOWI-Scan] print_bss_handler: Report beacon TSF 420998113 as it greater than probe TSF 401801366
04-01 17:47:42.860   730   873 D LOWI-8.6.0.81: [LOWI-Scan] BSS 00:ad:24:3f:54:3f LOWI_PHY_MODE_11NG_HT40(7), Beacon Interval: 100, LOWI_ENCRYPTION_TYPE_WPA_PSK 11mcRanging: No, ANQP: Yes, LCI: No, Civic: No, capability(0x1431): ESS Privacy ShortPreamble ShortSlotTime
04-01 17:47:42.860   730   873 D LOWI-8.6.0.81: [LOWI-Scan] BSS 00:ad:24:3f:54:3f FREQ: 2432, cFreq1[40:80] = [2422:0] cFreq2 = 0 Country Code = US 
04-01 17:47:42.860   730   873 D LOWI-8.6.0.81: [LOWI-Scan] BSS 00:ad:24:3f:54:3f (wlan0) ASSO: NO AddInfo: 0x1, TSF 0, 00:07:00.998, RSSI: -132, CPL: 127, AGE: 4,  SSID Cosmos_Dealing, TSFDelta: 0x8506492d, TXRate: 0
04-01 17:47:42.860   730   873 D LOWI-8.6.0.81: [LOWI-Scan] 
04-01 17:47:42.860   730   873 D LOWI-8.6.0.81: [LOWI-Scan] print_bss_handler: Report Probe TSF 420998050 as it greater than Beacon TSF 343509136
04-01 17:47:42.860   730   873 D LOWI-8.6.0.81: [LOWI-Scan] BSS 6c:3b:6b:9a:93:06 LOWI_PHY_MODE_11NG_HT20(5), Beacon Interval: 100, LOWI_ENCRYPTION_TYPE_WPA_PSK 11mcRanging: No, ANQP: No, LCI: No, Civic: No, capability(0x0431): ESS Privacy ShortPreamble ShortSlotTime
04-01 17:47:42.860   730   873 D LOWI-8.6.0.81: [LOWI-Scan] BSS 6c:3b:6b:9a:93:06 FREQ: 2427, cFreq1[40:80] = [0:0] cFreq2 = 0 Country Code =    
04-01 17:47:42.860   730   873 D LOWI-8.6.0.81: [LOWI-Scan] BSS 6c:3b:6b:9a:93:06 (wlan0) ASSO: NO AddInfo: 0x0, TSF 0, 00:07:00.998, RSSI: -120, CPL: 127, AGE: 4,  SSID WM-GFC, TSFDelta: 0x8506492d, TXRate: 0
04-01 17:47:42.860   730   873 D LOWI-8.6.0.81: [LOWI-Scan] 
04-01 17:47:42.860   730   873 D LOWI-8.6.0.81: [LOWI-Scan] print_bss_handler: Report Probe TSF 420998097 as it greater than Beacon TSF 343509173
04-01 17:47:42.860   730   873 D LOWI-8.6.0.81: [LOWI-Scan] BSS 00:ad:24:3f:54:3e LOWI_PHY_MODE_11AC_VHT40_2G(12), Beacon Interval: 100, LOWI_ENCRYPTION_TYPE_WPA_PSK 11mcRanging: No, ANQP: Yes, LCI: No, Civic: No, capability(0x1431): ESS Privacy ShortPreamble ShortSlotTime
04-01 17:47:42.860   730   873 D LOWI-8.6.0.81: [LOWI-Scan] BSS 00:ad:24:3f:54:3e FREQ: 2432, cFreq1[40:80] = [2422:0] cFreq2 = 0 Country Code = US 
04-01 17:47:42.860   730   873 D LOWI-8.6.0.81: [LOWI-Scan] BSS 00:ad:24:3f:54:3e (wlan0) ASSO: NO AddInfo: 0x0, TSF 0, 00:07:00.998, RSSI: -128, CPL: 127, AGE: 4,  SSID Cosmos_Guest, TSFDelta: 0x8506492d, TXRate: 0
04-01 17:47:42.860   730   873 D LOWI-8.6.0.81: [LOWI-Scan] 
04-01 17:47:42.860   513   872 V WifiHAL : event received NL80211_CMD_NEW_SCAN_RESULTS
04-01 17:47:42.860   730   873 D LOWI-8.6.0.81: [LOWI-Scan] print_bss_handler: Report Probe TSF 420998144 as it greater than Beacon TSF 385932852
04-01 17:47:42.860   730   873 D LOWI-8.6.0.81: [LOWI-Scan] BSS b0:7f:b9:c0:c9:60 LOWI_PHY_MODE_11NG_HT20(5), Beacon Interval: 100, LOWI_ENCRYPTION_TYPE_WPA_PSK 11mcRanging: No, ANQP: No, LCI: No, Civic: No, capability(0x0511): ESS Privacy SpectrumMgmt ShortSlotTime
04-01 17:47:42.860   730   873 D LOWI-8.6.0.81: [LOWI-Scan] BSS b0:7f:b9:c0:c9:60 FREQ: 2437, cFreq1[40:80] = [0:0] cFreq2 = 0 Country Code = #w 
04-01 17:47:42.860   513   872 E WifiHAL : Invalid data received from driver
04-01 17:47:42.860   730   873 D LOWI-8.6.0.81: [LOWI-Scan] BSS b0:7f:b9:c0:c9:60 (wlan0) ASSO: NO AddInfo: 0x0, TSF 0, 00:07:00.998, RSSI: -148, CPL: 127, AGE: 4,  SSID Cosmos_Office, TSFDelta: 0x8506492d, TXRate: 0
04-01 17:47:42.860   730   873 D LOWI-8.6.0.81: [LOWI-Scan] 
04-01 17:47:42.860   730   873 D LOWI-8.6.0.81: [LOWI-Scan] print_bss_handler: Report Probe TSF 420998081 as it greater than Beacon TSF 0
04-01 17:47:42.860   730   873 D LOWI-8.6.0.81: [LOWI-Scan] BSS 64:d1:54:18:e1:97 LOWI_PHY_MODE_11NG_HT20(5), Beacon Interval: 100, LOWI_ENCRYPTION_TYPE_WPA_PSK 11mcRanging: No, ANQP: No, LCI: No, Civic: No, capability(0x0431): ESS Privacy ShortPreamble ShortSlotTime
04-01 17:47:42.860   730   873 D LOWI-8.6.0.81: [LOWI-Scan] BSS 64:d1:54:18:e1:97 FREQ: 2422, cFreq1[40:80] = [0:0] cFreq2 = 0 Country Code =    
04-01 17:47:42.860   730   873 D LOWI-8.6.0.81: [LOWI-Scan] BSS 64:d1:54:18:e1:97 (wlan0) ASSO: NO AddInfo: 0x0, TSF 0, 00:07:00.998, RSSI: -128, CPL: 127, AGE: 4,  SSID WM-GFC, TSFDelta: 0x8506492d, TXRate: 0
04-01 17:47:42.861   730   873 D LOWI-8.6.0.81: [LOWI-Scan] 
04-01 17:47:42.861   730   873 D LOWI-8.6.0.81: [LOWI-Scan] print_bss_handler: Report beacon TSF 420998176 as it greater than probe TSF 420998176
04-01 17:47:42.861   730   873 D LOWI-8.6.0.81: [LOWI-Scan] BSS de:0d:17:f4:f9:82 LOWI_PHY_MODE_11AC_VHT40_2G(12), Beacon Interval: 100, LOWI_ENCRYPTION_TYPE_WPA_PSK 11mcRanging: No, ANQP: No, LCI: No, Civic: No, capability(0x1031): ESS Privacy ShortPreamble
04-01 17:47:42.861   730   873 D LOWI-8.6.0.81: [LOWI-Scan] BSS de:0d:17:f4:f9:82 FREQ: 2452, cFreq1[40:80] = [2442:0] cFreq2 = 0 Country Code = US 
04-01 17:47:42.861   730   873 D LOWI-8.6.0.81: [LOWI-Scan] BSS de:0d:17:f4:f9:82 (wlan0) ASSO: NO AddInfo: 0x1, TSF 0, 00:07:00.998, RSSI: -154, CPL: 127, AGE: 4,  SSID , TSFDelta: 0x8506492d, TXRate: 0
04-01 17:47:42.861   730   873 D LOWI-8.6.0.81: [LOWI-Scan] 
04-01 17:47:42.861   730   873 D LOWI-8.6.0.81: [LOWI-Scan] print_bss_handler: Report Probe TSF 420997894 as it greater than Beacon TSF 0
04-01 17:47:42.861   730   873 D LOWI-8.6.0.81: [LOWI-Scan] BSS 00:a2:ee:0c:8f:45 LOWI_PHY_MODE_11NG_HT20(5), Beacon Interval: 102, LOWI_ENCRYPTION_TYPE_WPA_PSK 11mcRanging: No, ANQP: No, LCI: No, Civic: No, capability(0x1431): ESS Privacy ShortPreamble ShortSlotTime
04-01 17:47:42.861   730   873 D LOWI-8.6.0.81: [LOWI-Scan] BSS 00:a2:ee:0c:8f:45 FREQ: 2462, cFreq1[40:80] = [0:0] cFreq2 = 0 Country Code = TW 
04-01 17:47:42.861   730   873 D LOWI-8.6.0.81: [LOWI-Scan] BSS 00:a2:ee:0c:8f:45 (wlan0) ASSO: NO AddInfo: 0x0, TSF 0, 00:07:00.997, RSSI: -102, CPL: 22, AGE: 4,  SSID Kaiostech-Guest, TSFDelta: 0x8506492d, TXRate: 0
04-01 17:47:42.861   730   873 D LOWI-8.6.0.81: [LOWI-Scan] 
04-01 17:47:42.861   730   873 D LOWI-8.6.0.81: [LOWI-Scan] print_bss_handler: Report Probe TSF 420997909 as it greater than Beacon TSF 0
04-01 17:47:42.861   730   873 D LOWI-8.6.0.81: [LOWI-Scan] BSS 00:a2:ee:0c:8f:44 LOWI_PHY_MODE_11NG_HT20(5), Beacon Interval: 102, LOWI_ENCRYPTION_TYPE_WPA_PSK 11mcRanging: No, ANQP: No, LCI: No, Civic: No, capability(0x1431): ESS Privacy ShortPreamble ShortSlotTime
04-01 17:47:42.861   730   873 D LOWI-8.6.0.81: [LOWI-Scan] BSS 00:a2:ee:0c:8f:44 FREQ: 2462, cFreq1[40:80] = [0:0] cFreq2 = 0 Country Code = TW 
04-01 17:47:42.861   730   873 D LOWI-8.6.0.81: [LOWI-Scan] BSS 00:a2:ee:0c:8f:44 (wlan0) ASSO: NO AddInfo: 0x0, TSF 0, 00:07:00.997, RSSI: -102, CPL: 22, AGE: 4,  SSID KaiOS-QL, TSFDelta: 0x8506492d, TXRate: 0
04-01 17:47:42.861   730   873 D LOWI-8.6.0.81: [LOWI-Scan] 
04-01 17:47:42.861   730   873 D LOWI-8.6.0.81: [LOWI-Scan] print_bss_handler: Report Probe TSF 420997924 as it greater than Beacon TSF 0
04-01 17:47:42.861   730   873 D LOWI-8.6.0.81: [LOWI-Scan] BSS 00:a2:ee:0c:8f:43 LOWI_PHY_MODE_11NG_HT20(5), Beacon Interval: 102, LOWI_ENCRYPTION_TYPE_WPA_EAP 11mcRanging: No, ANQP: Yes, LCI: No, Civic: No, capability(0x1431): ESS Privacy ShortPreamble ShortSlotTime
04-01 17:47:42.861   730   873 D LOWI-8.6.0.81: [LOWI-Scan] BSS 00:a2:ee:0c:8f:43 FREQ: 2462, cFreq1[40:80] = [0:0] cFreq2 = 0 Country Code = TW 
04-01 17:47:42.861   730   873 D LOWI-8.6.0.81: [LOWI-Scan] BSS 00:a2:ee:0c:8f:43 (wlan0) ASSO: NO AddInfo: 0x0, TSF 0, 00:07:00.997, RSSI: -102, CPL: 22, AGE: 4,  SSID KaiOS EAP-SIM TTLS, TSFDelta: 0x8506492d, TXRate: 0
04-01 17:47:42.861   730   873 D LOWI-8.6.0.81: [LOWI-Scan] 
04-01 17:47:42.861   730   873 D LOWI-8.6.0.81: [LOWI-Scan] print_bss_handler: Report beacon TSF 420998191 as it greater than probe TSF 389995397
04-01 17:47:42.861   730   873 D LOWI-8.6.0.81: [LOWI-Scan] BSS b0:7f:b9:c0:ad:c0 LOWI_PHY_MODE_11NG_HT20(5), Beacon Interval: 100, LOWI_ENCRYPTION_TYPE_WPA_PSK 11mcRanging: No, ANQP: No, LCI: No, Civic: No, capability(0x0511): ESS Privacy SpectrumMgmt ShortSlotTime
04-01 17:47:42.861   730   873 D LOWI-8.6.0.81: [LOWI-Scan] BSS b0:7f:b9:c0:ad:c0 FREQ: 2462, cFreq1[40:80] = [0:0] cFreq2 = 0 Country Code = #w 
04-01 17:47:42.861   730   873 D LOWI-8.6.0.81: [LOWI-Scan] BSS b0:7f:b9:c0:ad:c0 (wlan0) ASSO: NO AddInfo: 0x1, TSF 0, 00:07:00.998, RSSI: -152, CPL: 127, AGE: 4,  SSID Cosmos_Office, TSFDelta: 0x8506492d, TXRate: 0
04-01 17:47:42.861   730   873 D LOWI-8.6.0.81: [LOWI-Scan] 
04-01 17:47:42.862   730   873 D LOWI-8.6.0.81: [LOWI-Scan] print_bss_handler: Report Probe TSF 420998160 as it greater than Beacon TSF 0
04-01 17:47:42.862   730   873 D LOWI-8.6.0.81: [LOWI-Scan] BSS e8:65:d4:67:2f:e8 LOWI_PHY_MODE_11NG_HT20(5), Beacon Interval: 100, LOWI_ENCRYPTION_TYPE_WPA_PSK 11mcRanging: No, ANQP: No, LCI: No, Civic: No, capability(0x0411): ESS Privacy ShortSlotTime
04-01 17:47:42.862   730   873 D LOWI-8.6.0.81: [LOWI-Scan] BSS e8:65:d4:67:2f:e8 FREQ: 2462, cFreq1[40:80] = [0:0] cFreq2 = 0 Country Code =    
04-01 17:47:42.862   730   873 D LOWI-8.6.0.81: [LOWI-Scan] BSS e8:65:d4:67:2f:e8 (wlan0) ASSO: NO AddInfo: 0x0, TSF 0, 00:07:00.998, RSSI: -144, CPL: 127, AGE: 4,  SSID Tenda_JJMT, TSFDelta: 0x8506492d, TXRate: 0
04-01 17:47:42.862   730   873 D LOWI-8.6.0.81: [LOWI-Scan] 
04-01 17:47:42.862   730   873 D LOWI-8.6.0.81: [LOWI-Scan] print_bss_handler: Report beacon TSF 420998128 as it greater than probe TSF 420998128
04-01 17:47:42.862   730   873 D LOWI-8.6.0.81: [LOWI-Scan] BSS a8:5e:45:90:b5:49 LOWI_PHY_MODE_11NG_HT20(5), Beacon Interval: 100, LOWI_ENCRYPTION_TYPE_WPA_PSK 11mcRanging: No, ANQP: No, LCI: No, Civic: No, capability(0x1411): ESS Privacy ShortSlotTime
04-01 17:47:42.862   730   873 D LOWI-8.6.0.81: [LOWI-Scan] BSS a8:5e:45:90:b5:49 FREQ: 2412, cFreq1[40:80] = [0:0] cFreq2 = 0 Country Code =    
04-01 17:47:42.862   730   873 D LOWI-8.6.0.81: [LOWI-Scan] BSS a8:5e:45:90:b5:49 (wlan0) ASSO: NO AddInfo: 0x1, TSF 0, 00:07:00.998, RSSI: -146, CPL: 127, AGE: 4,  SSID FFN, TSFDelta: 0x8506492d, TXRate: 0
04-01 17:47:42.862   730   873 D LOWI-8.6.0.81: [LOWIDiagLog] Log: lowiMeasResult->request: invalid null argument
04-01 17:47:42.862   730   873 I LOWI-8.6.0.81: [LOWI-Scan] lowi_close_record:Scan done in 365236ms, 26 APs in scan results
04-01 17:47:42.862   730   873 D LOWI-8.6.0.81: [LOWI-Scan] WipsScanUsingNL: passive scan cached 0, took 19196 ms, err 0
04-01 17:47:42.863   730   873 D LOWI-8.6.0.81: [LOWI-Scan] lowi_proc_req_passive_scan_with_live_meas - No WLAN Frames to be parsed
04-01 17:47:42.863   730   873 D LOWI-8.6.0.81: [LOWIScanResultReceiver] Send scan meas to listener
04-01 17:47:42.863   730   873 D LOWI-8.6.0.81: [LOWIScanResultReceiver] Enter passive listening mode
04-01 17:47:42.863   730   873 D LOWI-8.6.0.81: [LOWIWifiDriverInterface] getMeasurements - Passive listening mode
04-01 17:47:42.863   730   769 D LOWI-8.6.0.81: [LOWIEventReceiver] handleEvent:FROM:NA, TO:NA, REQ:NA, IREQ:NA, REQ_ID:0, RESP:NA, INFO:NA
04-01 17:47:42.864   730   769 D LOWI-8.6.0.81: [LOWIBackgroundScanMgr] isRspForBgScanMgr: evt(LOWI_NO_EVT) - not handled
04-01 17:47:42.864   730   769 D LOWI-8.6.0.81: [LOWIScheduler] manageMsg: NULL results or NULL request in results
04-01 17:47:42.864   730   769 D LOWI-8.6.0.81: [LOWIController] Measurements received
04-01 17:47:42.864   730   769 D LOWI-8.6.0.81: [LOWICacheManager] putInCache:Num of Meas to add: 26
04-01 17:47:42.864   730   873 D LOWI-8.6.0.81: [LOWI-Scan] WipsScanUsingNL:wait -1 sec for netlink message
04-01 17:47:42.865   730   769 D LOWI-8.6.0.81: [LOWIController] processMeasurementResults: No current Request. Cache measurements
04-01 17:47:42.865   730   769 D LOWI-8.6.0.81: [LOWIControllerExtn] sendLOWILpDiscoveryScanResponse: Not a discovery scan response
04-01 17:47:42.865   877   877 D wpa_supplicant: wlan0: Control interface command 'SCAN_RESULTS'
04-01 17:47:42.866   877   877 D wpa_supplicant: wpa_parse_wpa_ie_rsn: Unsupported management group cipher 0x0 (00000000)
04-01 17:47:42.866   877   877 I chatty  : uid=1010(wifi) /vendor/bin/hw/wpa_supplicant identical 1 line
04-01 17:47:42.866   877   877 D wpa_supplicant: wpa_parse_wpa_ie_rsn: Unsupported management group cipher 0x0 (00000000)
04-01 17:47:42.867   877   877 D wpa_supplicant: wlan0: Control interface command 'SCAN_RESULTS'
04-01 17:47:42.867   877   877 D wpa_supplicant: wpa_parse_wpa_ie_rsn: Unsupported management group cipher 0x0 (00000000)
04-01 17:47:42.867   877   877 I chatty  : uid=1010(wifi) /vendor/bin/hw/wpa_supplicant identical 1 line
04-01 17:47:42.867   877   877 D wpa_supplicant: wpa_parse_wpa_ie_rsn: Unsupported management group cipher 0x0 (00000000)
04-01 17:47:42.876   607   607 I Gecko   : -*- WifiWorker component:  * QA-Lab A8:5E:45:09:37:70 2432 420997719 3089 -3500 true
04-01 17:47:42.879   607   607 I Gecko   : -*- WifiWorker component:  * 55667788 10:0C:6B:9A:D8:D8 2432 420997784 5137 -3900 false
04-01 17:47:42.881   607   607 I Gecko   : -*- WifiConfigUtils: Invalid interworking element length
04-01 17:47:42.881   607   607 I Gecko   : -*- WifiWorker component:  * dlink-C82C 40:9B:CD:9D:C8:2C 2412 420997802 1073 -4200 false
04-01 17:47:42.883   607   607 I Gecko   : -*- WifiWorker component:  * KaiOS-OSU 00:A6:CA:56:93:B7 2437 420997819 5169 -4400 false
04-01 17:47:42.884   607   607 I Gecko   : -*- WifiWorker component:  * Kaiostech-Guest 00:A6:CA:56:93:B5 2437 420997833 5169 -4400 false
04-01 17:47:42.886   607   607 I Gecko   : -*- WifiWorker component:  * KaiOS-QL 00:A6:CA:56:93:B4 2437 420997849 5169 -4400 false
04-01 17:47:42.887   607   607 I Gecko   : -*- WifiWorker component:  * KaiOS EAP-SIM TTLS 00:A6:CA:56:93:B3 2437 420997863 5169 -4300 false
04-01 17:47:42.888   607   607 I Gecko   : -*- WifiConfigUtils: Invalid interworking element length
04-01 17:47:42.888   607   607 I Gecko   : -*- WifiWorker component: [KaiOS EAP-SIM TTLS] passpoint info: {"ant":2,"isInterworking":true,"internet":true,"hessid":0,"anqpOICount":0,"roamingConsortiums":[],"hsRelease":-1,"anqpDomainID":0}
04-01 17:47:42.888   607   607 I Gecko   : -*- WifiWorker component:  * BUFFALO-E9B6A8 10:6F:3F:E9:B6:A8 2462 420997939 1041 -5100 false
04-01 17:47:42.889   607   607 I Gecko   : -*- WifiWorker component:  * KaiOS-OSU 00:A2:EE:0C:8F:47 2462 420997878 5169 -5100 false
04-01 17:47:42.891   607   607 I Gecko   : -*- WifiWorker component:  * KaiOS-OSU 00:A6:CA:56:93:87 2412 420997954 5169 -5700 false
04-01 17:47:42.892   607   607 I Gecko   : -*- WifiWorker component:  * Kaiostech-Guest 00:A6:CA:56:93:85 2412 420998001 5169 -5700 false
04-01 17:47:42.894   607   607 I Gecko   : -*- WifiWorker component:  * KaiOS-QL 00:A6:CA:56:93:84 2412 420998017 5169 -5700 false
04-01 17:47:42.894   607   607 I Gecko   : -*- WifiWorker component:  * KaiOS EAP-SIM TTLS 00:A6:CA:56:93:83 2412 420998032 5169 -5700 false
04-01 17:47:42.895   607   607 I Gecko   : -*- WifiConfigUtils: Invalid interworking element length
04-01 17:47:42.895   607   607 I Gecko   : -*- WifiWorker component: [KaiOS EAP-SIM TTLS] passpoint info: {"ant":2,"isInterworking":true,"internet":true,"hessid":0,"anqpOICount":0,"roamingConsortiums":[],"hsRelease":-1,"anqpDomainID":0}
04-01 17:47:42.896   607   607 I Gecko   : -*- WifiWorker component:  * WM-GFC 6C:3B:6B:9B:F8:16 2422 420998066 1073 -6400 false
04-01 17:47:42.897   607   607 I Gecko   : -*- WifiWorker component:  * Cosmos_Dealing 00:AD:24:3F:54:3F 2432 420998113 5169 -6600 false
04-01 17:47:42.898   607   607 I Gecko   : -*- WifiConfigUtils: Invalid interworking element length
04-01 17:47:42.899   607   607 I Gecko   : -*- WifiWorker component:  * WM-GFC 6C:3B:6B:9A:93:06 2427 420998050 1073 -6000 false
04-01 17:47:42.900   607   607 I Gecko   : -*- WifiWorker component:  * Cosmos_Guest 00:AD:24:3F:54:3E 2432 420998097 5169 -6400 false
04-01 17:47:42.901   607   607 I Gecko   : -*- WifiConfigUtils: Invalid interworking element length
04-01 17:47:42.901   607   607 I Gecko   : -*- WifiWorker component:  * Cosmos_Office B0:7F:B9:C0:C9:60 2437 420998144 1297 -7400 false
04-01 17:47:42.903   607   607 I Gecko   : -*- WifiWorker component:  * WM-GFC 64:D1:54:18:E1:97 2422 420998081 1073 -6400 false
04-01 17:47:42.904   607   607 I Gecko   : -*- WifiWorker component:  *  DE:0D:17:F4:F9:82 2452 420998176 4145 -7700 false
04-01 17:47:42.905   607   607 I Gecko   : -*- WifiWorker component:  * Kaiostech-Guest 00:A2:EE:0C:8F:45 2462 420997894 5169 -5100 false
04-01 17:47:42.905   607   607 I Gecko   : -*- WifiWorker component:  * KaiOS-QL 00:A2:EE:0C:8F:44 2462 420997909 5169 -5100 false
04-01 17:47:42.906   607   607 I Gecko   : -*- WifiWorker component:  * KaiOS EAP-SIM TTLS 00:A2:EE:0C:8F:43 2462 420997924 5169 -5100 false
04-01 17:47:42.907   607   607 I Gecko   : -*- WifiConfigUtils: Invalid interworking element length
04-01 17:47:42.907   607   607 I Gecko   : -*- WifiWorker component: [KaiOS EAP-SIM TTLS] passpoint info: {"ant":2,"isInterworking":true,"internet":true,"hessid":0,"anqpOICount":0,"roamingConsortiums":[],"hsRelease":-1,"anqpDomainID":0}
04-01 17:47:42.907   607   607 I Gecko   : -*- WifiWorker component:  * Cosmos_Office B0:7F:B9:C0:AD:C0 2462 420998191 1297 -7600 false
04-01 17:47:42.908   607   607 I Gecko   : -*- WifiWorker component:  * Tenda_JJMT E8:65:D4:67:2F:E8 2462 420998160 1041 -7200 false
04-01 17:47:42.909   607   607 I Gecko   : -*- WifiWorker component:  * FFN A8:5E:45:90:B5:49 2412 420998128 5137 -7300 false
04-01 17:47:42.909   607   607 I Gecko   : -*- WifiNetworkSelector: ==========start Network Selection==========
04-01 17:47:42.910   607   607 I Gecko   : -*- WifiNetworkSelector: Current connected network: QA-Lab ,ID is: 0
04-01 17:47:42.910   607   607 I Gecko   : -*- WifiNetworkSelector: wifiInfo: bssid=A8:5E:45:09:37:70; rssi=-35; minDiff=5
04-01 17:47:42.910   607   607 I Gecko   : -*- WifiNetworkSelector: Current network already sufficient. Skip network selection.
04-01 17:47:43.187   522   522 I vendor.rmt_storage: rmt_storage_connect_cb: clnt_h=0xc conn_h=0xa750a020
04-01 17:47:43.187   522   522 I vendor.rmt_storage: rmt_storage_rw_iovec_cb: /boot/modem_fs1: req_h=0xc msg_id=3: R/W request received (wr_count 2)
04-01 17:47:43.187   522   522 I vendor.rmt_storage: wakelock acquired: 1, error no: 42
04-01 17:47:43.187   522   916 I vendor.rmt_storage: rmt_storage_client_thread: /boot/modem_fs1: Unblock worker thread (th_id: -1489780176)
04-01 17:47:43.261   428   428 W Web Content: [JavaScript Warning: "Cannot play media. No decoders for requested formats: application/ogg" {file: "http://music.localhost/index.html" line: 0}]
04-01 17:47:43.430   522   916 I vendor.rmt_storage: rmt_storage_client_thread: /boot/modem_fs1: req_h=0xc msg_id=3: Bytes written = 1572864, wr_count 2
04-01 17:47:43.430   522   916 I vendor.rmt_storage: rmt_storage_client_thread: /boot/modem_fs1: req_h=0xc msg_id=3: Send response: res=0 err=0, wr_count 2
