04-01 17:52:43.121   730   873 D LOWI-8.6.0.81: [LOWI-Scan] print_bss_handler: Report Probe TSF 721260577 as it greater than Beacon TSF 0
04-01 17:52:43.121   730   873 D LOWI-8.6.0.81: [LOWI-Scan] BSS 00:a2:ee:0c:8f:45 LOWI_PHY_MODE_11NG_HT20(5), Beacon Interval: 102, LOWI_ENCRYPTION_TYPE_WPA_PSK 11mcRanging: No, ANQP: No, LCI: No, Civic: No, capability(0x1431): ESS Privacy ShortPreamble ShortSlotTime
04-01 17:52:43.121   730   873 D LOWI-8.6.0.81: [LOWI-Scan] BSS 00:a2:ee:0c:8f:45 FREQ: 2462, cFreq1[40:80] = [0:0] cFreq2 = 0 Country Code = TW 
04-01 17:52:43.121   730   873 D LOWI-8.6.0.81: [LOWI-Scan] BSS 00:a2:ee:0c:8f:45 (wlan0) ASSO: NO AddInfo: 0x0, TSF 0, 00:12:01.260, RSSI: -100, CPL: 22, AGE: 4,  SSID Kaiostech-Guest, TSFDelta: 0x8506492d, TXRate: 0
04-01 17:52:43.122   730   873 D LOWI-8.6.0.81: [LOWI-Scan] 
04-01 17:52:43.122   730   873 D LOWI-8.6.0.81: [LOWI-Scan] print_bss_handler: Report Probe TSF 721260593 as it greater than Beacon TSF 0
04-01 17:52:43.122   730   873 D LOWI-8.6.0.81: [LOWI-Scan] BSS 00:a2:ee:0c:8f:44 LOWI_PHY_MODE_11NG_HT20(5), Beacon Interval: 102, LOWI_ENCRYPTION_TYPE_WPA_PSK 11mcRanging: No, ANQP: No, LCI: No, Civic: No, capability(0x1431): ESS Privacy ShortPreamble ShortSlotTime
04-01 17:52:43.122   730   873 D LOWI-8.6.0.81: [LOWI-Scan] BSS 00:a2:ee:0c:8f:44 FREQ: 2462, cFreq1[40:80] = [0:0] cFreq2 = 0 Country Code = TW 
04-01 17:52:43.122   730   873 D LOWI-8.6.0.81: [LOWI-Scan] BSS 00:a2:ee:0c:8f:44 (wlan0) ASSO: NO AddInfo: 0x0, TSF 0, 00:12:01.260, RSSI: -100, CPL: 22, AGE: 4,  SSID KaiOS-QL, TSFDelta: 0x8506492d, TXRate: 0
04-01 17:52:43.122   730   873 D LOWI-8.6.0.81: [LOWI-Scan] 
04-01 17:52:43.122   730   873 D LOWI-8.6.0.81: [LOWI-Scan] print_bss_handler: Report Probe TSF 721260612 as it greater than Beacon TSF 0
04-01 17:52:43.122   730   873 D LOWI-8.6.0.81: [LOWI-Scan] BSS 00:a2:ee:0c:8f:43 LOWI_PHY_MODE_11NG_HT20(5), Beacon Interval: 102, LOWI_ENCRYPTION_TYPE_WPA_EAP 11mcRanging: No, ANQP: Yes, LCI: No, Civic: No, capability(0x1431): ESS Privacy ShortPreamble ShortSlotTime
04-01 17:52:43.122   730   873 D LOWI-8.6.0.81: [LOWI-Scan] BSS 00:a2:ee:0c:8f:43 FREQ: 2462, cFreq1[40:80] = [0:0] cFreq2 = 0 Country Code = TW 
04-01 17:52:43.122   730   873 D LOWI-8.6.0.81: [LOWI-Scan] BSS 00:a2:ee:0c:8f:43 (wlan0) ASSO: NO AddInfo: 0x0, TSF 0, 00:12:01.260, RSSI: -100, CPL: 22, AGE: 4,  SSID KaiOS EAP-SIM TTLS, TSFDelta: 0x8506492d, TXRate: 0
04-01 17:52:43.122   730   873 D LOWI-8.6.0.81: [LOWI-Scan] 
04-01 17:52:43.122   730   873 D LOWI-8.6.0.81: [LOWI-Scan] print_bss_handler: Report Probe TSF 721260784 as it greater than Beacon TSF 0
04-01 17:52:43.122   730   873 D LOWI-8.6.0.81: [LOWI-Scan] BSS b0:7f:b9:c0:ad:c0 LOWI_PHY_MODE_11NG_HT20(5), Beacon Interval: 100, LOWI_ENCRYPTION_TYPE_WPA_PSK 11mcRanging: No, ANQP: No, LCI: No, Civic: No, capability(0x0511): ESS Privacy SpectrumMgmt ShortSlotTime
04-01 17:52:43.122   730   873 D LOWI-8.6.0.81: [LOWI-Scan] BSS b0:7f:b9:c0:ad:c0 FREQ: 2462, cFreq1[40:80] = [0:0] cFreq2 = 0 Country Code = #w 
04-01 17:52:43.123   730   873 D LOWI-8.6.0.81: [LOWI-Scan] BSS b0:7f:b9:c0:ad:c0 (wlan0) ASSO: NO AddInfo: 0x0, TSF 0, 00:12:01.260, RSSI: -142, CPL: 127, AGE: 4,  SSID Cosmos_Office, TSFDelta: 0x8506492d, TXRate: 0
04-01 17:52:43.123   730   873 D LOWI-8.6.0.81: [LOWI-Scan] 
04-01 17:52:43.123   730   873 D LOWI-8.6.0.81: [LOWI-Scan] print_bss_handler: Report Probe TSF 721260706 as it greater than Beacon TSF 0
04-01 17:52:43.123   730   873 D LOWI-8.6.0.81: [LOWI-Scan]  No Secondary channel present
04-01 17:52:43.123   730   873 D LOWI-8.6.0.81: [LOWI-Scan] BSS 00:ad:24:3f:54:3f LOWI_PHY_MODE_11NG_HT20(5), Beacon Interval: 100, LOWI_ENCRYPTION_TYPE_WPA_PSK 11mcRanging: No, ANQP: Yes, LCI: No, Civic: No, capability(0x1431): ESS Privacy ShortPreamble ShortSlotTime
04-01 17:52:43.123   730   873 D LOWI-8.6.0.81: [LOWI-Scan] BSS 00:ad:24:3f:54:3f FREQ: 2457, cFreq1[40:80] = [2457:0] cFreq2 = 0 Country Code = US 
04-01 17:52:43.123   730   873 D LOWI-8.6.0.81: [LOWI-Scan] BSS 00:ad:24:3f:54:3f (wlan0) ASSO: NO AddInfo: 0x0, TSF 0, 00:12:01.260, RSSI: -118, CPL: 127, AGE: 4,  SSID Cosmos_Dealing, TSFDelta: 0x8506492d, TXRate: 0
04-01 17:52:43.124   730   873 D LOWI-8.6.0.81: [LOWI-Scan] 
04-01 17:52:43.124   730   873 D LOWI-8.6.0.81: [LOWI-Scan] print_bss_handler: Report Probe TSF 721260722 as it greater than Beacon TSF 0
04-01 17:52:43.124   730   873 D LOWI-8.6.0.81: [LOWI-Scan]  No Secondary channel present
04-01 17:52:43.124   730   873 D LOWI-8.6.0.81: [LOWI-Scan] BSS 00:ad:24:3f:54:3e LOWI_PHY_MODE_11AC_VHT20_2G(11), Beacon Interval: 100, LOWI_ENCRYPTION_TYPE_WPA_PSK 11mcRanging: No, ANQP: Yes, LCI: No, Civic: No, capability(0x1431): ESS Privacy ShortPreamble ShortSlotTime
04-01 17:52:43.124   730   873 D LOWI-8.6.0.81: [LOWI-Scan] BSS 00:ad:24:3f:54:3e FREQ: 2457, cFreq1[40:80] = [2457:0] cFreq2 = 0 Country Code = US 
04-01 17:52:43.124   730   873 D LOWI-8.6.0.81: [LOWI-Scan] BSS 00:ad:24:3f:54:3e (wlan0) ASSO: NO AddInfo: 0x0, TSF 0, 00:12:01.260, RSSI: -118, CPL: 127, AGE: 4,  SSID Cosmos_Guest, TSFDelta: 0x8506492d, TXRate: 0
04-01 17:52:43.124   730   873 D LOWI-8.6.0.81: [LOWI-Scan] 
04-01 17:52:43.124   730   873 D LOWI-8.6.0.81: [LOWI-Scan] print_bss_handler: Report Probe TSF 721260738 as it greater than Beacon TSF 0
04-01 17:52:43.124   730   873 D LOWI-8.6.0.81: [LOWI-Scan] BSS 6c:3b:6b:9a:93:06 LOWI_PHY_MODE_11NG_HT20(5), Beacon Interval: 100, LOWI_ENCRYPTION_TYPE_WPA_PSK 11mcRanging: No, ANQP: No, LCI: No, Civic: No, capability(0x0431): ESS Privacy ShortPreamble ShortSlotTime
04-01 17:52:43.124   730   873 D LOWI-8.6.0.81: [LOWI-Scan] BSS 6c:3b:6b:9a:93:06 FREQ: 2427, cFreq1[40:80] = [0:0] cFreq2 = 0 Country Code =    
04-01 17:52:43.124   730   873 D LOWI-8.6.0.81: [LOWI-Scan] BSS 6c:3b:6b:9a:93:06 (wlan0) ASSO: NO AddInfo: 0x0, TSF 0, 00:12:01.260, RSSI: -120, CPL: 127, AGE: 4,  SSID WM-GFC, TSFDelta: 0x8506492d, TXRate: 0
04-01 17:52:43.125   730   873 D LOWI-8.6.0.81: [LOWI-Scan] 
04-01 17:52:43.125   730   873 D LOWI-8.6.0.81: [LOWI-Scan] print_bss_handler: Report Probe TSF 721260497 as it greater than Beacon TSF 0
04-01 17:52:43.125   730   873 D LOWI-8.6.0.81: [LOWI-Scan] BSS 00:a6:ca:56:93:b7 LOWI_PHY_MODE_11NG_HT20(5), Beacon Interval: 102, LOWI_ENCRYPTION_TYPE_OPEN 11mcRanging: No, ANQP: No, LCI: No, Civic: No, capability(0x1431): ESS Privacy ShortPreamble ShortSlotTime
04-01 17:52:43.125   730   873 D LOWI-8.6.0.81: [LOWI-Scan] BSS 00:a6:ca:56:93:b7 FREQ: 2437, cFreq1[40:80] = [0:0] cFreq2 = 0 Country Code = TW 
04-01 17:52:43.125   730   873 D LOWI-8.6.0.81: [LOWI-Scan] BSS 00:a6:ca:56:93:b7 (wlan0) ASSO: NO AddInfo: 0x0, TSF 0, 00:12:01.260, RSSI: -90, CPL: 22, AGE: 4,  SSID KaiOS-OSU, TSFDelta: 0x8506492d, TXRate: 0
04-01 17:52:43.125   730   873 D LOWI-8.6.0.81: [LOWI-Scan] 
04-01 17:52:43.125   730   873 D LOWI-8.6.0.81: [LOWI-Scan] print_bss_handler: Report Probe TSF 721260515 as it greater than Beacon TSF 0
04-01 17:52:43.125   730   873 D LOWI-8.6.0.81: [LOWI-Scan] BSS 00:a6:ca:56:93:b5 LOWI_PHY_MODE_11NG_HT20(5), Beacon Interval: 102, LOWI_ENCRYPTION_TYPE_WPA_PSK 11mcRanging: No, ANQP: No, LCI: No, Civic: No, capability(0x1431): ESS Privacy ShortPreamble ShortSlotTime
04-01 17:52:43.125   730   873 D LOWI-8.6.0.81: [LOWI-Scan] BSS 00:a6:ca:56:93:b5 FREQ: 2437, cFreq1[40:80] = [0:0] cFreq2 = 0 Country Code = TW 
04-01 17:52:43.126   730   873 D LOWI-8.6.0.81: [LOWI-Scan] BSS 00:a6:ca:56:93:b5 (wlan0) ASSO: NO AddInfo: 0x0, TSF 0, 00:12:01.260, RSSI: -90, CPL: 22, AGE: 4,  SSID Kaiostech-Guest, TSFDelta: 0x8506492d, TXRate: 0
04-01 17:52:43.126   730   873 D LOWI-8.6.0.81: [LOWI-Scan] 
04-01 17:52:43.126   730   873 D LOWI-8.6.0.81: [LOWI-Scan] print_bss_handler: Report Probe TSF 721260529 as it greater than Beacon TSF 0
04-01 17:52:43.126   730   873 D LOWI-8.6.0.81: [LOWI-Scan] BSS 00:a6:ca:56:93:b4 LOWI_PHY_MODE_11NG_HT20(5), Beacon Interval: 102, LOWI_ENCRYPTION_TYPE_WPA_PSK 11mcRanging: No, ANQP: No, LCI: No, Civic: No, capability(0x1431): ESS Privacy ShortPreamble ShortSlotTime
04-01 17:52:43.126   730   873 D LOWI-8.6.0.81: [LOWI-Scan] BSS 00:a6:ca:56:93:b4 FREQ: 2437, cFreq1[40:80] = [0:0] cFreq2 = 0 Country Code = TW 
04-01 17:52:43.126   730   873 D LOWI-8.6.0.81: [LOWI-Scan] BSS 00:a6:ca:56:93:b4 (wlan0) ASSO: NO AddInfo: 0x0, TSF 0, 00:12:01.260, RSSI: -90, CPL: 22, AGE: 4,  SSID KaiOS-QL, TSFDelta: 0x8506492d, TXRate: 0
04-01 17:52:43.127   877   877 D wpa_supplicant: wpa_parse_wpa_ie_rsn: Unsupported management group cipher 0x0 (00000000)
04-01 17:52:43.127   877   877 I chatty  : uid=1010(wifi) /vendor/bin/hw/wpa_supplicant identical 1 line
04-01 17:52:43.127   877   877 D wpa_supplicant: wpa_parse_wpa_ie_rsn: Unsupported management group cipher 0x0 (00000000)
04-01 17:52:43.132   730   873 D LOWI-8.6.0.81: [LOWI-Scan] 
04-01 17:52:43.132   730   873 D LOWI-8.6.0.81: [LOWI-Scan] print_bss_handler: Report Probe TSF 721260544 as it greater than Beacon TSF 0
04-01 17:52:43.132   730   873 D LOWI-8.6.0.81: [LOWI-Scan] BSS 00:a6:ca:56:93:b3 LOWI_PHY_MODE_11NG_HT20(5), Beacon Interval: 102, LOWI_ENCRYPTION_TYPE_WPA_EAP 11mcRanging: No, ANQP: Yes, LCI: No, Civic: No, capability(0x1431): ESS Privacy ShortPreamble ShortSlotTime
04-01 17:52:43.132   730   873 D LOWI-8.6.0.81: [LOWI-Scan] BSS 00:a6:ca:56:93:b3 FREQ: 2437, cFreq1[40:80] = [0:0] cFreq2 = 0 Country Code = TW 
04-01 17:52:43.132   730   873 D LOWI-8.6.0.81: [LOWI-Scan] BSS 00:a6:ca:56:93:b3 (wlan0) ASSO: NO AddInfo: 0x0, TSF 0, 00:12:01.260, RSSI: -88, CPL: 22, AGE: 4,  SSID KaiOS EAP-SIM TTLS, TSFDelta: 0x8506492d, TXRate: 0
04-01 17:52:43.133   730   873 D LOWI-8.6.0.81: [LOWI-Scan] 
04-01 17:52:43.133   730   873 D LOWI-8.6.0.81: [LOWI-Scan] print_bss_handler: Report Probe TSF 721260753 as it greater than Beacon TSF 0
04-01 17:52:43.133   730   873 D LOWI-8.6.0.81: [LOWI-Scan] BSS 64:d1:54:18:e1:97 LOWI_PHY_MODE_11NG_HT20(5), Beacon Interval: 100, LOWI_ENCRYPTION_TYPE_WPA_PSK 11mcRanging: No, ANQP: No, LCI: No, Civic: No, capability(0x0431): ESS Privacy ShortPreamble ShortSlotTime
04-01 17:52:43.133   730   873 D LOWI-8.6.0.81: [LOWI-Scan] BSS 64:d1:54:18:e1:97 FREQ: 2422, cFreq1[40:80] = [0:0] cFreq2 = 0 Country Code =    
04-01 17:52:43.133   730   873 D LOWI-8.6.0.81: [LOWI-Scan] BSS 64:d1:54:18:e1:97 (wlan0) ASSO: NO AddInfo: 0x0, TSF 0, 00:12:01.260, RSSI: -136, CPL: 127, AGE: 4,  SSID WM-GFC, TSFDelta: 0x8506492d, TXRate: 0
04-01 17:52:43.133   730   873 D LOWI-8.6.0.81: [LOWI-Scan] 
04-01 17:52:43.133   730   873 D LOWI-8.6.0.81: [LOWI-Scan] print_bss_handler: Report Probe TSF 721260768 as it greater than Beacon TSF 0
04-01 17:52:43.133   730   873 D LOWI-8.6.0.81: [LOWI-Scan] BSS b0:7f:b9:c0:c9:60 LOWI_PHY_MODE_11NG_HT20(5), Beacon Interval: 100, LOWI_ENCRYPTION_TYPE_WPA_PSK 11mcRanging: No, ANQP: No, LCI: No, Civic: No, capability(0x0511): ESS Privacy SpectrumMgmt ShortSlotTime
04-01 17:52:43.133   730   873 D LOWI-8.6.0.81: [LOWI-Scan] BSS b0:7f:b9:c0:c9:60 FREQ: 2437, cFreq1[40:80] = [0:0] cFreq2 = 0 Country Code = #w 
04-01 17:52:43.133   730   873 D LOWI-8.6.0.81: [LOWI-Scan] BSS b0:7f:b9:c0:c9:60 (wlan0) ASSO: NO AddInfo: 0x0, TSF 0, 00:12:01.260, RSSI: -150, CPL: 127, AGE: 4,  SSID Cosmos_Office, TSFDelta: 0x8506492d, TXRate: 0
04-01 17:52:43.133   730   873 D LOWI-8.6.0.81: [LOWIDiagLog] Log: lowiMeasResult->request: invalid null argument
04-01 17:52:43.133   730   873 I LOWI-8.6.0.81: [LOWI-Scan] lowi_close_record:Scan done in 665507ms, 22 APs in scan results
04-01 17:52:43.133   730   873 D LOWI-8.6.0.81: [LOWI-Scan] WipsScanUsingNL: passive scan cached 0, took 19577 ms, err 0
04-01 17:52:43.133   730   873 D LOWI-8.6.0.81: [LOWI-Scan] lowi_proc_req_passive_scan_with_live_meas - No WLAN Frames to be parsed
04-01 17:52:43.133   730   873 D LOWI-8.6.0.81: [LOWIScanResultReceiver] Send scan meas to listener
04-01 17:52:43.134   730   873 D LOWI-8.6.0.81: [LOWIScanResultReceiver] Enter passive listening mode
04-01 17:52:43.134   730   873 D LOWI-8.6.0.81: [LOWIWifiDriverInterface] getMeasurements - Passive listening mode
04-01 17:52:43.134   730   873 D LOWI-8.6.0.81: [LOWI-Scan] WipsScanUsingNL:wait -1 sec for netlink message
04-01 17:52:43.134   730   769 D LOWI-8.6.0.81: [LOWIEventReceiver] handleEvent:FROM:NA, TO:NA, REQ:NA, IREQ:NA, REQ_ID:0, RESP:NA, INFO:NA
04-01 17:52:43.134   730   769 D LOWI-8.6.0.81: [LOWIBackgroundScanMgr] isRspForBgScanMgr: evt(LOWI_NO_EVT) - not handled
04-01 17:52:43.134   730   769 D LOWI-8.6.0.81: [LOWIScheduler] manageMsg: NULL results or NULL request in results
04-01 17:52:43.134   730   769 D LOWI-8.6.0.81: [LOWIController] Measurements received
04-01 17:52:43.134   730   769 D LOWI-8.6.0.81: [LOWICacheManager] putInCache:Num of Meas to add: 22
04-01 17:52:43.135   730   769 D LOWI-8.6.0.81: [LOWIController] processMeasurementResults: No current Request. Cache measurements
04-01 17:52:43.135   730   769 D LOWI-8.6.0.81: [LOWIControllerExtn] sendLOWILpDiscoveryScanResponse: Not a discovery scan response
04-01 17:52:43.137   607   607 I Gecko   : -*- WifiWorker component:  * QA-Lab A8:5E:45:09:37:70 2432 721260412 3089 -3500 true
04-01 17:52:43.140   607   607 I Gecko   : -*- WifiWorker component:  * 55667788 10:0C:6B:9A:D8:D8 2432 721260460 5137 -3900 false
04-01 17:52:43.141   607   607 I Gecko   : -*- WifiConfigUtils: Invalid interworking element length
04-01 17:52:43.142   607   607 I Gecko   : -*- WifiWorker component:  * dlink-C82C 40:9B:CD:9D:C8:2C 2412 721260481 1073 -4500 false
04-01 17:52:43.144   607   607 I Gecko   : -*- WifiWorker component:  * BUFFALO-E9B6A8 10:6F:3F:E9:B6:A8 2462 721260627 1041 -5100 false
04-01 17:52:43.145   607   607 I Gecko   : -*- WifiWorker component:  * KaiOS-OSU 00:A2:EE:0C:8F:47 2462 721260559 5169 -5000 false
04-01 17:52:43.147   607   607 I Gecko   : -*- WifiWorker component:  * KaiOS-OSU 00:A6:CA:56:93:87 2412 721260642 5169 -6000 false
04-01 17:52:43.152   607   607 I Gecko   : -*- WifiWorker component:  * Kaiostech-Guest 00:A6:CA:56:93:85 2412 721260657 5169 -6000 false
04-01 17:52:43.153   607   607 I Gecko   : -*- WifiWorker component:  * KaiOS-QL 00:A6:CA:56:93:84 2412 721260673 5169 -6000 false
04-01 17:52:43.154   607   607 I Gecko   : -*- WifiWorker component:  * KaiOS EAP-SIM TTLS 00:A6:CA:56:93:83 2412 721260689 5169 -6000 false
04-01 17:52:43.154   607   607 I Gecko   : -*- WifiConfigUtils: Invalid interworking element length
04-01 17:52:43.154   607   607 I Gecko   : -*- WifiWorker component: [KaiOS EAP-SIM TTLS] passpoint info: {"ant":2,"isInterworking":true,"internet":true,"hessid":0,"anqpOICount":0,"roamingConsortiums":[],"hsRelease":-1,"anqpDomainID":0}
04-01 17:52:43.155   607   607 I Gecko   : -*- WifiWorker component:  * Kaiostech-Guest 00:A2:EE:0C:8F:45 2462 721260577 5169 -5000 false
04-01 17:52:43.156   607   607 I Gecko   : -*- WifiWorker component:  * KaiOS-QL 00:A2:EE:0C:8F:44 2462 721260593 5169 -5000 false
04-01 17:52:43.158   607   607 I Gecko   : -*- WifiWorker component:  * KaiOS EAP-SIM TTLS 00:A2:EE:0C:8F:43 2462 721260612 5169 -5000 false
04-01 17:52:43.158   607   607 I Gecko   : -*- WifiConfigUtils: Invalid interworking element length
04-01 17:52:43.158   607   607 I Gecko   : -*- WifiWorker component: [KaiOS EAP-SIM TTLS] passpoint info: {"ant":2,"isInterworking":true,"internet":true,"hessid":0,"anqpOICount":0,"roamingConsortiums":[],"hsRelease":-1,"anqpDomainID":0}
04-01 17:52:43.159   607   607 I Gecko   : -*- WifiWorker component:  * Cosmos_Office B0:7F:B9:C0:AD:C0 2462 721260784 1297 -7100 false
04-01 17:52:43.160   607   607 I Gecko   : -*- WifiWorker component:  * Cosmos_Dealing 00:AD:24:3F:54:3F 2457 721260706 5169 -5900 false
04-01 17:52:43.161   607   607 I Gecko   : -*- WifiConfigUtils: Invalid interworking element length
04-01 17:52:43.161   607   607 I Gecko   : -*- WifiWorker component:  * Cosmos_Guest 00:AD:24:3F:54:3E 2457 721260722 5169 -5900 false
04-01 17:52:43.162   607   607 I Gecko   : -*- WifiConfigUtils: Invalid interworking element length
04-01 17:52:43.163   607   607 I Gecko   : -*- WifiWorker component:  * WM-GFC 6C:3B:6B:9A:93:06 2427 721260738 1073 -6000 false
04-01 17:52:43.164   607   607 I Gecko   : -*- WifiWorker component:  * KaiOS-OSU 00:A6:CA:56:93:B7 2437 721260497 5169 -4500 false
04-01 17:52:43.165   607   607 I Gecko   : -*- WifiWorker component:  * Kaiostech-Guest 00:A6:CA:56:93:B5 2437 721260515 5169 -4500 false
04-01 17:52:43.167   607   607 I Gecko   : -*- WifiWorker component:  * KaiOS-QL 00:A6:CA:56:93:B4 2437 721260529 5169 -4500 false
04-01 17:52:43.167   607   607 I Gecko   : -*- WifiWorker component:  * KaiOS EAP-SIM TTLS 00:A6:CA:56:93:B3 2437 721260544 5169 -4400 false
04-01 17:52:43.168   607   607 I Gecko   : -*- WifiConfigUtils: Invalid interworking element length
04-01 17:52:43.168   607   607 I Gecko   : -*- WifiWorker component: [KaiOS EAP-SIM TTLS] passpoint info: {"ant":2,"isInterworking":true,"internet":true,"hessid":0,"anqpOICount":0,"roamingConsortiums":[],"hsRelease":-1,"anqpDomainID":0}
04-01 17:52:43.168   607   607 I Gecko   : -*- WifiWorker component:  * WM-GFC 64:D1:54:18:E1:97 2422 721260753 1073 -6800 false
04-01 17:52:43.169   607   607 I Gecko   : -*- WifiWorker component:  * Cosmos_Office B0:7F:B9:C0:C9:60 2437 721260768 1297 -7500 false
04-01 17:52:43.170   607   607 I Gecko   : -*- WifiNetworkSelector: ==========start Network Selection==========
04-01 17:52:43.170   607   607 I Gecko   : -*- WifiNetworkSelector: Current connected network: QA-Lab ,ID is: 0
04-01 17:52:43.170   607   607 I Gecko   : -*- WifiNetworkSelector: Current network already sufficient. Skip network selection.
04-01 17:52:44.550   513   872 E WifiHAL : Invalid data received from driver
04-01 17:52:45.439   607   607 I Gecko   : console.log: "sendKeyEvent" "keydown" "ArrowRight"
04-01 17:52:45.440   607   607 I GeckoConsole: Content JS LOG: 
04-01 17:52:45.443   607   607 I GeckoDump: [system] [HardwareButtons] event type: keydown, key: ArrowRight, target: [object XULFrameElement], src: http://music.localhost/index.html, activeElement nodeName: browser, class: 
04-01 17:52:45.444   607   607 I GeckoDump: [system] [KeypadBacklightManager]set keyLightEnabled = true, keyLightBrightness = 50
04-01 17:52:45.445   607   607 I GeckoDump: [system] [HierarchyManager][1616492625.131] getting top most...,AppWindowManager
04-01 17:52:45.464  3453  3453 I FocusManager: << focus() called >>
04-01 17:52:45.464  3453  3453 I FocusManager:    trying to set focus on, tag: DIV, id: views-list, class: view
04-01 17:52:45.466  3453  3453 I FocusManager:    current focused element, tag: LI, id: list-first-item, class: list-item focusable
04-01 17:52:45.466  3453  3453 I FocusManager: <- blur on, tag: LI, id: list-first-item, class: list-item focusable
04-01 17:52:45.467  3453  3453 I FocusManager: -> focus is now on, tag: DIV, id: views-list, class: view
04-01 17:52:45.477  3453  3453 I Gecko   : [Event] event type: keydown, key: ArrowRight, target: [object HTMLLIElement], id: list-first-item, class: list-item focusable
04-01 17:52:45.480  3453  3453 I FocusManager: << blur() called or ClearFocus called >>
04-01 17:52:45.480  3453  3453 I FocusManager: <- blur on, tag: DIV, id: views-list, class: view
04-01 17:52:45.521  3453  3453 I FocusManager: << focus() called >>
04-01 17:52:45.521  3453  3453 I FocusManager:    trying to set focus on, tag: DIV, id: views-list, class: view
04-01 17:52:45.521  3453  3453 I FocusManager:    current focused element, NULL, tag: , id: , class: 
04-01 17:52:45.521  3453  3453 I FocusManager: <- blur on, NULL, tag: , id: , class: 
04-01 17:52:45.521  3453  3453 I FocusManager: -> focus is now on, tag: DIV, id: views-list, class: view
04-01 17:52:45.525  3453  3453 I FocusManager: << focus() called >>
04-01 17:52:45.525  3453  3453 I FocusManager:    trying to set focus on, tag: LI, id: list-first-item, class: list-item focusable
04-01 17:52:45.526  3453  3453 I FocusManager:    current focused element, tag: DIV, id: views-list, class: view
04-01 17:52:45.526  3453  3453 I FocusManager: <- blur on, tag: DIV, id: views-list, class: view
04-01 17:52:45.526  3453  3453 I FocusManager: -> focus is now on, tag: LI, id: list-first-item, class: list-item focusable
04-01 17:52:45.531   608  1060 I actix_web::middleware..: "GET /style/images/albumart_04.jpg HTTP/1.1" music.localhost 304 0 2.368750
04-01 17:52:45.585   607   607 I Gecko   : console.log: "sendKeyEvent" "keyup" "ArrowRight"
04-01 17:52:45.586   607   607 I GeckoConsole: Content JS LOG: 
04-01 17:52:45.587   607   607 I GeckoDump: [system] [HardwareButtons] event type: keyup, key: ArrowRight, target: [object XULFrameElement], src: http://music.localhost/index.html, activeElement nodeName: browser, class: 
04-01 17:52:45.591  3453  3453 I Gecko   : [Event] event type: keyup, key: ArrowRight, target: [object HTMLLIElement], id: list-first-item, class: list-item focusable
04-01 17:52:46.395   513   872 E WifiHAL : Invalid data received from driver
04-01 17:52:46.847   607   607 I Gecko   : console.log: "sendKeyEvent" "keydown" "ArrowRight"
04-01 17:52:46.847   607   607 I GeckoConsole: Content JS LOG: 
04-01 17:52:46.851   607   607 I GeckoDump: [system] [HardwareButtons] event type: keydown, key: ArrowRight, target: [object XULFrameElement], src: http://music.localhost/index.html, activeElement nodeName: browser, class: 
04-01 17:52:46.852   607   607 I GeckoDump: [system] [KeypadBacklightManager]set keyLightEnabled = true, keyLightBrightness = 50
04-01 17:52:46.853   607   607 I GeckoDump: [system] [HierarchyManager][1616492626.539] getting top most...,AppWindowManager
04-01 17:52:46.862  3453  3453 I FocusManager: << focus() called >>
04-01 17:52:46.862  3453  3453 I FocusManager:    trying to set focus on, tag: DIV, id: views-list, class: view
04-01 17:52:46.862  3453  3453 I FocusManager:    current focused element, tag: LI, id: list-first-item, class: list-item focusable
04-01 17:52:46.862  3453  3453 I FocusManager: <- blur on, tag: LI, id: list-first-item, class: list-item focusable
04-01 17:52:46.863  3453  3453 I FocusManager: -> focus is now on, tag: DIV, id: views-list, class: view
04-01 17:52:46.874  3453  3453 I Gecko   : [Event] event type: keydown, key: ArrowRight, target: [object HTMLLIElement], id: list-first-item, class: list-item focusable
04-01 17:52:46.877  3453  3453 I FocusManager: << blur() called or ClearFocus called >>
04-01 17:52:46.877  3453  3453 I FocusManager: <- blur on, tag: DIV, id: views-list, class: view
04-01 17:52:46.896   513   872 E WifiHAL : Invalid data received from driver
04-01 17:52:46.898   513   872 I chatty  : uid=1010 wifi@1.0-servic identical 10 lines
04-01 17:52:46.898   513   872 E WifiHAL : Invalid data received from driver
04-01 17:52:46.905  3453  3453 I FocusManager: << focus() called >>
04-01 17:52:46.905  3453  3453 I FocusManager:    trying to set focus on, tag: DIV, id: views-list, class: view
04-01 17:52:46.905  3453  3453 I FocusManager:    current focused element, NULL, tag: , id: , class: 
04-01 17:52:46.905  3453  3453 I FocusManager: <- blur on, NULL, tag: , id: , class: 
04-01 17:52:46.905  3453  3453 I FocusManager: -> focus is now on, tag: DIV, id: views-list, class: view
04-01 17:52:46.909  3453  3453 I FocusManager: << focus() called >>
04-01 17:52:46.909  3453  3453 I FocusManager:    trying to set focus on, tag: LI, id: list-first-item, class: list-item focusable
04-01 17:52:46.909  3453  3453 I FocusManager:    current focused element, tag: DIV, id: views-list, class: view
04-01 17:52:46.909  3453  3453 I FocusManager: <- blur on, tag: DIV, id: views-list, class: view
04-01 17:52:46.909  3453  3453 I FocusManager: -> focus is now on, tag: LI, id: list-first-item, class: list-item focusable
04-01 17:52:46.990   607   607 I Gecko   : console.log: "sendKeyEvent" "keyup" "ArrowRight"
04-01 17:52:46.990   607   607 I GeckoConsole: Content JS LOG: 
04-01 17:52:46.992   607   607 I GeckoDump: [system] [HardwareButtons] event type: keyup, key: ArrowRight, target: [object XULFrameElement], src: http://music.localhost/index.html, activeElement nodeName: browser, class: 
04-01 17:52:46.994  3453  3453 I Gecko   : [Event] event type: keyup, key: ArrowRight, target: [object HTMLLIElement], id: list-first-item, class: list-item focusable
04-01 17:52:48.246   607   607 I Gecko   : console.log: "sendKeyEvent" "keydown" "ArrowRight"
04-01 17:52:48.246   607   607 I GeckoConsole: Content JS LOG: 
04-01 17:52:48.249   607   607 I GeckoDump: [system] [HardwareButtons] event type: keydown, key: ArrowRight, target: [object XULFrameElement], src: http://music.localhost/index.html, activeElement nodeName: browser, class: 
04-01 17:52:48.250   607   607 I GeckoDump: [system] [KeypadBacklightManager]set keyLightEnabled = true, keyLightBrightness = 50
04-01 17:52:48.251   607   607 I GeckoDump: [system] [HierarchyManager][1616492627.937] getting top most...,AppWindowManager
04-01 17:52:48.259  3453  3453 I FocusManager: << focus() called >>
04-01 17:52:48.259  3453  3453 I FocusManager:    trying to set focus on, tag: DIV, id: views-list, class: view
04-01 17:52:48.259  3453  3453 I FocusManager:    current focused element, tag: LI, id: list-first-item, class: list-item focusable
04-01 17:52:48.260  3453  3453 I FocusManager: <- blur on, tag: LI, id: list-first-item, class: list-item focusable
04-01 17:52:48.260  3453  3453 I FocusManager: -> focus is now on, tag: DIV, id: views-list, class: view
04-01 17:52:48.265  3453  3453 I Gecko   : WebViewChild: 
04-01 17:52:48.265  3453  3453 I Gecko   : Got metaChanged: (og:kaios:softkeyinfo) SoftLeft: Player, Enter: icon=play, SoftRight: Options 
04-01 17:52:48.265  3453  3453 I Gecko   : 
04-01 17:52:48.267   607   607 I GeckoDump: [system] [AppWindow][Music][AppWindow_19][1616492627.953]  Handling mozbrowsermetachange event...
04-01 17:52:48.268   607   607 I GeckoDump: [system] [HierarchyManager][1616492627.953] getting top most...,AppWindowManager
04-01 17:52:48.270  3453  3453 I Gecko   : [Event] event type: keydown, key: ArrowRight, target: [object HTMLLIElement], id: list-first-item, class: list-item focusable
04-01 17:52:48.272  3453  3453 I FocusManager: << blur() called or ClearFocus called >>
04-01 17:52:48.273  3453  3453 I FocusManager: <- blur on, tag: DIV, id: views-list, class: view
04-01 17:52:48.307  3453  3453 I FocusManager: << focus() called >>
04-01 17:52:48.307  3453  3453 I FocusManager:    trying to set focus on, tag: DIV, id: views-list, class: view
04-01 17:52:48.307  3453  3453 I FocusManager:    current focused element, NULL, tag: , id: , class: 
04-01 17:52:48.307  3453  3453 I FocusManager: <- blur on, NULL, tag: , id: , class: 
04-01 17:52:48.307  3453  3453 I FocusManager: -> focus is now on, tag: DIV, id: views-list, class: view
04-01 17:52:48.312  3453  3453 I FocusManager: << focus() called >>
04-01 17:52:48.312  3453  3453 I FocusManager:    trying to set focus on, tag: LI, id: list-first-item, class: list-item focusable
04-01 17:52:48.312  3453  3453 I FocusManager:    current focused element, tag: DIV, id: views-list, class: view
04-01 17:52:48.312  3453  3453 I FocusManager: <- blur on, tag: DIV, id: views-list, class: view
04-01 17:52:48.313  3453  3453 I FocusManager: -> focus is now on, tag: LI, id: list-first-item, class: list-item focusable
04-01 17:52:48.389   607   607 I Gecko   : console.log: "sendKeyEvent" "keyup" "ArrowRight"
04-01 17:52:48.389   607   607 I GeckoConsole: Content JS LOG: 
04-01 17:52:48.391   607   607 I GeckoDump: [system] [HardwareButtons] event type: keyup, key: ArrowRight, target: [object XULFrameElement], src: http://music.localhost/index.html, activeElement nodeName: browser, class: 
04-01 17:52:48.394  3453  3453 I Gecko   : [Event] event type: keyup, key: ArrowRight, target: [object HTMLLIElement], id: list-first-item, class: list-item focusable
04-01 17:52:48.749   513   872 E WifiHAL : Invalid data received from driver
04-01 17:52:49.616   513   872 E WifiHAL : Invalid data received from driver
04-01 17:52:49.678   607   607 I Gecko   : console.log: "sendKeyEvent" "keydown" "Enter"
04-01 17:52:49.679   607   607 I GeckoConsole: Content JS LOG: 
04-01 17:52:49.681   607   607 I GeckoDump: [system] [HardwareButtons] event type: keydown, key: Enter, target: [object XULFrameElement], src: http://music.localhost/index.html, activeElement nodeName: browser, class: 
04-01 17:52:49.683   607   607 I GeckoDump: [system] [KeypadBacklightManager]set keyLightEnabled = true, keyLightBrightness = 50
04-01 17:52:49.684   607   607 I GeckoDump: [system] [HierarchyManager][1616492629.370] getting top most...,AppWindowManager
04-01 17:52:49.687  3453  3453 I Gecko   : WebViewChild: 
04-01 17:52:49.687  3453  3453 I Gecko   : Got metaChanged: (theme-color)  
04-01 17:52:49.687  3453  3453 I Gecko   : 
04-01 17:52:49.690   607   607 I GeckoDump: [system] [AppWindow][Music][AppWindow_19][1616492629.376]  Handling mozbrowsermetachange event...
04-01 17:52:49.691   607   607 I GeckoDump: [system] [AppWindow][Music][AppWindow_19][1616492629.377] publishing internal event: themecolorchange
04-01 17:52:49.691   607   607 I GeckoDump: [system] [AppWindow][Music][AppWindow_19][1616492629.377] publishing external event: appthemecolorchange
04-01 17:52:49.692   607   607 I GeckoDump: [system] [AppWindow][Music][AppWindow_19][1616492629.378] publishing internal event: titlestatechanged
04-01 17:52:49.693   607   607 I GeckoDump: [system] [AppWindow][Music][AppWindow_19][1616492629.379] publishing external event: apptitlestatechanged
04-01 17:52:49.693   607   607 I GeckoDump: [system] [HierarchyManager][1616492629.379] getting top most...,AppWindowManager
04-01 17:52:49.704  3453  3453 I Gecko   : [Event] event type: keydown, key: Enter, target: [object HTMLLIElement], id: list-first-item, class: list-item focusable
04-01 17:52:49.705  3453  3453 I FocusManager: << focus() called >>
04-01 17:52:49.705  3453  3453 I FocusManager:    trying to set focus on, tag: DIV, id: views-player, class: view
04-01 17:52:49.705  3453  3453 I FocusManager:    current focused element, tag: LI, id: list-first-item, class: list-item focusable
04-01 17:52:49.705  3453  3453 I FocusManager: <- blur on, tag: LI, id: list-first-item, class: list-item focusable
04-01 17:52:49.706  3453  3453 I FocusManager: -> focus is now on, tag: DIV, id: views-player, class: view
04-01 17:52:49.708   608  1060 I actix_web::middleware..: "GET /js/ui/views/player_view.js HTTP/1.1" music.localhost 304 0 1.382448
04-01 17:52:49.767   608  3560 I devicecapability_serv..: config get name:device.key.volume val: {"default":false,"method":"preference"}
04-01 17:52:49.768  3453  3453 I Gecko   : WebViewChild: 
04-01 17:52:49.768  3453  3453 I Gecko   : Got metaChanged: (og:kaios:softkeyinfo) SoftLeft: Library, Enter: icon=play, SoftRight: Options 
04-01 17:52:49.768  3453  3453 I Gecko   : 
04-01 17:52:49.772   607   607 I GeckoDump: [system] [AppWindow][Music][AppWindow_19][1616492629.458]  Handling mozbrowsermetachange event...
04-01 17:52:49.773   607   607 I GeckoDump: [system] [HierarchyManager][1616492629.459] getting top most...,AppWindowManager
04-01 17:52:49.819   607   607 I Gecko   : console.log: "sendKeyEvent" "keyup" "Enter"
04-01 17:52:49.820   607   607 I GeckoConsole: Content JS LOG: 
04-01 17:52:49.821   607   607 I GeckoDump: [system] [HardwareButtons] event type: keyup, key: Enter, target: [object XULFrameElement], src: http://music.localhost/index.html, activeElement nodeName: browser, class: 
04-01 17:52:49.822   607   607 I GeckoDump: [system] [HierarchyManager][1616492629.508] enter
04-01 17:52:49.823   607   607 I GeckoDump: [system] [HierarchyManager][1616492629.509] handover enter to AppWindowManager
04-01 17:52:49.826   607   607 I Gecko   : -*- ContentPermissionPrompt: prompt request.types[0]: device-storage:music:read http://music.localhost
04-01 17:52:49.827   607   607 I Gecko   : -*- ContentPermissionPrompt: all permissions in the request are allowed.
04-01 17:52:49.827  3453  3453 I Gecko   : [Event] event type: keyup, key: Enter, target: [object HTMLDivElement], id: views-player, class: view
04-01 17:52:49.835  3453  3453 I Gecko   : WebViewChild: 
04-01 17:52:49.835  3453  3453 I Gecko   : Got metaChanged: (og:kaios:softkeyinfo) SoftLeft: Library, Enter: icon=pause, SoftRight: Options 
04-01 17:52:49.835  3453  3453 I Gecko   : 
04-01 17:52:49.835   607   607 I GeckoDump: [system] [AudioChannelService][1616492629.521] handling audiochannelstatechanged
04-01 17:52:49.835   607   607 I GeckoDump: [system] [AudioChannelService][1616492629.521] Audio channel state is true
04-01 17:52:49.836   607   607 I GeckoDump: [system] [AudioChannelPolicy][1616492629.522] Policy for AppWindow_19_content: {"isAllowedToPlay":true,"isNeededToFadeOut":false}
04-01 17:52:49.837   607   607 I GeckoDump: [system] [AudioChannelService][1616492629.523] Playing AppWindow_19_content
04-01 17:52:49.838   607   607 I GeckoDump: [system] [AudioChannelService][1616492629.524] publishing: visibleaudiochannelchanged
04-01 17:52:49.839   607   607 I GeckoDump: [system] [AudioChannelService][1616492629.524] publishing: audiochannelchanged
04-01 17:52:49.842   607   607 I Gecko   : console.warn: "L10nError: \"2/15\" not found in en-US in chrome://system/content/index.html"
04-01 17:52:49.843   607   607 W GeckoConsole: Content JS WARN: 
04-01 17:52:49.863   607   607 I GeckoDump: [system] [AppWindow][Music][AppWindow_19][1616492629.548]  Handling mozbrowsermetachange event...
04-01 17:52:49.863   607   607 I GeckoDump: [system] [HierarchyManager][1616492629.549] getting top most...,AppWindowManager
04-01 17:52:49.865   607   607 I FocusManager: << focus() called >>
04-01 17:52:49.865   607   607 I FocusManager:    trying to set focus on, tag: browser, id: systemapp, class: 
04-01 17:52:49.865   607   607 I FocusManager: Warning: element is already focused.
04-01 17:52:49.869  3453  3551 E /system/b2g/b2g: Failed to get IAshmemDeviceService.
04-01 17:52:49.874   607   607 I GeckoDump: [system] [AppWindow][Music][AppWindow_19][1616492629.560] Play the audio channel.
04-01 17:52:49.875   607   607 I GeckoDump: [system] [AppWindow][Music][AppWindow_19][1616492629.560] Set volume: 1
04-01 17:52:49.937   608  1060 I actix_web::middleware..: "GET /style/images/albumart_04.jpg HTTP/1.1" music.localhost 304 0 1.586146
04-01 17:52:49.961   607   607 I GeckoBluetooth: SendMetaData: title: New Recording_1, duration: 10237
04-01 17:52:50.069  3453  3561 E libOpenSLES: CEngine_Realize: binding to audio service failed, service up?
04-01 17:52:50.070   607  3455 E Sandbox : SandboxBroker: denied op=open rflags=2400000 perms=0 path=/dev/cgroup_info/cgroup.rc for pid=3453
04-01 17:52:50.070  3453  3570 E /system/b2g/b2g: open() failed for /dev/cgroup_info/cgroup.rc: Permission denied
04-01 17:52:50.071  3453  3570 E libprocessgroup: CgroupMap::LoadRcFile called for [3453] failed
04-01 17:52:50.073   520   889 W AudioFlinger: no wake lock to update, system not ready yet
04-01 17:52:50.073   520   897 W AudioFlinger: no wake lock to update, system not ready yet
04-01 17:52:50.073  3453  3561 D         : PlayerBase::PlayerBase()
04-01 17:52:50.073   520   892 W AudioFlinger: no wake lock to update, system not ready yet
04-01 17:52:50.074   520   893 W AudioFlinger: no wake lock to update, system not ready yet
04-01 17:52:50.074  3453  3561 E         : PlayerBase(): binding to audio service failed, service up?
04-01 17:52:50.074  3453  3561 D         : TrackPlayerBase::TrackPlayerBase()
04-01 17:52:50.075  3453  3561 I libOpenSLES: Emulating old channel mask behavior (ignoring positional mask 0x3, using default mask 0x3 based on channel count of 2)
04-01 17:52:50.079  3453  3570 E libprocessgroup: CgroupMap::FindController called for [3453] failed, RC file was not initialized properly
04-01 17:52:50.079  3453  3570 W libprocessgroup: Controller cpuset is not found
04-01 17:52:50.079  3453  3570 E libprocessgroup: CgroupMap::FindController called for [3453] failed, RC file was not initialized properly
04-01 17:52:50.079  3453  3570 W libprocessgroup: Controller cpuset is not found
04-01 17:52:50.079  3453  3570 E libprocessgroup: CgroupMap::FindController called for [3453] failed, RC file was not initialized properly
04-01 17:52:50.079  3453  3570 W libprocessgroup: Controller cpuset is not found
04-01 17:52:50.080  3453  3570 E libprocessgroup: CgroupMap::FindController called for [3453] failed, RC file was not initialized properly
04-01 17:52:50.080  3453  3570 W libprocessgroup: Controller cpuset is not found
04-01 17:52:50.080  3453  3570 E libprocessgroup: CgroupMap::FindController called for [3453] failed, RC file was not initialized properly
04-01 17:52:50.080  3453  3570 W libprocessgroup: Controller memory is not found
04-01 17:52:50.080  3453  3570 E libprocessgroup: CgroupMap::FindController called for [3453] failed, RC file was not initialized properly
04-01 17:52:50.080  3453  3570 W libprocessgroup: Controller memory is not found
04-01 17:52:50.080  3453  3570 E libprocessgroup: CgroupMap::FindController called for [3453] failed, RC file was not initialized properly
04-01 17:52:50.080  3453  3570 W libprocessgroup: Controller memory is not found
04-01 17:52:50.080  3453  3570 E libprocessgroup: CgroupMap::FindController called for [3453] failed, RC file was not initialized properly
04-01 17:52:50.080  3453  3570 W libprocessgroup: Controller schedtune is not found
04-01 17:52:50.080  3453  3570 E libprocessgroup: CgroupMap::FindController called for [3453] failed, RC file was not initialized properly
04-01 17:52:50.080  3453  3570 W libprocessgroup: Controller schedtune is not found
04-01 17:52:50.080  3453  3570 E libprocessgroup: CgroupMap::FindController called for [3453] failed, RC file was not initialized properly
04-01 17:52:50.080  3453  3570 W libprocessgroup: Controller cpu is not found
04-01 17:52:50.080  3453  3570 E libprocessgroup: CgroupMap::FindController called for [3453] failed, RC file was not initialized properly
04-01 17:52:50.080  3453  3570 W libprocessgroup: Controller cpu is not found
04-01 17:52:50.080  3453  3570 E libprocessgroup: CgroupMap::FindController called for [3453] failed, RC file was not initialized properly
04-01 17:52:50.080  3453  3570 W libprocessgroup: JoinCgroup: controller schedtune is not found
04-01 17:52:50.080  3453  3570 E libprocessgroup: CgroupMap::FindController called for [3453] failed, RC file was not initialized properly
04-01 17:52:50.080  3453  3570 W libprocessgroup: JoinCgroup: controller schedtune is not found
04-01 17:52:50.081  3453  3570 E libprocessgroup: CgroupMap::FindController called for [3453] failed, RC file was not initialized properly
04-01 17:52:50.081  3453  3570 W libprocessgroup: JoinCgroup: controller schedtune is not found
04-01 17:52:50.081  3453  3570 E libprocessgroup: CgroupMap::FindController called for [3453] failed, RC file was not initialized properly
04-01 17:52:50.081  3453  3570 W libprocessgroup: JoinCgroup: controller schedtune is not found
04-01 17:52:50.081  3453  3570 E libprocessgroup: CgroupMap::FindController called for [3453] failed, RC file was not initialized properly
04-01 17:52:50.081  3453  3570 W libprocessgroup: JoinCgroup: controller schedtune is not found
04-01 17:52:50.081  3453  3570 E libprocessgroup: CgroupMap::FindController called for [3453] failed, RC file was not initialized properly
04-01 17:52:50.081  3453  3570 W libprocessgroup: JoinCgroup: controller schedtune is not found
04-01 17:52:50.081  3453  3570 W libprocessgroup: SetAttribute: unknown attribute: STunePreferIdle
04-01 17:52:50.081  3453  3570 W libprocessgroup: SetAttribute: unknown attribute: STunePreferIdle
04-01 17:52:50.081  3453  3570 E libprocessgroup: CgroupMap::FindController called for [3453] failed, RC file was not initialized properly
04-01 17:52:50.081  3453  3570 W libprocessgroup: JoinCgroup: controller cpuset is not found
04-01 17:52:50.081  3453  3570 E libprocessgroup: CgroupMap::FindController called for [3453] failed, RC file was not initialized properly
04-01 17:52:50.081  3453  3570 W libprocessgroup: JoinCgroup: controller cpuset is not found
04-01 17:52:50.081  3453  3570 E libprocessgroup: CgroupMap::FindController called for [3453] failed, RC file was not initialized properly
04-01 17:52:50.081  3453  3570 W libprocessgroup: JoinCgroup: controller cpuset is not found
04-01 17:52:50.081  3453  3570 E libprocessgroup: CgroupMap::FindController called for [3453] failed, RC file was not initialized properly
04-01 17:52:50.081  3453  3570 W libprocessgroup: JoinCgroup: controller cpuset is not found
04-01 17:52:50.081  3453  3570 E libprocessgroup: CgroupMap::FindController called for [3453] failed, RC file was not initialized properly
04-01 17:52:50.081  3453  3570 W libprocessgroup: JoinCgroup: controller cpuset is not found
04-01 17:52:50.081  3453  3570 E libprocessgroup: CgroupMap::FindController called for [3453] failed, RC file was not initialized properly
04-01 17:52:50.081  3453  3570 W libprocessgroup: JoinCgroup: controller cpuset is not found
04-01 17:52:50.081  3453  3570 E libprocessgroup: CgroupMap::FindController called for [3453] failed, RC file was not initialized properly
04-01 17:52:50.081  3453  3570 W libprocessgroup: JoinCgroup: controller cpuset is not found
04-01 17:52:50.081  3453  3570 E libprocessgroup: CgroupMap::FindController called for [3453] failed, RC file was not initialized properly
04-01 17:52:50.081  3453  3570 W libprocessgroup: JoinCgroup: controller cpuset is not found
04-01 17:52:50.082  3453  3570 E libprocessgroup: CgroupMap::FindController called for [3453] failed, RC file was not initialized properly
04-01 17:52:50.082  3453  3570 W libprocessgroup: JoinCgroup: controller cpuset is not found
04-01 17:52:50.082   520   836 W ServiceUtilities: retreivePackageManager: failed to retrieve native package manager
04-01 17:52:50.082  3453  3570 E libprocessgroup: CgroupMap::FindController called for [3453] failed, RC file was not initialized properly
04-01 17:52:50.082   520   836 W ServiceUtilities: doIsAllowed: Playback capture is denied as package manager is not reachable
04-01 17:52:50.082  3453  3570 W libprocessgroup: JoinCgroup: controller cpuset is not found
04-01 17:52:50.082  3453  3570 E libprocessgroup: CgroupMap::FindController called for [3453] failed, RC file was not initialized properly
04-01 17:52:50.082  3453  3570 W libprocessgroup: JoinCgroup: controller cpuset is not found
04-01 17:52:50.082  3453  3570 E libprocessgroup: CgroupMap::FindController called for [3453] failed, RC file was not initialized properly
04-01 17:52:50.082  3453  3570 W libprocessgroup: JoinCgroup: controller cpuset is not found
04-01 17:52:50.082  3453  3570 E libprocessgroup: CgroupMap::FindController called for [3453] failed, RC file was not initialized properly
04-01 17:52:50.082  3453  3570 W libprocessgroup: JoinCgroup: controller cpuset is not found
04-01 17:52:50.082  3453  3570 E libprocessgroup: CgroupMap::FindController called for [3453] failed, RC file was not initialized properly
04-01 17:52:50.082  3453  3570 W libprocessgroup: JoinCgroup: controller cpuset is not found
04-01 17:52:50.082  3453  3570 E libprocessgroup: CgroupMap::FindController called for [3453] failed, RC file was not initialized properly
04-01 17:52:50.082  3453  3570 W libprocessgroup: JoinCgroup: controller cpuset is not found
04-01 17:52:50.082  3453  3570 E libprocessgroup: CgroupMap::FindController called for [3453] failed, RC file was not initialized properly
04-01 17:52:50.082   500   545 D audio_hw_primary: adev_get_parameters:vr_audio_mode_on
04-01 17:52:50.082   500   545 I audio_hw_primary: getting vr mode to 0
04-01 17:52:50.082   500   545 D audio_hw_primary: adev_get_parameters: exit: returns - vr_audio_mode_on=false
04-01 17:52:50.082  3453  3570 W libprocessgroup: JoinCgroup: controller blkio is not found
04-01 17:52:50.083  3453  3570 E libprocessgroup: CgroupMap::FindController called for [3453] failed, RC file was not initialized properly
04-01 17:52:50.083  3453  3570 W libprocessgroup: JoinCgroup: controller blkio is not found
04-01 17:52:50.083  3453  3570 E libprocessgroup: CgroupMap::FindController called for [3453] failed, RC file was not initialized properly
04-01 17:52:50.083  3453  3570 W libprocessgroup: JoinCgroup: controller blkio is not found
04-01 17:52:50.083  3453  3570 E libprocessgroup: CgroupMap::FindController called for [3453] failed, RC file was not initialized properly
04-01 17:52:50.083  3453  3570 W libprocessgroup: JoinCgroup: controller blkio is not found
04-01 17:52:50.083  3453  3570 E libprocessgroup: CgroupMap::FindController called for [3453] failed, RC file was not initialized properly
04-01 17:52:50.083  3453  3570 W libprocessgroup: JoinCgroup: controller blkio is not found
04-01 17:52:50.083  3453  3570 E libprocessgroup: CgroupMap::FindController called for [3453] failed, RC file was not initialized properly
04-01 17:52:50.083  3453  3570 W libprocessgroup: JoinCgroup: controller blkio is not found
04-01 17:52:50.083  3453  3570 W libprocessgroup: SetAttribute: unknown attribute: MemSoftLimit
04-01 17:52:50.083  3453  3570 W libprocessgroup: SetAttribute: unknown attribute: MemSwappiness
04-01 17:52:50.083  3453  3570 W libprocessgroup: SetAttribute: unknown attribute: MemSoftLimit
04-01 17:52:50.083  3453  3570 W libprocessgroup: SetAttribute: unknown attribute: MemSwappiness
04-01 17:52:50.083  3453  3570 E libprocessgroup: CgroupMap::FindController called for [3453] failed, RC file was not initialized properly
04-01 17:52:50.083  3453  3570 W libprocessgroup: JoinCgroup: controller memory is not found
04-01 17:52:50.083   520   836 I AudioPolicyManagerCustom: VR mode is 0, switch to primary output if request is for fast|raw
04-01 17:52:50.085   520   836 D AudioFlinger: Client defaulted notificationFrames to 1922 for frameCount 3844
04-01 17:52:50.085   607  3455 E Sandbox : SandboxBroker: denied op=access rflags=0 perms=0 path=/vendor/etc/task_profiles.json for pid=3453
04-01 17:52:50.086   607  3455 E Sandbox : SandboxBroker: denied op=access rflags=2 perms=0 path=/proc/3570/timerslack_ns for pid=3453
04-01 17:52:50.086   520   836 D AF::TrackHandle: OpPlayAudio: track:78 usage:1 not muted
04-01 17:52:50.088  3453  3561 E         : AudioPlayer realize: no audio service, player will not be registered
04-01 17:52:50.088  3453  3561 E libOpenSLES: Configuration error: unknown key
04-01 17:52:50.088  3453  3561 W libOpenSLES: Leaving AndroidConfiguration::GetConfiguration (SL_RESULT_PARAMETER_INVALID)
04-01 17:52:50.089   520   810 W AudioFlinger: moveEffectChain_l() effect chain for session 0 not on source thread 0xaf7a0cc0
04-01 17:52:50.092   520   893 W AudioFlinger: no wake lock to update, system not ready yet
04-01 17:52:50.093   520   893 W BatteryNotifier: batterystats service unavailable!
04-01 17:52:50.094   500   498 D audio_hw_primary: start_output_stream: enter: stream(0xa813d000)usecase(0: deep-buffer-playback) devices(0x4)
04-01 17:52:50.096   500   498 E ANDR-PERF: IPerf:: Perf HAL Service is not available.
04-01 17:52:50.096   500   498 E audio_hw_extn: audio_extn_perf_lock_acquire: Failed to acquire perf lock, err: -1
04-01 17:52:50.096   500   498 D audio_hw_primary: select_devices for use case (deep-buffer-playback)
04-01 17:52:50.096   500   498 D audio_hw_extn: audio_extn_get_anc_enabled: anc_enabled:0
04-01 17:52:50.096   500   498 D audio_hw_primary: select_devices: out_snd_device(9: headphones) in_snd_device(0: )
04-01 17:52:50.096   500   498 I msm8916_platform: platform_check_and_set_codec_backend_cfg:becf: afe: bitwidth 16, samplerate 48000 channels 2, backend_idx 0 usecase = 0 device (headphones)
04-01 17:52:50.096   500   498 D msm8916_platform: platform_split_snd_device: snd_device(9) num devices(1) new_snd_devices(0)
04-01 17:52:50.096   500   498 I msm8916_platform: platform_check_and_set_codec_backend_cfg: becf: new_snd_devices[0] is headphones
04-01 17:52:50.096   500   498 I msm8916_platform: platform_check_codec_backend_cfg:becf: afe: Codec selected backend: 0 current bit width: 16 sample rate: 48000 channels: 2 usecase 0 device (headphones)
04-01 17:52:50.096   500   498 D msm8916_platform: platform_check_codec_backend_cfg:becf: afe: napb not active - set non fractional rate
04-01 17:52:50.096   500   498 D msm8916_platform: platform_check_codec_backend_cfg:becf: afe: only 48KHZ sample rate is supported Configure afe to default Sample Rate(48k)
04-01 17:52:50.096   500   498 I msm8916_platform: platform_check_codec_backend_cfg:becf: afe: Codec selected backend: 0 updated bit width: 16 sample rate: 48000 channels: 2
04-01 17:52:50.096   500   498 E audio_route: unable to find path 'hph-lowpower-mode'
04-01 17:52:50.096   500   498 D audio_hw_primary: check_usecases_codec_backend:becf: force routing 0
04-01 17:52:50.096   500   498 E msm8916_platform: platform_check_backends_match: Invalid snd_device = 
04-01 17:52:50.096   500   498 D audio_hw_primary: check_usecases_codec_backend:becf: (63) check_usecases curr device: headphones, usecase device: backends match 0
04-01 17:52:50.096   500   498 D audio_hw_primary: check_usecases_codec_backend:becf: check_usecases num.of Usecases to switch 0
04-01 17:52:50.096   500   498 D hardware_info: hw_info_append_hw_type : device_name = headphones
04-01 17:52:50.096   500   498 D msm8916_platform: platform_split_snd_device: snd_device(9) num devices(0) new_snd_devices(0)
04-01 17:52:50.096   500   498 D audio_hw_primary: enable_snd_device: snd_device(9: headphones)
04-01 17:52:50.096   500   498 I soundtrigger: audio_extn_sound_trigger_update_device_status: device 0x9 of type 0 for Event 1, with Raise=0
04-01 17:52:50.096   500   498 D audio_route: Apply path: headphones
