04-01 17:47:08.041   877   877 D wpa_supplicant: nl80211: Register frame type=0xd0 (WLAN_FC_STYPE_ACTION) nl_handle=0xb051b228 match=0409506f9a09
04-01 17:47:08.041   877   877 D wpa_supplicant: nl80211: Register frame type=0xd0 (WLAN_FC_STYPE_ACTION) nl_handle=0xb051b228 match=7f506f9a09
04-01 17:47:08.041   877   877 D wpa_supplicant: nl80211: Register frame type=0xd0 (WLAN_FC_STYPE_ACTION) nl_handle=0xb051b228 match=0409506f9a1a
04-01 17:47:08.041   877   877 D wpa_supplicant: nl80211: Register frame type=0xd0 (WLAN_FC_STYPE_ACTION) nl_handle=0xb051b228 match=0801
04-01 17:47:08.041   877   877 D wpa_supplicant: nl80211: Register frame type=0xd0 (WLAN_FC_STYPE_ACTION) nl_handle=0xb051b228 match=040e
04-01 17:47:08.041   877   877 D wpa_supplicant: nl80211: Register frame type=0xd0 (WLAN_FC_STYPE_ACTION) nl_handle=0xb051b228 match=12
04-01 17:47:08.041   877   877 D wpa_supplicant: nl80211: Register frame type=0xd0 (WLAN_FC_STYPE_ACTION) nl_handle=0xb051b228 match=06
04-01 17:47:08.041   877   877 D wpa_supplicant: nl80211: Register frame type=0xd0 (WLAN_FC_STYPE_ACTION) nl_handle=0xb051b228 match=0a07
04-01 17:47:08.041   877   877 D wpa_supplicant: nl80211: Register frame type=0xd0 (WLAN_FC_STYPE_ACTION) nl_handle=0xb051b228 match=0a11
04-01 17:47:08.042   877   877 D wpa_supplicant: nl80211: Register frame type=0xd0 (WLAN_FC_STYPE_ACTION) nl_handle=0xb051b228 match=0a0b
04-01 17:47:08.042   877   877 D wpa_supplicant: nl80211: Register frame type=0xd0 (WLAN_FC_STYPE_ACTION) nl_handle=0xb051b228 match=0a1a
04-01 17:47:08.042   877   877 D wpa_supplicant: nl80211: Register frame type=0xd0 (WLAN_FC_STYPE_ACTION) nl_handle=0xb051b228 match=1101
04-01 17:47:08.042   877   877 D wpa_supplicant: nl80211: Register frame type=0xd0 (WLAN_FC_STYPE_ACTION) nl_handle=0xb051b228 match=1102
04-01 17:47:08.042   877   877 D wpa_supplicant: nl80211: Register frame type=0xd0 (WLAN_FC_STYPE_ACTION) nl_handle=0xb051b228 match=0505
04-01 17:47:08.043   877   877 D wpa_supplicant: nl80211: Key management set PSK
04-01 17:47:08.043   877   877 D wpa_supplicant: nl80211: Connect (ifindex=30)
04-01 17:47:08.043   877   877 D wpa_supplicant:   * bssid_hint=a8:5e:45:09:37:70
04-01 17:47:08.043   877   877 D wpa_supplicant:   * freq_hint=2432
04-01 17:47:08.043   877   877 D wpa_supplicant:   * SSID=QA-Lab
04-01 17:47:08.043   877   877 D wpa_supplicant:   * IEs - hexdump(len=40): 30 14 01 00 00 0f ac 04 01 00 00 0f ac 04 01 00 00 0f ac 02 80 00 7f 0a 00 00 0a 02 00 40 00 00 ...
04-01 17:47:08.043   877   877 D wpa_supplicant:   * WPA Versions 0x2
04-01 17:47:08.043   877   877 D wpa_supplicant:   * pairwise=0xfac04
04-01 17:47:08.043   877   877 D wpa_supplicant:   * group=0xfac04
04-01 17:47:08.043   877   877 D wpa_supplicant:   * akm=0xfac02
04-01 17:47:08.043   877   877 D wpa_supplicant:   * Auth Type 0
04-01 17:47:08.043   513   872 E WifiHAL : Invalid data received from driver
04-01 17:47:08.044   513   872 I chatty  : uid=1010 wifi@1.0-servic identical 2 lines
04-01 17:47:08.044   513   872 E WifiHAL : Invalid data received from driver
04-01 17:47:08.045   877   877 D wpa_supplicant: nl80211: Connect request send successfully
04-01 17:47:08.045   877   877 D wpa_supplicant: wlan0: Setting authentication timeout: 10 sec 0 usec
04-01 17:47:08.045   877   877 D wpa_supplicant: EAPOL: External notification - EAP success=0
04-01 17:47:08.045   877   877 D wpa_supplicant: EAPOL: External notification - EAP fail=0
04-01 17:47:08.045   877   877 D wpa_supplicant: EAPOL: External notification - portControl=Auto
04-01 17:47:08.045   877   877 E wpa_supplicant: eap_proxy: eap_proxy_notify_config
04-01 17:47:08.045   877   877 E wpa_supplicant: eap_proxy: eap_proxy_allowed_method
04-01 17:47:08.055   513   872 E WifiHAL : Invalid data received from driver
04-01 17:47:08.059   513   872 I chatty  : uid=1010 wifi@1.0-servic identical 3 lines
04-01 17:47:08.059   513   872 E WifiHAL : Invalid data received from driver
04-01 17:47:08.073   608  1078 I common  : Checking event service #1 object #0 event #0 : false
04-01 17:47:08.073   608  1078 I chatty  : uid=0(root) /data/local/service/api-daemon/api-daemon identical 1 line
04-01 17:47:08.073   608  1078 I common  : Checking event service #1 object #0 event #0 : false
04-01 17:47:08.073   608  1078 I common  : Checking event service #2 object #0 event #0 : false
04-01 17:47:08.073   608  1078 I common  : Checking event service #1 object #0 event #0 : false
04-01 17:47:08.073   608  1078 I chatty  : uid=0(root) /data/local/service/api-daemon/api-daemon identical 1 line
04-01 17:47:08.073   608  1078 I common  : Checking event service #1 object #0 event #0 : false
04-01 17:47:08.080   428   428 I Gecko   : console.log: "[settings] settings_db_cache getSetting success:\"00:0A:F5:A9:2F:20\""
04-01 17:47:08.081   428   428 I Web Content: Content JS LOG: 
04-01 17:47:08.083   513   872 E WifiHAL : Invalid data received from driver
04-01 17:47:08.085   428   428 I Gecko   : console.log: "[settings] settings_db_cache saveSettings success:{}"
04-01 17:47:08.086   428   428 I Web Content: Content JS LOG: 
04-01 17:47:08.112   513   872 E WifiHAL : Invalid data received from driver
04-01 17:47:08.158   513   872 I chatty  : uid=1010 wifi@1.0-servic identical 12 lines
04-01 17:47:08.158   513   872 E WifiHAL : Invalid data received from driver
04-01 17:47:08.158   877   877 D wpa_supplicant: RTM_NEWLINK: ifi_index=30 ifname=wlan0 wext ifi_family=0 ifi_flags=0x1003 ([UP])
04-01 17:47:08.159   877   877 D wpa_supplicant: RTM_NEWLINK: ifi_index=30 ifname=wlan0 wext ifi_family=0 ifi_flags=0x1003 ([UP])
04-01 17:47:08.159   877   877 D wpa_supplicant: RTM_NEWLINK: ifi_index=30 ifname=wlan0 operstate=5 linkmode=1 ifi_family=0 ifi_flags=0x11003 ([UP][LOWER_UP])
04-01 17:47:08.159   877   877 D wpa_supplicant: nl80211: Drv Event 46 (NL80211_CMD_CONNECT) received for wlan0
04-01 17:47:08.159   877   877 D wpa_supplicant: nl80211: Connect event (status=0 ignore_next_local_disconnect=0)
04-01 17:47:08.159   877   877 D wpa_supplicant: nl80211: Associated on 2432 MHz
04-01 17:47:08.159   877   877 D wpa_supplicant: nl80211: Associated with a8:5e:45:09:37:70
04-01 17:47:08.160   877   877 D wpa_supplicant: nl80211: Operating frequency for the associated BSS from scan results: 2432 MHz
04-01 17:47:08.160   877   877 D wpa_supplicant: nl80211: Associated on 2432 MHz
04-01 17:47:08.160   877   877 D wpa_supplicant: nl80211: Associated with a8:5e:45:09:37:70
04-01 17:47:08.160   877   877 D wpa_supplicant: nl80211: Set drv->ssid based on scan res info to 'QA-Lab'
04-01 17:47:08.160   877   877 D wpa_supplicant: wlan0: Event ASSOC (0) received
04-01 17:47:08.160   877   877 D wpa_supplicant: wlan0: Association info event
04-01 17:47:08.160   877   877 D wpa_supplicant: req_ies - hexdump(len=83): 00 06 51 41 2d 4c 61 62 01 08 82 84 8b 96 12 24 48 6c 32 04 0c 18 30 60 30 14 01 00 00 0f ac 04 ...
04-01 17:47:08.160   877   877 D wpa_supplicant: resp_ies - hexdump(len=182): 01 08 82 84 8b 96 12 24 48 6c 32 04 0c 18 30 60 dd 18 00 50 f2 02 01 01 80 00 03 a5 00 00 27 a4 ...
04-01 17:47:08.160   877   877 D wpa_supplicant: wlan0: freq=2432 MHz
04-01 17:47:08.160   877   877 D wpa_supplicant: WPA: set own WPA/RSN IE - hexdump(len=22): 30 14 01 00 00 0f ac 04 01 00 00 0f ac 04 01 00 00 0f ac 02 80 00
04-01 17:47:08.160   877   877 D wpa_supplicant: wlan0: RSN: clearing own RSNXE
04-01 17:47:08.160   877   877 D wpa_supplicant: FT: Stored MDIE and FTIE from (Re)Association Response - hexdump(len=0):
04-01 17:47:08.161   877   877 D wpa_supplicant: wlan0: State: ASSOCIATING -> ASSOCIATED
04-01 17:47:08.161   877   877 D wpa_supplicant: nl80211: Set wlan0 operstate 0->0 (DORMANT)
04-01 17:47:08.161   877   877 D wpa_supplicant: netlink: Operstate: ifindex=30 linkmode=-1 (no change), operstate=5 (IF_OPER_DORMANT)
04-01 17:47:08.161   877   877 D wpa_supplicant: Notifying state change event to hidl control: 6
04-01 17:47:08.161   877   877 E wpa_supplicant: No VendorStaIfaceCallback is register
04-01 17:47:08.161   730   764 D LOWI-8.6.0.81: [LOWINetlinkSocketReceiver] unpackRTMLinkMessage: RTM_NEWLINK - ifname wlan0, flags 0x1003 ([UP])
04-01 17:47:08.161   730   764 D LOWI-8.6.0.81: [LOWINetlinkSocketReceiver] processNetlinkPacket: ifname(wlan0) status(1)
04-01 17:47:08.161   730   764 D LOWI-8.6.0.81: [LOWIController] intfStateReceived: ifname(wlan0) state(1)
04-01 17:47:08.161   877   877 D wpa_supplicant: wlan0: Associated to a new BSS: BSSID=a8:5e:45:09:37:70
04-01 17:47:08.161   877   877 D wpa_supplicant: Notifying bssid changed to hidl control
04-01 17:47:08.161   877   877 D wpa_supplicant: wlan0: WPA: clearing AP WPA IE
04-01 17:47:08.161   730   764 D LOWI-8.6.0.81: [LOWINetlinkSocketReceiver] unpackRTMLinkMessage: RTM_NEWLINK - ifname wlan0, flags 0x1003 ([UP])
04-01 17:47:08.161   730   764 D LOWI-8.6.0.81: [LOWINetlinkSocketReceiver] processNetlinkPacket: ifname(wlan0) status(1)
04-01 17:47:08.161   877   877 D wpa_supplicant: WPA: set AP RSN IE - hexdump(len=22): 30 14 01 00 00 0f ac 04 01 00 00 0f ac 04 01 00 00 0f ac 02 00 00
04-01 17:47:08.161   730   764 D LOWI-8.6.0.81: [LOWIController] intfStateReceived: ifname(wlan0) state(1)
04-01 17:47:08.161   877   877 D wpa_supplicant: wlan0: WPA: clearing AP RSNXE
04-01 17:47:08.161   877   877 I wpa_supplicant: wlan0: Associated with a8:5e:45:09:37:70
04-01 17:47:08.161   877   877 D wpa_supplicant: wlan0: WPA: Association event - clear replay counter
04-01 17:47:08.161   730   764 D LOWI-8.6.0.81: [LOWINetlinkSocketReceiver] unpackRTMLinkMessage: RTM_NEWLINK - ifname wlan0, flags 0x11003 ([UP])
04-01 17:47:08.161   877   877 D wpa_supplicant: wlan0: WPA: Clear old PTK
04-01 17:47:08.161   730   764 D LOWI-8.6.0.81: [LOWINetlinkSocketReceiver] processNetlinkPacket: ifname(wlan0) status(1)
04-01 17:47:08.161   877   877 D wpa_supplicant: TDLS: Remove peers on association
04-01 17:47:08.161   730   764 D LOWI-8.6.0.81: [LOWIController] intfStateReceived: ifname(wlan0) state(1)
04-01 17:47:08.161   877   877 D wpa_supplicant: EAPOL: External notification - portEnabled=0
04-01 17:47:08.161   877   877 D wpa_supplicant: EAPOL: External notification - portValid=0
04-01 17:47:08.161   877   877 D wpa_supplicant: EAPOL: External notification - EAP success=0
04-01 17:47:08.161   877   877 D wpa_supplicant: EAPOL: External notification - portEnabled=1
04-01 17:47:08.161   877   877 D wpa_supplicant: EAPOL: SUPP_PAE entering state CONNECTING
04-01 17:47:08.161   877   877 D wpa_supplicant: EAPOL: enable timer tick
04-01 17:47:08.161   877   877 D wpa_supplicant: EAPOL: SUPP_BE entering state IDLE
04-01 17:47:08.161   877   877 D wpa_supplicant: wlan0: Setting authentication timeout: 10 sec 0 usec
04-01 17:47:08.161   877   877 D wpa_supplicant: wlan0: Cancelling scan request
04-01 17:47:08.161   877   877 I wpa_supplicant: wlan0: CTRL-EVENT-SUBNET-STATUS-UPDATE status=0
04-01 17:47:08.161   607  1394 D SupplicantCallback: ISupplicantStaIfaceCallback.onStateChanged()
04-01 17:47:08.162   607  1394 D SupplicantCallback: ISupplicantStaIfaceCallback.onBssidChanged()
04-01 17:47:08.162   730   769 D LOWI-8.6.0.81: [LOWIEventReceiver] handleEvent:FROM:NA, TO:NA, REQ:NA, IREQ:NA, REQ_ID:0, RESP:NA, INFO:INTF-STATUS-UPDATE
04-01 17:47:08.162   730   769 D LOWI-8.6.0.81: [LOWIEventReceiver] Info to [INTF-STATUS-UPDATE]
04-01 17:47:08.162   730   769 D LOWI-8.6.0.81: [LOWIController] updateIntfState: WIFI enabled 1 mNlWifiStatus 1 mWifiStateEnabled 1
04-01 17:47:08.162   730   769 D LOWI-8.6.0.81: [LOWIController] isWifiEnabled: mNlWifiStatus 1 mWifiStateEnabled 1
04-01 17:47:08.162   730   769 D LOWI-8.6.0.81: [LOWIEventReceiver] handleEvent:FROM:NA, TO:NA, REQ:NA, IREQ:NA, REQ_ID:0, RESP:NA, INFO:INTF-STATUS-UPDATE
04-01 17:47:08.162   730   769 D LOWI-8.6.0.81: [LOWIEventReceiver] Info to [INTF-STATUS-UPDATE]
04-01 17:47:08.162   730   769 D LOWI-8.6.0.81: [LOWIController] updateIntfState: WIFI enabled 1 mNlWifiStatus 1 mWifiStateEnabled 1
04-01 17:47:08.162   730   769 D LOWI-8.6.0.81: [LOWIController] isWifiEnabled: mNlWifiStatus 1 mWifiStateEnabled 1
04-01 17:47:08.162   730   769 D LOWI-8.6.0.81: [LOWIEventReceiver] handleEvent:FROM:NA, TO:NA, REQ:NA, IREQ:NA, REQ_ID:0, RESP:NA, INFO:INTF-STATUS-UPDATE
04-01 17:47:08.162   730   769 D LOWI-8.6.0.81: [LOWIEventReceiver] Info to [INTF-STATUS-UPDATE]
04-01 17:47:08.162   730   769 D LOWI-8.6.0.81: [LOWIController] updateIntfState: WIFI enabled 1 mNlWifiStatus 1 mWifiStateEnabled 1
04-01 17:47:08.162   730   769 D LOWI-8.6.0.81: [LOWIController] isWifiEnabled: mNlWifiStatus 1 mWifiStateEnabled 1
04-01 17:47:08.164   607   607 I Gecko   : -*- WifiWorker component: Event coming: [wlan0] SUPPLICANT_STATE_CHANGED
04-01 17:47:08.165   607   607 I Gecko   : -*- WifiWorker component: State change: ASSOCIATING -> ASSOCIATED
04-01 17:47:08.165   513   872 V WifiHAL : event received NL80211_CMD_CONNECT
04-01 17:47:08.165   513   872 E WifiHAL : Invalid data received from driver
04-01 17:47:08.166   513   872 I chatty  : uid=1010 wifi@1.0-servic identical 1 line
04-01 17:47:08.166   513   872 E WifiHAL : Invalid data received from driver
04-01 17:47:08.167   607   607 I Gecko   : -*- WifiWorker component: Event coming: [wlan0] SUPPLICANT_ASSOCIATED_BSSID
04-01 17:47:08.317   428   428 W Web Content: [JavaScript Warning: "Security wrapper denied access to property "Services" on privileged Javascript object. Support for exposing privileged objects to untrusted content via __exposedProps__ has been removed - use WebIDL bindings or Components.utils.cloneInto instead. Note that only the first denied property access from a given global object will be reported." {file: "kaipages/base.py" line: 403}]
04-01 17:47:08.351   428   428 W Web Content: [JavaScript Warning: "Security wrapper denied access to property "Services" on privileged Javascript object. Support for exposing privileged objects to untrusted content via __exposedProps__ has been removed - use WebIDL bindings or Components.utils.cloneInto instead. Note that only the first denied property access from a given global object will be reported." {file: "kaipages/base.py" line: 408}]
04-01 17:47:08.381   877   877 D wpa_supplicant: l2_packet_receive: src=a8:5e:45:09:37:70 len=99
04-01 17:47:08.381   513   872 E WifiHAL : Invalid data received from driver
04-01 17:47:08.381   877   877 D wpa_supplicant: wlan0: RX EAPOL from a8:5e:45:09:37:70
04-01 17:47:08.381   877   877 D wpa_supplicant: wlan0: Setting authentication timeout: 10 sec 0 usec
04-01 17:47:08.381   877   877 D wpa_supplicant: wlan0: IEEE 802.1X RX: version=1 type=3 length=95
04-01 17:47:08.381   877   877 D wpa_supplicant: wlan0:   EAPOL-Key type=2
04-01 17:47:08.381   877   877 D wpa_supplicant: wlan0:   key_info 0x8a (ver=2 keyidx=0 rsvd=0 Pairwise Ack)
04-01 17:47:08.381   877   877 D wpa_supplicant: wlan0:   key_length=16 key_data_length=0
04-01 17:47:08.381   877   877 D wpa_supplicant:   replay_counter - hexdump(len=8): 00 00 00 00 00 00 00 01
04-01 17:47:08.381   877   877 D wpa_supplicant:   key_nonce - hexdump(len=32): 75 97 67 1f 43 63 2d 5e c8 dd 6b 44 ae 99 c7 cc 9c 05 2f 05 a6 27 d4 6c bd b4 5e f4 7f 42 19 52
04-01 17:47:08.381   877   877 D wpa_supplicant:   key_iv - hexdump(len=16): 00 00 00 00 00 00 00 00 00 00 00 00 00 00 00 00
04-01 17:47:08.381   877   877 D wpa_supplicant:   key_rsc - hexdump(len=8): 00 00 00 00 00 00 00 00
04-01 17:47:08.381   877   877 D wpa_supplicant:   key_id (reserved) - hexdump(len=8): 00 00 00 00 00 00 00 00
04-01 17:47:08.381   877   877 D wpa_supplicant:   key_mic - hexdump(len=16): 00 00 00 00 00 00 00 00 00 00 00 00 00 00 00 00
04-01 17:47:08.381   877   877 D wpa_supplicant: wlan0: State: ASSOCIATED -> 4WAY_HANDSHAKE
04-01 17:47:08.381   877   877 D wpa_supplicant: Notifying state change event to hidl control: 7
04-01 17:47:08.381   877   877 E wpa_supplicant: No VendorStaIfaceCallback is register
04-01 17:47:08.381   877   877 I wpa_supplicant: wlan0: WPA: RX message 1 of 4-Way Handshake from a8:5e:45:09:37:70 (ver=2)
04-01 17:47:08.381   877   877 D wpa_supplicant: RSN: msg 1/4 key data - hexdump(len=0):
04-01 17:47:08.382   877   877 D wpa_supplicant: WPA: Renewed SNonce - hexdump(len=32): 3e 27 09 de e2 ce 39 30 53 e2 43 6f 58 a1 af a2 12 d3 a9 e8 12 93 bf a1 75 81 5f fc f0 18 27 a1
04-01 17:47:08.382   877   877 D wpa_supplicant: WPA: PTK derivation using PRF(SHA1)
04-01 17:47:08.382   877   877 D wpa_supplicant: WPA: PTK derivation - A1=00:0a:f5:a9:2f:20 A2=a8:5e:45:09:37:70
04-01 17:47:08.382   877   877 D wpa_supplicant: WPA: Nonce1 - hexdump(len=32): 3e 27 09 de e2 ce 39 30 53 e2 43 6f 58 a1 af a2 12 d3 a9 e8 12 93 bf a1 75 81 5f fc f0 18 27 a1
04-01 17:47:08.382   877   877 D wpa_supplicant: WPA: Nonce2 - hexdump(len=32): 75 97 67 1f 43 63 2d 5e c8 dd 6b 44 ae 99 c7 cc 9c 05 2f 05 a6 27 d4 6c bd b4 5e f4 7f 42 19 52
04-01 17:47:08.382   877   877 D wpa_supplicant: WPA: PMK - hexdump(len=32): [REMOVED]
04-01 17:47:08.382   877   877 D wpa_supplicant: WPA: PTK - hexdump(len=48): [REMOVED]
04-01 17:47:08.382   877   877 D wpa_supplicant: WPA: KCK - hexdump(len=16): [REMOVED]
04-01 17:47:08.382   877   877 D wpa_supplicant: WPA: KEK - hexdump(len=16): [REMOVED]
04-01 17:47:08.382   877   877 D wpa_supplicant: WPA: TK - hexdump(len=16): [REMOVED]
04-01 17:47:08.382   877   877 D wpa_supplicant: WPA: WPA IE for msg 2/4 - hexdump(len=22): 30 14 01 00 00 0f ac 04 01 00 00 0f ac 04 01 00 00 0f ac 02 80 00
04-01 17:47:08.382   877   877 D wpa_supplicant: WPA: Replay Counter - hexdump(len=8): 00 00 00 00 00 00 00 01
04-01 17:47:08.382   877   877 I wpa_supplicant: wlan0: WPA: Sending EAPOL-Key 2/4
04-01 17:47:08.382   877   877 D wpa_supplicant: WPA: Send EAPOL-Key frame to a8:5e:45:09:37:70 ver=2 mic_len=16 key_mgmt=0x2
04-01 17:47:08.382   877   877 D wpa_supplicant: WPA: EAPOL-Key MIC using HMAC-SHA1
04-01 17:47:08.382   877   877 D wpa_supplicant: WPA: KCK - hexdump(len=16): [REMOVED]
04-01 17:47:08.382   877   877 D wpa_supplicant: WPA: Derived Key MIC - hexdump(len=16): 58 4b f7 8f 08 f6 14 48 b1 1c 7f fb cd 2c de 7e
04-01 17:47:08.383   607  1394 D SupplicantCallback: ISupplicantStaIfaceCallback.onStateChanged()
04-01 17:47:08.383   513   872 E WifiHAL : Invalid data received from driver
04-01 17:47:08.383   607   607 I Gecko   : -*- WifiWorker component: Event coming: [wlan0] SUPPLICANT_STATE_CHANGED
04-01 17:47:08.384   607   607 I Gecko   : -*- WifiWorker component: State change: ASSOCIATED -> FOUR_WAY_HANDSHAKE
04-01 17:47:08.387   513   872 E WifiHAL : Invalid data received from driver
04-01 17:47:08.389   877   877 D wpa_supplicant: l2_packet_receive: src=a8:5e:45:09:37:70 len=155
04-01 17:47:08.389   513   872 E WifiHAL : Invalid data received from driver
04-01 17:47:08.389   877   877 D wpa_supplicant: wlan0: RX EAPOL from a8:5e:45:09:37:70
04-01 17:47:08.389   877   877 D wpa_supplicant: wlan0: IEEE 802.1X RX: version=1 type=3 length=151
04-01 17:47:08.389   877   877 D wpa_supplicant: wlan0:   EAPOL-Key type=2
04-01 17:47:08.389   513   872 E WifiHAL : Invalid data received from driver
04-01 17:47:08.389   877   877 D wpa_supplicant: wlan0:   key_info 0x13ca (ver=2 keyidx=0 rsvd=0 Pairwise Install Ack MIC Secure Encr)
04-01 17:47:08.389   877   877 D wpa_supplicant: wlan0:   key_length=16 key_data_length=56
04-01 17:47:08.389   877   877 D wpa_supplicant:   replay_counter - hexdump(len=8): 00 00 00 00 00 00 00 02
04-01 17:47:08.389   513   872 E WifiHAL : Invalid data received from driver
04-01 17:47:08.389   877   877 D wpa_supplicant:   key_nonce - hexdump(len=32): 75 97 67 1f 43 63 2d 5e c8 dd 6b 44 ae 99 c7 cc 9c 05 2f 05 a6 27 d4 6c bd b4 5e f4 7f 42 19 52
04-01 17:47:08.389   877   877 D wpa_supplicant:   key_iv - hexdump(len=16): 00 00 00 00 00 00 00 00 00 00 00 00 00 00 00 00
04-01 17:47:08.389   877   877 D wpa_supplicant:   key_rsc - hexdump(len=8): 02 04 00 00 00 00 00 00
04-01 17:47:08.389   877   877 D wpa_supplicant:   key_id (reserved) - hexdump(len=8): 00 00 00 00 00 00 00 00
04-01 17:47:08.389   877   877 D wpa_supplicant:   key_mic - hexdump(len=16): 93 e5 0a 86 bd b4 a1 ef 84 4e 09 4e 27 69 d6 5b
04-01 17:47:08.389   877   877 D wpa_supplicant: WPA: EAPOL-Key MIC using HMAC-SHA1
04-01 17:47:08.389   877   877 D wpa_supplicant: RSN: encrypted key data - hexdump(len=56): b1 1a 73 ba b5 b1 9a dc dc 66 a6 6f d9 16 5a 16 f3 0f d9 07 73 b0 98 ee 3c eb 6e fb 2e 5d 88 b3 ...
04-01 17:47:08.389   877   877 D wpa_supplicant: WPA: Decrypt Key Data using AES-UNWRAP (KEK length 16)
04-01 17:47:08.399   877   877 D wpa_supplicant: WPA: decrypted EAPOL-Key key data - hexdump(len=48): [REMOVED]
04-01 17:47:08.399   877   877 D wpa_supplicant: wlan0: State: 4WAY_HANDSHAKE -> 4WAY_HANDSHAKE
04-01 17:47:08.399   877   877 I wpa_supplicant: wlan0: WPA: RX message 3 of 4-Way Handshake from a8:5e:45:09:37:70 (ver=2)
04-01 17:47:08.399   877   877 D wpa_supplicant: WPA: IE KeyData - hexdump(len=48): 30 14 01 00 00 0f ac 04 01 00 00 0f ac 04 01 00 00 0f ac 02 00 00 dd 16 00 0f ac 01 01 00 22 f3 ...
04-01 17:47:08.399   877   877 D wpa_supplicant: WPA: RSN IE in EAPOL-Key - hexdump(len=22): 30 14 01 00 00 0f ac 04 01 00 00 0f ac 04 01 00 00 0f ac 02 00 00
04-01 17:47:08.399   877   877 D wpa_supplicant: WPA: GTK in EAPOL-Key - hexdump(len=24): [REMOVED]
04-01 17:47:08.399   877   877 I wpa_supplicant: wlan0: WPA: Sending EAPOL-Key 4/4
04-01 17:47:08.399   877   877 D wpa_supplicant: WPA: Send EAPOL-Key frame to a8:5e:45:09:37:70 ver=2 mic_len=16 key_mgmt=0x2
04-01 17:47:08.399   877   877 D wpa_supplicant: WPA: EAPOL-Key MIC using HMAC-SHA1
04-01 17:47:08.399   877   877 D wpa_supplicant: WPA: KCK - hexdump(len=16): [REMOVED]
04-01 17:47:08.399   877   877 D wpa_supplicant: WPA: Derived Key MIC - hexdump(len=16): 7d e8 73 5c 3f d8 9c 17 9a 69 34 6d 58 02 78 9c
04-01 17:47:08.399   877   877 D wpa_supplicant: wlan0: WPA: Installing PTK to the driver
04-01 17:47:08.400   877   877 D wpa_supplicant: wpa_driver_nl80211_set_key: ifindex=30 (wlan0) alg=3 addr=0xb0503ab8 key_idx=0 set_tx=1 seq_len=6 key_len=16
04-01 17:47:08.400   877   877 D wpa_supplicant: nl80211: KEY_DATA - hexdump(len=16): [REMOVED]
04-01 17:47:08.400   877   877 D wpa_supplicant: nl80211: KEY_SEQ - hexdump(len=6): 00 00 00 00 00 00
04-01 17:47:08.400   877   877 D wpa_supplicant:    addr=a8:5e:45:09:37:70
04-01 17:47:08.400   513   872 E WifiHAL : Invalid data received from driver
04-01 17:47:08.401   877   877 D wpa_supplicant: EAPOL: External notification - portValid=1
04-01 17:47:08.401   877   877 D wpa_supplicant: wlan0: State: 4WAY_HANDSHAKE -> GROUP_HANDSHAKE
04-01 17:47:08.401   877   877 D wpa_supplicant: Notifying state change event to hidl control: 8
04-01 17:47:08.401   877   877 E wpa_supplicant: No VendorStaIfaceCallback is register
04-01 17:47:08.401   877   877 D wpa_supplicant: RSN: received GTK in pairwise handshake - hexdump(len=18): [REMOVED]
04-01 17:47:08.401   877   877 D wpa_supplicant: WPA: Group Key - hexdump(len=16): [REMOVED]
04-01 17:47:08.401   607  1394 D SupplicantCallback: ISupplicantStaIfaceCallback.onStateChanged()
04-01 17:47:08.401   877   877 D wpa_supplicant: wlan0: WPA: Installing GTK to the driver (keyidx=1 tx=0 len=16)
04-01 17:47:08.401   877   877 D wpa_supplicant: WPA: RSC - hexdump(len=6): 02 04 00 00 00 00
04-01 17:47:08.401   513   872 E WifiHAL : Invalid data received from driver
04-01 17:47:08.401   513   872 E WifiHAL : Invalid data received from driver
04-01 17:47:08.402   877   877 D wpa_supplicant: wpa_driver_nl80211_set_key: ifindex=30 (wlan0) alg=3 addr=0x81500f80 key_idx=1 set_tx=0 seq_len=6 key_len=16
04-01 17:47:08.402   877   877 D wpa_supplicant: nl80211: KEY_DATA - hexdump(len=16): [REMOVED]
04-01 17:47:08.402   877   877 D wpa_supplicant: nl80211: KEY_SEQ - hexdump(len=6): 02 04 00 00 00 00
04-01 17:47:08.402   877   877 D wpa_supplicant:    broadcast key
04-01 17:47:08.402   513   872 E WifiHAL : Invalid data received from driver
04-01 17:47:08.402   877   877 I wpa_supplicant: wlan0: WPA: Key negotiation completed with a8:5e:45:09:37:70 [PTK=CCMP GTK=CCMP]
04-01 17:47:08.402   877   877 D wpa_supplicant: wlan0: Cancelling authentication timeout
04-01 17:47:08.403   877   877 D wpa_supplicant: wlan0: State: GROUP_HANDSHAKE -> COMPLETED
04-01 17:47:08.403   877   877 D wpa_supplicant: wlan0: Radio work 'connect'@0xb050b5a0 done in 0.365506 seconds
04-01 17:47:08.403   877   877 D wpa_supplicant: wlan0: radio_work_free('connect'@0xb050b5a0): num_active_works --> 0
04-01 17:47:08.403   877   877 I wpa_supplicant: wlan0: CTRL-EVENT-CONNECTED - Connection to a8:5e:45:09:37:70 completed [id=0 id_str=]
04-01 17:47:08.403   877   877 D wpa_supplicant: nl80211: Set wlan0 operstate 0->1 (UP)
04-01 17:47:08.403   877   877 D wpa_supplicant: netlink: Operstate: ifindex=30 linkmode=-1 (no change), operstate=6 (IF_OPER_UP)
04-01 17:47:08.403   607   607 I Gecko   : -*- WifiWorker component: Event coming: [wlan0] SUPPLICANT_STATE_CHANGED
04-01 17:47:08.404   607   607 I Gecko   : -*- WifiWorker component: State change: FOUR_WAY_HANDSHAKE -> GROUP_HANDSHAKE
04-01 17:47:08.405   513   872 E WifiHAL : Invalid data received from driver
04-01 17:47:08.405   513   872 I chatty  : uid=1010 wifi@1.0-servic identical 4 lines
04-01 17:47:08.405   513   872 E WifiHAL : Invalid data received from driver
04-01 17:47:08.406   730   764 D LOWI-8.6.0.81: [LOWINetlinkSocketReceiver] unpackRTMLinkMessage: RTM_NEWLINK - ifname wlan0, flags 0x11043 ([UP][RUNNING])
04-01 17:47:08.406   730   764 D LOWI-8.6.0.81: [LOWINetlinkSocketReceiver] processNetlinkPacket: ifname(wlan0) status(2)
04-01 17:47:08.406   730   764 D LOWI-8.6.0.81: [LOWIController] intfStateReceived: ifname(wlan0) state(2)
04-01 17:47:08.406   877   877 D wpa_supplicant: Notifying state change event to hidl control: 9
04-01 17:47:08.406   877   877 E wpa_supplicant: No VendorStaIfaceCallback is register
04-01 17:47:08.406   730   769 D LOWI-8.6.0.81: [LOWIEventReceiver] handleEvent:FROM:NA, TO:NA, REQ:NA, IREQ:NA, REQ_ID:0, RESP:NA, INFO:INTF-STATUS-UPDATE
04-01 17:47:08.406   730   769 D LOWI-8.6.0.81: [LOWIEventReceiver] Info to [INTF-STATUS-UPDATE]
04-01 17:47:08.406   730   769 D LOWI-8.6.0.81: [LOWIController] updateIntfState: WIFI enabled 2 mNlWifiStatus 1 mWifiStateEnabled 1
04-01 17:47:08.406   730   769 D LOWI-8.6.0.81: [LOWIController] isWifiEnabled: mNlWifiStatus 2 mWifiStateEnabled 1
04-01 17:47:08.406   730   769 D LOWI-8.6.0.81: [LOWIController] notifyWlanInterfaceStatusChange: Send Interface state request LOWIController_1
04-01 17:47:08.406   877   877 D wpa_supplicant: EAPOL: External notification - portValid=1
04-01 17:47:08.406   877   877 D wpa_supplicant: EAPOL: External notification - EAP success=1
04-01 17:47:08.406   730   769 D LOWI-8.6.0.81: [LOWIController] isWifiEnabled: mNlWifiStatus 2 mWifiStateEnabled 1
04-01 17:47:08.406   877   877 D wpa_supplicant: EAPOL: SUPP_PAE entering state AUTHENTICATING
04-01 17:47:08.406   730   769 D LOWI-8.6.0.81: [LOWIController] requestMeasurements: Internal Message 2 sent to driver
04-01 17:47:08.406   877   877 D wpa_supplicant: EAPOL: SUPP_BE entering state SUCCESS
04-01 17:47:08.406   877   877 D wpa_supplicant: EAPOL: SUPP_PAE entering state AUTHENTICATED
04-01 17:47:08.406   877   877 D wpa_supplicant: EAPOL: Supplicant port status: Authorized
04-01 17:47:08.406   877   877 D wpa_supplicant: nl80211: Set supplicant port authorized for a8:5e:45:09:37:70
04-01 17:47:08.406   730   769 D LOWI-8.6.0.81: [LOWIController] issueRequest: LOWIController_1 sent to driver request - SUCCESS
04-01 17:47:08.407   877   877 D wpa_supplicant: EAPOL: SUPP_BE entering state IDLE
04-01 17:47:08.407   877   877 D wpa_supplicant: EAPOL authentication completed - result=SUCCESS
04-01 17:47:08.407   607  1394 D SupplicantCallback: ISupplicantStaIfaceCallback.onStateChanged()
04-01 17:47:08.407   730   873 D LOWI-8.6.0.81: [LOWI-Scan] wips_wait_on_nl_socket: read returned 6, Received string: Close 
04-01 17:47:08.407   730   873 D LOWI-8.6.0.81: [LOWI-Scan] do_listen_events: Select Error return - -301
04-01 17:47:08.407   730   873 D LOWI-8.6.0.81: [LOWI-Scan] No dump done. Error -301
04-01 17:47:08.407   730   873 D LOWI-8.6.0.81: [LOWI-Scan] WipsScanUsingNL: passive scan cached 0, took 602 ms, err -301
04-01 17:47:08.407   730   873 D LOWI-8.6.0.81: [LOWI-Scan] lowi_proc_req_passive_scan_with_live_meas - No WLAN Frames to be parsed
04-01 17:47:08.407   730   873 D LOWI-8.6.0.81: [LOWIWifiDriverInterface] Scan terminated for passive listening request
04-01 17:47:08.407   730   873 D LOWI-8.6.0.81: [LOWIScanResultReceiver] run:Execute new request LOWIController_1
04-01 17:47:08.408   607   607 I Gecko   : -*- WifiWorker component: Event coming: [wlan0] SUPPLICANT_NETWORK_CONNECTED
04-01 17:47:08.408   607   607 I Gecko   : -*- WifiNetworkSelector: trackBssid: enable A8:5E:45:09:37:70
04-01 17:47:08.408   607   607 I Gecko   : -*- WifiWorker component: Event coming: [wlan0] SUPPLICANT_STATE_CHANGED
04-01 17:47:08.409   607   607 I Gecko   : -*- WifiWorker component: State change: GROUP_HANDSHAKE -> COMPLETED
04-01 17:47:08.412   607   607 I Gecko   : -*- WifiWorker component: Acquiring Wifi Wakelock
04-01 17:47:08.412   513   872 E WifiHAL : Invalid data received from driver
04-01 17:47:08.412   513   872 I chatty  : uid=1010 wifi@1.0-servic identical 1 line
04-01 17:47:08.412   513   872 E WifiHAL : Invalid data received from driver
04-01 17:47:08.415   877   877 D wpa_supplicant: nl80211: Set rekey offload
04-01 17:47:08.418   730   873 I LOWI-8.6.0.81: [LOWI-Scan] get_intf_mode: WLAN interface type 2, err 0
04-01 17:47:08.418   877   877 D wpa_supplicant: RTM_NEWLINK: ifi_index=30 ifname=wlan0 operstate=6 linkmode=1 ifi_family=0 ifi_flags=0x11043 ([UP][RUNNING][LOWER_UP])
04-01 17:47:08.418   730   873 D LOWI-8.6.0.81: [LOWI-Scan] lowi_update_wifi_interface: Skip FTMRR - Ranging not supported
04-01 17:47:08.418   730   873 D LOWI-8.6.0.81: [LOWIScanResultReceiver] Send scan meas to listener
04-01 17:47:08.418   730   873 D LOWI-8.6.0.81: [LOWIScanResultReceiver] Enter passive listening mode
04-01 17:47:08.418   730   873 D LOWI-8.6.0.81: [LOWIWifiDriverInterface] getMeasurements - Passive listening mode
04-01 17:47:08.418   730   873 D LOWI-8.6.0.81: [LOWI-Scan] WipsScanUsingNL:wait -1 sec for netlink message
04-01 17:47:08.418   730   769 D LOWI-8.6.0.81: [LOWIEventReceiver] handleEvent:FROM:NA, TO:NA, REQ:NA, IREQ:NA, REQ_ID:0, RESP:NA, INFO:NA
04-01 17:47:08.418   730   769 D LOWI-8.6.0.81: [LOWIBackgroundScanMgr] isRspForBgScanMgr: req(LOWI_INTERNAL_MESSAGE) -- not handled
04-01 17:47:08.418   730   769 D LOWI-8.6.0.81: [LOWIController] Measurements received
04-01 17:47:08.424   428   428 W Web Content: [JavaScript Warning: "Security wrapper denied access to property "Services" on privileged Javascript object. Support for exposing privileged objects to untrusted content via __exposedProps__ has been removed - use WebIDL bindings or Components.utils.cloneInto instead. Note that only the first denied property access from a given global object will be reported." {file: "kaipages/base.py" line: 403}]
04-01 17:47:08.443   607   607 I GeckoDump: [system] WakeLockManager cpu : locked-background, isHeld 1
04-01 17:47:08.443   607   607 I GeckoDump: [system] WakeLockManager audio-playing : unlocked, isHeld 1
04-01 17:47:08.445   607   607 I Gecko   : -*- WifiWorker component: Creating Wifi WakeLock Timer
04-01 17:47:08.446   607   607 I Gecko   : -*- WifiWorker component: Setting Wifi WakeLock Timer
04-01 17:47:08.446   607   607 I Gecko   : -*- WifiWorker component: setSuspendOptimizationsMode reason = 1, enable = false, requestOptimizationMode = 2
04-01 17:47:08.451   877   877 D wpa_supplicant: wpa_driver_nl80211_driver_cmd SETSUSPENDMODE 0 len = 0, 4096
04-01 17:47:08.452   513   872 E WifiHAL : Invalid data received from driver
04-01 17:47:08.452   877   877 D wpa_supplicant: nl80211: set_p2p_powersave (legacy_ps=0 opp_ps=-1 ctwindow=-1)
04-01 17:47:08.453   513   872 E WifiHAL : Invalid data received from driver
04-01 17:47:08.520   607   607 I Gecko   : -*- WifiWorker component: Firing connectioninfoupdate: ({signalStrength:-35, relSignalStrength:100, linkSpeed:72, ipAddress:""})
04-01 17:47:08.553   428   428 W Web Content: [JavaScript Warning: "Security wrapper denied access to property "Services" on privileged Javascript object. Support for exposing privileged objects to untrusted content via __exposedProps__ has been removed - use WebIDL bindings or Components.utils.cloneInto instead. Note that only the first denied property access from a given global object will be reported." {file: "kaipages/base.py" line: 408}]
04-01 17:47:08.584  1079  1079 I dhcpcd  : dhcpcd is running with reduced privileges
04-01 17:47:08.584   513   872 E WifiHAL : Invalid data received from driver
04-01 17:47:08.586   513   872 I chatty  : uid=1010 wifi@1.0-servic identical 18 lines
04-01 17:47:08.586   513   872 E WifiHAL : Invalid data received from driver
04-01 17:47:09.363   428   428 W Web Content: [JavaScript Warning: "Security wrapper denied access to property "Services" on privileged Javascript object. Support for exposing privileged objects to untrusted content via __exposedProps__ has been removed - use WebIDL bindings or Components.utils.cloneInto instead. Note that only the first denied property access from a given global object will be reported." {file: "kaipages/base.py" line: 403}]
04-01 17:47:09.397   428   428 W Web Content: [JavaScript Warning: "Security wrapper denied access to property "Services" on privileged Javascript object. Support for exposing privileged objects to untrusted content via __exposedProps__ has been removed - use WebIDL bindings or Components.utils.cloneInto instead. Note that only the first denied property access from a given global object will be reported." {file: "kaipages/base.py" line: 408}]
04-01 17:47:09.509   428   428 W Web Content: [JavaScript Warning: "Security wrapper denied access to property "Services" on privileged Javascript object. Support for exposing privileged objects to untrusted content via __exposedProps__ has been removed - use WebIDL bindings or Components.utils.cloneInto instead. Note that only the first denied property access from a given global object will be reported." {file: "kaipages/base.py" line: 403}]
04-01 17:47:09.541   428   428 W Web Content: [JavaScript Warning: "Security wrapper denied access to property "Services" on privileged Javascript object. Support for exposing privileged objects to untrusted content via __exposedProps__ has been removed - use WebIDL bindings or Components.utils.cloneInto instead. Note that only the first denied property access from a given global object will be reported." {file: "kaipages/base.py" line: 408}]
04-01 17:47:09.596  1079  1079 I dhcpcd  : wlan0: soliciting a DHCP lease
04-01 17:47:09.596  1079  1079 I dhcpcd  : wlan0: sending DISCOVER (xid 0xe0127af8), next in 3.0 seconds
04-01 17:47:09.611  1079  1079 I dhcpcd  : wlan0: received OFFER with xid 0xe0127af8
04-01 17:47:09.619  1079  1079 I dhcpcd  : wlan0: offered 192.168.50.200 from 192.168.50.1
04-01 17:47:09.619  1079  1079 I dhcpcd  : wlan0: requesting lease of 192.168.50.200
04-01 17:47:09.619  1079  1079 I dhcpcd  : wlan0: sending REQUEST (xid 0xe0127af8), next in 3.7 seconds
04-01 17:47:09.620   513   872 E WifiHAL : Invalid data received from driver
04-01 17:47:09.629  1079  1079 I dhcpcd  : wlan0: received ACK with xid 0xe0127af8
04-01 17:47:09.629  1079  1079 I dhcpcd  : wlan0: acknowledged 192.168.50.200 from 192.168.50.1
04-01 17:47:09.629  1079  1079 I dhcpcd  : wlan0: leased 192.168.50.200 for 86400 seconds
04-01 17:47:09.632  1079  1079 I dhcpcd  : wlan0: adding route to 192.168.50.0/24
04-01 17:47:09.632  1079  1079 I dhcpcd  : wlan0: adding default route via 192.168.50.1
04-01 17:47:09.633  1079  1079 E dhcpcd  : if_route (ADD): Network is unreachable
04-01 17:47:10.163   877   877 D wpa_supplicant: EAPOL: startWhen --> 0
04-01 17:47:10.163   877   877 D wpa_supplicant: EAPOL: disable timer tick
04-01 17:47:10.176   513   872 E WifiHAL : Invalid data received from driver
04-01 17:47:10.349   428   428 W Web Content: [JavaScript Warning: "Security wrapper denied access to property "Services" on privileged Javascript object. Support for exposing privileged objects to untrusted content via __exposedProps__ has been removed - use WebIDL bindings or Components.utils.cloneInto instead. Note that only the first denied property access from a given global object will be reported." {file: "kaipages/base.py" line: 403}]
04-01 17:47:10.357   607   607 I Gecko   : -*- WifiWorker component: dhcpRequestGen: 1, gen: 0
04-01 17:47:10.358   607   607 I Gecko   : -*- OpenNetworkNotifier: setNotificationVisible: visible = false
04-01 17:47:10.360   607   607 I Gecko   : -*- WifiWorker component: Interface wlan0 updateConfig: updated {"state":1,"ip":"192.168.50.200","gateway":"192.168.50.1","prefixLengths":24,"dnses":["192.168.50.1",""]}
04-01 17:47:10.360   607   607 I Gecko   : -*- WifiWorker component: WifiNetworkInterface changed, update network interface
04-01 17:47:10.363   641   833 D TcpSocketMonitor: resuming tcpinfo polling (interval=30000ms)
04-01 17:47:10.363   607   607 I Gecko   : -*- WifiWorker component: setSuspendOptimizationsMode reason = 1, enable = true, requestOptimizationMode = 3
04-01 17:47:10.363   641   833 I netd    : networkCreatePhysical(103, 0) <0.37ms>
04-01 17:47:10.364   877   877 D wpa_supplicant: nl80211: set_p2p_powersave (legacy_ps=1 opp_ps=-1 ctwindow=-1)
04-01 17:47:10.365   513   872 E WifiHAL : Invalid data received from driver
04-01 17:47:10.365   513   872 E WifiHAL : Invalid data received from driver
04-01 17:47:10.375   428   428 I FocusManager: << focus() called >>
04-01 17:47:10.375   428   428 I FocusManager:    trying to set focus on, tag: LI, id: , class: wifi active
04-01 17:47:10.385   513   872 E WifiHAL : Invalid data received from driver
04-01 17:47:10.385   513   872 E WifiHAL : Invalid data received from driver
04-01 17:47:10.392   607   607 I Gecko   : -*- WifiWorker component: Releasing Wifi WakeLock
04-01 17:47:10.398   641   833 I netd    : createNetworkCache(103) <8.34ms>
04-01 17:47:10.400   641   833 I netd    : interfaceSetEnableIPv6("wlan0", "true") <0.58ms>
04-01 17:47:10.421   428   428 I FocusManager: Warning: element is not focusable.
04-01 17:47:10.428   607   607 I GeckoDump: [system] WakeLockManager cpu : unlocked, isHeld 0
04-01 17:47:10.429   607   607 I GeckoDump: [system] WakeLockManager audio-playing : unlocked, isHeld 0
04-01 17:47:10.433   428   428 I Gecko   : console.log: "NavigationMap update"
04-01 17:47:10.434   428   428 I Web Content: Content JS LOG: 
04-01 17:47:10.434   607   607 I Gecko   : -*- WifiWorker component: Interface wlan0 updateConfig: updated {"ip":"fe80::20a:f5ff:fea9:2f20","prefixLengths":"64"}
04-01 17:47:10.434   607   607 I Gecko   : -*- WifiWorker component: WifiNetworkInterface changed, update network interface
04-01 17:47:10.443   607   607 I Gecko   : ActivitiesService: sending activity-opened: {"id":"{9c59c096-0498-4dfc-b540-d28ea9cd37c7}","name":"show-toast","origin":"http://settings.localhost"}
04-01 17:47:10.443   641   833 I netd    : networkAddInterface(103, "wlan0") <41.39ms>
04-01 17:47:10.458   641   833 I netd    : networkAddRoute(103, "wlan0", "192.168.50.0/24", "") <1.00ms>
04-01 17:47:10.463   641   833 I netd    : networkAddRoute(103, "wlan0", "0.0.0.0/0", "192.168.50.1") <0.48ms>
04-01 17:47:10.467   641   833 I netd    : DnsResolverService::setResolverConfiguration(103, [192.168.50.1], [], 1800, 25, 8, 64, 0, 3, [], []) -> (0) (0.6ms)
04-01 17:47:10.467   641   833 I netd    : setResolverConfiguration() <0.96ms>
04-01 17:47:10.474   641   833 I netd    : networkSetDefault(103) <0.54ms>
04-01 17:47:10.483   607   607 D GonkGPS_GEO: updateNetworkState_2_0, netId: 103, netHandle: 445787328525, connected: 1, capabilities: 3, apn: )
04-01 17:47:10.516   505   505 I LocSvc__AGnssRilInterface: ===> updateNetworkState_2_0 line 111 
04-01 17:47:10.543  1409  1409 E QCNEA   : |CAF| void CneFrameworkService::dispatchFwkEvent(FwkEventCmd, const void *):477 UNKNOWN Cne Framework event received.
04-01 17:47:10.548   607   607 I GeckoDump: [system] [AppStore]no handle event pre found. skip
04-01 17:47:10.549   607   607 I GeckoDump: [system] [AppStore]handling datachange
04-01 17:47:10.549   428   428 W Web Content: [JavaScript Warning: "Security wrapper denied access to property "Services" on privileged Javascript object. Support for exposing privileged objects to untrusted content via __exposedProps__ has been removed - use WebIDL bindings or Components.utils.cloneInto instead. Note that only the first denied property access from a given global object will be reported." {file: "kaipages/base.py" line: 408}]
04-01 17:47:10.552   505   547 I LocSvc_SystemStatusOsObserver: DataItem: ACTIVE_NETWORK_INFO::TYPEs_MASK: 3, TYPE_NAME: , SUB_TYPE_NAME: , IS_AVAILABLE: true, IS_CONNECTED: true, IS_ROAMING: false, NETWORK_HANDLE_0: 441492361229:0, NETWORK_HANDLE_1: 445787328525:1, NETWORK_HANDLE_2: 18446744073709551615:10, NETWORK_HANDLE_3: 18446744073709551615:10, NETWORK_HANDLE_4: 18446744073709551615:10, NETWORK_HANDLE_5: 18446744073709551615:10, NETWORK_HANDLE_6: 18446744073709551615:10, NETWORK_HANDLE_7: 18446744073709551615:10, NETWORK_HANDLE_8: 18446744073709551615:10, NETWORK_HANDLE_9: 18446744073709551615:10, APN_NAME:  >> XtraSystemStatusObserver
04-01 17:47:10.552   505   547 I LocSvc_SystemStatusOsObserver: DataItem: ACTIVE_NETWORK_INFO::TYPEs_MASK: 3, TYPE_NAME: , SUB_TYPE_NAME: , IS_AVAILABLE: true, IS_CONNECTED: true, IS_ROAMING: false, NETWORK_HANDLE_0: 441492361229:0, NETWORK_HANDLE_1: 445787328525:1, NETWORK_HANDLE_2: 18446744073709551615:10, NETWORK_HANDLE_3: 18446744073709551615:10, NETWORK_HANDLE_4: 18446744073709551615:10, NETWORK_HANDLE_5: 18446744073709551615:10, NETWORK_HANDLE_6: 18446744073709551615:10, NETWORK_HANDLE_7: 18446744073709551615:10, NETWORK_HANDLE_8: 18446744073709551615:10, NETWORK_HANDLE_9: 18446744073709551615:10, APN_NAME:  >> NativeAgpsHandler
04-01 17:47:10.567   607   607 I Gecko   : console.log: "[system][push.js]" "subscribe_all(), connection.type=wifi"
04-01 17:47:10.568   607   607 I GeckoConsole: Content JS LOG: 
04-01 17:47:10.572   428   428 I FocusManager: << focus() called >>
04-01 17:47:10.572   428   428 I FocusManager:    trying to set focus on, tag: LI, id: , class: wifi active focus
04-01 17:47:10.578   428   428 I FocusManager:    current focused element, tag: LI, id: , class: password
04-01 17:47:10.579   428   428 I FocusManager: <- blur on, tag: LI, id: , class: password
04-01 17:47:10.579   428   428 I FocusManager: -> focus is now on, tag: LI, id: , class: wifi active focus
04-01 17:47:10.583   428   428 I Gecko   : console.log: "NavigationMap update"
04-01 17:47:10.583   428   428 I Web Content: Content JS LOG: 
04-01 17:47:10.612   428   428 I Gecko   : WebViewChild: 
04-01 17:47:10.612   428   428 I Gecko   : Got metaChanged: (og:kaios:softkeyinfo) Enter: Select, SoftRight: Rescan 
04-01 17:47:10.612   428   428 I Gecko   : 
04-01 17:47:10.613   428   428 I FocusManager: << focus() called >>
04-01 17:47:10.613   428   428 I FocusManager:    trying to set focus on, tag: FORM, id: softkeyPanel, class: skbar none-paddings visible focused
04-01 17:47:10.631   428   428 I FocusManager: Warning: element is not focusable.
04-01 17:47:10.676   428   428 I Gecko   : console.log: "[settings] settings_db_cache getSetting success:[]"
04-01 17:47:10.677   428   428 I Web Content: Content JS LOG: 
04-01 17:47:10.715  1559  1559 I b2gkillerd: b2gkillerd has kicked 607
04-01 17:47:10.784   607   607 I GeckoDump: [system] [AppWindow][Settings][AppWindow_8][1616492290.470]  Handling mozbrowsermetachange event...
04-01 17:47:10.786   607   607 I GeckoDump: [system] [HierarchyManager][1616492290.472] getting top most...,AppWindowManager
04-01 17:47:10.873   877   877 D wpa_supplicant: CTRL_IFACE monitor attached /data/vendor/wifi/wpa/sockets/wpa_ctrl_680-2\x00
04-01 17:47:10.923   513   872 E WifiHAL : Invalid data received from driver
04-01 17:47:10.923   513   872 I chatty  : uid=1010 wifi@1.0-servic identical 4 lines
04-01 17:47:10.923   513   872 E WifiHAL : Invalid data received from driver
04-01 17:47:10.940   877   877 D wpa_supplicant: wlan0: Control interface command 'SIGNAL_POLL'
04-01 17:47:10.941   607   607 I GonkMemoryPressure: The observers of 'memory-pressure' are notified.
04-01 17:47:10.954   607   607 I Gecko   : console.log: "Embedding: choseActivity {\"id\":\"activity-choice13\",\"name\":\"show-toast\",\"choices\":[{\"manifest\":\"http://system.localhost/manifest.webmanifest\",\"icon\":\"\"}]}"
04-01 17:47:10.955   607   607 I GeckoConsole: Content JS LOG: 
04-01 17:47:10.957   607   607 I Gecko   : console.log: "Embedding: handleActivityChoosen: activity-choice13, 0"
04-01 17:47:10.957   607   607 I GeckoConsole: Content JS LOG: 
04-01 17:47:10.960   607   607 I GeckoDump: [system] WakeLockManager cpu : locked-background, isHeld 1
04-01 17:47:10.960   607   607 I GeckoDump: [system] WakeLockManager audio-playing : unlocked, isHeld 1
04-01 17:47:10.971   607   607 I Gecko   : ActivitiesService: sending activity-closed: {"id":"{9c59c096-0498-4dfc-b540-d28ea9cd37c7}","name":"show-toast","caller":"http://settings.localhost","handler":"http://system.localhost"}
04-01 17:47:10.976   513   872 E WifiHAL : Invalid data received from driver
04-01 17:47:10.980   513   872 V WifiHAL : event received NL80211_CMD_TRIGGER_SCAN
04-01 17:47:10.980   513   872 E WifiHAL : Invalid data received from driver
04-01 17:47:10.980   513   872 I chatty  : uid=1010 wifi@1.0-servic identical 1 line
04-01 17:47:10.980   513   872 E WifiHAL : Invalid data received from driver
04-01 17:47:10.980   730   873 D LOWI-8.6.0.81: [LOWI-Scan] wait_event:Wait done with Cmd 33
04-01 17:47:10.980   730   873 D LOWI-8.6.0.81: [LOWI-Scan] do_listen_events: Rcvd valid Netlink Cmd 0 Err 0
04-01 17:47:11.011   513   872 E WifiHAL : Invalid data received from driver
04-01 17:47:11.013   877   877 D wpa_supplicant: nl80211: Drv Event 33 (NL80211_CMD_TRIGGER_SCAN) received for wlan0
04-01 17:47:11.013   877   877 D wpa_supplicant: wlan0: nl80211: Scan trigger
04-01 17:47:11.013   877   877 D wpa_supplicant: wlan0: Event SCAN_STARTED (47) received
04-01 17:47:11.013   877   877 D wpa_supplicant: wlan0: External program started a scan
04-01 17:47:11.014   641   833 I netd    : networkAddRoute(103, "wlan0", "fe80::/64", "") <1.99ms>
04-01 17:47:11.015   877   877 D wpa_supplicant: EAPOL: EAP Session-Id not available
04-01 17:47:11.041   641   833 I netd    : DnsResolverService::setResolverConfiguration(103, [192.168.50.1], [], 1800, 25, 8, 64, 0, 3, [], []) -> (0) (0.4ms)
04-01 17:47:11.042   641   833 I netd    : setResolverConfiguration() <0.87ms>
04-01 17:47:11.042   513   872 E WifiHAL : Invalid data received from driver
04-01 17:47:11.049   641   833 I netd    : networkSetDefault(103) <0.12ms>
04-01 17:47:11.056   607   607 D GonkGPS_GEO: updateNetworkState_2_0, netId: 103, netHandle: 445787328525, connected: 1, capabilities: 3, apn: )
04-01 17:47:11.056   505   505 I LocSvc__AGnssRilInterface: ===> updateNetworkState_2_0 line 111 
04-01 17:47:11.057   505   547 I LocSvc_SystemStatusOsObserver: DataItem: ACTIVE_NETWORK_INFO::TYPEs_MASK: 3, TYPE_NAME: , SUB_TYPE_NAME: , IS_AVAILABLE: true, IS_CONNECTED: true, IS_ROAMING: false, NETWORK_HANDLE_0: 441492361229:0, NETWORK_HANDLE_1: 445787328525:1, NETWORK_HANDLE_2: 18446744073709551615:10, NETWORK_HANDLE_3: 18446744073709551615:10, NETWORK_HANDLE_4: 18446744073709551615:10, NETWORK_HANDLE_5: 18446744073709551615:10, NETWORK_HANDLE_6: 18446744073709551615:10, NETWORK_HANDLE_7: 18446744073709551615:10, NETWORK_HANDLE_8: 18446744073709551615:10, NETWORK_HANDLE_9: 18446744073709551615:10, APN_NAME:  >> XtraSystemStatusObserver
04-01 17:47:11.057   505   547 I LocSvc_SystemStatusOsObserver: DataItem: ACTIVE_NETWORK_INFO::TYPEs_MASK: 3, TYPE_NAME: , SUB_TYPE_NAME: , IS_AVAILABLE: true, IS_CONNECTED: true, IS_ROAMING: false, NETWORK_HANDLE_0: 441492361229:0, NETWORK_HANDLE_1: 445787328525:1, NETWORK_HANDLE_2: 18446744073709551615:10, NETWORK_HANDLE_3: 18446744073709551615:10, NETWORK_HANDLE_4: 18446744073709551615:10, NETWORK_HANDLE_5: 18446744073709551615:10, NETWORK_HANDLE_6: 18446744073709551615:10, NETWORK_HANDLE_7: 18446744073709551615:10, NETWORK_HANDLE_8: 18446744073709551615:10, NETWORK_HANDLE_9: 18446744073709551615:10, APN_NAME:  >> NativeAgpsHandler
04-01 17:47:11.059   877   877 D wpa_supplicant: RTM_NEWLINK: ifi_index=11 ifname=rmnet_data2 operstate=2 linkmode=0 ifi_family=0 ifi_flags=0x0 ()
04-01 17:47:11.060   730   764 D LOWI-8.6.0.81: [LOWINetlinkSocketReceiver] unpackRTMLinkMessage: RTM_NEWLINK - ifname rmnet_data2, flags 0x0 ()
04-01 17:47:11.063   877   877 D wpa_supplicant: wlan0: Control interface command 'SIGNAL_POLL'
04-01 17:47:11.066   513   872 E WifiHAL : Invalid data received from driver
04-01 17:47:11.073   641   833 E Netd    : Error deleting route 0.0.0.0/0 -> 10.144.172.168 rmnet_data2 to table 1011: No such process
04-01 17:47:11.073   877   877 D wpa_supplicant: EAPOL: EAP Session-Id not available
04-01 17:47:11.073   641   833 I netd    : networkRemoveRoute(102, "rmnet_data2", "0.0.0.0/0", "10.144.172.168") -> ServiceSpecificException(3, "No such process") <0.61ms>
04-01 17:47:11.078   641   833 E Netd    : Error deleting route 10.144.172.160/28 -> (null) rmnet_data2 to table 1011: No such process
04-01 17:47:11.079   641   833 I netd    : networkRemoveRoute(102, "rmnet_data2", "10.144.172.160/28", "") -> ServiceSpecificException(3, "No such process") <0.50ms>
04-01 17:47:11.083   641   833 E BandwidthController: No such iface wlan0 to delete
