04-01 17:47:12.400   428   428 I Gecko   : [Event] event type: keyup, key: Backspace, target: [object HTMLLIElement], class: availableNetworks focus
04-01 17:47:12.401   641  1248 E /system/bin/netd: AIBinder_incStrong: on null binder
04-01 17:47:12.403   641  1249 E /system/bin/netd: AIBinder_incStrong: on null binder
04-01 17:47:12.406   607   607 I GeckoDump: [system] [HardwareButtons] event type: keyup, key: Backspace, target: [object XULFrameElement], src: http://settings.localhost/index.html, activeElement nodeName: browser, class: 
04-01 17:47:12.414   428   428 I Gecko   : console.log: "[settings] settings_db_cache getSetting success:[]"
04-01 17:47:12.415   428   428 I Web Content: Content JS LOG: 
04-01 17:47:12.522   682   786 I QC-NETMGR-LIB: NetmgrNetdClientSetIpForwardEnable(): Looking for Netd service
04-01 17:47:12.523   682   786 I QC-NETMGR-LIB: NetmgrNetdClientSetIpForwardEnable(): starting command
04-01 17:47:12.523   682   786 I QC-NETMGR-LIB: setIpForwardEnable(): Attempting setIpForwardEnable
04-01 17:47:12.523   607   607 I Gecko   : console.log: "sendKeyEvent" "keydown" "EndCall"
04-01 17:47:12.523   607   607 I GeckoConsole: Content JS LOG: 
04-01 17:47:12.525   428   428 I Gecko   : [Event] event type: keydown, key: EndCall, target: [object HTMLLIElement], class: availableNetworks focus
04-01 17:47:12.530   641   834 D TetherController: Setting IP forward enable = 1
04-01 17:47:12.531   607   607 I GeckoDump: [system] [HardwareButtons] event type: keydown, key: EndCall, target: [object XULFrameElement], src: http://settings.localhost/index.html, activeElement nodeName: browser, class: 
04-01 17:47:12.531   513   872 E WifiHAL : Invalid data received from driver
04-01 17:47:12.531   682   786 I QC-NETMGR-LIB: NetmgrNetdClientSetIpForwardEnable(): completed command
04-01 17:47:12.533   607   607 I GeckoDump: [system] [KeypadBacklightManager]set keyLightEnabled = true, keyLightBrightness = 50
04-01 17:47:12.536   607   607 I GeckoDump: [system] [HierarchyManager][1616492292.221] getting top most...,AppWindowManager
04-01 17:47:12.670   607   607 I Gecko   : console.log: "sendKeyEvent" "keyup" "EndCall"
04-01 17:47:12.670   607   607 I GeckoConsole: Content JS LOG: 
04-01 17:47:12.672   428   428 I Gecko   : [Event] event type: keyup, key: EndCall, target: [object HTMLLIElement], class: availableNetworks focus
04-01 17:47:12.676   607   607 I GeckoDump: [system] [HardwareButtons] event type: keyup, key: EndCall, target: [object XULFrameElement], src: http://settings.localhost/index.html, activeElement nodeName: browser, class: 
04-01 17:47:12.677   607   607 I GeckoDump: [system] [HierarchyManager][1616492292.362] home
04-01 17:47:12.678   607   607 I GeckoDump: [system] [HierarchyManager][1616492292.364] handover home to AppWindowManager
04-01 17:47:12.679   607   607 I GeckoDump: [system] [AppWindow][Settings][AppWindow_8][1616492292.365] publishing internal event: requestclose
04-01 17:47:12.680   607   607 I GeckoDump: [system] [AppWindow][Settings][AppWindow_8][1616492292.366] publishing external event: apprequestclose
04-01 17:47:12.680   607   607 I GeckoDump: [system] [AppWindowManager][1616492292.366]handling apprequestclose
04-01 17:47:12.681   607   607 I GeckoDump: [system] [HomescreenWindow][Launcher][homescreen][1616492292.367] ensuring homescreen...,
04-01 17:47:12.681   607   607 I GeckoDump: [system] [AppWindowManager][1616492292.367] current is http://settings.localhost/index.html; next is http://launcher.localhost/index.html#mainView
04-01 17:47:12.681   607   607 I GeckoDump: [system] [AppWindowManager][1616492292.367]true,false,[object Object]
04-01 17:47:12.681   607   607 I GeckoDump: [system] [HomescreenWindow][Launcher][homescreen][1616492292.367] request RESIZE...
04-01 17:47:12.681   607   607 I GeckoDump: [system] [HomescreenWindow][Launcher][homescreen][1616492292.367]  will resize... 
04-01 17:47:12.682   607   607 I GeckoDump: [system] [HomescreenWindow][Launcher][homescreen][1616492292.368] force RESIZE...
04-01 17:47:12.682   607   607 I GeckoDump: [system] [HomescreenWindow][Launcher][homescreen][1616492292.368] publishing internal event: withoutkeyboard
04-01 17:47:12.683   607   607 I GeckoDump: [system] [AppWindowManager][1616492292.369]publish: activeappchanged
04-01 17:47:12.684   607   607 I GeckoDump: [system] [AppWindowManager][1616492292.370]=== Active app now is: ,Launcher,===
04-01 17:47:12.684   607   607 I GeckoDump: [system] [AppWindowManager][1616492292.370]before ready check[object Object][object Object]
04-01 17:47:12.684   607   607 I GeckoDump: [system] [HomescreenWindow][Launcher][homescreen][1616492292.370] requesting to open
04-01 17:47:12.684   607   607 I GeckoDump: [system] [HierarchyManager][1616492292.370] getting top most...,AppWindowManager
04-01 17:47:12.685   607   607 I GeckoDump: [system] [HomescreenWindow][Launcher][homescreen][1616492292.370] set visibility -> ,true
04-01 17:47:12.685   607   607 I GeckoDump: [system] [HomescreenWindow][Launcher][homescreen][1616492292.371] setVisibleForScreenReader:,true
04-01 17:47:12.685   607   607 I GeckoDump: [system] [HomescreenWindow][Launcher][homescreen][1616492292.371] toggleVirtualCursor(): enabled = undefined
04-01 17:47:12.685   607   607 I GeckoDump: [system] [HomescreenWindow][Launcher][homescreen][1616492292.371] toggleVirtualCursor(): early return, incorrect window
04-01 17:47:12.685   607   607 I GeckoDump: [system] [HomescreenWindow][Launcher][homescreen][1616492292.371] setActive on browser element:true
04-01 17:47:12.686   607   607 I GeckoDump: [system] [HomescreenWindow][Launcher][homescreen][1616492292.372]  Handling mozbrowservisibilitychange event...
04-01 17:47:12.687   607   607 I GeckoDump: [system] [HomescreenWindow][Launcher][homescreen][1616492292.373] publishing internal event: foreground
04-01 17:47:12.687   607   607 I GeckoDump: [system] [HomescreenWindow][Launcher][homescreen][1616492292.373] publishing external event: homescreenforeground
04-01 17:47:12.688   607   607 I GeckoDump: [system] [HomescreenWindow][Launcher][homescreen][1616492292.374] handling mozbrowservisibilitychange
04-01 17:47:12.691   607   607 I GeckoDump: [system] [HomescreenWindow][Launcher][homescreen][1616492292.377] before showing frame
04-01 17:47:12.691   607   607 I GeckoDump: [system] [HomescreenWindow][Launcher][homescreen][1616492292.377] setVisible on browser element:true
04-01 17:47:12.692   607   607 I FocusManager: << blur() called or ClearFocus called >>
04-01 17:47:12.692   607   607 I FocusManager: <- blur on, tag: browser, id: , class: 
04-01 17:47:12.693   428   428 I FocusManager: <- blur on, tag: LI, id: , class: availableNetworks focus
04-01 17:47:12.696   607   607 I GeckoDump: [system] [AppWindow][Settings][AppWindow_8][1616492292.382] publishing internal event: terminated
04-01 17:47:12.696   607   607 I GeckoDump: [system] [AppWindow][Settings][AppWindow_8][1616492292.382] publishing external event: appterminated
04-01 17:47:12.697   607   607 I GeckoDump: [system] [AppWindowManager][1616492292.383]handling appterminated
04-01 17:47:12.734   608  1057 W api_daemon::session: Processing 'ProcManagerService request: ProcessServiceCommit' took too long: 28ms
04-01 17:47:12.789  4020  4020 I GeckoDump: [launcher] Visibilitychange = false
04-01 17:47:12.791  4020  4020 I GeckoDump: [launcher] [App][112.223] no handle event pre found. skip
04-01 17:47:12.791  4020  4020 I GeckoDump: [launcher] [App][112.224] handling visibilitychange
04-01 17:47:12.794  4020  4020 I FocusManager: << focus() called >>
04-01 17:47:12.794  4020  4020 I FocusManager:    trying to set focus on, tag: DIV, id: , class: dialog-container
04-01 17:47:12.794  4020  4020 I FocusManager: Warning: element is not focusable.
04-01 17:47:12.796  4020  4020 I GeckoDump: [launcher] [Clock][112.228] no handle event pre found. skip
04-01 17:47:12.796  4020  4020 I GeckoDump: [launcher] [Clock][112.228] handling visibilitychange
04-01 17:47:12.971   513   872 E WifiHAL : Invalid data received from driver
04-01 17:47:12.971   513   872 I chatty  : uid=1010 wifi@1.0-servic identical 5 lines
04-01 17:47:12.972   513   872 E WifiHAL : Invalid data received from driver
04-01 17:47:13.180   607   607 I GeckoDump: [system] [AppWindow][Settings][AppWindow_8][1616492292.866] close with reduce
04-01 17:47:13.181   607   607 I GeckoDump: [system] [AppWindow][Settings][AppWindow_8][1616492292.866] opened,closing,::,close
04-01 17:47:13.182   607   607 I GeckoDump: [system] [AppWindow][Settings][AppWindow_8][1616492292.868] timer to ensure closed does occur.
04-01 17:47:13.183   607   607 I GeckoDump: [system] [AppWindow][Settings][AppWindow_8][1616492292.869] publishing internal event: closing
04-01 17:47:13.184   607   607 I GeckoDump: [system] [AppWindow][Settings][AppWindow_8][1616492292.869] handling _closing
04-01 17:47:13.184   607   607 I GeckoDump: [system] [AppWindow][Settings][AppWindow_8][1616492292.870] publishing external event: appclosing
04-01 17:47:13.185   607   607 I GeckoDump: [system] [AppWindow][Settings][AppWindow_8][1616492292.871] publishing internal event: willclose
04-01 17:47:13.185   607   607 I GeckoDump: [system] [AppWindow][Settings][AppWindow_8][1616492292.871] publishing external event: appwillclose
04-01 17:47:13.187   607   607 I GeckoDump: [system] [HomescreenWindow][Launcher][homescreen][1616492292.873]  nextpaint is timeouted.
04-01 17:47:13.189   607   607 I GeckoDump: [system] [AppWindowManager][1616492292.875]ready to open/closefalse
04-01 17:47:13.189   607   607 I GeckoDump: [system] [AppWindowManager][1616492292.875]false,false,[object Object]
04-01 17:47:13.190   607   607 I GeckoDump: [system] [HomescreenWindow][Launcher][homescreen][1616492292.875] request RESIZE...
04-01 17:47:13.190   607   607 I GeckoDump: [system] [HomescreenWindow][Launcher][homescreen][1616492292.876]  will resize... 
04-01 17:47:13.190   607   607 I GeckoDump: [system] [HomescreenWindow][Launcher][homescreen][1616492292.876] force RESIZE...
04-01 17:47:13.190   607   607 I GeckoDump: [system] [HomescreenWindow][Launcher][homescreen][1616492292.876] publishing internal event: withoutkeyboard
04-01 17:47:13.191   607   607 I GeckoDump: [system] [AppWindowManager][1616492292.877]=== Active app now is: ,Launcher,===
04-01 17:47:13.191   607   607 I GeckoDump: [system] [AppWindowManager][1616492292.877]publish: appwindowmanager-activated
04-01 17:47:13.191   607   607 I GeckoDump: [system] [HierarchyManager][1616492292.877] appwindowmanager-activated
04-01 17:47:13.192   607   607 I GeckoDump: [system] [HierarchyManager][1616492292.878] handling appwindowmanager-activated
04-01 17:47:13.193   607   607 I GeckoDump: [system] [HierarchyManager][1616492292.878] AppWindowManager is becoming active now.
04-01 17:47:13.193   607   607 I GeckoDump: [system] [HierarchyManager][1616492292.879] top most is the same.,AppWindowManager
04-01 17:47:13.198   607   607 I GeckoDump: [system] [AppWindow][Settings][AppWindow_8][1616492292.883] portrait-primary
04-01 17:47:13.198   607   607 I GeckoDump: [system] [HomescreenWindow][Launcher][homescreen][1616492292.884] open with no-animation
04-01 17:47:13.198   607   607 I GeckoDump: [system] [HomescreenWindow][Launcher][homescreen][1616492292.884] closed,opening,::,open
04-01 17:47:13.199   607   607 I GeckoDump: [system] [HomescreenWindow][Launcher][homescreen][1616492292.885] timer to ensure opened does occur.
04-01 17:47:13.200   607   607 I GeckoDump: [system] [HomescreenWindow][Launcher][homescreen][1616492292.886] appWindow homescreen statusbar-overlapped render transition-opening no-animation
04-01 17:47:13.201   607   607 I GeckoDump: [system] [HomescreenWindow][Launcher][homescreen][1616492292.887] publishing internal event: opening
04-01 17:47:13.202   607   607 I GeckoDump: [system] [HomescreenWindow][Launcher][homescreen][1616492292.887]  fade in <<<<< 
04-01 17:47:13.202   607   607 I GeckoDump: [system] [HomescreenWindow][Launcher][homescreen][1616492292.888] publishing internal event: requestforeground
04-01 17:47:13.203   607   607 I GeckoDump: [system] [HomescreenWindow][Launcher][homescreen][1616492292.888] publishing external event: homescreenrequestforeground
04-01 17:47:13.203   607   607 I GeckoDump: [system] [HomescreenWindow][Launcher][homescreen][1616492292.889] set visibility -> ,true
04-01 17:47:13.203   607   607 I GeckoDump: [system] [HomescreenWindow][Launcher][homescreen][1616492292.889] setVisibleForScreenReader:,true
04-01 17:47:13.204   607   607 I GeckoDump: [system] [HomescreenWindow][Launcher][homescreen][1616492292.889] toggleVirtualCursor(): enabled = undefined
04-01 17:47:13.204   607   607 I GeckoDump: [system] [HomescreenWindow][Launcher][homescreen][1616492292.890] toggleVirtualCursor(): early return, incorrect window
04-01 17:47:13.204   607   607 I GeckoDump: [system] [HomescreenWindow][Launcher][homescreen][1616492292.890] setActive on browser element:true
04-01 17:47:13.205   607   607 I GeckoDump: [system] [HomescreenWindow][Launcher][homescreen][1616492292.891] before showing frame
04-01 17:47:13.206   607   607 I Gecko   : console.warn: "screen.mozLockOrientation() returned false for" "http://launcher.localhost/manifest.webmanifest" "orientation" "natural"
04-01 17:47:13.206   607   607 W GeckoConsole: Content JS WARN: 
04-01 17:47:13.207   607   607 I GeckoDump: [system] [HomescreenWindow][Launcher][homescreen][1616492292.893] handling _opening
04-01 17:47:13.207   607   607 I GeckoDump: [system] [HomescreenWindow][Launcher][homescreen][1616492292.893] publishing external event: homescreenopening
04-01 17:47:13.208   607   607 I GeckoDump: [system] [HomescreenWindow][Launcher][homescreen][1616492292.894] publishing internal event: willopen
04-01 17:47:13.208   607   607 I GeckoDump: [system] [HomescreenWindow][Launcher][homescreen][1616492292.894] publishing external event: homescreenwillopen
04-01 17:47:13.209   607   607 I GeckoDump: [system] [AppWindow][Settings][AppWindow_8][1616492292.894] close with reduce
04-01 17:47:13.264   607   607 I Gecko   : console.log: "[PushCampaignHelper]" "Failed to get restricted token, reason=" 400
04-01 17:47:13.265   607   607 I GeckoConsole: Content JS LOG: 
04-01 17:47:13.265   607   607 I Gecko   : console.log: "[PushCampaignRegistration]" "Ready to start the activity, payload=" ({apiUri:"https://api.kaiostech.com/v3.0", clientInfo:{version:"3.2.0", name:"Store"}, defaultServiceId:0, deviceInfo:{connectionType:"wifi", platform_build_id:"20210401171710", build_number:"eng.rex.20210401.165856"}, lang:"en-US", simInfo:{icc_mcc:466, icc_mnc:1, icc_mcc2:0, icc_mnc2:0}, token:{kid:(void 0), mac_key:(void 0)}, uuid:"f2cfb20f-a686-4114-b8cf-11553d50dd23"})
04-01 17:47:13.266   607   607 I GeckoConsole: Content JS LOG: 
04-01 17:47:13.268   607   607 I Gecko   : ActivitiesService: sending activity-opened: {"id":"{9793fdea-ab63-4972-8818-7ba248848d35}","name":"kaistore-push-register","origin":""}
04-01 17:47:13.287   682   786 I QC-NETMGR-LIB: NetmgrNetdClientAddInterfaceToOemNetwork(): Looking for Netd service
04-01 17:47:13.287   682   786 I QC-NETMGR-LIB: NetmgrNetdClientAddInterfaceToOemNetwork(): starting command
04-01 17:47:13.287   682   786 I QC-NETMGR-LIB: addInterfaceToOemNetwork(): Attempting addInterfaceToOemNetwork
04-01 17:47:13.291   607   607 I Gecko   : console.log: "Embedding: choseActivity {\"id\":\"activity-choice14\",\"name\":\"kaistore-push-register\",\"choices\":[{\"manifest\":\"http://kaios-store.localhost/manifest.webmanifest\",\"icon\":\"\"}]}"
04-01 17:47:13.292   607   607 I GeckoConsole: Content JS LOG: 
04-01 17:47:13.294   607   607 I Gecko   : console.log: "Embedding: handleActivityChoosen: activity-choice14, 0"
04-01 17:47:13.294   682   786 I QC-NETMGR-LIB: NetmgrNetdClientAddInterfaceToOemNetwork(): completed command
04-01 17:47:13.294   682   786 I QC-NETMGR-LIB: NetmgrNetdClientSetForwardingBetweenInterfaces(): Looking for Netd service
04-01 17:47:13.294   682   786 I QC-NETMGR-LIB: NetmgrNetdClientSetForwardingBetweenInterfaces(): starting command
04-01 17:47:13.294   682   786 I QC-NETMGR-LIB: setForwardingBetweenInterfaces(): Attempting setForwardingBetweenInterfaces
04-01 17:47:13.295   607   607 I GeckoConsole: Content JS LOG: 
04-01 17:47:13.295   682   786 I QC-NETMGR-LIB: NetmgrNetdClientSetForwardingBetweenInterfaces(): completed command
04-01 17:47:13.295   682   786 I QC-NETMGR-LIB: NetmgrNetdClientAddRouteToOemNetwork(): Looking for Netd service
04-01 17:47:13.295   682   786 I QC-NETMGR-LIB: NetmgrNetdClientAddRouteToOemNetwork(): starting command
04-01 17:47:13.295   682   786 I QC-NETMGR-LIB: addRouteToOemNetwork(): Attempting addRouteToOemNetwork
04-01 17:47:13.296   682   786 I QC-NETMGR-LIB: NetmgrNetdClientAddRouteToOemNetwork(): completed command
04-01 17:47:13.296   682   786 I QC-NETMGR-LIB: NetmgrNetdClientSetForwardingBetweenInterfaces(): Looking for Netd service
04-01 17:47:13.296   682   786 I QC-NETMGR-LIB: NetmgrNetdClientSetForwardingBetweenInterfaces(): starting command
04-01 17:47:13.296   682   786 I QC-NETMGR-LIB: setForwardingBetweenInterfaces(): Attempting setForwardingBetweenInterfaces
04-01 17:47:13.298   682   786 I QC-NETMGR-LIB: NetmgrNetdClientSetForwardingBetweenInterfaces(): completed command
04-01 17:47:13.298   682   786 I QC-NETMGR-LIB: NetmgrNetdClientAddRouteToOemNetwork(): Looking for Netd service
04-01 17:47:13.298   682   786 I QC-NETMGR-LIB: NetmgrNetdClientAddRouteToOemNetwork(): starting command
04-01 17:47:13.298   682   786 I QC-NETMGR-LIB: addRouteToOemNetwork(): Attempting addRouteToOemNetwork
04-01 17:47:13.299   682   786 I QC-NETMGR-LIB: NetmgrNetdClientAddRouteToOemNetwork(): completed command
04-01 17:47:13.417   607   607 I GeckoDump: [system] [AppWindow][Settings][AppWindow_8][1616492293.103] closeApp has been ENDED!
04-01 17:47:13.418   607   607 I GeckoDump: [system] [AppWindow][Settings][AppWindow_8][1616492293.103] closing,closed,::,complete
04-01 17:47:13.419   607   607 I GeckoDump: [system] [AppWindow][Settings][AppWindow_8][1616492293.105] publishing internal event: closed
04-01 17:47:13.421   607   607 I GeckoDump: [system] [AppWindow][Settings][AppWindow_8][1616492293.106] set visibility -> ,false
04-01 17:47:13.421   607   607 I GeckoDump: [system] [AppWindow][Settings][AppWindow_8][1616492293.107] setVisibleForScreenReader:,false
04-01 17:47:13.422   607   607 I GeckoDump: [system] [AppWindow][Settings][AppWindow_8][1616492293.108] toggleVirtualCursor(): enabled = undefined
04-01 17:47:13.424   607   607 I GeckoDump: [system] [AppWindow][Settings][AppWindow_8][1616492293.110] toggleVirtualCursor(): disableVirtualCursor
04-01 17:47:13.440   607   607 I GeckoDump: [system] [AppWindow][Settings][AppWindow_8][1616492293.125] setActive on browser element:false
04-01 17:47:13.441   607   607 I GeckoDump: [system] [AppWindow][Settings][AppWindow_8][1616492293.127]  Handling mozbrowservisibilitychange event...
04-01 17:47:13.441   607   607 I GeckoDump: [system] [AppWindow][Settings][AppWindow_8][1616492293.127] publishing internal event: background
04-01 17:47:13.442   607   607 I GeckoDump: [system] [AppWindow][Settings][AppWindow_8][1616492293.128] publishing external event: appbackground
04-01 17:47:13.443   607   607 I GeckoDump: [system] [AppWindow][Settings][AppWindow_8][1616492293.129] handling mozbrowservisibilitychange
04-01 17:47:13.447   607   607 I GeckoDump: [system] [AppWindow][Settings][AppWindow_8][1616492293.132] before hiding frame
04-01 17:47:13.448   607   607 I GeckoDump: [system] [AppWindow][Settings][AppWindow_8][1616492293.134] setVisible on browser element:false
04-01 17:47:13.449   607   607 I GeckoDump: [system] [AppWindow][Settings][AppWindow_8][1616492293.135] Settings:AppWindow_8 is setting nfc active to: false
04-01 17:47:13.450   607   607 I GeckoDump: [system] [AppWindow][Settings][AppWindow_8][1616492293.136] set nfc active is not implemented
04-01 17:47:13.450   607   607 I GeckoDump: [system] [AppWindow][Settings][AppWindow_8][1616492293.136] handling _closed
04-01 17:47:13.451   607   607 I GeckoDump: [system] [AppWindow][Settings][AppWindow_8][1616492293.137] publishing internal event: willdestroy
04-01 17:47:13.451   607   607 I GeckoDump: [system] [AppWindow][Settings][AppWindow_8][1616492293.137] publishing external event: appwilldestroy
04-01 17:47:13.458   428  1314 I Gecko   : console.warn: "Received systemmessage" ({get isTrusted() {
04-01 17:47:13.458   428  1314 I Gecko   :     [native code]
04-01 17:47:13.458   428  1314 I Gecko   : }})
04-01 17:47:13.460   428  1314 I Gecko   : console.warn: "[sw] addWebActivityRequestHandler: " "kaistore-push-register_1617270433459" ({})
04-01 17:47:13.460   428   428 W Web Content: Content JS WARN: 
04-01 17:47:13.464   607   607 I GeckoDump: [system] [AudioChannelService][1616492293.150] handling audiochanneldestroyed
04-01 17:47:13.465   607   607 I GeckoDump: [system] [AudioChannelService][1616492293.150] publishing: audiochannelchanged
04-01 17:47:13.465   428   428 W Web Content: Content JS WARN: 
04-01 17:47:13.466   607   607 I GeckoDump: [system] [AudioChannelService][1616492293.152] handling audiochanneldestroyed
04-01 17:47:13.467   607   607 I GeckoDump: [system] [AudioChannelService][1616492293.152] publishing: audiochannelchanged
04-01 17:47:13.467   607   607 I GeckoDump: [system] [AudioChannelService][1616492293.153] handling audiochanneldestroyed
04-01 17:47:13.468   607   607 I GeckoDump: [system] [AudioChannelService][1616492293.154] publishing: audiochannelchanged
04-01 17:47:13.469   607   607 I GeckoDump: [system] [AudioChannelService][1616492293.155] handling audiochanneldestroyed
04-01 17:47:13.469   607   607 I GeckoDump: [system] [AudioChannelService][1616492293.155] publishing: audiochannelchanged
04-01 17:47:13.470   607   607 I GeckoDump: [system] [AudioChannelService][1616492293.156] handling audiochanneldestroyed
04-01 17:47:13.471   607   607 I GeckoDump: [system] [AudioChannelService][1616492293.157] publishing: audiochannelchanged
04-01 17:47:13.471   607   607 I GeckoDump: [system] [AudioChannelService][1616492293.157] handling audiochanneldestroyed
04-01 17:47:13.472   607   607 I GeckoDump: [system] [AudioChannelService][1616492293.157] publishing: audiochannelchanged
04-01 17:47:13.472   607   607 I GeckoDump: [system] [AudioChannelService][1616492293.158] handling audiochanneldestroyed
04-01 17:47:13.473   607   607 I GeckoDump: [system] [AudioChannelService][1616492293.159] publishing: audiochannelchanged
04-01 17:47:13.474   607   607 I GeckoDump: [system] [AudioChannelService][1616492293.159] handling audiochanneldestroyed
04-01 17:47:13.474   607   607 I GeckoDump: [system] [AudioChannelService][1616492293.160] publishing: audiochannelchanged
04-01 17:47:13.491   607   607 I GeckoDump: [system] [AppWindow][Settings][AppWindow_8][1616492293.177] removing mozbrowserclose event handler ...
04-01 17:47:13.491   607   607 I GeckoDump: [system] [AppWindow][Settings][AppWindow_8][1616492293.177] removing mozbrowsererror event handler ...
04-01 17:47:13.492   607   607 I GeckoDump: [system] [AppWindow][Settings][AppWindow_8][1616492293.178] removing mozbrowservisibilitychange event handler ...
04-01 17:47:13.492   607   607 I GeckoDump: [system] [AppWindow][Settings][AppWindow_8][1616492293.178] removing mozbrowserloadend event handler ...
04-01 17:47:13.492   607   607 I GeckoDump: [system] [AppWindow][Settings][AppWindow_8][1616492293.178] removing mozbrowseractivitydone event handler ...
04-01 17:47:13.493   607   607 I GeckoDump: [system] [AppWindow][Settings][AppWindow_8][1616492293.178] removing mozbrowserloadstart event handler ...
04-01 17:47:13.493   607   607 I GeckoDump: [system] [AppWindow][Settings][AppWindow_8][1616492293.179] removing mozbrowsertitlechange event handler ...
04-01 17:47:13.493   607   607 I GeckoDump: [system] [AppWindow][Settings][AppWindow_8][1616492293.179] removing mozbrowserlocationchange event handler ...
04-01 17:47:13.493   607   607 I GeckoDump: [system] [AppWindow][Settings][AppWindow_8][1616492293.179] removing mozbrowserpromptpermission event handler ...
04-01 17:47:13.494   607   607 I GeckoDump: [system] [AppWindow][Settings][AppWindow_8][1616492293.179] removing mozbrowsermetachange event handler ...
04-01 17:47:13.494   607   607 I GeckoDump: [system] [AppWindow][Settings][AppWindow_8][1616492293.180] removing mozbrowsericonchange event handler ...
04-01 17:47:13.494   607   607 I GeckoDump: [system] [AppWindow][Settings][AppWindow_8][1616492293.180] removing mozbrowserasyncscroll event handler ...
04-01 17:47:13.494   607   607 I GeckoDump: [system] [AppWindow][Settings][AppWindow_8][1616492293.180] removing mozbrowsersecuritychange event handler ...
04-01 17:47:13.495   607   607 I GeckoDump: [system] [AppWindow][Settings][AppWindow_8][1616492293.180] removing mozbrowserdocumentfirstpaint event handler ...
04-01 17:47:13.495   607   607 I GeckoDump: [system] [AppWindow][Settings][AppWindow_8][1616492293.181] removing mozbrowserprocessready event handler ...
04-01 17:47:13.495   607   607 I GeckoDump: [system] [AppWindow][Settings][AppWindow_8][1616492293.181] removing _localized event handler ...
04-01 17:47:13.495   607   607 I GeckoDump: [system] [AppWindow][Settings][AppWindow_8][1616492293.181] removing _swipein event handler ...
04-01 17:47:13.495   607   607 I GeckoDump: [system] [AppWindow][Settings][AppWindow_8][1616492293.181] removing _swipeout event handler ...
04-01 17:47:13.495   607   607 I GeckoDump: [system] [AppWindow][Settings][AppWindow_8][1616492293.181] removing _kill_suspended event handler ...
04-01 17:47:13.496   607   607 I GeckoDump: [system] [AppWindow][Settings][AppWindow_8][1616492293.181] removing _orientationchange event handler ...
04-01 17:47:13.496   607   607 I GeckoDump: [system] [AppWindow][Settings][AppWindow_8][1616492293.182] removing _focus event handler ...
04-01 17:47:13.496   607   607 I GeckoDump: [system] [AppWindow][Settings][AppWindow_8][1616492293.182] removing _blur event handler ...
04-01 17:47:13.496   607   607 I GeckoDump: [system] [AppWindow][Settings][AppWindow_8][1616492293.182] removing _hidewindow event handler ...
04-01 17:47:13.500   607   607 I GeckoDump: [system] [AppWindow][Settings][AppWindow_8][1616492293.185] publishing internal event: suspended
04-01 17:47:13.500   607   607 I GeckoDump: [system] [AppWindow][Settings][AppWindow_8][1616492293.186] publishing external event: appsuspended
04-01 17:47:13.502   607   607 I GeckoDump: [system] [AppWindow][Settings][AppWindow_8][1616492293.187] publishing external event: appdestroyed
04-01 17:47:13.502   607   607 I GeckoDump: [system] [AppWindow][Settings][AppWindow_8][1616492293.188] publishing external event: appclosed
04-01 17:47:13.505   607   607 I GeckoDump: [system] [HomescreenWindow][Launcher][homescreen][1616492293.190] ensuring homescreen...,
04-01 17:47:13.505   607   607 I GeckoDump: [system] [HomescreenWindow][Launcher][homescreen][1616492293.191] ensuring homescreen...,
04-01 17:47:13.506   607   607 I GeckoDump: [system] [HierarchyManager][1616492293.192] windowclosed
04-01 17:47:13.507   607   607 I GeckoDump: [system] [HierarchyManager][1616492293.192] publishing: hierarchytopmostwindowchanged
04-01 17:47:13.507   607   607 I GeckoDump: [system] [HierarchyManager][1616492293.193] getting top most...,AppWindowManager
04-01 17:47:13.509   607   607 I GeckoDump: [system] [AppWindowManager][1616492293.195]handling hierarchytopmostwindowchanged
04-01 17:47:13.510   607   607 I GeckoDump: [system] [HierarchyManager][1616492293.196] getting top most...,AppWindowManager
04-01 17:47:13.510   607   607 I GeckoDump: [system] [HomescreenWindow][Launcher][homescreen][1616492293.196] Launcher:homescreen is setting nfc active to: true
04-01 17:47:13.511   607   607 I GeckoDump: [system] [HomescreenWindow][Launcher][homescreen][1616492293.196] set nfc active is not implemented
04-01 17:47:13.511   607   607 I GeckoDump: [system] [AudioChannelService][1616492293.197] handling hierarchytopmostwindowchanged
04-01 17:47:13.512   607   607 I GeckoDump: [system] [AudioChannelService][1616492293.197] Launcher is opened
04-01 17:47:13.512   607   607 I GeckoDump: [system] [AudioChannelService][1616492293.198] publishing: audiochannelchanged
04-01 17:47:13.549   607   607 I Gecko   : console.log: "Embedding: Embedder event: default-volume-channel-changed"
04-01 17:47:13.550   607   607 I GeckoConsole: Content JS LOG: 
04-01 17:47:13.551   607   607 I Gecko   : ActivitiesService: activity handler ready: {"id":"{9793fdea-ab63-4972-8818-7ba248848d35}","name":"kaistore-push-register","caller":"","handler":"http://kaios-store.localhost","handlerPID":428}
04-01 17:47:13.553   607   607 E GeckoConsole: Content JS ERROR: 
04-01 17:47:13.556   607   607 E GeckoConsole: [JavaScript Error: "NS_ERROR_FILE_NOT_FOUND: " {file: "resource://gre/modules/SessionStoreFunctions.jsm" line: 444}]
04-01 17:47:13.556   607   607 E GeckoConsole: SSF_updateSessionStore@resource://gre/modules/SessionStoreFunctions.jsm:444:5
04-01 17:47:13.556   607   607 E GeckoConsole: UpdateSessionStore@resource://gre/modules/SessionStoreFunctions.jsm:20:35
04-01 17:47:13.557   608  1057 I settings_service::ser..: Dropping Settings Service #1
04-01 17:47:13.562   608  1057 I apps_service::service: Dropping Apps Service #4
04-01 17:47:13.571   608  1057 I devicecapability_serv..: Dropping DeviceCapabilityService #2
04-01 17:47:13.584   608  1365 I time_service::service: incoming request
04-01 17:47:13.584   608  1365 I time_service::service: get_elapse_real_time
04-01 17:47:13.600   608  1057 W api_daemon::session: Processing 'ProcManagerService request: ProcessServiceCommit' took too long: 14ms
04-01 17:47:13.600   641  1338 E ResolverController: No valid NAT64 prefix (103, <unspecified>/0)
04-01 17:47:13.602   641  1338 E /system/bin/netd: AIBinder_incStrong: on null binder
04-01 17:47:13.750   607   607 I GeckoDump: [system] [HomescreenWindow][Launcher][homescreen][1616492293.436] publishing internal event: openingtimeout
04-01 17:47:13.751   607   607 I GeckoDump: [system] [HierarchyManager][1616492293.437] getting top most...,AppWindowManager
04-01 17:47:13.751   607   607 I GeckoDump: [system] [HomescreenWindow][Launcher][homescreen][1616492293.437] opening,opened,::,timeout
04-01 17:47:13.753   607   607 I GeckoDump: [system] [HomescreenWindow][Launcher][homescreen][1616492293.439] publishing internal event: opened
04-01 17:47:13.754   607   607 I GeckoDump: [system] [HomescreenWindow][Launcher][homescreen][1616492293.440] publishing internal event: requestforeground
04-01 17:47:13.755   607   607 I GeckoDump: [system] [HomescreenWindow][Launcher][homescreen][1616492293.440] publishing external event: homescreenrequestforeground
04-01 17:47:13.755   607   607 I GeckoDump: [system] [HomescreenWindow][Launcher][homescreen][1616492293.441] set visibility -> ,true
04-01 17:47:13.756   607   607 I GeckoDump: [system] [HomescreenWindow][Launcher][homescreen][1616492293.441] setVisibleForScreenReader:,true
04-01 17:47:13.756   607   607 I GeckoDump: [system] [HomescreenWindow][Launcher][homescreen][1616492293.442] toggleVirtualCursor(): enabled = undefined
04-01 17:47:13.756   607   607 I GeckoDump: [system] [HomescreenWindow][Launcher][homescreen][1616492293.442] toggleVirtualCursor(): early return, incorrect window
04-01 17:47:13.757   607   607 I GeckoDump: [system] [HomescreenWindow][Launcher][homescreen][1616492293.443] setActive on browser element:true
04-01 17:47:13.758   607   607 I GeckoDump: [system] [HomescreenWindow][Launcher][homescreen][1616492293.444] before showing frame
04-01 17:47:13.759   607   607 I Gecko   : console.warn: "screen.mozLockOrientation() returned false for" "http://launcher.localhost/manifest.webmanifest" "orientation" "natural"
04-01 17:47:13.760   607   607 W GeckoConsole: Content JS WARN: 
04-01 17:47:13.761   607   607 I GeckoDump: [system] [HierarchyManager][1616492293.447] getting top most...,AppWindowManager
04-01 17:47:13.761   607   607 I GeckoDump: [system] [HomescreenWindow][Launcher][homescreen][1616492293.447] focusing this app.
04-01 17:47:13.761   607   607 I GeckoDump: [system] [HomescreenWindow][Launcher][homescreen][1616492293.447] focusing
04-01 17:47:13.762   607   607 I GeckoDump: [system] [HomescreenWindow][Launcher][homescreen][1616492293.448] set visibility -> ,true
04-01 17:47:13.762   607   607 I GeckoDump: [system] [HomescreenWindow][Launcher][homescreen][1616492293.448] setVisibleForScreenReader:,true
04-01 17:47:13.762   607   607 I GeckoDump: [system] [HomescreenWindow][Launcher][homescreen][1616492293.448] toggleVirtualCursor(): enabled = undefined
04-01 17:47:13.762   607   607 I GeckoDump: [system] [HomescreenWindow][Launcher][homescreen][1616492293.448] toggleVirtualCursor(): early return, incorrect window
04-01 17:47:13.762   607   607 I GeckoDump: [system] [HomescreenWindow][Launcher][homescreen][1616492293.448] setActive on browser element:true
04-01 17:47:13.764   607   607 I GeckoDump: [system] [HomescreenWindow][Launcher][homescreen][1616492293.449] before showing frame
04-01 17:47:13.764   607   607 I FocusManager: << focus() called >>
04-01 17:47:13.764   607   607 I FocusManager:    trying to set focus on, tag: browser, id: , class: 
04-01 17:47:13.771   607   607 I FocusManager:    current focused element, NULL, tag: , id: , class: 
04-01 17:47:13.771   607   607 I FocusManager: <- blur on, NULL, tag: , id: , class: 
04-01 17:47:13.771   607   607 I FocusManager: -> focus is now on, tag: browser, id: , class: 
04-01 17:47:13.775  4020  4020 I FocusManager: * WindowRaised *
04-01 17:47:13.775  4020  4020 I FocusManager: -> focus is now on, tag: DIV, id: main-view, class: 
04-01 17:47:13.777   607   607 I GeckoDump: [system] [HierarchyManager][1616492293.463] getting top most...,AppWindowManager
04-01 17:47:13.778   607   607 I GeckoDump: [system] [HomescreenWindow][Launcher][homescreen][1616492293.464] _setVisibleForScreenReader(): visible = true
04-01 17:47:13.778   607   607 I GeckoDump: [system] [HomescreenWindow][Launcher][homescreen][1616492293.464] aria-hidden on browser element:false
04-01 17:47:13.778   607   607 I GeckoDump: [system] [HomescreenWindow][Launcher][homescreen][1616492293.464] toggleVirtualCursor(): enabled = undefined
04-01 17:47:13.779   607   607 I GeckoDump: [system] [HomescreenWindow][Launcher][homescreen][1616492293.464] toggleVirtualCursor(): early return, incorrect window
04-01 17:47:13.779   607   607 I GeckoDump: [system] [HomescreenWindow][Launcher][homescreen][1616492293.465] publishing internal event: loadtime
04-01 17:47:13.780   607   607 I GeckoDump: [system] [HomescreenWindow][Launcher][homescreen][1616492293.466] publishing external event: homescreenloadtime
04-01 17:47:13.781  4020  4020 I GeckoDump: [launcher] Get main view onfocus!
04-01 17:47:13.781   607   607 I GeckoDump: [system] [HomescreenWindow][Launcher][homescreen][1616492293.466] publishing external event: homescreenopened
04-01 17:47:13.781   607   607 I GeckoDump: [system] [DeviceStorageWatcher]no handle event pre found. skip
04-01 17:47:13.781   607   607 I GeckoDump: [system] [DeviceStorageWatcher]handling homescreenopened
04-01 17:47:13.784  4020  4020 I Gecko   : console.warn: "L10nError: \"icon=all-apps\" not found in en-US in http://launcher.localhost/index.html#mainView"
04-01 17:47:13.786  4020  4020 W Web Content: Content JS WARN: 
04-01 17:47:13.795   607   607 I GeckoDump: [system] [HierarchyManager][1616492293.480] getting top most...,AppWindowManager
04-01 17:47:13.796   607   607 I GeckoDump: [system] [HierarchyManager][1616492293.482] windowopened
04-01 17:47:13.797   607   607 I GeckoDump: [system] [HomescreenWindow][Launcher][homescreen][1616492293.483] publishing internal event: open
04-01 17:47:13.797   607   607 I GeckoDump: [system] [HomescreenWindow][Launcher][homescreen][1616492293.483] publishing external event: homescreenopen
04-01 17:47:14.222   607   607 I Gecko   : console.error: "system::apps_service::Fail to get account token" ({error:"HAVE_NOT_SIGNED_IN"})
04-01 17:47:14.223   607   607 E GeckoConsole: Content JS ERROR: 
04-01 17:47:14.225   608  1365 I time_service::service: incoming request
04-01 17:47:14.225   608  1365 I time_service::service: get_elapse_real_time
04-01 17:47:14.233   641  1359 E ResolverController: No valid NAT64 prefix (103, <unspecified>/0)
04-01 17:47:14.234   641  1359 E /system/bin/netd: AIBinder_incStrong: on null binder
04-01 17:47:14.411   513   872 E WifiHAL : Invalid data received from driver
04-01 17:47:14.452   607   607 I Gecko   : console.error: "getRestrictedToken failed with status: 400"
04-01 17:47:14.453   607   607 E GeckoConsole: Content JS ERROR: 
04-01 17:47:14.453   607   607 I Gecko   : console.warn: "system::apps_service::getRestrictedToken" null
04-01 17:47:14.454   607   607 W GeckoConsole: Content JS WARN: 
04-01 17:47:14.457   608  1329 E apps_service::tasks: Failed to get token
04-01 17:47:14.463   607   607 I Gecko   : console.error: "system::apps_service::Fail to get account token" ({error:"HAVE_NOT_SIGNED_IN"})
04-01 17:47:14.464   607   607 E GeckoConsole: Content JS ERROR: 
04-01 17:47:14.464   607   607 I Gecko   : console.error: "getRestrictedToken failed with status: 400"
04-01 17:47:14.465   607   607 E GeckoConsole: Content JS ERROR: 
04-01 17:47:14.465   607   607 I Gecko   : console.warn: "system::apps_service::getRestrictedToken" null
04-01 17:47:14.465   607   607 W GeckoConsole: Content JS WARN: 
04-01 17:47:14.467   608  1331 E apps_service::tasks: Failed to get token
04-01 17:47:14.475   607   607 I Gecko   : console.error: "system::apps_service::Fail to get account token" ({error:"HAVE_NOT_SIGNED_IN"})
04-01 17:47:14.476   607   607 E GeckoConsole: Content JS ERROR: 
04-01 17:47:14.476   607   607 I Gecko   : console.error: "getRestrictedToken failed with status: 400"
04-01 17:47:14.477   607   607 E GeckoConsole: Content JS ERROR: 
04-01 17:47:14.477   607   607 I Gecko   : console.warn: "system::apps_service::getRestrictedToken" null
04-01 17:47:14.478   607   607 W GeckoConsole: Content JS WARN: 
04-01 17:47:14.479   608  1330 E apps_service::tasks: Failed to get token
04-01 17:47:14.494   730   764 D LOWI-8.6.0.81: [LOWINetlinkSocketReceiver] unpackRTMLinkMessage: RTM_NEWLINK - ifname r_rmnet_data1, flags 0x10041 ([UP][RUNNING])
04-01 17:47:14.495   877   877 D wpa_supplicant: RTM_NEWLINK: ifi_index=18 ifname=r_rmnet_data1 operstate=0 linkmode=0 ifi_family=0 ifi_flags=0x10041 ([UP][RUNNING][LOWER_UP])
04-01 17:47:14.548   641  1400 E /system/bin/netd: AIBinder_incStrong: on null binder
04-01 17:47:14.551   641  1397 E /system/bin/netd: AIBinder_incStrong: on null binder
04-01 17:47:14.551   641  1399 E /system/bin/netd: AIBinder_incStrong: on null binder
04-01 17:47:14.593   608  1057 I actix_web::middleware..: "GET /ws HTTP/1.1" 127.0.0.1 101 2134 58028.221666
04-01 17:47:15.194   682   786 I QC-NETMGR-LIB: NetmgrNetdClientAddInterfaceToOemNetwork(): Looking for Netd service
04-01 17:47:15.194   682   786 I QC-NETMGR-LIB: NetmgrNetdClientAddInterfaceToOemNetwork(): starting command
04-01 17:47:15.194   682   786 I QC-NETMGR-LIB: addInterfaceToOemNetwork(): Attempting addInterfaceToOemNetwork
04-01 17:47:15.202   682   786 I QC-NETMGR-LIB: NetmgrNetdClientAddInterfaceToOemNetwork(): completed command
04-01 17:47:15.202   682   786 I QC-NETMGR-LIB: NetmgrNetdClientSetForwardingBetweenInterfaces(): Looking for Netd service
04-01 17:47:15.202   682   786 I QC-NETMGR-LIB: NetmgrNetdClientSetForwardingBetweenInterfaces(): starting command
04-01 17:47:15.202   682   786 I QC-NETMGR-LIB: setForwardingBetweenInterfaces(): Attempting setForwardingBetweenInterfaces
04-01 17:47:15.203   682   786 I QC-NETMGR-LIB: NetmgrNetdClientSetForwardingBetweenInterfaces(): completed command
04-01 17:47:15.203   682   786 I QC-NETMGR-LIB: NetmgrNetdClientAddRouteToOemNetwork(): Looking for Netd service
04-01 17:47:15.203   682   786 I QC-NETMGR-LIB: NetmgrNetdClientAddRouteToOemNetwork(): starting command
04-01 17:47:15.203   682   786 I QC-NETMGR-LIB: addRouteToOemNetwork(): Attempting addRouteToOemNetwork
04-01 17:47:15.204   682   786 I QC-NETMGR-LIB: NetmgrNetdClientAddRouteToOemNetwork(): completed command
04-01 17:47:15.204   682   786 I QC-NETMGR-LIB: NetmgrNetdClientSetForwardingBetweenInterfaces(): Looking for Netd service
04-01 17:47:15.204   682   786 I QC-NETMGR-LIB: NetmgrNetdClientSetForwardingBetweenInterfaces(): starting command
04-01 17:47:15.204   682   786 I QC-NETMGR-LIB: setForwardingBetweenInterfaces(): Attempting setForwardingBetweenInterfaces
04-01 17:47:15.204   682   786 I QC-NETMGR-LIB: NetmgrNetdClientSetForwardingBetweenInterfaces(): completed command
04-01 17:47:15.204   682   786 I QC-NETMGR-LIB: NetmgrNetdClientAddRouteToOemNetwork(): Looking for Netd service
04-01 17:47:15.204   682   786 I QC-NETMGR-LIB: NetmgrNetdClientAddRouteToOemNetwork(): starting command
04-01 17:47:15.204   682   786 I QC-NETMGR-LIB: addRouteToOemNetwork(): Attempting addRouteToOemNetwork
04-01 17:47:15.204   682   786 I QC-NETMGR-LIB: NetmgrNetdClientAddRouteToOemNetwork(): completed command
04-01 17:47:15.274   730   764 D LOWI-8.6.0.81: [LOWINetlinkSocketReceiver] unpackRTMLinkMessage: RTM_NEWLINK - ifname rmnet_data1, flags 0x10041 ([UP][RUNNING])
04-01 17:47:15.274   730   764 D LOWI-8.6.0.81: [LOWINetlinkSocketReceiver] unpackRTMLinkMessage: RTM_NEWLINK - ifname rmnet_data1, flags 0x10041 ([UP][RUNNING])
04-01 17:47:15.275   877   877 D wpa_supplicant: RTM_NEWLINK: ifi_index=10 ifname=rmnet_data1 operstate=0 linkmode=0 ifi_family=0 ifi_flags=0x10041 ([UP][RUNNING][LOWER_UP])
04-01 17:47:15.275   877   877 D wpa_supplicant: RTM_NEWLINK: ifi_index=10 ifname=rmnet_data1 operstate=0 linkmode=0 ifi_family=0 ifi_flags=0x10041 ([UP][RUNNING][LOWER_UP])
04-01 17:47:15.391   731   940 I LocSvc_ApiV02: <--- globalEventCb line 164 QMI_LOC_EVENT_INJECT_TIME_REQ_IND_V02
04-01 17:47:15.460   731   940 W LocSvc_xtra2: onRequestNtpTime:190] NTP download req state:0 reqsource:2 cursource:65535 isGpsEnabled:0
04-01 17:47:11.429   862  1232 I chatty  : uid=1001(radio) DispatcherModul identical 24 lines
04-01 17:47:13.426   862  1232 E RILC    : dataCallListChanged: radioService[0]->mRadioResponse == NULL
04-01 17:47:15.469   637  1012 D ImsSenderRxr: onHandover_1_6
04-01 17:47:15.470   637  1012 D ImsSenderRxr: [UNSOL] < UNSOL_RESPONSE_HANDOVER [SUB0]
04-01 17:47:15.470   637  1012 D ImsServiceSub: Received unsolicited IMS response UNSOL_RESPONSE_HANDOVER
04-01 17:47:15.470   637  1012 D ImsServiceSub: handleHandover
04-01 17:47:15.514   731  1439 I LocSvc_xtra2: downloadSntpTime:292] attempting to connect to time.izatcloud.net on handle 0x67cafed00d
04-01 17:47:15.530   641  1446 E ResolverController: No valid NAT64 prefix (103, <unspecified>/0)
04-01 17:47:15.530   641  1444 E ResolverController: No valid NAT64 prefix (103, <unspecified>/0)
04-01 17:47:15.530   641  1445 E ResolverController: No valid NAT64 prefix (103, <unspecified>/0)
04-01 17:47:15.530   641  1442 E /system/bin/netd: AIBinder_incStrong: on null binder
04-01 17:47:15.531   641  1445 E /system/bin/netd: AIBinder_incStrong: on null binder
04-01 17:47:15.532   641  1444 E /system/bin/netd: AIBinder_incStrong: on null binder
04-01 17:47:15.535   641  1446 E /system/bin/netd: AIBinder_incStrong: on null binder
04-01 17:47:15.538   641  1448 E /system/bin/netd: AIBinder_incStrong: on null binder
04-01 17:47:15.541   641  1451 E ResolverController: No valid NAT64 prefix (103, <unspecified>/0)
04-01 17:47:15.541   641  1451 E /system/bin/netd: AIBinder_incStrong: on null binder
04-01 17:47:15.543   641  1454 E ResolverController: No valid NAT64 prefix (103, <unspecified>/0)
04-01 17:47:15.543   641  1452 E /system/bin/netd: AIBinder_incStrong: on null binder
04-01 17:47:15.543   641  1454 E /system/bin/netd: AIBinder_incStrong: on null binder
04-01 17:47:15.543   641  1455 E ResolverController: No valid NAT64 prefix (103, <unspecified>/0)
04-01 17:47:15.544   641  1453 E ResolverController: No valid NAT64 prefix (103, <unspecified>/0)
04-01 17:47:15.544   641  1455 E /system/bin/netd: AIBinder_incStrong: on null binder
04-01 17:47:15.545   641  1453 E /system/bin/netd: AIBinder_incStrong: on null binder
04-01 17:47:15.554   641  1447 E /system/bin/netd: AIBinder_incStrong: on null binder
04-01 17:47:15.555   641  1450 E /system/bin/netd: AIBinder_incStrong: on null binder
04-01 17:47:15.562   641  1449 E /system/bin/netd: AIBinder_incStrong: on null binder
04-01 17:47:15.635   637  1012 D ImsSenderRxr: onRegistrationChanged_1_6
04-01 17:47:15.635   637  1012 D         : ImsRegistrationInfo state: 1 errorCode: 0 errorMessage:  radioTech: 18 pAssociatedUris: sip:+886966640236@ims.mnc001.mcc466.3gppnetwork.org|tel:+886966640236
04-01 17:47:15.635   637  1012 D ImsSenderRxr: [UNSOL] < UNSOL_RESPONSE_IMS_NETWORK_STATE_CHANGED [SUB0]
04-01 17:47:15.635   637  1012 D ImsServiceSub: Received unsolicited IMS response UNSOL_RESPONSE_IMS_NETWORK_STATE_CHANGED
04-01 17:47:15.635   637  1012 D         : ImsRegistrationInfo state: 1 errorCode: 0 errorMessage:  radioTech: 18 pAssociatedUris: sip:+886966640236@ims.mnc001.mcc466.3gppnetwork.org|tel:+886966640236
04-01 17:47:15.636   637  1012 D ImsSenderRxr: [0010] > REQUEST_QUERY_SERVICE_STATUS [SUB0]
04-01 17:47:15.680   637  1012 D ImsRegistrationImpl: onRegistered imsRadioTech = 2
04-01 17:47:15.681   607  1389 I ImsRegistration: onRegistered: imsRadioTech = 2.
04-01 17:47:15.681   607   607 I Gecko   : -*- ImsRegHandler[0]: onRegistered. aImsRadioTech=2
04-01 17:47:15.683   637  1012 D ImsSenderRxr: onServiceStatusChanged_1_6
04-01 17:47:15.683   637  1012 D         : StatusForAccessTech NetworkMode = 18 registered = 2 Status = 0 restrictCause = 0
04-01 17:47:15.683   637  1012 D         : StatusForAccessTech NetworkMode = 18 registered = 1 Status = 2 restrictCause = 0
04-01 17:47:15.683   637  1012 I chatty  : uid=1001(radio) HwBinder:637_1 identical 2 lines
04-01 17:47:15.683   637  1012 D         : StatusForAccessTech NetworkMode = 18 registered = 1 Status = 2 restrictCause = 0
04-01 17:47:15.683   637  1012 D ImsSenderRxr: [UNSOL] < UNSOL_SRV_STATUS_UPDATE [SUB0]
04-01 17:47:15.683   637  1012 D ImsServiceSub: Received unsolicited IMS response UNSOL_SRV_STATUS_UPDATE
04-01 17:47:15.683   637  1012 D ImsServiceSub: type = 5 status = 0 isvalid = true
04-01 17:47:15.683   637  1012 I ImsServiceSub: Call Type 5 has num updates = 
04-01 17:47:15.683   637  1012 D         : StatusForAccessTech NetworkMode = 18 registered = 2 Status = 0 restrictCause = 0
04-01 17:47:15.683   637  1012 D ImsServiceSub: canAddCapability capability: 8 registrationTech: 2
04-01 17:47:15.683   637  1012 D ImsServiceSub: canAddCapability status: 0
04-01 17:47:15.683   637  1012 D ImsServiceSub: type = 0 status = 2 isvalid = true
04-01 17:47:15.683   637  1012 I ImsServiceSub: Call Type 0 has num updates = 
04-01 17:47:15.683   637  1012 D         : StatusForAccessTech NetworkMode = 18 registered = 1 Status = 2 restrictCause = 0
04-01 17:47:15.683   637  1012 D ImsServiceSub: canAddCapability capability: 1 registrationTech: 2
04-01 17:47:15.683   637  1012 D ImsServiceSub: canAddCapability status: 2
04-01 17:47:15.683   637  1012 D ImsServiceSub: type = 3 status = 2 isvalid = true
04-01 17:47:15.683   637  1012 I ImsServiceSub: Call Type 3 has num updates = 
04-01 17:47:15.683   637  1012 D         : StatusForAccessTech NetworkMode = 18 registered = 1 Status = 2 restrictCause = 0
04-01 17:47:15.683   637  1012 D ImsServiceSub: canAddCapability capability: 2 registrationTech: 2
04-01 17:47:15.683   637  1012 D ImsServiceSub: canAddCapability status: 2
04-01 17:47:15.683   637  1012 D ImsServiceSub: type = 1 status = 2 isvalid = true
04-01 17:47:15.683   637  1012 I ImsServiceSub: Call Type 1 has num updates = 
04-01 17:47:15.683   637  1012 D         : StatusForAccessTech NetworkMode = 18 registered = 1 Status = 2 restrictCause = 0
04-01 17:47:15.683   637  1012 D ImsServiceSub: canAddCapability capability: 2 registrationTech: 2
04-01 17:47:15.683   637  1012 D ImsServiceSub: canAddCapability status: 2
04-01 17:47:15.683   637  1012 D ImsServiceSub: type = 2 status = 2 isvalid = true
04-01 17:47:15.683   637  1012 I ImsServiceSub: Call Type 2 has num updates = 
04-01 17:47:15.683   637  1012 D         : StatusForAccessTech NetworkMode = 18 registered = 1 Status = 2 restrictCause = 0
04-01 17:47:15.683   637  1012 D ImsServiceSub: canAddCapability capability: 2 registrationTech: 2
04-01 17:47:15.683   637  1012 D ImsServiceSub: canAddCapability status: 2
04-01 17:47:15.683   607  1389 I ImsMMTelFeature: ImsCapabilityListener::onCapabilitiesChanged = 3.
04-01 17:47:15.686   731  1439 W LocSvc_xtra2: downloadSntpTime:499] Sntp time - utcTime:1617270438632uncertainty:74
04-01 17:47:15.687   731   760 W LocSvc_IzatApiV02: operator():1299] time: 1617270438633; elapsedTimeMs: 393831; reference: 393830; uncertainty: 74
04-01 17:47:15.687   731   760 I LocSvc_api_v02: ---> locClientSendReq line 2345 QMI_LOC_INJECT_UTC_TIME_REQ_V02
04-01 17:47:15.688   637  1463 D ImsRegistrationImpl: getRegistrationTechnology mImsRadioTech = 2
04-01 17:47:15.689   731   940 I LocSvc_ApiV02: <--- globalRespCb line 192 QMI_LOC_INJECT_UTC_TIME_REQ_V02
04-01 17:47:15.689   731   760 E LocSvc_IzatApiV02: operator():1300]: Error : st = 0, ind.status = 1
04-01 17:47:15.689   731   760 E LocSvc_IzatApiV02: operator():1305] injectNtpTime fail
04-01 17:47:15.705   637  1012 D ImsSenderRxr: queryServiceStatusResponse_1_6 errorCode = 0
04-01 17:47:15.705   637  1012 D         : StatusForAccessTech NetworkMode = 18 registered = 2 Status = 0 restrictCause = 0
