04-01 17:45:16.798  1559  1559 I b2gkillerd: Try to kill process with priority 4
04-01 17:45:16.799  1559  1559 I b2gkillerd: Kill proc launcher (1601) for memory pressure:4:29832/397908
04-01 17:45:16.957  1559  1559 I b2gkillerd: Try to kill process with priority 3
04-01 17:45:17.118  1559  1559 I b2gkillerd: Try to kill process with priority 4
04-01 17:45:17.119  1559  1559 I b2gkillerd: Kill proc keyboard (1989) for memory pressure:4:19680/364940
04-01 17:45:17.367   627   627 I auditd  : type=1400 audit(0.0:218): avc: denied { read } for comm="vm_bms" name="u:object_r:default_prop:s0" dev="tmpfs" ino=6245 scontext=u:r:vm_bms:s0 tcontext=u:object_r:default_prop:s0 tclass=file permissive=0
04-01 17:45:17.704  1559  1559 I b2gkillerd: Try to kill process with priority 3
04-01 17:44:44.289   862  1232 I chatty  : uid=1001(radio) DispatcherModul identical 4 lines
04-01 17:44:44.290   862  1232 E RILC    : dataCallListChanged: radioService[0]->mRadioResponse == NULL
04-01 17:45:50.021   862  1232 E RILC    : dataCallListChanged: radioService[0]->mRadioResponse == NULL
04-01 17:46:12.558   513   513 I android.hardware.wifi@1.0-service: Wifi HAL started
04-01 17:46:12.601   513   513 I android.hardware.wifi@1.0-service: Adding interface handle for wlan0
04-01 17:46:12.601   513   513 I android.hardware.wifi@1.0-service: Adding interface handle for p2p0
04-01 17:46:12.601   513   513 W android.hardware.wifi@1.0-service: No active wlan interfaces in use! Using default
04-01 17:46:12.601   513   513 W android.hardware.wifi@1.0-service: No active wlan interfaces in use! Using default
04-01 17:46:12.607   513   513 I android.hardware.wifi@1.0-service: Configured chip in mode 0
04-01 17:46:12.607   513   513 W android.hardware.wifi@1.0-service: No active wlan interfaces in use! Using default
04-01 17:46:12.981   677   677 I wificond: setting base_wiphy_index_ to 1
04-01 17:46:12.983   677   677 I wificond: create scanner for interface with index: 28
04-01 17:46:12.983   677   677 I wificond: subscribe scan result for interface with index: 28
04-01 17:46:12.987   677   677 E wificond: No Offload Service available
04-01 17:46:12.987   677   677 I wificond: Offload HAL not supported 
04-01 17:46:14.116   677   677 I wificond: Unsubscribe scan result for interface with index: 28
04-01 17:46:14.133   513   513 W android.hardware.wifi@1.0-service: No active wlan interfaces in use! Using default
04-01 17:46:14.156   513   652 I android.hardware.wifi@1.0-service: Legacy HAL stop complete callback received
04-01 17:46:14.918   513   513 I android.hardware.wifi@1.0-service: Wifi HAL stopped
04-01 17:46:21.370  1559  1559 I b2gkillerd: b2gkillerd has kicked 607
04-01 17:46:22.020   513   513 I android.hardware.wifi@1.0-service: Wifi HAL started
04-01 17:46:22.106   513   513 I android.hardware.wifi@1.0-service: Adding interface handle for wlan0
04-01 17:46:22.107   513   513 I android.hardware.wifi@1.0-service: Adding interface handle for p2p0
04-01 17:46:22.107   513   513 W android.hardware.wifi@1.0-service: No active wlan interfaces in use! Using default
04-01 17:46:22.107   513   513 W android.hardware.wifi@1.0-service: No active wlan interfaces in use! Using default
04-01 17:46:22.110   513   513 I android.hardware.wifi@1.0-service: Configured chip in mode 0
04-01 17:46:22.110   513   513 W android.hardware.wifi@1.0-service: No active wlan interfaces in use! Using default
04-01 17:46:22.539   677   677 I wificond: setting base_wiphy_index_ to 2
04-01 17:46:22.541   677   677 I wificond: create scanner for interface with index: 30
04-01 17:46:22.541   677   677 I wificond: subscribe scan result for interface with index: 30
04-01 17:46:22.543   677   677 E wificond: No Offload Service available
04-01 17:46:22.543   677   677 I wificond: Offload HAL not supported 
--------- beginning of main
04-01 17:46:53.317   730   873 D LOWI-8.6.0.81: [LOWI-Scan] 
04-01 17:46:53.317   730   873 D LOWI-8.6.0.81: [LOWI-Scan] print_bss_handler: Report Probe TSF 371456817 as it greater than Beacon TSF 356461521
04-01 17:46:53.317   730   873 D LOWI-8.6.0.81: [LOWI-Scan] BSS 00:a6:ca:56:93:b3 LOWI_PHY_MODE_11NG_HT20(5), Beacon Interval: 102, LOWI_ENCRYPTION_TYPE_WPA_EAP 11mcRanging: No, ANQP: Yes, LCI: No, Civic: No, capability(0x1431): ESS Privacy ShortPreamble ShortSlotTime
04-01 17:46:53.317   730   873 D LOWI-8.6.0.81: [LOWI-Scan] BSS 00:a6:ca:56:93:b3 FREQ: 2437, cFreq1[40:80] = [0:0] cFreq2 = 0 Country Code = TW 
04-01 17:46:53.317   730   873 D LOWI-8.6.0.81: [LOWI-Scan] BSS 00:a6:ca:56:93:b3 (wlan0) ASSO: NO AddInfo: 0x0, TSF 0, 00:06:11.456, RSSI: -86, CPL: 22, AGE: 4,  SSID KaiOS EAP-SIM TTLS, TSFDelta: 0x8506492d, TXRate: 0
04-01 17:46:53.318   730   873 D LOWI-8.6.0.81: [LOWI-Scan] 
04-01 17:46:53.318   730   873 D LOWI-8.6.0.81: [LOWI-Scan] print_bss_handler: Report Probe TSF 371456847 as it greater than Beacon TSF 0
04-01 17:46:53.318   730   873 D LOWI-8.6.0.81: [LOWI-Scan] BSS 10:6f:3f:e9:b6:a8 LOWI_PHY_MODE_11NG_HT20(5), Beacon Interval: 100, LOWI_ENCRYPTION_TYPE_WPA_PSK 11mcRanging: No, ANQP: No, LCI: No, Civic: No, capability(0x0411): ESS Privacy ShortSlotTime
04-01 17:46:53.318   730   873 D LOWI-8.6.0.81: [LOWI-Scan] BSS 10:6f:3f:e9:b6:a8 FREQ: 2462, cFreq1[40:80] = [0:0] cFreq2 = 0 Country Code = GB 
04-01 17:46:53.318   730   873 D LOWI-8.6.0.81: [LOWI-Scan] BSS 10:6f:3f:e9:b6:a8 (wlan0) ASSO: NO AddInfo: 0x0, TSF 0, 00:06:11.456, RSSI: -102, CPL: 127, AGE: 4,  SSID BUFFALO-E9B6A8, TSFDelta: 0x8506492d, TXRate: 0
04-01 17:46:53.318   730   873 D LOWI-8.6.0.81: [LOWI-Scan] 
04-01 17:46:53.318   730   873 D LOWI-8.6.0.81: [LOWI-Scan] print_bss_handler: Report Probe TSF 371456832 as it greater than Beacon TSF 0
04-01 17:46:53.318   730   873 D LOWI-8.6.0.81: [LOWI-Scan] BSS 00:a2:ee:0c:8f:47 LOWI_PHY_MODE_11NG_HT20(5), Beacon Interval: 102, LOWI_ENCRYPTION_TYPE_OPEN 11mcRanging: No, ANQP: No, LCI: No, Civic: No, capability(0x1431): ESS Privacy ShortPreamble ShortSlotTime
04-01 17:46:53.318   730   873 D LOWI-8.6.0.81: [LOWI-Scan] BSS 00:a2:ee:0c:8f:47 FREQ: 2462, cFreq1[40:80] = [0:0] cFreq2 = 0 Country Code = TW 
04-01 17:46:53.318   730   873 D LOWI-8.6.0.81: [LOWI-Scan] BSS 00:a2:ee:0c:8f:47 (wlan0) ASSO: NO AddInfo: 0x0, TSF 0, 00:06:11.456, RSSI: -102, CPL: 22, AGE: 4,  SSID KaiOS-OSU, TSFDelta: 0x8506492d, TXRate: 0
04-01 17:46:53.318   730   873 D LOWI-8.6.0.81: [LOWI-Scan] 
04-01 17:46:53.318   730   873 D LOWI-8.6.0.81: [LOWI-Scan] print_bss_handler: Report Probe TSF 371456863 as it greater than Beacon TSF 0
04-01 17:46:53.318   730   873 D LOWI-8.6.0.81: [LOWI-Scan] BSS 00:a6:ca:56:93:87 LOWI_PHY_MODE_11NG_HT20(5), Beacon Interval: 102, LOWI_ENCRYPTION_TYPE_OPEN 11mcRanging: No, ANQP: No, LCI: No, Civic: No, capability(0x1431): ESS Privacy ShortPreamble ShortSlotTime
04-01 17:46:53.318   730   873 D LOWI-8.6.0.81: [LOWI-Scan] BSS 00:a6:ca:56:93:87 FREQ: 2412, cFreq1[40:80] = [0:0] cFreq2 = 0 Country Code = TW 
04-01 17:46:53.318   730   873 D LOWI-8.6.0.81: [LOWI-Scan] BSS 00:a6:ca:56:93:87 (wlan0) ASSO: NO AddInfo: 0x0, TSF 0, 00:06:11.456, RSSI: -114, CPL: 22, AGE: 4,  SSID KaiOS-OSU, TSFDelta: 0x8506492d, TXRate: 0
04-01 17:46:53.318   730   873 D LOWI-8.6.0.81: [LOWI-Scan] 
04-01 17:46:53.318   730   873 D LOWI-8.6.0.81: [LOWI-Scan] print_bss_handler: Report Probe TSF 371456877 as it greater than Beacon TSF 0
04-01 17:46:53.318   730   873 D LOWI-8.6.0.81: [LOWI-Scan] BSS 00:a6:ca:56:93:85 LOWI_PHY_MODE_11NG_HT20(5), Beacon Interval: 102, LOWI_ENCRYPTION_TYPE_WPA_PSK 11mcRanging: No, ANQP: No, LCI: No, Civic: No, capability(0x1431): ESS Privacy ShortPreamble ShortSlotTime
04-01 17:46:53.318   730   873 D LOWI-8.6.0.81: [LOWI-Scan] BSS 00:a6:ca:56:93:85 FREQ: 2412, cFreq1[40:80] = [0:0] cFreq2 = 0 Country Code = TW 
04-01 17:46:53.318   730   873 D LOWI-8.6.0.81: [LOWI-Scan] BSS 00:a6:ca:56:93:85 (wlan0) ASSO: NO AddInfo: 0x0, TSF 0, 00:06:11.456, RSSI: -114, CPL: 22, AGE: 4,  SSID Kaiostech-Guest, TSFDelta: 0x8506492d, TXRate: 0
04-01 17:46:53.318   730   873 D LOWI-8.6.0.81: [LOWI-Scan] 
04-01 17:46:53.318   730   873 D LOWI-8.6.0.81: [LOWI-Scan] print_bss_handler: Report Probe TSF 371456892 as it greater than Beacon TSF 0
04-01 17:46:53.318   730   873 D LOWI-8.6.0.81: [LOWI-Scan] BSS 00:a6:ca:56:93:84 LOWI_PHY_MODE_11NG_HT20(5), Beacon Interval: 102, LOWI_ENCRYPTION_TYPE_WPA_PSK 11mcRanging: No, ANQP: No, LCI: No, Civic: No, capability(0x1431): ESS Privacy ShortPreamble ShortSlotTime
04-01 17:46:53.318   730   873 D LOWI-8.6.0.81: [LOWI-Scan] BSS 00:a6:ca:56:93:84 FREQ: 2412, cFreq1[40:80] = [0:0] cFreq2 = 0 Country Code = TW 
04-01 17:46:53.318   730   873 D LOWI-8.6.0.81: [LOWI-Scan] BSS 00:a6:ca:56:93:84 (wlan0) ASSO: NO AddInfo: 0x0, TSF 0, 00:06:11.456, RSSI: -114, CPL: 22, AGE: 4,  SSID KaiOS-QL, TSFDelta: 0x8506492d, TXRate: 0
04-01 17:46:53.318   730   873 D LOWI-8.6.0.81: [LOWI-Scan] 
04-01 17:46:53.318   730   873 D LOWI-8.6.0.81: [LOWI-Scan] print_bss_handler: Report Probe TSF 371456906 as it greater than Beacon TSF 0
04-01 17:46:53.319   730   873 D LOWI-8.6.0.81: [LOWI-Scan] BSS 00:a6:ca:56:93:83 LOWI_PHY_MODE_11NG_HT20(5), Beacon Interval: 102, LOWI_ENCRYPTION_TYPE_WPA_EAP 11mcRanging: No, ANQP: Yes, LCI: No, Civic: No, capability(0x1431): ESS Privacy ShortPreamble ShortSlotTime
04-01 17:46:53.319   730   873 D LOWI-8.6.0.81: [LOWI-Scan] BSS 00:a6:ca:56:93:83 FREQ: 2412, cFreq1[40:80] = [0:0] cFreq2 = 0 Country Code = TW 
04-01 17:46:53.319   730   873 D LOWI-8.6.0.81: [LOWI-Scan] BSS 00:a6:ca:56:93:83 (wlan0) ASSO: NO AddInfo: 0x0, TSF 0, 00:06:11.456, RSSI: -116, CPL: 22, AGE: 4,  SSID KaiOS EAP-SIM TTLS, TSFDelta: 0x8506492d, TXRate: 0
04-01 17:46:53.319   730   873 D LOWI-8.6.0.81: [LOWI-Scan] 
04-01 17:46:53.319   730   873 D LOWI-8.6.0.81: [LOWI-Scan] print_bss_handler: Report beacon TSF 371457516 as it greater than probe TSF 343509149
04-01 17:46:53.319   730   873 D LOWI-8.6.0.81: [LOWI-Scan] BSS 6c:3b:6b:9b:f8:16 LOWI_PHY_MODE_11NG_HT20(5), Beacon Interval: 100, LOWI_ENCRYPTION_TYPE_WPA_PSK 11mcRanging: No, ANQP: No, LCI: No, Civic: No, capability(0x0431): ESS Privacy ShortPreamble ShortSlotTime
04-01 17:46:53.319   730   873 D LOWI-8.6.0.81: [LOWI-Scan] BSS 6c:3b:6b:9b:f8:16 FREQ: 2422, cFreq1[40:80] = [0:0] cFreq2 = 0 Country Code =    
04-01 17:46:53.319   730   873 D LOWI-8.6.0.81: [LOWI-Scan] BSS 6c:3b:6b:9b:f8:16 (wlan0) ASSO: NO AddInfo: 0x1, TSF 0, 00:06:11.457, RSSI: -130, CPL: 127, AGE: 4,  SSID WM-GFC, TSFDelta: 0x8506492d, TXRate: 0
04-01 17:46:53.319   730   873 D LOWI-8.6.0.81: [LOWI-Scan] 
04-01 17:46:53.319   730   873 D LOWI-8.6.0.81: [LOWI-Scan] print_bss_handler: Report Probe TSF 371457533 as it greater than Beacon TSF 341413994
04-01 17:46:53.319   730   873 D LOWI-8.6.0.81: [LOWI-Scan] BSS 00:ad:24:3f:54:3f LOWI_PHY_MODE_11NG_HT40(7), Beacon Interval: 100, LOWI_ENCRYPTION_TYPE_WPA_PSK 11mcRanging: No, ANQP: Yes, LCI: No, Civic: No, capability(0x1431): ESS Privacy ShortPreamble ShortSlotTime
04-01 17:46:53.319   730   873 D LOWI-8.6.0.81: [LOWI-Scan] BSS 00:ad:24:3f:54:3f FREQ: 2432, cFreq1[40:80] = [2422:0] cFreq2 = 0 Country Code = US 
04-01 17:46:53.319   730   873 D LOWI-8.6.0.81: [LOWI-Scan] BSS 00:ad:24:3f:54:3f (wlan0) ASSO: NO AddInfo: 0x0, TSF 0, 00:06:11.457, RSSI: -128, CPL: 127, AGE: 4,  SSID Cosmos_Dealing, TSFDelta: 0x8506492d, TXRate: 0
04-01 17:46:53.319   730   873 D LOWI-8.6.0.81: [LOWI-Scan] 
04-01 17:46:53.319   730   873 D LOWI-8.6.0.81: [LOWI-Scan] print_bss_handler: Report Probe TSF 371457494 as it greater than Beacon TSF 343509136
04-01 17:46:53.319   730   873 D LOWI-8.6.0.81: [LOWI-Scan] BSS 6c:3b:6b:9a:93:06 LOWI_PHY_MODE_11NG_HT20(5), Beacon Interval: 100, LOWI_ENCRYPTION_TYPE_WPA_PSK 11mcRanging: No, ANQP: No, LCI: No, Civic: No, capability(0x0431): ESS Privacy ShortPreamble ShortSlotTime
04-01 17:46:53.319   730   873 D LOWI-8.6.0.81: [LOWI-Scan] BSS 6c:3b:6b:9a:93:06 FREQ: 2427, cFreq1[40:80] = [0:0] cFreq2 = 0 Country Code =    
04-01 17:46:53.319   730   873 D LOWI-8.6.0.81: [LOWI-Scan] BSS 6c:3b:6b:9a:93:06 (wlan0) ASSO: NO AddInfo: 0x0, TSF 0, 00:06:11.457, RSSI: -114, CPL: 127, AGE: 4,  SSID WM-GFC, TSFDelta: 0x8506492d, TXRate: 0
04-01 17:46:53.319   730   873 D LOWI-8.6.0.81: [LOWI-Scan] 
04-01 17:46:53.319   730   873 D LOWI-8.6.0.81: [LOWI-Scan] print_bss_handler: Report Probe TSF 371457549 as it greater than Beacon TSF 343509173
04-01 17:46:53.319   730   873 D LOWI-8.6.0.81: [LOWI-Scan] BSS 00:ad:24:3f:54:3e LOWI_PHY_MODE_11AC_VHT40_2G(12), Beacon Interval: 100, LOWI_ENCRYPTION_TYPE_WPA_PSK 11mcRanging: No, ANQP: Yes, LCI: No, Civic: No, capability(0x1431): ESS Privacy ShortPreamble ShortSlotTime
04-01 17:46:53.320   730   873 D LOWI-8.6.0.81: [LOWI-Scan] BSS 00:ad:24:3f:54:3e FREQ: 2432, cFreq1[40:80] = [2422:0] cFreq2 = 0 Country Code = US 
04-01 17:46:53.320   730   873 D LOWI-8.6.0.81: [LOWI-Scan] BSS 00:ad:24:3f:54:3e (wlan0) ASSO: NO AddInfo: 0x0, TSF 0, 00:06:11.457, RSSI: -130, CPL: 127, AGE: 4,  SSID Cosmos_Guest, TSFDelta: 0x8506492d, TXRate: 0
04-01 17:46:53.320   730   873 D LOWI-8.6.0.81: [LOWI-Scan] 
04-01 17:46:53.320   730   873 D LOWI-8.6.0.81: [LOWI-Scan] print_bss_handler: Report Probe TSF 371457583 as it greater than Beacon TSF 343509189
04-01 17:46:53.320   730   873 D LOWI-8.6.0.81: [LOWI-Scan] BSS b0:7f:b9:c0:c9:60 LOWI_PHY_MODE_11NG_HT20(5), Beacon Interval: 100, LOWI_ENCRYPTION_TYPE_WPA_PSK 11mcRanging: No, ANQP: No, LCI: No, Civic: No, capability(0x0511): ESS Privacy SpectrumMgmt ShortSlotTime
04-01 17:46:53.320   730   873 D LOWI-8.6.0.81: [LOWI-Scan] BSS b0:7f:b9:c0:c9:60 FREQ: 2437, cFreq1[40:80] = [0:0] cFreq2 = 0 Country Code = #w 
04-01 17:46:53.320   730   873 D LOWI-8.6.0.81: [LOWI-Scan] BSS b0:7f:b9:c0:c9:60 (wlan0) ASSO: NO AddInfo: 0x0, TSF 0, 00:06:11.457, RSSI: -148, CPL: 127, AGE: 4,  SSID Cosmos_Office, TSFDelta: 0x8506492d, TXRate: 0
04-01 17:46:53.320   730   873 D LOWI-8.6.0.81: [LOWI-Scan] 
04-01 17:46:53.320   730   873 D LOWI-8.6.0.81: [LOWI-Scan] print_bss_handler: Report Probe TSF 371457567 as it greater than Beacon TSF 0
04-01 17:46:53.320   730   873 D LOWI-8.6.0.81: [LOWI-Scan] BSS 64:d1:54:18:e1:97 LOWI_PHY_MODE_11NG_HT20(5), Beacon Interval: 100, LOWI_ENCRYPTION_TYPE_WPA_PSK 11mcRanging: No, ANQP: No, LCI: No, Civic: No, capability(0x0431): ESS Privacy ShortPreamble ShortSlotTime
04-01 17:46:53.320   730   873 D LOWI-8.6.0.81: [LOWI-Scan] BSS 64:d1:54:18:e1:97 FREQ: 2422, cFreq1[40:80] = [0:0] cFreq2 = 0 Country Code =    
04-01 17:46:53.320   730   873 D LOWI-8.6.0.81: [LOWI-Scan] BSS 64:d1:54:18:e1:97 (wlan0) ASSO: NO AddInfo: 0x0, TSF 0, 00:06:11.457, RSSI: -128, CPL: 127, AGE: 4,  SSID WM-GFC, TSFDelta: 0x8506492d, TXRate: 0
04-01 17:46:53.320   730   873 D LOWI-8.6.0.81: [LOWI-Scan] 
04-01 17:46:53.320   730   873 D LOWI-8.6.0.81: [LOWI-Scan] print_bss_handler: Report beacon TSF 371457599 as it greater than probe TSF 371457599
04-01 17:46:53.320   730   873 D LOWI-8.6.0.81: [LOWI-Scan] BSS d8:0d:17:f4:f9:82 LOWI_PHY_MODE_11AC_VHT40_2G(12), Beacon Interval: 100, LOWI_ENCRYPTION_TYPE_WPA_PSK 11mcRanging: No, ANQP: No, LCI: No, Civic: No, capability(0x1031): ESS Privacy ShortPreamble
04-01 17:46:53.320   730   873 D LOWI-8.6.0.81: [LOWI-Scan] BSS d8:0d:17:f4:f9:82 FREQ: 2452, cFreq1[40:80] = [2442:0] cFreq2 = 0 Country Code = US 
04-01 17:46:53.320   730   873 D LOWI-8.6.0.81: [LOWI-Scan] BSS d8:0d:17:f4:f9:82 (wlan0) ASSO: NO AddInfo: 0x1, TSF 0, 00:06:11.457, RSSI: -152, CPL: 127, AGE: 4,  SSID ABConcept-Guest2, TSFDelta: 0x8506492d, TXRate: 0
04-01 17:46:53.320   730   873 D LOWI-8.6.0.81: [LOWI-Scan] 
04-01 17:46:53.320   730   873 D LOWI-8.6.0.81: [LOWI-Scan] print_bss_handler: Report beacon TSF 371457616 as it greater than probe TSF 371457616
04-01 17:46:53.320   730   873 D LOWI-8.6.0.81: [LOWI-Scan] BSS de:0d:17:f4:f9:82 LOWI_PHY_MODE_11AC_VHT40_2G(12), Beacon Interval: 100, LOWI_ENCRYPTION_TYPE_WPA_PSK 11mcRanging: No, ANQP: No, LCI: No, Civic: No, capability(0x1031): ESS Privacy ShortPreamble
04-01 17:46:53.320   730   873 D LOWI-8.6.0.81: [LOWI-Scan] BSS de:0d:17:f4:f9:82 FREQ: 2452, cFreq1[40:80] = [2442:0] cFreq2 = 0 Country Code = US 
04-01 17:46:53.320   730   873 D LOWI-8.6.0.81: [LOWI-Scan] BSS de:0d:17:f4:f9:82 (wlan0) ASSO: NO AddInfo: 0x1, TSF 0, 00:06:11.457, RSSI: -154, CPL: 127, AGE: 4,  SSID , TSFDelta: 0x8506492d, TXRate: 0
04-01 17:46:53.320   730   873 D LOWI-8.6.0.81: [LOWIDiagLog] Log: lowiMeasResult->request: invalid null argument
04-01 17:46:53.321   730   873 I LOWI-8.6.0.81: [LOWI-Scan] lowi_close_record:Scan done in 315694ms, 21 APs in scan results
04-01 17:46:53.321   730   873 D LOWI-8.6.0.81: [LOWI-Scan] WipsScanUsingNL: passive scan cached 0, took 14986 ms, err 0
04-01 17:46:53.321   730   873 D LOWI-8.6.0.81: [LOWI-Scan] lowi_proc_req_passive_scan_with_live_meas - No WLAN Frames to be parsed
04-01 17:46:53.321   730   873 D LOWI-8.6.0.81: [LOWIScanResultReceiver] Send scan meas to listener
04-01 17:46:53.321   730   873 D LOWI-8.6.0.81: [LOWIScanResultReceiver] Enter passive listening mode
04-01 17:46:53.321   730   873 D LOWI-8.6.0.81: [LOWIWifiDriverInterface] getMeasurements - Passive listening mode
04-01 17:46:53.321   730   873 D LOWI-8.6.0.81: [LOWI-Scan] WipsScanUsingNL:wait -1 sec for netlink message
04-01 17:46:53.321   730   769 D LOWI-8.6.0.81: [LOWIEventReceiver] handleEvent:FROM:NA, TO:NA, REQ:NA, IREQ:NA, REQ_ID:0, RESP:NA, INFO:NA
04-01 17:46:53.321   730   769 D LOWI-8.6.0.81: [LOWIBackgroundScanMgr] isRspForBgScanMgr: evt(LOWI_NO_EVT) - not handled
04-01 17:46:53.321   730   769 D LOWI-8.6.0.81: [LOWIScheduler] manageMsg: NULL results or NULL request in results
04-01 17:46:53.321   730   769 D LOWI-8.6.0.81: [LOWIController] Measurements received
04-01 17:46:53.321   730   769 D LOWI-8.6.0.81: [LOWICacheManager] putInCache:Num of Meas to add: 21
04-01 17:46:53.322   730   769 D LOWI-8.6.0.81: [LOWIController] processMeasurementResults: No current Request. Cache measurements
04-01 17:46:53.322   730   769 D LOWI-8.6.0.81: [LOWIControllerExtn] sendLOWILpDiscoveryScanResponse: Not a discovery scan response
04-01 17:46:53.326   607   607 I Gecko   : -*- WifiWorker component:  * QA-Lab A8:5E:45:09:37:70 2432 371456713 3089 -3500 false
04-01 17:46:53.330   607   607 I Gecko   : -*- WifiWorker component:  * 55667788 10:0C:6B:9A:D8:D8 2432 371456738 5137 -3900 false
04-01 17:46:53.332   607   607 I Gecko   : -*- WifiConfigUtils: Invalid interworking element length
04-01 17:46:53.334   607   607 I Gecko   : -*- WifiWorker component:  * dlink-C82C 40:9B:CD:9D:C8:2C 2412 371456756 1073 -4400 false
04-01 17:46:53.336   607   607 I Gecko   : -*- WifiWorker component:  * KaiOS-OSU 00:A6:CA:56:93:B7 2437 371456772 5169 -4400 false
04-01 17:46:53.338   607   607 I Gecko   : -*- WifiWorker component:  * Kaiostech-Guest 00:A6:CA:56:93:B5 2437 371456787 5169 -4300 false
04-01 17:46:53.339   607   607 I Gecko   : -*- WifiWorker component:  * KaiOS-QL 00:A6:CA:56:93:B4 2437 371456802 5169 -4400 false
04-01 17:46:53.341   607   607 I Gecko   : -*- WifiWorker component:  * KaiOS EAP-SIM TTLS 00:A6:CA:56:93:B3 2437 371456817 5169 -4300 false
04-01 17:46:53.341   607   607 I Gecko   : -*- WifiConfigUtils: Invalid interworking element length
04-01 17:46:53.342   607   607 I Gecko   : -*- WifiWorker component: [KaiOS EAP-SIM TTLS] passpoint info: {"ant":2,"isInterworking":true,"internet":true,"hessid":0,"anqpOICount":0,"roamingConsortiums":[],"hsRelease":-1,"anqpDomainID":0}
04-01 17:46:53.343   607   607 I Gecko   : -*- WifiWorker component:  * BUFFALO-E9B6A8 10:6F:3F:E9:B6:A8 2462 371456847 1041 -5100 false
04-01 17:46:53.344   607   607 I Gecko   : -*- WifiWorker component:  * KaiOS-OSU 00:A2:EE:0C:8F:47 2462 371456832 5169 -5100 false
04-01 17:46:53.345   607   607 I Gecko   : -*- WifiWorker component:  * KaiOS-OSU 00:A6:CA:56:93:87 2412 371456863 5169 -5700 false
04-01 17:46:53.347   607   607 I Gecko   : -*- WifiWorker component:  * Kaiostech-Guest 00:A6:CA:56:93:85 2412 371456877 5169 -5700 false
04-01 17:46:53.348   607   607 I Gecko   : -*- WifiWorker component:  * KaiOS-QL 00:A6:CA:56:93:84 2412 371456892 5169 -5700 false
04-01 17:46:53.349   607   607 I Gecko   : -*- WifiWorker component:  * KaiOS EAP-SIM TTLS 00:A6:CA:56:93:83 2412 371456906 5169 -5800 false
04-01 17:46:53.349   607   607 I Gecko   : -*- WifiConfigUtils: Invalid interworking element length
04-01 17:46:53.350   607   607 I Gecko   : -*- WifiWorker component: [KaiOS EAP-SIM TTLS] passpoint info: {"ant":2,"isInterworking":true,"internet":true,"hessid":0,"anqpOICount":0,"roamingConsortiums":[],"hsRelease":-1,"anqpDomainID":0}
04-01 17:46:53.350   607   607 I Gecko   : -*- WifiWorker component:  * WM-GFC 6C:3B:6B:9B:F8:16 2422 371457516 1073 -6500 false
04-01 17:46:53.351   607   607 I Gecko   : -*- WifiWorker component:  * Cosmos_Dealing 00:AD:24:3F:54:3F 2432 371457533 5169 -6400 false
04-01 17:46:53.351   607   607 I Gecko   : -*- WifiConfigUtils: Invalid interworking element length
04-01 17:46:53.352   607   607 I Gecko   : -*- WifiWorker component:  * WM-GFC 6C:3B:6B:9A:93:06 2427 371457494 1073 -5700 false
04-01 17:46:53.353   607   607 I Gecko   : -*- WifiWorker component:  * Cosmos_Guest 00:AD:24:3F:54:3E 2432 371457549 5169 -6500 false
04-01 17:46:53.353   607   607 I Gecko   : -*- WifiConfigUtils: Invalid interworking element length
04-01 17:46:53.354   607   607 I Gecko   : -*- WifiWorker component:  * Cosmos_Office B0:7F:B9:C0:C9:60 2437 371457583 1297 -7400 false
04-01 17:46:53.356   607   607 I Gecko   : -*- WifiWorker component:  * WM-GFC 64:D1:54:18:E1:97 2422 371457567 1073 -6400 false
04-01 17:46:53.357   607   607 I Gecko   : -*- WifiWorker component:  * ABConcept-Guest2 D8:0D:17:F4:F9:82 2452 371457599 4145 -7600 false
04-01 17:46:53.358   607   607 I Gecko   : -*- WifiWorker component:  *  DE:0D:17:F4:F9:82 2452 371457616 4145 -7700 false
04-01 17:46:53.359   607   607 I Gecko   : -*- WifiNetworkSelector: ==========start Network Selection==========
04-01 17:46:53.359   607   607 I Gecko   : -*- WifiNetworkSelector: no saved network
04-01 17:46:53.359   607   607 I Gecko   : -*- WifiNetworkSelector: scanId = QA-Lab:A8:5E:45:09:37:70
04-01 17:46:53.359   607   607 I Gecko   : -*- WifiNetworkSelector: scanId = 55667788:10:0C:6B:9A:D8:D8
04-01 17:46:53.359   607   607 I Gecko   : -*- WifiNetworkSelector: scanId = dlink-C82C:40:9B:CD:9D:C8:2C
04-01 17:46:53.359   607   607 I Gecko   : -*- WifiNetworkSelector: scanId = KaiOS-OSU:00:A6:CA:56:93:B7
04-01 17:46:53.359   607   607 I Gecko   : -*- WifiNetworkSelector: scanId = Kaiostech-Guest:00:A6:CA:56:93:B5
04-01 17:46:53.359   607   607 I Gecko   : -*- WifiNetworkSelector: scanId = KaiOS-QL:00:A6:CA:56:93:B4
04-01 17:46:53.359   607   607 I Gecko   : -*- WifiNetworkSelector: scanId = KaiOS EAP-SIM TTLS:00:A6:CA:56:93:B3
04-01 17:46:53.359   607   607 I Gecko   : -*- WifiNetworkSelector: scanId = BUFFALO-E9B6A8:10:6F:3F:E9:B6:A8
04-01 17:46:53.359   607   607 I Gecko   : -*- WifiNetworkSelector: scanId = KaiOS-OSU:00:A2:EE:0C:8F:47
04-01 17:46:53.359   607   607 I Gecko   : -*- WifiNetworkSelector: scanId = KaiOS-OSU:00:A6:CA:56:93:87
04-01 17:46:53.359   607   607 I Gecko   : -*- WifiNetworkSelector: scanId = Kaiostech-Guest:00:A6:CA:56:93:85
04-01 17:46:53.360   607   607 I Gecko   : -*- WifiNetworkSelector: scanId = KaiOS-QL:00:A6:CA:56:93:84
04-01 17:46:53.360   607   607 I Gecko   : -*- WifiNetworkSelector: scanId = KaiOS EAP-SIM TTLS:00:A6:CA:56:93:83
04-01 17:46:53.360   607   607 I Gecko   : -*- WifiNetworkSelector: scanId = WM-GFC:6C:3B:6B:9B:F8:16
04-01 17:46:53.360   607   607 I Gecko   : -*- WifiNetworkSelector: scanId = Cosmos_Dealing:00:AD:24:3F:54:3F
04-01 17:46:53.360   607   607 I Gecko   : -*- WifiNetworkSelector: scanId = WM-GFC:6C:3B:6B:9A:93:06
04-01 17:46:53.360   607   607 I Gecko   : -*- WifiNetworkSelector: scanId = Cosmos_Guest:00:AD:24:3F:54:3E
04-01 17:46:53.360   607   607 I Gecko   : -*- WifiNetworkSelector: scanId = Cosmos_Office:B0:7F:B9:C0:C9:60
04-01 17:46:53.360   607   607 I Gecko   : -*- WifiNetworkSelector: scanId = WM-GFC:64:D1:54:18:E1:97
04-01 17:46:53.360   607   607 I Gecko   : -*- WifiNetworkSelector: scanId = ABConcept-Guest2:D8:0D:17:F4:F9:82
04-01 17:46:53.360   607   607 I Gecko   : -*- PasspointNetworkSelector: passpoint not supported
04-01 17:46:53.360   607   607 I Gecko   : -*- WifiNetworkSelector: Can not find any suitable candidates
04-01 17:46:53.513   513   872 E WifiHAL : Invalid data received from driver
04-01 17:46:53.515   513   872 I chatty  : uid=1010 wifi@1.0-servic identical 3 lines
04-01 17:46:53.712   513   872 E WifiHAL : Invalid data received from driver
04-01 17:46:53.768   607   607 I Gecko   : console.log: "sendKeyEvent" "keydown" "2"
04-01 17:46:53.769   607   607 I GeckoConsole: Content JS LOG: 
04-01 17:46:53.769   607   607 I IME     : SendKey => keyType: [keydown], DOMKeyName: [2]
04-01 17:46:53.769   607   607 I IME     : SendKey => keyType: [keypress], DOMKeyName: [2]
04-01 17:46:53.771   804   804 I Gecko   : WebViewChild: 
04-01 17:46:53.771   804   804 I Gecko   : Got metaChanged: (og:kaios:kb-action) {"action":"keypadBacklightOn","timestamp":1617270413771} 
04-01 17:46:53.771   804   804 I Gecko   : 
04-01 17:46:53.774   627   627 W vm_bms  : type=1400 audit(0.0:300): avc: denied { read } for name="u:object_r:default_prop:s0" dev="tmpfs" ino=6245 scontext=u:r:vm_bms:s0 tcontext=u:object_r:default_prop:s0 tclass=file permissive=0
04-01 17:46:53.774   627   627 I chatty  : uid=0(root) /vendor/bin/vm_bms identical 2 lines
04-01 17:46:53.774   627   627 W vm_bms  : type=1400 audit(0.0:303): avc: denied { read } for name="u:object_r:default_prop:s0" dev="tmpfs" ino=6245 scontext=u:r:vm_bms:s0 tcontext=u:object_r:default_prop:s0 tclass=file permissive=0
04-01 17:46:53.777   627   627 E libc    : Access denied finding property "vbms.log.enable"
04-01 17:46:53.777   627   627 I chatty  : uid=0(root) /vendor/bin/vm_bms identical 1 line
04-01 17:46:53.777   627   627 E libc    : Access denied finding property "vbms.log.enable"
04-01 17:46:53.777   804   804 I Gecko   : [Event] event type: keydown, key: 2, target: [object HTMLDocument]
04-01 17:46:53.778   627   627 E libc    : Access denied finding property "vbms.log.enable"
04-01 17:46:53.778   607   607 I GeckoDump: [system] [KeypadBacklightManager]set keyLightEnabled = true, keyLightBrightness = 50
04-01 17:46:53.781   428   428 I FocusManager: << focus() called >>
04-01 17:46:53.781   428   428 I FocusManager:    trying to set focus on, tag: FORM, id: softkeyPanel, class: skbar none-paddings visible focused
04-01 17:46:53.781   428   428 I FocusManager: Warning: element is not focusable.
04-01 17:46:53.782   627   627 E libc    : Access denied finding property "vbms.log.enable"
04-01 17:46:53.785   627   627 I chatty  : uid=0(root) /vendor/bin/vm_bms identical 33 lines
04-01 17:46:53.785   627   627 E libc    : Access denied finding property "vbms.log.enable"
04-01 17:46:53.780   627   627 W vm_bms  : type=1400 audit(0.0:304): avc: denied { read } for name="u:object_r:default_prop:s0" dev="tmpfs" ino=6245 scontext=u:r:vm_bms:s0 tcontext=u:object_r:default_prop:s0 tclass=file permissive=0
04-01 17:46:53.786   627   627 I VM_BMS  : power_supply_update: ocv_uv=4315723 ibatt=-118325 soc=99 seq_num=7
04-01 17:46:53.786   627   627 E libc    : Access denied finding property "vbms.log.enable"
04-01 17:46:53.786   627   627 E libc    : Access denied finding property "vbms.log.enable"
04-01 17:46:53.818   607   607 I IME     : IME: OnTextChanged
04-01 17:46:53.917   607   607 I Gecko   : console.log: "sendKeyEvent" "keyup" "2"
04-01 17:46:53.917   607   607 I GeckoConsole: Content JS LOG: 
04-01 17:46:53.917   607   607 I IME     : SendKey => keyType: [keyup], DOMKeyName: [2]
04-01 17:46:53.919   804   804 I Gecko   : [Event] event type: keyup, key: 2, target: [object HTMLDocument]
04-01 17:46:54.923   428   428 I FocusManager: << focus() called >>
04-01 17:46:54.923   428   428 I FocusManager:    trying to set focus on, tag: FORM, id: softkeyPanel, class: skbar none-paddings visible focused
04-01 17:46:54.924   428   428 I FocusManager: Warning: element is not focusable.
04-01 17:46:54.963   607   607 I IME     : IME: OnTextChanged
04-01 17:46:56.128   607   607 I Gecko   : console.log: "sendKeyEvent" "keydown" "*"
04-01 17:46:56.128   607   607 I GeckoConsole: Content JS LOG: 
04-01 17:46:56.128   607   607 I IME     : SendKey => keyType: [keydown], DOMKeyName: [*]
04-01 17:46:56.129   607   607 I IME     : SendKey => keyType: [keypress], DOMKeyName: [*]
04-01 17:46:56.130   804   804 I Gecko   : WebViewChild: 
04-01 17:46:56.130   804   804 I Gecko   : Got metaChanged: (og:kaios:kb-action) {"action":"keypadBacklightOn","timestamp":1617270416130} 
04-01 17:46:56.130   804   804 I Gecko   : 
04-01 17:46:56.131   804   804 I Gecko   : [Event] event type: keydown, key: *, target: [object HTMLDocument]
04-01 17:46:56.141   607   607 I GeckoDump: [system] [KeypadBacklightManager]set keyLightEnabled = true, keyLightBrightness = 50
04-01 17:46:56.265   607   607 I Gecko   : console.log: "sendKeyEvent" "keyup" "*"
04-01 17:46:56.266   607   607 I GeckoConsole: Content JS LOG: 
04-01 17:46:56.266   607   607 I IME     : SendKey => keyType: [keyup], DOMKeyName: [*]
04-01 17:46:56.289   804   804 I Gecko   : [Event] event type: keyup, key: *, target: [object HTMLDocument]
04-01 17:46:56.295   608  1059 I actix_web::middleware..: "GET /style/images/emoji-ftu.png HTTP/1.1" keyboard.localhost 200 18509 0.883646
04-01 17:46:56.297   608  1059 I actix_web::middleware..: "GET /style/images/emoji-ftu-arrow.svg HTTP/1.1" keyboard.localhost 200 245 0.460781
04-01 17:46:56.356   804  1065 E /system/b2g/b2g: Failed to get IAshmemDeviceService.
04-01 17:46:56.582   607   607 I Gecko   : console.log: "sendKeyEvent" "keydown" "Enter"
04-01 17:46:56.583   607   607 I GeckoConsole: Content JS LOG: 
04-01 17:46:56.583   607   607 I IME     : SendKey => keyType: [keydown], DOMKeyName: [Enter]
04-01 17:46:56.584   607   607 I IME     : SendKey => keyType: [keypress], DOMKeyName: [Enter]
04-01 17:46:56.599   804   804 I Gecko   : WebViewChild: 
04-01 17:46:56.599   804   804 I Gecko   : Got metaChanged: (og:kaios:kb-action) {"action":"keypadBacklightOn","timestamp":1617270416599} 
04-01 17:46:56.599   804   804 I Gecko   : 
04-01 17:46:56.600   804   804 I Gecko   : [Event] event type: keydown, key: Enter, target: [object HTMLDocument]
04-01 17:46:56.605   607   607 I GeckoDump: [system] [KeypadBacklightManager]set keyLightEnabled = true, keyLightBrightness = 50
04-01 17:46:56.720   607   607 I Gecko   : console.log: "sendKeyEvent" "keyup" "Enter"
04-01 17:46:56.720   607   607 I GeckoConsole: Content JS LOG: 
04-01 17:46:56.721   607   607 I IME     : SendKey => keyType: [keyup], DOMKeyName: [Enter]
04-01 17:46:56.729   804   804 I Gecko   : [Event] event type: keyup, key: Enter, target: [object HTMLDocument]
04-01 17:46:56.954   804   804 W Web Content: [JavaScript Warning: "Security wrapper denied access to property "Services" on privileged Javascript object. Support for exposing privileged objects to untrusted content via __exposedProps__ has been removed - use WebIDL bindings or Components.utils.cloneInto instead. Note that only the first denied property access from a given global object will be reported." {file: "kaipages/keyboard/ime/symbols.py" line: 38}]
04-01 17:46:57.286   804   804 I chatty  : uid=11304(u0_a1304) keyboard identical 10 lines
04-01 17:46:57.313   804   804 W Web Content: [JavaScript Warning: "Security wrapper denied access to property "Services" on privileged Javascript object. Support for exposing privileged objects to untrusted content via __exposedProps__ has been removed - use WebIDL bindings or Components.utils.cloneInto instead. Note that only the first denied property access from a given global object will be reported." {file: "kaipages/keyboard/ime/symbols.py" line: 38}]
04-01 17:46:57.378   607   607 I Gecko   : console.log: "sendKeyEvent" "keydown" "3"
04-01 17:46:57.379   607   607 I GeckoConsole: Content JS LOG: 
04-01 17:46:57.380   607   607 I IME     : SendKey => keyType: [keydown], DOMKeyName: [3]
04-01 17:46:57.380   607   607 I IME     : SendKey => keyType: [keypress], DOMKeyName: [3]
04-01 17:46:57.381   804   804 I Gecko   : WebViewChild: 
04-01 17:46:57.381   804   804 I Gecko   : Got metaChanged: (og:kaios:kb-action) {"action":"keypadBacklightOn","timestamp":1617270417381} 
04-01 17:46:57.381   804   804 I Gecko   : 
04-01 17:46:57.383   804   804 I Gecko   : [Event] event type: keydown, key: 3, target: [object HTMLDocument]
04-01 17:46:57.385   607   607 I GeckoDump: [system] [KeypadBacklightManager]set keyLightEnabled = true, keyLightBrightness = 50
04-01 17:46:57.520   607   607 I Gecko   : console.log: "sendKeyEvent" "keyup" "3"
04-01 17:46:57.521   607   607 I GeckoConsole: Content JS LOG: 
04-01 17:46:57.521   607   607 I IME     : SendKey => keyType: [keyup], DOMKeyName: [3]
04-01 17:46:57.529   428   428 I Gecko   : WebViewChild: 
04-01 17:46:57.530   428   428 I Gecko   : Got metaChanged: (og:kaios:softkeyinfo) SoftRight: Connect 
04-01 17:46:57.530   428   428 I Gecko   : 
04-01 17:46:57.531   428   428 I FocusManager: << focus() called >>
04-01 17:46:57.531   428   428 I FocusManager:    trying to set focus on, tag: FORM, id: softkeyPanel, class: skbar none-paddings visible focused
04-01 17:46:57.533   607   607 I GeckoDump: [system] [AppWindow][Settings][AppWindow_8][1616492277.218]  Handling mozbrowsermetachange event...
04-01 17:46:57.533   428   428 I FocusManager: Warning: element is not focusable.
04-01 17:46:57.534   804   804 I Gecko   : [Event] event type: keyup, key: 3, target: [object HTMLDocument]
04-01 17:46:57.535   607   607 I GeckoDump: [system] [HierarchyManager][1616492277.220] getting top most...,AppWindowManager
04-01 17:46:57.548   428   428 I FocusManager: << focus() called >>
04-01 17:46:57.548   428   428 I FocusManager:    trying to set focus on, tag: FORM, id: softkeyPanel, class: skbar none-paddings visible focused
04-01 17:46:57.549   428   428 I FocusManager: Warning: element is not focusable.
04-01 17:46:57.560   607   607 I IME     : IME: OnTextChanged
04-01 17:46:57.801   607   607 I Gecko   : console.log: "sendKeyEvent" "keydown" "5"
04-01 17:46:57.802   607   607 I GeckoConsole: Content JS LOG: 
04-01 17:46:57.802   607   607 I IME     : SendKey => keyType: [keydown], DOMKeyName: [5]
04-01 17:46:57.803   607   607 I IME     : SendKey => keyType: [keypress], DOMKeyName: [5]
04-01 17:46:57.807   804   804 I Gecko   : WebViewChild: 
04-01 17:46:57.807   804   804 I Gecko   : Got metaChanged: (og:kaios:kb-action) {"action":"keypadBacklightOn","timestamp":1617270417806} 
04-01 17:46:57.807   804   804 I Gecko   : 
04-01 17:46:57.811   607   607 I GeckoDump: [system] [KeypadBacklightManager]set keyLightEnabled = true, keyLightBrightness = 50
04-01 17:46:57.814   804   804 I Gecko   : [Event] event type: keydown, key: 5, target: [object HTMLDocument]
04-01 17:46:57.815   428   428 I FocusManager: << focus() called >>
04-01 17:46:57.815   428   428 I FocusManager:    trying to set focus on, tag: FORM, id: softkeyPanel, class: skbar none-paddings visible focused
04-01 17:46:57.816   428   428 I FocusManager: Warning: element is not focusable.
04-01 17:46:57.835   607   607 I IME     : IME: OnTextChanged
04-01 17:46:57.940   607   607 I Gecko   : console.log: "sendKeyEvent" "keyup" "5"
04-01 17:46:57.940   607   607 I GeckoConsole: Content JS LOG: 
04-01 17:46:57.940   607   607 I IME     : SendKey => keyType: [keyup], DOMKeyName: [5]
04-01 17:46:57.943   804   804 I Gecko   : [Event] event type: keyup, key: 5, target: [object HTMLDocument]
04-01 17:46:58.090   607   607 I Gecko   : console.log: "sendKeyEvent" "keydown" "5"
04-01 17:46:58.091   607   607 I GeckoConsole: Content JS LOG: 
04-01 17:46:58.091   607   607 I IME     : SendKey => keyType: [keydown], DOMKeyName: [5]
04-01 17:46:58.091   607   607 I IME     : SendKey => keyType: [keypress], DOMKeyName: [5]
04-01 17:46:58.093   804   804 I Gecko   : WebViewChild: 
04-01 17:46:58.093   804   804 I Gecko   : Got metaChanged: (og:kaios:kb-action) {"action":"keypadBacklightOn","timestamp":1617270418093} 
04-01 17:46:58.093   804   804 I Gecko   : 
04-01 17:46:58.098   607   607 I GeckoDump: [system] [KeypadBacklightManager]set keyLightEnabled = true, keyLightBrightness = 50
04-01 17:46:58.101   428   428 I FocusManager: << focus() called >>
04-01 17:46:58.101   428   428 I FocusManager:    trying to set focus on, tag: FORM, id: softkeyPanel, class: skbar none-paddings visible focused
04-01 17:46:58.102   428   428 I FocusManager: Warning: element is not focusable.
04-01 17:46:58.104   804   804 I Gecko   : [Event] event type: keydown, key: 5, target: [object HTMLDocument]
04-01 17:46:58.122   607   607 I IME     : IME: OnTextChanged
04-01 17:46:58.233   607   607 I Gecko   : console.log: "sendKeyEvent" "keyup" "5"
04-01 17:46:58.233   607   607 I GeckoConsole: Content JS LOG: 
04-01 17:46:58.234   607   607 I IME     : SendKey => keyType: [keyup], DOMKeyName: [5]
04-01 17:46:58.236   804   804 I Gecko   : [Event] event type: keyup, key: 5, target: [object HTMLDocument]
04-01 17:46:58.381   607   607 I Gecko   : console.log: "sendKeyEvent" "keydown" "5"
04-01 17:46:58.381   607   607 I GeckoConsole: Content JS LOG: 
04-01 17:46:58.382   607   607 I IME     : SendKey => keyType: [keydown], DOMKeyName: [5]
04-01 17:46:58.382   607   607 I IME     : SendKey => keyType: [keypress], DOMKeyName: [5]
04-01 17:46:58.384   804   804 I Gecko   : WebViewChild: 
04-01 17:46:58.384   804   804 I Gecko   : Got metaChanged: (og:kaios:kb-action) {"action":"keypadBacklightOn","timestamp":1617270418384} 
04-01 17:46:58.384   804   804 I Gecko   : 
04-01 17:46:58.387   607   607 I GeckoDump: [system] [KeypadBacklightManager]set keyLightEnabled = true, keyLightBrightness = 50
04-01 17:46:58.392   428   428 I FocusManager: << focus() called >>
04-01 17:46:58.392   428   428 I FocusManager:    trying to set focus on, tag: FORM, id: softkeyPanel, class: skbar none-paddings visible focused
04-01 17:46:58.393   428   428 I FocusManager: Warning: element is not focusable.
04-01 17:46:58.396   804   804 I Gecko   : [Event] event type: keydown, key: 5, target: [object HTMLDocument]
04-01 17:46:58.439   607   607 I IME     : IME: OnTextChanged
04-01 17:46:58.516   607   607 I Gecko   : console.log: "sendKeyEvent" "keyup" "5"
04-01 17:46:58.516   607   607 I GeckoConsole: Content JS LOG: 
04-01 17:46:58.517   607   607 I IME     : SendKey => keyType: [keyup], DOMKeyName: [5]
04-01 17:46:58.519   804   804 I Gecko   : [Event] event type: keyup, key: 5, target: [object HTMLDocument]
04-01 17:46:59.523   428   428 I FocusManager: << focus() called >>
04-01 17:46:59.523   428   428 I FocusManager:    trying to set focus on, tag: FORM, id: softkeyPanel, class: skbar none-paddings visible focused
04-01 17:46:59.524   428   428 I FocusManager: Warning: element is not focusable.
04-01 17:46:59.540   607   607 I IME     : IME: OnTextChanged
04-01 17:47:00.674   607   607 I Gecko   : console.log: "sendKeyEvent" "keydown" "2"
04-01 17:47:00.674   607   607 I GeckoConsole: Content JS LOG: 
04-01 17:47:00.675   607   607 I IME     : SendKey => keyType: [keydown], DOMKeyName: [2]
04-01 17:47:00.675   607   607 I IME     : SendKey => keyType: [keypress], DOMKeyName: [2]
04-01 17:47:00.677   804   804 I Gecko   : WebViewChild: 
04-01 17:47:00.677   804   804 I Gecko   : Got metaChanged: (og:kaios:kb-action) {"action":"keypadBacklightOn","timestamp":1617270420676} 
04-01 17:47:00.677   804   804 I Gecko   : 
04-01 17:47:00.683   607   607 I GeckoDump: [system] [KeypadBacklightManager]set keyLightEnabled = true, keyLightBrightness = 50
04-01 17:47:00.684   804   804 I Gecko   : [Event] event type: keydown, key: 2, target: [object HTMLDocument]
04-01 17:47:00.686   428   428 I FocusManager: << focus() called >>
04-01 17:47:00.686   428   428 I FocusManager:    trying to set focus on, tag: FORM, id: softkeyPanel, class: skbar none-paddings visible focused
04-01 17:47:00.687   428   428 I FocusManager: Warning: element is not focusable.
04-01 17:47:00.780   607   607 I IME     : IME: OnTextChanged
04-01 17:47:00.840   607   607 I Gecko   : console.log: "sendKeyEvent" "keyup" "2"
04-01 17:47:00.841   607   607 I GeckoConsole: Content JS LOG: 
04-01 17:47:00.841   607   607 I IME     : SendKey => keyType: [keyup], DOMKeyName: [2]
04-01 17:47:00.843   804   804 I Gecko   : [Event] event type: keyup, key: 2, target: [object HTMLDocument]
04-01 17:47:01.849   428   428 I FocusManager: << focus() called >>
04-01 17:47:01.849   428   428 I FocusManager:    trying to set focus on, tag: FORM, id: softkeyPanel, class: skbar none-paddings visible focused
04-01 17:47:01.850   428   428 I FocusManager: Warning: element is not focusable.
04-01 17:47:01.865   607   607 I IME     : IME: OnTextChanged
04-01 17:47:03.000   607   607 I Gecko   : console.log: "sendKeyEvent" "keydown" "2"
04-01 17:47:03.000   607   607 I GeckoConsole: Content JS LOG: 
04-01 17:47:03.001   607   607 I IME     : SendKey => keyType: [keydown], DOMKeyName: [2]
04-01 17:47:03.001   607   607 I IME     : SendKey => keyType: [keypress], DOMKeyName: [2]
04-01 17:47:03.003   804   804 I Gecko   : WebViewChild: 
04-01 17:47:03.003   804   804 I Gecko   : Got metaChanged: (og:kaios:kb-action) {"action":"keypadBacklightOn","timestamp":1617270423002} 
04-01 17:47:03.003   804   804 I Gecko   : 
04-01 17:47:03.007   607   607 I GeckoDump: [system] [KeypadBacklightManager]set keyLightEnabled = true, keyLightBrightness = 50
04-01 17:47:03.011   428   428 I FocusManager: << focus() called >>
04-01 17:47:03.012   428   428 I FocusManager:    trying to set focus on, tag: FORM, id: softkeyPanel, class: skbar none-paddings visible focused
04-01 17:47:03.012   804   804 I Gecko   : [Event] event type: keydown, key: 2, target: [object HTMLDocument]
04-01 17:47:03.012   428   428 I FocusManager: Warning: element is not focusable.
04-01 17:47:03.040   607   607 I IME     : IME: OnTextChanged
04-01 17:47:03.142   607   607 I Gecko   : console.log: "sendKeyEvent" "keyup" "2"
04-01 17:47:03.143   607   607 I GeckoConsole: Content JS LOG: 
04-01 17:47:03.143   607   607 I IME     : SendKey => keyType: [keyup], DOMKeyName: [2]
04-01 17:47:03.144   804   804 I Gecko   : [Event] event type: keyup, key: 2, target: [object HTMLDocument]
04-01 17:47:03.291   607   607 I Gecko   : console.log: "sendKeyEvent" "keydown" "2"
04-01 17:47:03.292   607   607 I GeckoConsole: Content JS LOG: 
04-01 17:47:03.292   607   607 I IME     : SendKey => keyType: [keydown], DOMKeyName: [2]
04-01 17:47:03.292   607   607 I IME     : SendKey => keyType: [keypress], DOMKeyName: [2]
04-01 17:47:03.294   804   804 I Gecko   : WebViewChild: 
04-01 17:47:03.294   804   804 I Gecko   : Got metaChanged: (og:kaios:kb-action) {"action":"keypadBacklightOn","timestamp":1617270423294} 
04-01 17:47:03.294   804   804 I Gecko   : 
04-01 17:47:03.299   607   607 I GeckoDump: [system] [KeypadBacklightManager]set keyLightEnabled = true, keyLightBrightness = 50
04-01 17:47:03.303   428   428 I FocusManager: << focus() called >>
04-01 17:47:03.303   428   428 I FocusManager:    trying to set focus on, tag: FORM, id: softkeyPanel, class: skbar none-paddings visible focused
04-01 17:47:03.304   428   428 I FocusManager: Warning: element is not focusable.
04-01 17:47:03.305   804   804 I Gecko   : [Event] event type: keydown, key: 2, target: [object HTMLDocument]
04-01 17:47:03.322   607   607 I IME     : IME: OnTextChanged
04-01 17:47:03.437   607   607 I Gecko   : console.log: "sendKeyEvent" "keyup" "2"
04-01 17:47:03.438   607   607 I GeckoConsole: Content JS LOG: 
04-01 17:47:03.438   607   607 I IME     : SendKey => keyType: [keyup], DOMKeyName: [2]
04-01 17:47:03.440   804   804 I Gecko   : [Event] event type: keyup, key: 2, target: [object HTMLDocument]
04-01 17:47:04.446   428   428 I FocusManager: << focus() called >>
04-01 17:47:04.446   428   428 I FocusManager:    trying to set focus on, tag: FORM, id: softkeyPanel, class: skbar none-paddings visible focused
04-01 17:47:04.447   428   428 I FocusManager: Warning: element is not focusable.
04-01 17:47:04.500   607   607 I IME     : IME: OnTextChanged
04-01 17:47:05.626   607   607 I Gecko   : console.log: "sendKeyEvent" "keydown" "*"
04-01 17:47:05.627   607   607 I GeckoConsole: Content JS LOG: 
04-01 17:47:05.627   607   607 I IME     : SendKey => keyType: [keydown], DOMKeyName: [*]
04-01 17:47:05.627   607   607 I IME     : SendKey => keyType: [keypress], DOMKeyName: [*]
04-01 17:47:05.629   804   804 I Gecko   : WebViewChild: 
04-01 17:47:05.629   804   804 I Gecko   : Got metaChanged: (og:kaios:kb-action) {"action":"keypadBacklightOn","timestamp":1617270425629} 
04-01 17:47:05.629   804   804 I Gecko   : 
04-01 17:47:05.631   804   804 I Gecko   : [Event] event type: keydown, key: *, target: [object HTMLDocument]
04-01 17:47:05.634   607   607 I GeckoDump: [system] [KeypadBacklightManager]set keyLightEnabled = true, keyLightBrightness = 50
04-01 17:47:05.766   607   607 I Gecko   : console.log: "sendKeyEvent" "keyup" "*"
04-01 17:47:05.767   607   607 I GeckoConsole: Content JS LOG: 
04-01 17:47:05.767   607   607 I IME     : SendKey => keyType: [keyup], DOMKeyName: [*]
04-01 17:47:05.780   804   804 I Gecko   : [Event] event type: keyup, key: *, target: [object HTMLDocument]
04-01 17:47:06.044   804   804 W Web Content: [JavaScript Warning: "Security wrapper denied access to property "Services" on privileged Javascript object. Support for exposing privileged objects to untrusted content via __exposedProps__ has been removed - use WebIDL bindings or Components.utils.cloneInto instead. Note that only the first denied property access from a given global object will be reported." {file: "kaipages/keyboard/ime/symbols.py" line: 38}]
04-01 17:47:06.396   804   804 I chatty  : uid=11304(u0_a1304) keyboard identical 10 lines
04-01 17:47:06.424   804   804 W Web Content: [JavaScript Warning: "Security wrapper denied access to property "Services" on privileged Javascript object. Support for exposing privileged objects to untrusted content via __exposedProps__ has been removed - use WebIDL bindings or Components.utils.cloneInto instead. Note that only the first denied property access from a given global object will be reported." {file: "kaipages/keyboard/ime/symbols.py" line: 38}]
04-01 17:47:06.448   607   607 E GeckoConsole: [JavaScript Error: "NS_ERROR_FILE_NOT_FOUND: " {file: "resource://gre/modules/SessionStoreFunctions.jsm" line: 444}]
04-01 17:47:06.448   607   607 E GeckoConsole: SSF_updateSessionStore@resource://gre/modules/SessionStoreFunctions.jsm:444:5
04-01 17:47:06.448   607   607 E GeckoConsole: UpdateSessionStore@resource://gre/modules/SessionStoreFunctions.jsm:20:35
04-01 17:47:06.486   607   607 I Gecko   : console.log: "sendKeyEvent" "keydown" "4"
04-01 17:47:06.487   607   607 I GeckoConsole: Content JS LOG: 
04-01 17:47:06.487   607   607 I IME     : SendKey => keyType: [keydown], DOMKeyName: [4]
04-01 17:47:06.487   607   607 I IME     : SendKey => keyType: [keypress], DOMKeyName: [4]
04-01 17:47:06.490   804   804 I Gecko   : WebViewChild: 
04-01 17:47:06.490   804   804 I Gecko   : Got metaChanged: (og:kaios:kb-action) {"action":"keypadBacklightOn","timestamp":1617270426490} 
04-01 17:47:06.490   804   804 I Gecko   : 
04-01 17:47:06.492   804   804 I Gecko   : [Event] event type: keydown, key: 4, target: [object HTMLDocument]
04-01 17:47:06.496   607   607 I GeckoDump: [system] [KeypadBacklightManager]set keyLightEnabled = true, keyLightBrightness = 50
04-01 17:47:06.615   607   607 I Gecko   : console.log: "sendKeyEvent" "keyup" "4"
04-01 17:47:06.616   607   607 I GeckoConsole: Content JS LOG: 
04-01 17:47:06.616   607   607 I IME     : SendKey => keyType: [keyup], DOMKeyName: [4]
04-01 17:47:06.621   428   428 I FocusManager: << focus() called >>
04-01 17:47:06.622   428   428 I FocusManager:    trying to set focus on, tag: FORM, id: softkeyPanel, class: skbar none-paddings visible focused
04-01 17:47:06.622   428   428 I FocusManager: Warning: element is not focusable.
04-01 17:47:06.626   804   804 I Gecko   : [Event] event type: keyup, key: 4, target: [object HTMLDocument]
04-01 17:47:06.656   428   428 I FocusManager: << focus() called >>
04-01 17:47:06.656   428   428 I FocusManager:    trying to set focus on, tag: FORM, id: softkeyPanel, class: skbar none-paddings visible focused
04-01 17:47:06.657   428   428 I FocusManager: Warning: element is not focusable.
04-01 17:47:06.663   607   607 I IME     : IME: OnTextChanged
04-01 17:47:06.998   607   607 I Gecko   : console.log: "sendKeyEvent" "keydown" "SoftRight"
04-01 17:47:07.000   607   607 I GeckoConsole: Content JS LOG: 
04-01 17:47:07.000   607   607 I IME     : SendKey => keyType: [keydown], DOMKeyName: [SoftRight]
04-01 17:47:07.000   607   607 I IME     : SendKey => keyType: [keypress], DOMKeyName: [SoftRight]
04-01 17:47:07.001   804   804 I Gecko   : WebViewChild: 
04-01 17:47:07.002   804   804 I Gecko   : Got metaChanged: (og:kaios:kb-action) {"action":"keypadBacklightOn","timestamp":1617270427001} 
04-01 17:47:07.002   804   804 I Gecko   : 
04-01 17:47:07.003   804   804 I Gecko   : [Event] event type: keydown, key: SoftRight, target: [object HTMLDocument]
04-01 17:47:07.007   607   607 I GeckoDump: [system] [KeypadBacklightManager]set keyLightEnabled = true, keyLightBrightness = 50
04-01 17:47:07.143   607   607 I Gecko   : console.log: "sendKeyEvent" "keyup" "SoftRight"
04-01 17:47:07.144   607   607 I GeckoConsole: Content JS LOG: 
04-01 17:47:07.144   607   607 I IME     : SendKey => keyType: [keyup], DOMKeyName: [SoftRight]
04-01 17:47:07.148   804   804 I Gecko   : [Event] event type: keyup, key: SoftRight, target: [object HTMLDocument]
