04-01 17:52:23.548   730   873 D LOWI-8.6.0.81: [LOWI-Scan] BSS 00:a6:ca:56:93:84 LOWI_PHY_MODE_11NG_HT20(5), Beacon Interval: 102, LOWI_ENCRYPTION_TYPE_WPA_PSK 11mcRanging: No, ANQP: No, LCI: No, Civic: No, capability(0x1431): ESS Privacy ShortPreamble ShortSlotTime
04-01 17:52:23.548   730   873 D LOWI-8.6.0.81: [LOWI-Scan] BSS 00:a6:ca:56:93:84 FREQ: 2412, cFreq1[40:80] = [0:0] cFreq2 = 0 Country Code = TW 
04-01 17:52:23.548   730   873 D LOWI-8.6.0.81: [LOWI-Scan] BSS 00:a6:ca:56:93:84 (wlan0) ASSO: NO AddInfo: 0x0, TSF 0, 00:11:41.688, RSSI: -120, CPL: 22, AGE: 4,  SSID KaiOS-QL, TSFDelta: 0x8506492d, TXRate: 0
04-01 17:52:23.548   730   873 D LOWI-8.6.0.81: [LOWI-Scan] 
04-01 17:52:23.548   730   873 D LOWI-8.6.0.81: [LOWI-Scan] print_bss_handler: Report Probe TSF 701688628 as it greater than Beacon TSF 0
04-01 17:52:23.548   730   873 D LOWI-8.6.0.81: [LOWI-Scan] BSS 00:a6:ca:56:93:83 LOWI_PHY_MODE_11NG_HT20(5), Beacon Interval: 102, LOWI_ENCRYPTION_TYPE_WPA_EAP 11mcRanging: No, ANQP: Yes, LCI: No, Civic: No, capability(0x1431): ESS Privacy ShortPreamble ShortSlotTime
04-01 17:52:23.548   730   873 D LOWI-8.6.0.81: [LOWI-Scan] BSS 00:a6:ca:56:93:83 FREQ: 2412, cFreq1[40:80] = [0:0] cFreq2 = 0 Country Code = TW 
04-01 17:52:23.549   730   873 D LOWI-8.6.0.81: [LOWI-Scan] BSS 00:a6:ca:56:93:83 (wlan0) ASSO: NO AddInfo: 0x0, TSF 0, 00:11:41.688, RSSI: -120, CPL: 22, AGE: 4,  SSID KaiOS EAP-SIM TTLS, TSFDelta: 0x8506492d, TXRate: 0
04-01 17:52:23.549   730   873 D LOWI-8.6.0.81: [LOWI-Scan] 
04-01 17:52:23.549   730   873 D LOWI-8.6.0.81: [LOWI-Scan] print_bss_handler: Report Probe TSF 701688524 as it greater than Beacon TSF 0
04-01 17:52:23.549   877   877 D wpa_supplicant: wlan0: Control interface command 'SCAN_RESULTS'
04-01 17:52:23.549   607   607 I Gecko   : -*- WifiWorker component: Event coming: [wlan0] SCAN_RESULT_READY
04-01 17:52:23.550   607   607 I Gecko   : -*- WifiWorker component: Notifying of scan results available
04-01 17:52:23.550   877   877 D wpa_supplicant: wpa_parse_wpa_ie_rsn: Unsupported management group cipher 0x0 (00000000)
04-01 17:52:23.550   877   877 I chatty  : uid=1010(wifi) /vendor/bin/hw/wpa_supplicant identical 1 line
04-01 17:52:23.550   877   877 D wpa_supplicant: wpa_parse_wpa_ie_rsn: Unsupported management group cipher 0x0 (00000000)
04-01 17:52:23.551   877   877 D wpa_supplicant: wlan0: Control interface command 'SCAN_RESULTS'
04-01 17:52:23.551   877   877 D wpa_supplicant: wpa_parse_wpa_ie_rsn: Unsupported management group cipher 0x0 (00000000)
04-01 17:52:23.551   877   877 I chatty  : uid=1010(wifi) /vendor/bin/hw/wpa_supplicant identical 1 line
04-01 17:52:23.551   877   877 D wpa_supplicant: wpa_parse_wpa_ie_rsn: Unsupported management group cipher 0x0 (00000000)
04-01 17:52:23.552   513   872 V WifiHAL : event received NL80211_CMD_NEW_SCAN_RESULTS
04-01 17:52:23.552   730   873 D LOWI-8.6.0.81: [LOWI-Scan] BSS 00:a2:ee:0c:8f:45 LOWI_PHY_MODE_11NG_HT20(5), Beacon Interval: 102, LOWI_ENCRYPTION_TYPE_WPA_PSK 11mcRanging: No, ANQP: No, LCI: No, Civic: No, capability(0x1431): ESS Privacy ShortPreamble ShortSlotTime
04-01 17:52:23.552   730   873 D LOWI-8.6.0.81: [LOWI-Scan] BSS 00:a2:ee:0c:8f:45 FREQ: 2462, cFreq1[40:80] = [0:0] cFreq2 = 0 Country Code = TW 
04-01 17:52:23.552   730   873 D LOWI-8.6.0.81: [LOWI-Scan] BSS 00:a2:ee:0c:8f:45 (wlan0) ASSO: NO AddInfo: 0x0, TSF 0, 00:11:41.688, RSSI: -100, CPL: 22, AGE: 4,  SSID Kaiostech-Guest, TSFDelta: 0x8506492d, TXRate: 0
04-01 17:52:23.552   730   873 D LOWI-8.6.0.81: [LOWI-Scan] 
04-01 17:52:23.552   730   873 D LOWI-8.6.0.81: [LOWI-Scan] print_bss_handler: Report Probe TSF 701688539 as it greater than Beacon TSF 0
04-01 17:52:23.552   730   873 D LOWI-8.6.0.81: [LOWI-Scan] BSS 00:a2:ee:0c:8f:44 LOWI_PHY_MODE_11NG_HT20(5), Beacon Interval: 102, LOWI_ENCRYPTION_TYPE_WPA_PSK 11mcRanging: No, ANQP: No, LCI: No, Civic: No, capability(0x1431): ESS Privacy ShortPreamble ShortSlotTime
04-01 17:52:23.552   730   873 D LOWI-8.6.0.81: [LOWI-Scan] BSS 00:a2:ee:0c:8f:44 FREQ: 2462, cFreq1[40:80] = [0:0] cFreq2 = 0 Country Code = TW 
04-01 17:52:23.552   730   873 D LOWI-8.6.0.81: [LOWI-Scan] BSS 00:a2:ee:0c:8f:44 (wlan0) ASSO: NO AddInfo: 0x0, TSF 0, 00:11:41.688, RSSI: -100, CPL: 22, AGE: 4,  SSID KaiOS-QL, TSFDelta: 0x8506492d, TXRate: 0
04-01 17:52:23.552   730   873 D LOWI-8.6.0.81: [LOWI-Scan] 
04-01 17:52:23.552   730   873 D LOWI-8.6.0.81: [LOWI-Scan] print_bss_handler: Report Probe TSF 701688554 as it greater than Beacon TSF 0
04-01 17:52:23.553   730   873 D LOWI-8.6.0.81: [LOWI-Scan] BSS 00:a2:ee:0c:8f:43 LOWI_PHY_MODE_11NG_HT20(5), Beacon Interval: 102, LOWI_ENCRYPTION_TYPE_WPA_EAP 11mcRanging: No, ANQP: Yes, LCI: No, Civic: No, capability(0x1431): ESS Privacy ShortPreamble ShortSlotTime
04-01 17:52:23.553   730   873 D LOWI-8.6.0.81: [LOWI-Scan] BSS 00:a2:ee:0c:8f:43 FREQ: 2462, cFreq1[40:80] = [0:0] cFreq2 = 0 Country Code = TW 
04-01 17:52:23.553   730   873 D LOWI-8.6.0.81: [LOWI-Scan] BSS 00:a2:ee:0c:8f:43 (wlan0) ASSO: NO AddInfo: 0x0, TSF 0, 00:11:41.688, RSSI: -100, CPL: 22, AGE: 4,  SSID KaiOS EAP-SIM TTLS, TSFDelta: 0x8506492d, TXRate: 0
04-01 17:52:23.553   730   873 D LOWI-8.6.0.81: [LOWI-Scan] 
04-01 17:52:23.553   730   873 D LOWI-8.6.0.81: [LOWI-Scan] print_bss_handler: Report Probe TSF 701688720 as it greater than Beacon TSF 0
04-01 17:52:23.553   730   873 D LOWI-8.6.0.81: [LOWI-Scan] BSS b0:7f:b9:c0:ad:c0 LOWI_PHY_MODE_11NG_HT20(5), Beacon Interval: 100, LOWI_ENCRYPTION_TYPE_WPA_PSK 11mcRanging: No, ANQP: No, LCI: No, Civic: No, capability(0x0511): ESS Privacy SpectrumMgmt ShortSlotTime
04-01 17:52:23.553   730   873 D LOWI-8.6.0.81: [LOWI-Scan] BSS b0:7f:b9:c0:ad:c0 FREQ: 2462, cFreq1[40:80] = [0:0] cFreq2 = 0 Country Code = #w 
04-01 17:52:23.553   730   873 D LOWI-8.6.0.81: [LOWI-Scan] BSS b0:7f:b9:c0:ad:c0 (wlan0) ASSO: NO AddInfo: 0x0, TSF 0, 00:11:41.688, RSSI: -142, CPL: 127, AGE: 4,  SSID Cosmos_Office, TSFDelta: 0x8506492d, TXRate: 0
04-01 17:52:23.553   730   873 D LOWI-8.6.0.81: [LOWI-Scan] 
04-01 17:52:23.553   730   873 D LOWI-8.6.0.81: [LOWI-Scan] print_bss_handler: Report Probe TSF 701688643 as it greater than Beacon TSF 0
04-01 17:52:23.553   730   873 D LOWI-8.6.0.81: [LOWI-Scan]  No Secondary channel present
04-01 17:52:23.553   730   873 D LOWI-8.6.0.81: [LOWI-Scan] BSS 00:ad:24:3f:54:3f LOWI_PHY_MODE_11NG_HT20(5), Beacon Interval: 100, LOWI_ENCRYPTION_TYPE_WPA_PSK 11mcRanging: No, ANQP: Yes, LCI: No, Civic: No, capability(0x1431): ESS Privacy ShortPreamble ShortSlotTime
04-01 17:52:23.553   730   873 D LOWI-8.6.0.81: [LOWI-Scan] BSS 00:ad:24:3f:54:3f FREQ: 2457, cFreq1[40:80] = [2457:0] cFreq2 = 0 Country Code = US 
04-01 17:52:23.553   730   873 D LOWI-8.6.0.81: [LOWI-Scan] BSS 00:ad:24:3f:54:3f (wlan0) ASSO: NO AddInfo: 0x0, TSF 0, 00:11:41.688, RSSI: -118, CPL: 127, AGE: 4,  SSID Cosmos_Dealing, TSFDelta: 0x8506492d, TXRate: 0
04-01 17:52:23.553   730   873 D LOWI-8.6.0.81: [LOWI-Scan] 
04-01 17:52:23.553   730   873 D LOWI-8.6.0.81: [LOWI-Scan] print_bss_handler: Report Probe TSF 701688658 as it greater than Beacon TSF 0
04-01 17:52:23.553   730   873 D LOWI-8.6.0.81: [LOWI-Scan]  No Secondary channel present
04-01 17:52:23.553   730   873 D LOWI-8.6.0.81: [LOWI-Scan] BSS 00:ad:24:3f:54:3e LOWI_PHY_MODE_11AC_VHT20_2G(11), Beacon Interval: 100, LOWI_ENCRYPTION_TYPE_WPA_PSK 11mcRanging: No, ANQP: Yes, LCI: No, Civic: No, capability(0x1431): ESS Privacy ShortPreamble ShortSlotTime
04-01 17:52:23.553   730   873 D LOWI-8.6.0.81: [LOWI-Scan] BSS 00:ad:24:3f:54:3e FREQ: 2457, cFreq1[40:80] = [2457:0] cFreq2 = 0 Country Code = US 
04-01 17:52:23.553   730   873 D LOWI-8.6.0.81: [LOWI-Scan] BSS 00:ad:24:3f:54:3e (wlan0) ASSO: NO AddInfo: 0x0, TSF 0, 00:11:41.688, RSSI: -118, CPL: 127, AGE: 4,  SSID Cosmos_Guest, TSFDelta: 0x8506492d, TXRate: 0
04-01 17:52:23.554   730   873 D LOWI-8.6.0.81: [LOWI-Scan] 
04-01 17:52:23.554   730   873 D LOWI-8.6.0.81: [LOWI-Scan] print_bss_handler: Report Probe TSF 701688674 as it greater than Beacon TSF 0
04-01 17:52:23.554   730   873 D LOWI-8.6.0.81: [LOWI-Scan] BSS 6c:3b:6b:9a:93:06 LOWI_PHY_MODE_11NG_HT20(5), Beacon Interval: 100, LOWI_ENCRYPTION_TYPE_WPA_PSK 11mcRanging: No, ANQP: No, LCI: No, Civic: No, capability(0x0431): ESS Privacy ShortPreamble ShortSlotTime
04-01 17:52:23.554   730   873 D LOWI-8.6.0.81: [LOWI-Scan] BSS 6c:3b:6b:9a:93:06 FREQ: 2427, cFreq1[40:80] = [0:0] cFreq2 = 0 Country Code =    
04-01 17:52:23.554   730   873 D LOWI-8.6.0.81: [LOWI-Scan] BSS 6c:3b:6b:9a:93:06 (wlan0) ASSO: NO AddInfo: 0x0, TSF 0, 00:11:41.688, RSSI: -120, CPL: 127, AGE: 4,  SSID WM-GFC, TSFDelta: 0x8506492d, TXRate: 0
04-01 17:52:23.554   730   873 D LOWI-8.6.0.81: [LOWI-Scan] 
04-01 17:52:23.554   730   873 D LOWI-8.6.0.81: [LOWI-Scan] print_bss_handler: Report Probe TSF 701688409 as it greater than Beacon TSF 0
04-01 17:52:23.554   730   873 D LOWI-8.6.0.81: [LOWI-Scan] BSS 00:a6:ca:56:93:b7 LOWI_PHY_MODE_11NG_HT20(5), Beacon Interval: 102, LOWI_ENCRYPTION_TYPE_OPEN 11mcRanging: No, ANQP: No, LCI: No, Civic: No, capability(0x1431): ESS Privacy ShortPreamble ShortSlotTime
04-01 17:52:23.554   730   873 D LOWI-8.6.0.81: [LOWI-Scan] BSS 00:a6:ca:56:93:b7 FREQ: 2437, cFreq1[40:80] = [0:0] cFreq2 = 0 Country Code = TW 
04-01 17:52:23.554   730   873 D LOWI-8.6.0.81: [LOWI-Scan] BSS 00:a6:ca:56:93:b7 (wlan0) ASSO: NO AddInfo: 0x0, TSF 0, 00:11:41.688, RSSI: -90, CPL: 22, AGE: 4,  SSID KaiOS-OSU, TSFDelta: 0x8506492d, TXRate: 0
04-01 17:52:23.554   730   873 D LOWI-8.6.0.81: [LOWI-Scan] 
04-01 17:52:23.554   730   873 D LOWI-8.6.0.81: [LOWI-Scan] print_bss_handler: Report Probe TSF 701688460 as it greater than Beacon TSF 0
04-01 17:52:23.554   730   873 D LOWI-8.6.0.81: [LOWI-Scan] BSS 00:a6:ca:56:93:b5 LOWI_PHY_MODE_11NG_HT20(5), Beacon Interval: 102, LOWI_ENCRYPTION_TYPE_WPA_PSK 11mcRanging: No, ANQP: No, LCI: No, Civic: No, capability(0x1431): ESS Privacy ShortPreamble ShortSlotTime
04-01 17:52:23.554   730   873 D LOWI-8.6.0.81: [LOWI-Scan] BSS 00:a6:ca:56:93:b5 FREQ: 2437, cFreq1[40:80] = [0:0] cFreq2 = 0 Country Code = TW 
04-01 17:52:23.555   730   873 D LOWI-8.6.0.81: [LOWI-Scan] BSS 00:a6:ca:56:93:b5 (wlan0) ASSO: NO AddInfo: 0x0, TSF 0, 00:11:41.688, RSSI: -90, CPL: 22, AGE: 4,  SSID Kaiostech-Guest, TSFDelta: 0x8506492d, TXRate: 0
04-01 17:52:23.555   730   873 D LOWI-8.6.0.81: [LOWI-Scan] 
04-01 17:52:23.555   730   873 D LOWI-8.6.0.81: [LOWI-Scan] print_bss_handler: Report Probe TSF 701688479 as it greater than Beacon TSF 0
04-01 17:52:23.555   730   873 D LOWI-8.6.0.81: [LOWI-Scan] BSS 00:a6:ca:56:93:b4 LOWI_PHY_MODE_11NG_HT20(5), Beacon Interval: 102, LOWI_ENCRYPTION_TYPE_WPA_PSK 11mcRanging: No, ANQP: No, LCI: No, Civic: No, capability(0x1431): ESS Privacy ShortPreamble ShortSlotTime
04-01 17:52:23.555   730   873 D LOWI-8.6.0.81: [LOWI-Scan] BSS 00:a6:ca:56:93:b4 FREQ: 2437, cFreq1[40:80] = [0:0] cFreq2 = 0 Country Code = TW 
04-01 17:52:23.555   730   873 D LOWI-8.6.0.81: [LOWI-Scan] BSS 00:a6:ca:56:93:b4 (wlan0) ASSO: NO AddInfo: 0x0, TSF 0, 00:11:41.688, RSSI: -90, CPL: 22, AGE: 4,  SSID KaiOS-QL, TSFDelta: 0x8506492d, TXRate: 0
04-01 17:52:23.555   730   873 D LOWI-8.6.0.81: [LOWI-Scan] 
04-01 17:52:23.555   730   873 D LOWI-8.6.0.81: [LOWI-Scan] print_bss_handler: Report Probe TSF 701688494 as it greater than Beacon TSF 0
04-01 17:52:23.555   730   873 D LOWI-8.6.0.81: [LOWI-Scan] BSS 00:a6:ca:56:93:b3 LOWI_PHY_MODE_11NG_HT20(5), Beacon Interval: 102, LOWI_ENCRYPTION_TYPE_WPA_EAP 11mcRanging: No, ANQP: Yes, LCI: No, Civic: No, capability(0x1431): ESS Privacy ShortPreamble ShortSlotTime
04-01 17:52:23.555   730   873 D LOWI-8.6.0.81: [LOWI-Scan] BSS 00:a6:ca:56:93:b3 FREQ: 2437, cFreq1[40:80] = [0:0] cFreq2 = 0 Country Code = TW 
04-01 17:52:23.555   730   873 D LOWI-8.6.0.81: [LOWI-Scan] BSS 00:a6:ca:56:93:b3 (wlan0) ASSO: NO AddInfo: 0x0, TSF 0, 00:11:41.688, RSSI: -88, CPL: 22, AGE: 4,  SSID KaiOS EAP-SIM TTLS, TSFDelta: 0x8506492d, TXRate: 0
04-01 17:52:23.555   730   873 D LOWI-8.6.0.81: [LOWI-Scan] 
04-01 17:52:23.555   730   873 D LOWI-8.6.0.81: [LOWI-Scan] print_bss_handler: Report Probe TSF 701688688 as it greater than Beacon TSF 0
04-01 17:52:23.555   730   873 D LOWI-8.6.0.81: [LOWI-Scan] BSS 64:d1:54:18:e1:97 LOWI_PHY_MODE_11NG_HT20(5), Beacon Interval: 100, LOWI_ENCRYPTION_TYPE_WPA_PSK 11mcRanging: No, ANQP: No, LCI: No, Civic: No, capability(0x0431): ESS Privacy ShortPreamble ShortSlotTime
04-01 17:52:23.555   730   873 D LOWI-8.6.0.81: [LOWI-Scan] BSS 64:d1:54:18:e1:97 FREQ: 2422, cFreq1[40:80] = [0:0] cFreq2 = 0 Country Code =    
04-01 17:52:23.556   730   873 D LOWI-8.6.0.81: [LOWI-Scan] BSS 64:d1:54:18:e1:97 (wlan0) ASSO: NO AddInfo: 0x0, TSF 0, 00:11:41.688, RSSI: -136, CPL: 127, AGE: 4,  SSID WM-GFC, TSFDelta: 0x8506492d, TXRate: 0
04-01 17:52:23.556   730   873 D LOWI-8.6.0.81: [LOWI-Scan] 
04-01 17:52:23.556   730   873 D LOWI-8.6.0.81: [LOWI-Scan] print_bss_handler: Report Probe TSF 701688703 as it greater than Beacon TSF 0
04-01 17:52:23.556   730   873 D LOWI-8.6.0.81: [LOWI-Scan] BSS b0:7f:b9:c0:c9:60 LOWI_PHY_MODE_11NG_HT20(5), Beacon Interval: 100, LOWI_ENCRYPTION_TYPE_WPA_PSK 11mcRanging: No, ANQP: No, LCI: No, Civic: No, capability(0x0511): ESS Privacy SpectrumMgmt ShortSlotTime
04-01 17:52:23.556   730   873 D LOWI-8.6.0.81: [LOWI-Scan] BSS b0:7f:b9:c0:c9:60 FREQ: 2437, cFreq1[40:80] = [0:0] cFreq2 = 0 Country Code = #w 
04-01 17:52:23.556   730   873 D LOWI-8.6.0.81: [LOWI-Scan] BSS b0:7f:b9:c0:c9:60 (wlan0) ASSO: NO AddInfo: 0x0, TSF 0, 00:11:41.688, RSSI: -150, CPL: 127, AGE: 4,  SSID Cosmos_Office, TSFDelta: 0x8506492d, TXRate: 0
04-01 17:52:23.556   513   872 E WifiHAL : Invalid data received from driver
04-01 17:52:23.556   730   873 D LOWI-8.6.0.81: [LOWIDiagLog] Log: lowiMeasResult->request: invalid null argument
04-01 17:52:23.556   730   873 I LOWI-8.6.0.81: [LOWI-Scan] lowi_close_record:Scan done in 645930ms, 22 APs in scan results
04-01 17:52:23.556   730   873 D LOWI-8.6.0.81: [LOWI-Scan] WipsScanUsingNL: passive scan cached 0, took 10093 ms, err 0
04-01 17:52:23.556   730   873 D LOWI-8.6.0.81: [LOWI-Scan] lowi_proc_req_passive_scan_with_live_meas - No WLAN Frames to be parsed
04-01 17:52:23.556   730   873 D LOWI-8.6.0.81: [LOWIScanResultReceiver] Send scan meas to listener
04-01 17:52:23.556   730   873 D LOWI-8.6.0.81: [LOWIScanResultReceiver] Enter passive listening mode
04-01 17:52:23.556   730   873 D LOWI-8.6.0.81: [LOWIWifiDriverInterface] getMeasurements - Passive listening mode
04-01 17:52:23.556   730   873 D LOWI-8.6.0.81: [LOWI-Scan] WipsScanUsingNL:wait -1 sec for netlink message
04-01 17:52:23.556   730   769 D LOWI-8.6.0.81: [LOWIEventReceiver] handleEvent:FROM:NA, TO:NA, REQ:NA, IREQ:NA, REQ_ID:0, RESP:NA, INFO:NA
04-01 17:52:23.556   730   769 D LOWI-8.6.0.81: [LOWIBackgroundScanMgr] isRspForBgScanMgr: evt(LOWI_NO_EVT) - not handled
04-01 17:52:23.556   730   769 D LOWI-8.6.0.81: [LOWIScheduler] manageMsg: NULL results or NULL request in results
04-01 17:52:23.556   730   769 D LOWI-8.6.0.81: [LOWIController] Measurements received
04-01 17:52:23.557   730   769 D LOWI-8.6.0.81: [LOWICacheManager] putInCache:Num of Meas to add: 22
04-01 17:52:23.558   730   769 D LOWI-8.6.0.81: [LOWIController] processMeasurementResults: No current Request. Cache measurements
04-01 17:52:23.558   730   769 D LOWI-8.6.0.81: [LOWIControllerExtn] sendLOWILpDiscoveryScanResponse: Not a discovery scan response
04-01 17:52:23.562   607   607 I Gecko   : -*- WifiWorker component:  * QA-Lab A8:5E:45:09:37:70 2432 701688310 3089 -3700 true
04-01 17:52:23.566   607   607 I Gecko   : -*- WifiWorker component:  * 55667788 10:0C:6B:9A:D8:D8 2432 701688375 5137 -3800 false
04-01 17:52:23.568   607   607 I Gecko   : -*- WifiConfigUtils: Invalid interworking element length
04-01 17:52:23.570   607   607 I Gecko   : -*- WifiWorker component:  * dlink-C82C 40:9B:CD:9D:C8:2C 2412 701688393 1073 -4500 false
04-01 17:52:23.572   607   607 I Gecko   : -*- WifiWorker component:  * BUFFALO-E9B6A8 10:6F:3F:E9:B6:A8 2462 701688569 1041 -5100 false
04-01 17:52:23.573   607   607 I Gecko   : -*- WifiWorker component:  * KaiOS-OSU 00:A2:EE:0C:8F:47 2462 701688509 5169 -5000 false
04-01 17:52:23.575   607   607 I Gecko   : -*- WifiWorker component:  * KaiOS-OSU 00:A6:CA:56:93:87 2412 701688584 5169 -6000 false
04-01 17:52:23.577   607   607 I Gecko   : -*- WifiWorker component:  * Kaiostech-Guest 00:A6:CA:56:93:85 2412 701688598 5169 -6000 false
04-01 17:52:23.578   607   607 I Gecko   : -*- WifiWorker component:  * KaiOS-QL 00:A6:CA:56:93:84 2412 701688613 5169 -6000 false
04-01 17:52:23.579   607   607 I Gecko   : -*- WifiWorker component:  * KaiOS EAP-SIM TTLS 00:A6:CA:56:93:83 2412 701688628 5169 -6000 false
04-01 17:52:23.580   607   607 I Gecko   : -*- WifiConfigUtils: Invalid interworking element length
04-01 17:52:23.580   607   607 I Gecko   : -*- WifiWorker component: [KaiOS EAP-SIM TTLS] passpoint info: {"ant":2,"isInterworking":true,"internet":true,"hessid":0,"anqpOICount":0,"roamingConsortiums":[],"hsRelease":-1,"anqpDomainID":0}
04-01 17:52:23.581   607   607 I Gecko   : -*- WifiWorker component:  * Kaiostech-Guest 00:A2:EE:0C:8F:45 2462 701688524 5169 -5000 false
04-01 17:52:23.582   607   607 I Gecko   : -*- WifiWorker component:  * KaiOS-QL 00:A2:EE:0C:8F:44 2462 701688539 5169 -5000 false
04-01 17:52:23.584   607   607 I Gecko   : -*- WifiWorker component:  * KaiOS EAP-SIM TTLS 00:A2:EE:0C:8F:43 2462 701688554 5169 -5000 false
04-01 17:52:23.584   607   607 I Gecko   : -*- WifiConfigUtils: Invalid interworking element length
04-01 17:52:23.584   607   607 I Gecko   : -*- WifiWorker component: [KaiOS EAP-SIM TTLS] passpoint info: {"ant":2,"isInterworking":true,"internet":true,"hessid":0,"anqpOICount":0,"roamingConsortiums":[],"hsRelease":-1,"anqpDomainID":0}
04-01 17:52:23.585   607   607 I Gecko   : -*- WifiWorker component:  * Cosmos_Office B0:7F:B9:C0:AD:C0 2462 701688720 1297 -7100 false
04-01 17:52:23.586   607   607 I Gecko   : -*- WifiWorker component:  * Cosmos_Dealing 00:AD:24:3F:54:3F 2457 701688643 5169 -5900 false
04-01 17:52:23.587   607   607 I Gecko   : -*- WifiConfigUtils: Invalid interworking element length
04-01 17:52:23.587   607   607 I Gecko   : -*- WifiWorker component:  * Cosmos_Guest 00:AD:24:3F:54:3E 2457 701688658 5169 -5900 false
04-01 17:52:23.588   607   607 I Gecko   : -*- WifiConfigUtils: Invalid interworking element length
04-01 17:52:23.589   607   607 I Gecko   : -*- WifiWorker component:  * WM-GFC 6C:3B:6B:9A:93:06 2427 701688674 1073 -6000 false
04-01 17:52:23.590   607   607 I Gecko   : -*- WifiWorker component:  * KaiOS-OSU 00:A6:CA:56:93:B7 2437 701688409 5169 -4500 false
04-01 17:52:23.591   607   607 I Gecko   : -*- WifiWorker component:  * Kaiostech-Guest 00:A6:CA:56:93:B5 2437 701688460 5169 -4500 false
04-01 17:52:23.593   607   607 I Gecko   : -*- WifiWorker component:  * KaiOS-QL 00:A6:CA:56:93:B4 2437 701688479 5169 -4500 false
04-01 17:52:23.593   607   607 I Gecko   : -*- WifiWorker component:  * KaiOS EAP-SIM TTLS 00:A6:CA:56:93:B3 2437 701688494 5169 -4400 false
04-01 17:52:23.594   607   607 I Gecko   : -*- WifiConfigUtils: Invalid interworking element length
04-01 17:52:23.594   607   607 I Gecko   : -*- WifiWorker component: [KaiOS EAP-SIM TTLS] passpoint info: {"ant":2,"isInterworking":true,"internet":true,"hessid":0,"anqpOICount":0,"roamingConsortiums":[],"hsRelease":-1,"anqpDomainID":0}
04-01 17:52:23.595   607   607 I Gecko   : -*- WifiWorker component:  * WM-GFC 64:D1:54:18:E1:97 2422 701688688 1073 -6800 false
04-01 17:52:23.596   607   607 I Gecko   : -*- WifiWorker component:  * Cosmos_Office B0:7F:B9:C0:C9:60 2437 701688703 1297 -7500 false
04-01 17:52:23.597   607   607 I Gecko   : -*- WifiNetworkSelector: ==========start Network Selection==========
04-01 17:52:23.597   607   607 I Gecko   : -*- WifiNetworkSelector: Current connected network: QA-Lab ,ID is: 0
04-01 17:52:23.597   607   607 I Gecko   : -*- WifiNetworkSelector: Current network already sufficient. Skip network selection.
04-01 17:52:24.062   513   872 E WifiHAL : Invalid data received from driver
04-01 17:52:24.063   513   872 I chatty  : uid=1010 wifi@1.0-servic identical 11 lines
04-01 17:52:24.063   513   872 E WifiHAL : Invalid data received from driver
04-01 17:52:24.631   608  1053 E telemetry: error recv from sock Sys(EAGAIN)
04-01 17:52:24.989   513   872 E WifiHAL : Invalid data received from driver
04-01 17:52:24.989   513   872 I chatty  : uid=1010 wifi@1.0-servic identical 1 line
04-01 17:52:25.351   513   872 E WifiHAL : Invalid data received from driver
04-01 17:52:25.355   607   607 I Gecko   : -*- WifiWorker component: shouldBroadcastRSSIForIMS, newRssi =-36 , oldRssi= -37
04-01 17:52:25.583   607   607 I Gecko   : console.log: "sendKeyEvent" "keydown" "Enter"
04-01 17:52:25.584   607   607 I GeckoConsole: Content JS LOG: 
04-01 17:52:25.588   607   607 I GeckoDump: [system] [HardwareButtons] event type: keydown, key: Enter, target: [object XULFrameElement], src: http://system.localhost/browser/browser.html, activeElement nodeName: browser, class: 
04-01 17:52:25.590   607   607 I GeckoDump: [system] [KeypadBacklightManager]set keyLightEnabled = true, keyLightBrightness = 50
04-01 17:52:25.592   607   607 I GeckoDump: [system] [HierarchyManager][1616492605.277] getting top most...,AppWindowManager
04-01 17:52:25.602  3316  3316 I Gecko   : [Event] event type: keydown, key: Enter, target: [object HTMLDivElement], class: basic fixed focusable
04-01 17:52:25.613   607   607 I GeckoDump: [system] [HierarchyManager][1616492605.298] BrowserSearchView-activated
04-01 17:52:25.613   607   607 I GeckoDump: [system] [HierarchyManager][1616492605.299] handling BrowserSearchView-activated
04-01 17:52:25.614   607   607 I GeckoDump: [system] [HierarchyManager][1616492605.300] BrowserSearchView is becoming active now.
04-01 17:52:25.614   607   607 I GeckoDump: [system] [HierarchyManager][1616492605.300] last top most is AppWindowManager
04-01 17:52:25.614   607   607 I GeckoDump: [system] [HierarchyManager][1616492605.300] next top most is BrowserSearchView
04-01 17:52:25.615   607   607 I GeckoDump: [system] [AppWindow][Internet][AppWindow_18][1616492605.300] setVisibleForScreenReader:,false
04-01 17:52:25.616   607   607 I GeckoDump: [system] [AppWindow][Internet][AppWindow_18][1616492605.301] toggleVirtualCursor(): enabled = undefined
04-01 17:52:25.616   607   607 I GeckoDump: [system] [AppWindow][Internet][AppWindow_18][1616492605.302] toggleVirtualCursor(): disableVirtualCursor
04-01 17:52:25.616   607   607 I FocusManager: << focus() called >>
04-01 17:52:25.616   607   607 I FocusManager:    trying to set focus on, tag: INPUT, id: , class: p-pri
04-01 17:52:25.620   607   607 I FocusManager:    current focused element, tag: browser, id: , class: 
04-01 17:52:25.621   607   607 I FocusManager: <- blur on, tag: browser, id: , class: 
04-01 17:52:25.621  3316  3316 I FocusManager: <- blur on, tag: DIV, id: , class: basic fixed focusable
04-01 17:52:25.623   607   607 I FocusManager: -> focus is now on, tag: INPUT, id: , class: p-pri
04-01 17:52:25.669   607   607 I Gecko   : console.log: "Embedding: imeHandler:inputmethod-contextchange"
04-01 17:52:25.670   607   607 I GeckoConsole: Content JS LOG: 
04-01 17:52:25.671   607   607 I Gecko   : console.log: "Embedding: imeHandler: isFocus: true"
04-01 17:52:25.671   607   607 I GeckoConsole: Content JS LOG: 
04-01 17:52:25.674   607   607 I GeckoDump: [system] [AppWindowManager][1616492605.360]handling keyboard-activated
04-01 17:52:25.675   607   607 I GeckoDump: [system] [AppWindow][Internet][AppWindow_18][1616492605.361] toggleVirtualCursor(): enabled = false
04-01 17:52:25.675   607   607 I GeckoDump: [system] [AppWindow][Internet][AppWindow_18][1616492605.361] toggleVirtualCursor(): disable virtualCursor immediately
04-01 17:52:25.679   607   607 I IME     : IME: Activate
04-01 17:52:25.682   607   607 I GeckoDump: [system] [HierarchyManager][1616492605.367] inputmethod-contextchange
04-01 17:52:25.683   607   607 I GeckoDump: [system] [HierarchyManager][1616492605.368] handover inputmethod-contextchange to BrowserSearchView
04-01 17:52:25.685   607   607 I GeckoDump: [system] [HierarchyManager][1616492605.371] getting top most...,BrowserSearchView
04-01 17:52:25.688   804   804 I Gecko   : console.log: "Keyboard app hash changed!"
04-01 17:52:25.688   607   607 I GeckoDump: [system] [HierarchyManager][1616492605.374] getting top most...,BrowserSearchView
04-01 17:52:25.690   804   804 I Web Content: Content JS LOG: 
04-01 17:52:25.692   804   804 I Gecko   : console.log: "Keyboard isFocus : true"
04-01 17:52:25.693   804   804 I Web Content: Content JS LOG: 
04-01 17:52:25.695   607   607 I GeckoDump: [system] [HierarchyManager][1616492605.381] getting top most...,BrowserSearchView
04-01 17:52:25.696   607   607 I GeckoDump: [system] [HierarchyManager][1616492605.382] publishing: hierarchychanged
04-01 17:52:25.707   607   607 I GeckoDump: [system] [HierarchyManager][1616492605.393] getting top most...,BrowserSearchView
04-01 17:52:25.784   804   804 E Web Content: [JavaScript Error: "NS_ERROR_FAILURE"]
04-01 17:52:25.794   607   607 E GeckoConsole: [JavaScript Error: "uncaught exception: undefined"]
04-01 17:52:25.799   608  3430 I common  : Checking event service #1 object #0 event #0 : false
04-01 17:52:25.799   608  3430 I chatty  : uid=0(root) /data/local/service/api-daemon/api-daemon identical 1 line
04-01 17:52:25.799   608  3430 I common  : Checking event service #1 object #0 event #0 : false
04-01 17:52:25.799   608  3430 I common  : Checking event service #2 object #0 event #0 : false
04-01 17:52:25.799   608  3430 I common  : Checking event service #1 object #0 event #0 : false
04-01 17:52:25.799   608  3430 I chatty  : uid=0(root) /data/local/service/api-daemon/api-daemon identical 2 lines
04-01 17:52:25.799   608  3430 I common  : Checking event service #1 object #0 event #0 : false
04-01 17:52:25.804   608  1057 W api_daemon::session: Processing 'ProcManagerService request: ProcessServiceCommit' took too long: 16ms
04-01 17:52:25.827   607   607 I Gecko   : console.log: "sendKeyEvent" "keyup" "Enter"
04-01 17:52:25.828   607   607 I GeckoConsole: Content JS LOG: 
04-01 17:52:25.828   607   607 I IME     : SendKey => keyType: [keyup], DOMKeyName: [Enter]
04-01 17:52:25.830   804   804 I Gecko   : [Event] event type: keyup, key: Enter, target: [object HTMLDocument]
04-01 17:52:26.362   607   607 I FocusManager: << focus() called >>
04-01 17:52:26.362   607   607 I FocusManager:    trying to set focus on, tag: INPUT, id: , class: p-pri
04-01 17:52:26.362   607   607 I FocusManager: Warning: element is already focused.
04-01 17:52:26.362   607   607 I FocusManager: << focus() called >>
04-01 17:52:26.362   607   607 I FocusManager:    trying to set focus on, tag: INPUT, id: , class: p-pri
04-01 17:52:26.362   607   607 I FocusManager: Warning: element is already focused.
04-01 17:52:26.364   607   607 I IME     : SendKey => keyType: [keydown], DOMKeyName: [ ]
04-01 17:52:26.364   607   607 I IME     : SendKey => keyType: [keypress], DOMKeyName: [ ]
04-01 17:52:26.364   607   607 I IME     : SendKey => keyType: [keyup], DOMKeyName: [ ]
04-01 17:52:26.366   804   804 I Gecko   : WebViewChild: 
04-01 17:52:26.366   804   804 I Gecko   : Got metaChanged: (og:kaios:kb-action) {"action":"keypadBacklightOn","timestamp":1617270746366} 
04-01 17:52:26.366   804   804 I Gecko   : 
04-01 17:52:26.370   804   804 I Gecko   : [Event] event type: keydown, key:  , target: [object HTMLDocument]
04-01 17:52:26.371   607   607 I GeckoDump: [system] [KeypadBacklightManager]set keyLightEnabled = true, keyLightBrightness = 50
04-01 17:52:26.372   804   804 I Gecko   : [Event] event type: keyup, key:  , target: [object HTMLDocument]
04-01 17:52:26.403   607   607 I GeckoDump: [system] [HierarchyManager][1616492606.088] BrowserSearchView-deactivated
04-01 17:52:26.403   607   607 I GeckoDump: [system] [HierarchyManager][1616492606.089] handling BrowserSearchView-deactivated
04-01 17:52:26.404   607   607 I GeckoDump: [system] [HierarchyManager][1616492606.090] AppWindowManager is becoming active now.
04-01 17:52:26.404   607   607 I GeckoDump: [system] [HierarchyManager][1616492606.090] last top most is BrowserSearchView
04-01 17:52:26.404   607   607 I GeckoDump: [system] [HierarchyManager][1616492606.090] next top most is AppWindowManager
04-01 17:52:26.405   607   607 I GeckoDump: [system] [AppWindowManager][1616492606.091]focusing Internet
04-01 17:52:26.405   607   607 I GeckoDump: [system] [AppWindow][Internet][AppWindow_18][1616492606.091] focusing
04-01 17:52:26.405   607   607 I GeckoDump: [system] [AppWindow][Internet][AppWindow_18][1616492606.091] set visibility -> ,true
04-01 17:52:26.406   607   607 I GeckoDump: [system] [AppWindow][Internet][AppWindow_18][1616492606.092] setVisibleForScreenReader:,true
04-01 17:52:26.407   607   607 I GeckoDump: [system] [AppWindow][Internet][AppWindow_18][1616492606.092] toggleVirtualCursor(): enabled = undefined
04-01 17:52:26.407   607   607 I GeckoDump: [system] [AppWindow][Internet][AppWindow_18][1616492606.093] toggleVirtualCursor(): disableVirtualCursor
04-01 17:52:26.407   607   607 I GeckoDump: [system] [AppWindow][Internet][AppWindow_18][1616492606.093] setActive on browser element:true
04-01 17:52:26.408   607   607 I GeckoDump: [system] [AppWindow][Internet][AppWindow_18][1616492606.094] before showing frame
04-01 17:52:26.409   607   607 I FocusManager: << focus() called >>
04-01 17:52:26.409   607   607 I FocusManager:    trying to set focus on, tag: browser, id: , class: 
04-01 17:52:26.410   607   607 I FocusManager:    current focused element, tag: INPUT, id: , class: p-pri
04-01 17:52:26.410   607   607 I FocusManager: <- blur on, tag: INPUT, id: , class: p-pri
04-01 17:52:26.411   607   607 I Gecko   : console.log: "Embedding: imeHandler:inputmethod-contextchange"
04-01 17:52:26.411   607   607 I GeckoConsole: Content JS LOG: 
04-01 17:52:26.411   607   607 I Gecko   : console.log: "Embedding: imeHandler: isFocus: false"
04-01 17:52:26.412   607   607 I GeckoConsole: Content JS LOG: 
04-01 17:52:26.413   607   607 I GeckoDump: [system] [HierarchyManager][1616492606.099] inputmethod-contextchange
04-01 17:52:26.414   607   607 I GeckoDump: [system] [HierarchyManager][1616492606.100] handover inputmethod-contextchange to AppWindowManager
04-01 17:52:26.415   804   804 I Gecko   : console.log: "Keyboard app hash changed!"
04-01 17:52:26.415   607   607 I GeckoDump: [system] [AppWindow][Internet][AppWindow_18][1616492606.101] publishing internal event: inputmethod-contextchange
04-01 17:52:26.415   607   607 I GeckoDump: [system] [AppWindow][Internet][AppWindow_18][1616492606.101] handling _inputmethod-contextchange
04-01 17:52:26.415   804   804 I Web Content: Content JS LOG: 
04-01 17:52:26.416   607   607 I GeckoDump: [system] [AppWindow][Internet][AppWindow_18][1616492606.101] _setVisibleForScreenReader(): visible = true
04-01 17:52:26.416   804   804 I Gecko   : console.log: "Keyboard isFocus : false"
04-01 17:52:26.416   607   607 I GeckoDump: [system] [AppWindow][Internet][AppWindow_18][1616492606.102] aria-hidden on browser element:false
04-01 17:52:26.416   607   607 I GeckoDump: [system] [AppWindow][Internet][AppWindow_18][1616492606.102] toggleVirtualCursor(): enabled = undefined
04-01 17:52:26.416   607   607 I GeckoDump: [system] [AppWindow][Internet][AppWindow_18][1616492606.102] toggleVirtualCursor(): disableVirtualCursor
04-01 17:52:26.416   804   804 I Web Content: Content JS LOG: 
04-01 17:52:26.417   607   607 I GeckoDump: [system] [AppWindowManager][1616492606.103]focusing Internet
04-01 17:52:26.417   607   607 I GeckoDump: [system] [AppWindow][Internet][AppWindow_18][1616492606.103] focusing
04-01 17:52:26.418   607   607 I GeckoDump: [system] [AppWindow][Internet][AppWindow_18][1616492606.104] set visibility -> ,true
04-01 17:52:26.418   607   607 I GeckoDump: [system] [AppWindow][Internet][AppWindow_18][1616492606.104] setVisibleForScreenReader:,true
04-01 17:52:26.418   607   607 I GeckoDump: [system] [AppWindow][Internet][AppWindow_18][1616492606.104] toggleVirtualCursor(): enabled = undefined
04-01 17:52:26.418   607   607 I GeckoDump: [system] [AppWindow][Internet][AppWindow_18][1616492606.104] toggleVirtualCursor(): disableVirtualCursor
04-01 17:52:26.419   607   607 I GeckoDump: [system] [AppWindow][Internet][AppWindow_18][1616492606.105] setActive on browser element:true
04-01 17:52:26.420   607   607 I GeckoDump: [system] [AppWindow][Internet][AppWindow_18][1616492606.106] before showing frame
04-01 17:52:26.420   607   607 I FocusManager: << focus() called >>
04-01 17:52:26.420   607   607 I FocusManager:    trying to set focus on, tag: browser, id: , class: 
04-01 17:52:26.420   607   607 I FocusManager:    current focused element, NULL, tag: , id: , class: 
04-01 17:52:26.420   607   607 I FocusManager: <- blur on, NULL, tag: , id: , class: 
04-01 17:52:26.420   607   607 I FocusManager: -> focus is now on, tag: browser, id: , class: 
04-01 17:52:26.423  3316  3316 I FocusManager: * WindowRaised *
04-01 17:52:26.423  3316  3316 I FocusManager: -> focus is now on, tag: DIV, id: , class: basic fixed focusable
04-01 17:52:26.425   607   607 I GeckoDump: [system] [HierarchyManager][1616492606.111] getting top most...,AppWindowManager
04-01 17:52:26.426   607   607 I GeckoDump: [system] [AppWindow][Internet][AppWindow_18][1616492606.112] _setVisibleForScreenReader(): visible = true
04-01 17:52:26.426   607   607 I GeckoDump: [system] [AppWindow][Internet][AppWindow_18][1616492606.112] aria-hidden on browser element:false
04-01 17:52:26.426   607   607 I GeckoDump: [system] [AppWindow][Internet][AppWindow_18][1616492606.112] toggleVirtualCursor(): enabled = undefined
04-01 17:52:26.427   607   607 I GeckoDump: [system] [AppWindow][Internet][AppWindow_18][1616492606.113] toggleVirtualCursor(): disableVirtualCursor
04-01 17:52:26.427   607   607 I GeckoDump: [system] [AppWindow][Internet][AppWindow_18][1616492606.113] publishing internal event: value-selector-hidden
04-01 17:52:26.428   607   607 I GeckoDump: [system] [AppWindow][Internet][AppWindow_18][1616492606.114] publishing external event: appvalue-selector-hidden
04-01 17:52:26.430   607   607 I FocusManager: Warning: fail on blurring current focused window.
04-01 17:52:26.430   607   607 I FocusManager:  current active window, url: chrome://b2g/content/shell.html
04-01 17:52:26.430   607   607 I FocusManager:  current focused window, url: chrome://system/content/index.html
04-01 17:52:26.431   607   607 I GeckoDump: [system] [AppWindow][Internet][AppWindow_18][1616492606.116] _setVisibleForScreenReader(): visible = true
04-01 17:52:26.431   607   607 I GeckoDump: [system] [AppWindow][Internet][AppWindow_18][1616492606.117] aria-hidden on browser element:false
04-01 17:52:26.431   607   607 I GeckoDump: [system] [AppWindow][Internet][AppWindow_18][1616492606.117] toggleVirtualCursor(): enabled = undefined
04-01 17:52:26.431   607   607 I GeckoDump: [system] [AppWindow][Internet][AppWindow_18][1616492606.117] toggleVirtualCursor(): disableVirtualCursor
04-01 17:52:26.431   607   607 I GeckoDump: [system] [HierarchyManager][1616492606.117] publishing: hierarchychanged
04-01 17:52:26.444  3316  3316 I FocusManager: <- blur on, NULL, tag: , id: , class: 
04-01 17:52:26.448   607   607 I Gecko   : console.log: "Embedding: provideProcess [{\"isAlive\":true,\"processId\":804,\"tabCount\":1,\"messageManager\":{}},{\"isAlive\":true,\"processId\":2591,\"tabCount\":1,\"messageManager\":{}},{\"isAlive\":true,\"processId\":2855,\"tabCount\":1,\"messageManager\":{}},{\"isAlive\":true,\"processId\":3398,\"tabCount\":0,\"messageManager\":{}}] (max=100000)"
04-01 17:52:26.449   607   607 I GeckoConsole: Content JS LOG: 
04-01 17:52:26.449   607   607 I Gecko   : console.log: "Embedding: Re-using process #3"
04-01 17:52:26.450   607   607 I GeckoConsole: Content JS LOG: 
04-01 17:52:26.460   607   607 I GeckoDump: [system] [AudioChannelService][1616492606.146] handling audiochanneldestroyed
04-01 17:52:26.461   607   607 I GeckoDump: [system] [AudioChannelService][1616492606.146] publishing: audiochannelchanged
04-01 17:52:26.461   607   607 I GeckoDump: [system] [AudioChannelService][1616492606.147] handling audiochanneldestroyed
04-01 17:52:26.462   607   607 I GeckoDump: [system] [AudioChannelService][1616492606.148] publishing: audiochannelchanged
04-01 17:52:26.462   607   607 I GeckoDump: [system] [AudioChannelService][1616492606.148] handling audiochanneldestroyed
04-01 17:52:26.463   607   607 I GeckoDump: [system] [AudioChannelService][1616492606.149] publishing: audiochannelchanged
04-01 17:52:26.464   607   607 I GeckoDump: [system] [AudioChannelService][1616492606.150] handling audiochanneldestroyed
04-01 17:52:26.465   607   607 I GeckoDump: [system] [AudioChannelService][1616492606.151] publishing: audiochannelchanged
04-01 17:52:26.466   607   607 I GeckoDump: [system] [AudioChannelService][1616492606.152] handling audiochanneldestroyed
04-01 17:52:26.467   607   607 I GeckoDump: [system] [AudioChannelService][1616492606.152] publishing: audiochannelchanged
04-01 17:52:26.467   607   607 I GeckoDump: [system] [AudioChannelService][1616492606.153] handling audiochanneldestroyed
04-01 17:52:26.468   607   607 I GeckoDump: [system] [AudioChannelService][1616492606.154] publishing: audiochannelchanged
04-01 17:52:26.469   607   607 I GeckoDump: [system] [AudioChannelService][1616492606.155] handling audiochanneldestroyed
04-01 17:52:26.470   607   607 I GeckoDump: [system] [AudioChannelService][1616492606.156] publishing: audiochannelchanged
04-01 17:52:26.471   607   607 I GeckoDump: [system] [AudioChannelService][1616492606.157] handling audiochanneldestroyed
04-01 17:52:26.472   607   607 I GeckoDump: [system] [AudioChannelService][1616492606.158] publishing: audiochannelchanged
04-01 17:52:26.473   607   607 I GeckoDump: [system] [AppWindow][http://222.180.200.126:8888/Media files/video/SampleVideo_1280x720_1mb.flv][AppWindow_18][1616492606.159] Registered normal audio channel
04-01 17:52:26.473   607   607 I GeckoDump: [system] [AppWindow][http://222.180.200.126:8888/Media files/video/SampleVideo_1280x720_1mb.flv][AppWindow_18][1616492606.159] Registered content audio channel
04-01 17:52:26.474   607   607 I GeckoDump: [system] [AppWindow][http://222.180.200.126:8888/Media files/video/SampleVideo_1280x720_1mb.flv][AppWindow_18][1616492606.160] Registered notification audio channel
04-01 17:52:26.475   607   607 I GeckoDump: [system] [AppWindow][http://222.180.200.126:8888/Media files/video/SampleVideo_1280x720_1mb.flv][AppWindow_18][1616492606.161] Registered alarm audio channel
04-01 17:52:26.475   607   607 I GeckoDump: [system] [AppWindow][http://222.180.200.126:8888/Media files/video/SampleVideo_1280x720_1mb.flv][AppWindow_18][1616492606.161] Registered telephony audio channel
04-01 17:52:26.475   607   607 I GeckoDump: [system] [AppWindow][http://222.180.200.126:8888/Media files/video/SampleVideo_1280x720_1mb.flv][AppWindow_18][1616492606.161] Registered ringer audio channel
04-01 17:52:26.476   607   607 I GeckoDump: [system] [AppWindow][http://222.180.200.126:8888/Media files/video/SampleVideo_1280x720_1mb.flv][AppWindow_18][1616492606.162] Registered publicnotification audio channel
04-01 17:52:26.476   607   607 I GeckoDump: [system] [AppWindow][http://222.180.200.126:8888/Media files/video/SampleVideo_1280x720_1mb.flv][AppWindow_18][1616492606.162] Registered system audio channel
04-01 17:52:26.482   607   607 I GeckoDump: [system] [AppWindow][http://222.180.200.126:8888/Media files/video/SampleVideo_1280x720_1mb.flv][AppWindow_18][1616492606.167]  Handling mozbrowservisibilitychange event...
04-01 17:52:26.482   607   607 I GeckoDump: [system] [AppWindow][http://222.180.200.126:8888/Media files/video/SampleVideo_1280x720_1mb.flv][AppWindow_18][1616492606.168] publishing internal event: foreground
04-01 17:52:26.482   607   607 I GeckoDump: [system] [AppWindow][http://222.180.200.126:8888/Media files/video/SampleVideo_1280x720_1mb.flv][AppWindow_18][1616492606.168] publishing external event: appforeground
04-01 17:52:26.483   607   607 I GeckoDump: [system] [AppWindow][http://222.180.200.126:8888/Media files/video/SampleVideo_1280x720_1mb.flv][AppWindow_18][1616492606.169] handling mozbrowservisibilitychange
04-01 17:52:26.483   607   607 I FocusManager: << focus() called >>
04-01 17:52:26.484   607   607 I FocusManager:    trying to set focus on, tag: browser, id: , class: 
04-01 17:52:26.490   607   607 I FocusManager:    current focused element, NULL, tag: , id: , class: 
04-01 17:52:26.490   607   607 I FocusManager: <- blur on, NULL, tag: , id: , class: 
04-01 17:52:26.490   607   607 I FocusManager: -> focus is now on, tag: browser, id: , class: 
04-01 17:52:26.498   607   607 I GeckoDump: [system] [HierarchyManager][1616492606.183] getting top most...,AppWindowManager
04-01 17:52:26.516   513   872 E WifiHAL : Invalid data received from driver
04-01 17:52:26.557   607   607 E GeckoConsole: [JavaScript Error: "NS_ERROR_FILE_NOT_FOUND: " {file: "resource://gre/modules/SessionStoreFunctions.jsm" line: 444}]
04-01 17:52:26.557   607   607 E GeckoConsole: SSF_updateSessionStore@resource://gre/modules/SessionStoreFunctions.jsm:444:5
04-01 17:52:26.557   607   607 E GeckoConsole: UpdateSessionStore@resource://gre/modules/SessionStoreFunctions.jsm:20:35
04-01 17:52:26.559   608  1059 I settings_service::ser..: Dropping Settings Service #1
04-01 17:52:26.559   607   607 I GeckoDump: [system] [AppWindow][http://222.180.200.126:8888/Media files/video/SampleVideo_1280x720_1mb.flv][AppWindow_18][1616492606.245]  Handling mozbrowserprocessready event...
04-01 17:52:26.560   607   607 I GeckoDump: [system] [AppWindow][http://222.180.200.126:8888/Media files/video/SampleVideo_1280x720_1mb.flv][AppWindow_18][1616492606.245] publishing internal event: processready
04-01 17:52:26.560   607   607 I GeckoDump: [system] [AppWindow][http://222.180.200.126:8888/Media files/video/SampleVideo_1280x720_1mb.flv][AppWindow_18][1616492606.246] publishing external event: appprocessready
04-01 17:52:26.569   607   607 I GeckoDump: [system] [AppWindowManager][1616492606.255]handling keyboard-deactivated
04-01 17:52:26.570   607   607 I GeckoDump: [system] [AppWindow][http://222.180.200.126:8888/Media files/video/SampleVideo_1280x720_1mb.flv][AppWindow_18][1616492606.255] toggleVirtualCursor(): enabled = undefined
04-01 17:52:26.571   607   607 I GeckoDump: [system] [HierarchyManager][1616492606.256] getting top most...,AppWindowManager
04-01 17:52:26.571   607   607 I GeckoDump: [system] [AppWindow][http://222.180.200.126:8888/Media files/video/SampleVideo_1280x720_1mb.flv][AppWindow_18][1616492606.257] toggleVirtualCursor(): enableVirtualCursor
04-01 17:52:26.571   607   607 I Gecko   : console.log: "webViewSetCursorEnable true"
04-01 17:52:26.572   607   607 I GeckoConsole: Content JS LOG: 
04-01 17:52:26.578   607   607 I IME     : IME: Deactivate
04-01 17:52:26.586   607   607 E GeckoConsole: [JavaScript Error: "uncaught exception: undefined"]
04-01 17:52:26.606   608  1057 W api_daemon::session: Processing 'ProcManagerService request: ProcessServiceCommit' took too long: 14ms
04-01 17:52:26.628  3398  3398 I FocusManager: * WindowRaised *
04-01 17:52:26.628  3398  3398 I FocusManager: -> focus is now on, NULL, tag: , id: , class: 
04-01 17:52:26.643   607   607 I GeckoDump: [system] [AppWindow][http://222.180.200.126:8888/Media files/video/SampleVideo_1280x720_1mb.flv][AppWindow_18][1616492606.329]  Handling mozbrowserloadend event...
04-01 17:52:26.644   607   607 I GeckoDump: [system] [AppWindow][http://222.180.200.126:8888/Media files/video/SampleVideo_1280x720_1mb.flv][AppWindow_18][1616492606.330] publishing internal event: loaded
04-01 17:52:26.644   607   607 I GeckoDump: [system] [AppWindow][http://222.180.200.126:8888/Media files/video/SampleVideo_1280x720_1mb.flv][AppWindow_18][1616492606.330] toggleVirtualCursorPanning(): enabled = false
04-01 17:52:26.644   607   607 I GeckoDump: [system] [AppWindow][http://222.180.200.126:8888/Media files/video/SampleVideo_1280x720_1mb.flv][AppWindow_18][1616492606.330] toggleVirtualCursorPanning(): set scroll navigation false immediately
04-01 17:52:26.644   608  3330 I api_daemon::uds_server: Failed to read frame: IO Error: failed to fill whole buffer, closing uds session.
04-01 17:52:26.645   608  3389 I api_daemon::uds_server: Failed to read frame: IO Error: failed to fill whole buffer, closing uds session.
04-01 17:52:26.645   607   607 I GeckoDump: [system] [AppWindow][http://222.180.200.126:8888/Media files/video/SampleVideo_1280x720_1mb.flv][AppWindow_18][1616492606.330] stopVirtualCursorPanning
04-01 17:52:26.645   608  3389 I geckobridge::service: Dropping GeckoBridge Service #1
04-01 17:52:26.645   608  3332 I api_daemon::uds_server: Closing uds connection.
04-01 17:52:26.645   607   607 I GeckoDump: [system] [AppWindow][http://222.180.200.126:8888/Media files/video/SampleVideo_1280x720_1mb.flv][AppWindow_18][1616492606.331] publishing external event: apploaded
04-01 17:52:26.645   608  3390 I api_daemon::uds_server: Closing uds connection.
04-01 17:52:26.646   607   607 I GeckoDump: [system] [AppWindow][http://222.180.200.126:8888/Media files/video/SampleVideo_1280x720_1mb.flv][AppWindow_18][1616492606.332] bgcolor= ,transparent
04-01 17:52:26.649   607   607 I GeckoDump: [system] [AppWindow][http://222.180.200.126:8888/Media files/video/SampleVideo_1280x720_1mb.flv][AppWindow_18][1616492606.335]  Handling mozbrowserloadstart event...
04-01 17:52:26.651   607   607 I GeckoDump: [system] [AppWindow][http://222.180.200.126:8888/Media files/video/SampleVideo_1280x720_1mb.flv][AppWindow_18][1616492606.336] publishing internal event: loading
04-01 17:52:26.653   607   607 I GeckoDump: [system] [AppWindow][http://222.180.200.126:8888/Media files/video/SampleVideo_1280x720_1mb.flv][AppWindow_18][1616492606.338] publishing external event: apploading
04-01 17:52:26.661   607   607 I GeckoDump: [system] [AppWindow][http://222.180.200.126:8888/Media files/video/SampleVideo_1280x720_1mb.flv][AppWindow_18][1616492606.347]  Handling mozbrowserloadend event...
04-01 17:52:26.662   607   607 I GeckoDump: [system] [AppWindow][http://222.180.200.126:8888/Media files/video/SampleVideo_1280x720_1mb.flv][AppWindow_18][1616492606.348] publishing internal event: loaded
04-01 17:52:26.663   607   607 I GeckoDump: [system] [AppWindow][http://222.180.200.126:8888/Media files/video/SampleVideo_1280x720_1mb.flv][AppWindow_18][1616492606.349] toggleVirtualCursorPanning(): enabled = false
04-01 17:52:26.663   607   607 I GeckoDump: [system] [AppWindow][http://222.180.200.126:8888/Media files/video/SampleVideo_1280x720_1mb.flv][AppWindow_18][1616492606.349] toggleVirtualCursorPanning(): set scroll navigation false immediately
04-01 17:52:26.663   607   607 I GeckoDump: [system] [AppWindow][http://222.180.200.126:8888/Media files/video/SampleVideo_1280x720_1mb.flv][AppWindow_18][1616492606.349] stopVirtualCursorPanning
04-01 17:52:26.663   607   607 I GeckoDump: [system] [AppWindow][http://222.180.200.126:8888/Media files/video/SampleVideo_1280x720_1mb.flv][AppWindow_18][1616492606.349] publishing external event: apploaded
04-01 17:52:26.664   607   607 I GeckoDump: [system] [AppWindow][http://222.180.200.126:8888/Media files/video/SampleVideo_1280x720_1mb.flv][AppWindow_18][1616492606.350] bgcolor= ,rgba(0, 0, 0, 0)
04-01 17:52:26.667   607   607 I GeckoDump: [system] [AppWindow][http://222.180.200.126:8888/Media files/video/SampleVideo_1280x720_1mb.flv][AppWindow_18][1616492606.352]  Handling mozbrowserloadstart event...
04-01 17:52:26.667   607   607 I GeckoDump: [system] [AppWindow][http://222.180.200.126:8888/Media files/video/SampleVideo_1280x720_1mb.flv][AppWindow_18][1616492606.353] publishing internal event: loading
04-01 17:52:26.668   607   607 I GeckoDump: [system] [AppWindow][http://222.180.200.126:8888/Media files/video/SampleVideo_1280x720_1mb.flv][AppWindow_18][1616492606.353] publishing external event: apploading
04-01 17:52:26.712   608  1057 W api_daemon::session: Processing 'ProcManagerService request: ProcessServiceCommit' took too long: 12ms
04-01 17:52:26.749   607   607 I GeckoDump: [system] [AppWindow][http://222.180.200.126:8888/Media files/video/SampleVideo_1280x720_1mb.flv][AppWindow_18][1616492606.435] publishing internal event: chromeexpanded
04-01 17:52:26.750   607   607 I GeckoDump: [system] [AppWindow][http://222.180.200.126:8888/Media files/video/SampleVideo_1280x720_1mb.flv][AppWindow_18][1616492606.436] publishing external event: appchromeexpanded
04-01 17:52:26.751   607   607 I GeckoDump: [system] [HierarchyManager][1616492606.436] getting top most...,AppWindowManager
04-01 17:52:27.154   607   607 I GeckoDump: [system] [AppWindow][http://222.180.200.126:8888/Media files/video/SampleVideo_1280x720_1mb.flv][AppWindow_18][1616492606.840]  Handling mozbrowserloadend event...
04-01 17:52:27.154   607   607 I GeckoDump: [system] [AppWindow][http://222.180.200.126:8888/Media files/video/SampleVideo_1280x720_1mb.flv][AppWindow_18][1616492606.840] publishing internal event: loaded
04-01 17:52:27.155   607   607 I GeckoDump: [system] [AppWindow][http://222.180.200.126:8888/Media files/video/SampleVideo_1280x720_1mb.flv][AppWindow_18][1616492606.841] toggleVirtualCursorPanning(): enabled = false
04-01 17:52:27.155   607   607 I GeckoDump: [system] [AppWindow][http://222.180.200.126:8888/Media files/video/SampleVideo_1280x720_1mb.flv][AppWindow_18][1616492606.841] toggleVirtualCursorPanning(): set scroll navigation false immediately
