04-01 17:42:26.060   608  1059 I actix_web::middleware..: "GET /ws HTTP/1.1" 127.0.0.1 101 15 31000.961057
04-01 17:42:26.287   608  1060 I actix_web::middleware..: "GET /ws HTTP/1.1" 127.0.0.1 101 15 31007.241943
04-01 17:42:26.329   608  1057 I actix_web::middleware..: "GET /ws HTTP/1.1" 127.0.0.1 101 25 31010.524027
04-01 17:42:26.662   608  1058 I actix_web::middleware..: "GET /ws HTTP/1.1" 127.0.0.1 101 25 31000.192671
04-01 17:42:27.301   608  1053 E telemetry: error recv from sock Sys(EAGAIN)
04-01 17:42:30.695  2431  2433 I adbd    : USB event: FUNCTIONFS_SUSPEND
04-01 17:42:30.695  2431  2433 I adbd    : USB event: FUNCTIONFS_DISABLE
04-01 17:42:30.696  2431  2434 I adbd    : UsbFfs: connection terminated: read 153 failed with error Cannot send after transport endpoint shutdown
04-01 17:42:30.696  2431  2431 I adbd    : UsbFfs: offline
04-01 17:42:30.696  2431  2431 I adbd    : destroying transport UsbFfs
04-01 17:42:30.696  2431  2431 I adbd    : UsbFfsConnection being destroyed
04-01 17:42:30.700   607  1353 E AutoMounter: Failed to get property, ro.b2g.usb.state_node, use default value.
04-01 17:42:30.700   607  1353 E AutoMounter: Failed to get property, ro.b2g.usb.functions_node, use default value.
04-01 17:42:30.700   607  1353 E AutoMounter: Failed to get property, ro.b2g.usb.state_node, use default value.
04-01 17:42:30.701   607  1353 E AutoMounter: Failed to get property, ro.b2g.ums.directory_node, use default value.
04-01 17:42:30.701   607  1353 E AutoMounter: Failed to get property, ro.b2g.mtp.directory_node, use default value.
04-01 17:42:30.701   607  1353 E AutoMounter: Failed to get property, ro.b2g.mtp.mode, use default value.
04-01 17:42:30.701   607  1353 I AutoMounter: UpdateState: ums:A0C0E0 mtp:A1C0E0 mode:0 usb:0 tryToShare:0 state:IDLE
04-01 17:42:30.701   607  1353 I AutoMounter: UpdateState: Volume sdcard is Mounted and inserted @ /mnt/vendor/usbmsc gen 1 locked 0 sharing x
04-01 17:42:30.701   607  1353 I AutoMounter: UpdateState: Volume sdcard1 is Mounted and inserted @ /mnt/media_rw/3336-3134 gen 2 locked 0 sharing dis
04-01 17:42:30.710   505   579 I LocSvc_BatteryListener: operator():153] healthInfo cb thread: cb NOT CHARGING
04-01 17:42:30.713   505   547 I LocSvc_SystemStatusOsObserver: DataItem: IS_POWER_CONNECTED: false >> Wiper
04-01 17:42:30.714   505   571 I LocSvc_api_v02: ---> locClientSendReq line 2345 QMI_LOC_SET_EXTERNAL_POWER_CONFIG_REQ_V02
04-01 17:42:30.714   642  1034 I ServiceManager: Waiting for service 'package_native' on '/dev/binder'...
04-01 17:42:30.718   505   939 I LocSvc_ApiV02: <--- globalRespCb line 192 QMI_LOC_SET_EXTERNAL_POWER_CONFIG_REQ_V02
04-01 17:42:30.769   607   607 E GeckoConsole: [JavaScript Error: "uncaught exception: undefined"]
04-01 17:42:30.822  2431  2432 I adbd    : opening control endpoint /dev/usb-ffs/adb/ep0
04-01 17:42:30.824  2431  2432 I adbd    : UsbFfsConnection constructed
04-01 17:42:30.829  2431  2450 I adbd    : USB event: FUNCTIONFS_BIND
04-01 17:42:31.705   608  2451 I common  : Checking event service #1 object #0 event #0 : false
04-01 17:42:31.705   608  2451 I chatty  : uid=0(root) /data/local/service/api-daemon/api-daemon identical 1 line
04-01 17:42:31.705   608  2451 I common  : Checking event service #1 object #0 event #0 : false
04-01 17:42:31.705   608  2451 I common  : Checking event service #2 object #0 event #0 : false
04-01 17:42:31.705   608  2451 I common  : Checking event service #1 object #0 event #0 : false
04-01 17:42:31.705   608  2451 I common  : Checking event service #1 object #0 event #0 : false
04-01 17:42:31.714   642  1034 I ServiceManager: Waiting for service 'package_native' on '/dev/binder'...
04-01 17:42:33.719   642  1034 I chatty  : uid=0(root) HwBinder:642_1 identical 2 lines
04-01 17:42:34.721   642  1034 I ServiceManager: Waiting for service 'package_native' on '/dev/binder'...
04-01 17:42:35.722   642  1034 W ServiceManager: Service package_native didn't start. Returning NULL
04-01 17:42:48.702   505   579 I LocSvc_BatteryListener: operator():153] healthInfo cb thread: cb CHARGING
04-01 17:42:48.702   505   547 I LocSvc_SystemStatusOsObserver: DataItem: IS_POWER_CONNECTED: true >> Wiper
04-01 17:42:48.702   505   571 I LocSvc_api_v02: ---> locClientSendReq line 2345 QMI_LOC_SET_EXTERNAL_POWER_CONFIG_REQ_V02
04-01 17:42:48.705   505   939 I LocSvc_ApiV02: <--- globalRespCb line 192 QMI_LOC_SET_EXTERNAL_POWER_CONFIG_REQ_V02
04-01 17:42:48.705   642  1034 I ServiceManager: Waiting for service 'package_native' on '/dev/binder'...
04-01 17:42:48.784   607   607 E GeckoConsole: [JavaScript Error: "uncaught exception: undefined"]
04-01 17:42:48.837   607  2069 D         : PlayerBase::PlayerBase()
04-01 17:42:48.838   607  2069 E         : PlayerBase(): binding to audio service failed, service up?
04-01 17:42:48.838   607  2069 D         : TrackPlayerBase::TrackPlayerBase()
04-01 17:42:48.838   607  2069 I libOpenSLES: Emulating old channel mask behavior (ignoring positional mask 0x3, using default mask 0x3 based on channel count of 2)
04-01 17:42:48.839   520   520 W ServiceUtilities: retreivePackageManager: failed to retrieve native package manager
04-01 17:42:48.840   520   520 W ServiceUtilities: doIsAllowed: Playback capture is denied as package manager is not reachable
04-01 17:42:48.841   500   500 D audio_hw_primary: adev_get_parameters:vr_audio_mode_on
04-01 17:42:48.841   500   500 I audio_hw_primary: getting vr mode to 0
04-01 17:42:48.841   500   500 D audio_hw_primary: adev_get_parameters: exit: returns - vr_audio_mode_on=false
04-01 17:42:48.845   520   520 I AudioPolicyManagerCustom: VR mode is 0, switch to primary output if request is for fast|raw
04-01 17:42:48.846   520   520 I AudioPolicyManagerCustom: FLAG None hence request for a primary output
04-01 17:42:48.846   520   520 W AudioFlinger: createTrack_l(): mismatch between requested flags (00000008) and output flags (00000006)
04-01 17:42:48.847   520   520 D AudioFlinger: Client defaulted notificationFrames to 886 for frameCount 1772
04-01 17:42:48.848   520   520 D AF::TrackHandle: OpPlayAudio: track:59 usage:5 not muted
04-01 17:42:48.849   607  2069 E         : AudioPlayer realize: no audio service, player will not be registered
04-01 17:42:48.849   607  2069 E libOpenSLES: Configuration error: unknown key
04-01 17:42:48.850   607  2069 W libOpenSLES: Leaving AndroidConfiguration::GetConfiguration (SL_RESULT_PARAMETER_INVALID)
04-01 17:42:48.851   520   889 W AudioFlinger: no wake lock to update, system not ready yet
04-01 17:42:48.852   520   889 W BatteryNotifier: batterystats service unavailable!
04-01 17:42:48.855   500  2158 D audio_hw_primary: start_output_stream: enter: stream(0xa8138000)usecase(1: low-latency-playback) devices(0x4)
04-01 17:42:48.858   500  2158 E ANDR-PERF: IPerf:: Perf HAL Service is not available.
04-01 17:42:48.858   500  2158 E audio_hw_extn: audio_extn_perf_lock_acquire: Failed to acquire perf lock, err: -1
04-01 17:42:48.858   500  2158 D audio_hw_primary: select_devices for use case (low-latency-playback)
04-01 17:42:48.858   500  2158 D audio_hw_extn: audio_extn_get_anc_enabled: anc_enabled:0
04-01 17:42:48.858   500  2158 D audio_hw_primary: select_devices: out_snd_device(9: headphones) in_snd_device(0: )
04-01 17:42:48.858   500  2158 I msm8916_platform: platform_check_and_set_codec_backend_cfg:becf: afe: bitwidth 16, samplerate 48000 channels 2, backend_idx 0 usecase = 1 device (headphones)
04-01 17:42:48.858   500  2158 D msm8916_platform: platform_split_snd_device: snd_device(9) num devices(1) new_snd_devices(0)
04-01 17:42:48.858   500  2158 I msm8916_platform: platform_check_and_set_codec_backend_cfg: becf: new_snd_devices[0] is headphones
04-01 17:42:48.858   500  2158 I msm8916_platform: platform_check_codec_backend_cfg:becf: afe: Codec selected backend: 0 current bit width: 16 sample rate: 48000 channels: 2 usecase 1 device (headphones)
04-01 17:42:48.858   500  2158 D msm8916_platform: platform_check_codec_backend_cfg:becf: afe: napb not active - set non fractional rate
04-01 17:42:48.858   500  2158 D msm8916_platform: platform_check_codec_backend_cfg:becf: afe: only 48KHZ sample rate is supported Configure afe to default Sample Rate(48k)
04-01 17:42:48.858   500  2158 I msm8916_platform: platform_check_codec_backend_cfg:becf: afe: Codec selected backend: 0 updated bit width: 16 sample rate: 48000 channels: 2
04-01 17:42:48.858   500  2158 E audio_route: unable to find path 'hph-lowpower-mode'
04-01 17:42:48.858   500  2158 D audio_hw_primary: check_usecases_codec_backend:becf: force routing 0
04-01 17:42:48.858   500  2158 E msm8916_platform: platform_check_backends_match: Invalid snd_device = 
04-01 17:42:48.858   500  2158 D audio_hw_primary: check_usecases_codec_backend:becf: (63) check_usecases curr device: headphones, usecase device: backends match 0
04-01 17:42:48.858   500  2158 D audio_hw_primary: check_usecases_codec_backend:becf: check_usecases num.of Usecases to switch 0
04-01 17:42:48.858   500  2158 D hardware_info: hw_info_append_hw_type : device_name = headphones
04-01 17:42:48.858   500  2158 D msm8916_platform: platform_split_snd_device: snd_device(9) num devices(0) new_snd_devices(0)
04-01 17:42:48.858   500  2158 D audio_hw_primary: enable_snd_device: snd_device(9: headphones)
04-01 17:42:48.858   500  2158 I soundtrigger: audio_extn_sound_trigger_update_device_status: device 0x9 of type 0 for Event 1, with Raise=0
04-01 17:42:48.858   500  2158 D audio_route: Apply path: headphones
04-01 17:42:48.862   500  2158 D soundtrigger: audio_extn_sound_trigger_update_stream_status: uc_info->id 1 of type 0 for Event 3, with Raise=0
04-01 17:42:48.862   500  2158 D audio_hw_utils: audio_extn_utils_send_app_type_cfg: usecase->out_snd_device headphones
04-01 17:42:48.862   500  2158 D msm8916_platform: platform_split_snd_device: snd_device(9) num devices(0) new_snd_devices(0)
04-01 17:42:48.862   500  2158 D audio_hw_utils: audio_extn_btsco_get_sample_rate:Not a BT SCO device, need not update sampling rate
04-01 17:42:48.862   500  2158 I audio_hw_utils: send_app_type_cfg_for_device PLAYBACK app_type 69937, acdb_dev_id 10, sample_rate 48000, snd_device_be_idx 43
04-01 17:42:48.863   500  2158 D msm8916_platform: platform_split_snd_device: snd_device(9) num devices(1) new_snd_devices(0)
04-01 17:42:48.863   500  2158 D audio_hw_utils: audio_extn_btsco_get_sample_rate:Not a BT SCO device, need not update sampling rate
04-01 17:42:48.863   500  2158 D ACDB-LOADER: ACDB -> send_audio_cal, acdb_id = 10, path = 0, app id = 0x11131, sample rate = 48000, afe_sample_rate = 48000
04-01 17:42:48.863   500  2158 D ACDB-LOADER: ACDB -> send_asm_topology
04-01 17:42:48.863   500  2158 D ACDB-LOADER: ACDB -> ACDB_CMD_GET_AUDPROC_STREAM_TOPOLOGY_ID
04-01 17:42:48.863   500  2158 D ACDB-LOADER: ACDB -> send_adm_topology
04-01 17:42:48.863   500  2158 D ACDB-LOADER: ACDB -> ACDB_CMD_GET_AUDPROC_COMMON_TOPOLOGY_ID
04-01 17:42:48.863   500  2158 D ACDB-LOADER: ACDB -> send_audtable
04-01 17:42:48.863   500  2158 D ACDB-LOADER: ACDB -> ACDB_CMD_GET_AUDPROC_COMMON_TABLE_SIZE
04-01 17:42:48.863   500  2158 D ACDB-LOADER: ACDB -> ACDB_CMD_GET_AUDPROC_COMMON_TABLE
04-01 17:42:48.863   500  2158 D ACDB-LOADER: ACDB -> AUDIO_SET_AUDPROC_CAL cal_type[11] acdb_id[10] app_type[69937]
04-01 17:42:48.863   500  2158 D ACDB-LOADER: ACDB -> send_audvoltable
04-01 17:42:48.863   500  2158 D ACDB-LOADER: ACDB -> ACDB_CMD_GET_AUDPROC_GAIN_DEP_STEP_TABLE_SIZE
04-01 17:42:48.863   500  2158 D ACDB-LOADER: ACDB -> ACDB_CMD_GET_AUDPROC_GAIN_DEP_STEP_TABLE, vol index 0
04-01 17:42:48.863   500  2158 D ACDB-LOADER: ACDB -> AUDIO_SET_VOL_CAL cal type = 12
04-01 17:42:48.863   500  2158 D ACDB-LOADER: ACDB -> ACDB_CMD_GET_AUDPROC_STREAM_TABLE_SIZE
04-01 17:42:48.863   500  2158 D ACDB-LOADER: ACDB -> send_audstrmtable
04-01 17:42:48.863   500  2158 D ACDB-LOADER: ACDB -> ACDB_CMD_GET_AUDPROC_STREAM_TABLE_V2
04-01 17:42:48.863   500  2158 D ACDB-LOADER: ACDB -> audstrm_cal->cal_type.cal_data.cal_size = 16
04-01 17:42:48.863   500  2158 D ACDB-LOADER: ACDB -> send_afe_topology
04-01 17:42:48.863   500  2158 D ACDB-LOADER: ACDB -> ACDB_CMD_GET_AFE_TOPOLOGY_ID
04-01 17:42:48.863   500  2158 D ACDB-LOADER: ACDB -> GET_AFE_TOPOLOGY_ID for adcd_id 10, Topology Id 112fc
04-01 17:42:48.863   500  2158 D ACDB-LOADER: ACDB -> send_afe_cal
04-01 17:42:48.863   500  2158 D ACDB-LOADER: ACDB -> ACDB_CMD_GET_AFE_COMMON_TABLE_SIZE
04-01 17:42:48.863   500  2158 D         : Failed to fetch the lookup information of the device 0000000A 
04-01 17:42:48.863   500  2158 D ACDB-LOADER: Error: ACDB_CMD_GET_AFE_COMMON_TABLE_SIZE Returned = -19
04-01 17:42:48.863   500  2158 D ACDB-LOADER: ACDB -> ACDB_CMD_GET_AFE_COMMON_TABLE
04-01 17:42:48.863   500  2158 D         : Failed to fetch the lookup information of the device 0000000A 
04-01 17:42:48.863   500  2158 D ACDB-LOADER: Error: ACDB AFE returned = -19
04-01 17:42:48.863   500  2158 D ACDB-LOADER: ACDB -> AUDIO_SET_AFE_CAL cal_type[16] acdb_id[10]
04-01 17:42:48.863   500  2158 D ACDB-LOADER: ACDB -> send_hw_delay : acdb_id = 10 path = 0
04-01 17:42:48.863   500  2158 D ACDB-LOADER: ACDB -> ACDB_AVSYNC_INFO: ACDB_CMD_GET_DEVICE_PROPERTY
04-01 17:42:48.863   500  2158 D msm8916_platform: platform_split_snd_device: snd_device(9) num devices(0) new_snd_devices(0)
04-01 17:42:48.863   500  2158 I msm8916_platform: platform_get_custom_mtmx_params: no matching param with id 0 ip_ch 2 op_ch 1 uc_id 1 snd_dev 9
04-01 17:42:48.863   500  2158 D audio_hw_primary: enable_audio_route: apply mixer and update path: low-latency-playback
04-01 17:42:48.863   500  2158 D audio_route: Apply path: low-latency-playback
04-01 17:42:48.865   500  2158 D audio_hw_primary: select_devices: done
04-01 17:42:48.866   500  2158 D msm8916_platform: platform_set_channel_map mixer_ctl_name:Playback Channel Map12
04-01 17:42:48.866   500  2158 D msm8916_platform: platform_set_channel_map: set mapping(1 2 0 0 0 0 0 0) for channel:2
04-01 17:42:48.909   500  2158 E audio_hw_extn: audio_extn_perf_lock_release: Perf lock release error 
04-01 17:42:48.910   500  2158 D audio_hw_primary: start_output_stream: exit
04-01 17:42:48.910   500  2158 D msm8916_platform: platform_split_snd_device: snd_device(9) num devices(0) new_snd_devices(0)
04-01 17:42:48.910   500  2158 I msm8916_platform: platform_get_custom_mtmx_params: no matching param with id 0 ip_ch 2 op_ch 1 uc_id 1 snd_dev 9
04-01 17:42:48.910   520   888 E FastThread: did not receive expected priority boost on time
04-01 17:42:49.116  2431  2450 I adbd    : USB event: FUNCTIONFS_ENABLE
04-01 17:42:49.123   607  1353 E AutoMounter: Failed to get property, ro.b2g.usb.state_node, use default value.
04-01 17:42:49.123   607  1353 E AutoMounter: Failed to get property, ro.b2g.usb.functions_node, use default value.
04-01 17:42:49.123   607  1353 E AutoMounter: Failed to get property, ro.b2g.usb.state_node, use default value.
04-01 17:42:49.124   607  1353 E AutoMounter: Failed to get property, ro.b2g.ums.directory_node, use default value.
04-01 17:42:49.124   607  1353 E AutoMounter: Failed to get property, ro.b2g.mtp.directory_node, use default value.
04-01 17:42:49.124   607  1353 E AutoMounter: Failed to get property, ro.b2g.mtp.mode, use default value.
04-01 17:42:49.124   607  1353 I AutoMounter: UpdateState: ums:A0C0E0 mtp:A1C0E0 mode:0 usb:1 tryToShare:0 state:IDLE
04-01 17:42:49.124   607  1353 I AutoMounter: UpdateState: Volume sdcard is Mounted and inserted @ /mnt/vendor/usbmsc gen 1 locked 0 sharing x
04-01 17:42:49.124   607  1353 I AutoMounter: UpdateState: Volume sdcard1 is Mounted and inserted @ /mnt/media_rw/3336-3134 gen 2 locked 0 sharing dis
04-01 17:42:49.221   607  2069 D         : PlayerBase::pause() from IPlayer
04-01 17:42:49.221   607  2069 D AudioTrack: stop(33): called with 14120 frames delivered
04-01 17:42:49.223   607  2069 D         : TrackPlayerBase::~TrackPlayerBase()
04-01 17:42:49.223   607  2069 D         : PlayerBase::~PlayerBase()
04-01 17:42:49.243  2431  2431 I adbd    : UsbFfs: already offline
04-01 17:42:49.294   520   889 W AudioFlinger: no wake lock to update, system not ready yet
04-01 17:42:49.294   520   889 W BatteryNotifier: batterystats service unavailable!
04-01 17:42:49.706   642  1034 I ServiceManager: Waiting for service 'package_native' on '/dev/binder'...
04-01 17:42:49.729   607   607 W GeckoConsole: [JavaScript Warning: "Cannot play media. No decoders for requested formats: video/ogg" {file: "chrome://system/content/index.html" line: 0}]
04-01 17:42:50.707   642  1034 I ServiceManager: Waiting for service 'package_native' on '/dev/binder'...
04-01 17:42:51.708   642  1034 I ServiceManager: Waiting for service 'package_native' on '/dev/binder'...
04-01 17:42:52.228   500   500 D audio_hw_primary: out_standby: enter: stream (0xa8138000) usecase(1: low-latency-playback)
04-01 17:42:52.341   500   500 D audio_hw_primary: disable_audio_route: reset and update mixer path: low-latency-playback
04-01 17:42:52.341   500   500 D soundtrigger: audio_extn_sound_trigger_update_stream_status: uc_info->id 1 of type 0 for Event 2, with Raise=0
04-01 17:42:52.341   500   500 D msm8916_platform: platform_split_snd_device: snd_device(9) num devices(0) new_snd_devices(0)
04-01 17:42:52.341   500   500 I msm8916_platform: platform_get_custom_mtmx_params: no matching param with id 0 ip_ch 2 op_ch 1 uc_id 1 snd_dev 9
04-01 17:42:52.341   500   500 D hardware_info: hw_info_append_hw_type : device_name = headphones
04-01 17:42:52.341   500   500 D audio_hw_primary: disable_snd_device: snd_device(9: headphones)
04-01 17:42:52.341   500   500 D msm8916_platform: platform_split_snd_device: snd_device(9) num devices(0) new_snd_devices(0)
04-01 17:42:52.344   500   500 I soundtrigger: audio_extn_sound_trigger_update_device_status: device 0x9 of type 0 for Event 0, with Raise=0
04-01 17:42:52.344   500   500 D audio_hw_primary: out_standby: exit
04-01 17:42:52.708   642  1034 I ServiceManager: Waiting for service 'package_native' on '/dev/binder'...
04-01 17:42:52.737   627   627 I auditd  : type=1400 audit(0.0:92): avc: denied { read } for comm="vm_bms" name="u:object_r:default_prop:s0" dev="tmpfs" ino=6245 scontext=u:r:vm_bms:s0 tcontext=u:object_r:default_prop:s0 tclass=file permissive=0
04-01 17:42:52.737   627   627 W vm_bms  : type=1400 audit(0.0:92): avc: denied { read } for name="u:object_r:default_prop:s0" dev="tmpfs" ino=6245 scontext=u:r:vm_bms:s0 tcontext=u:object_r:default_prop:s0 tclass=file permissive=0
04-01 17:42:52.737   627   627 I chatty  : uid=0(root) /vendor/bin/vm_bms identical 2 lines
04-01 17:42:52.737   627   627 W vm_bms  : type=1400 audit(0.0:95): avc: denied { read } for name="u:object_r:default_prop:s0" dev="tmpfs" ino=6245 scontext=u:r:vm_bms:s0 tcontext=u:object_r:default_prop:s0 tclass=file permissive=0
04-01 17:42:52.741   627   627 E libc    : Access denied finding property "vbms.log.enable"
04-01 17:42:52.741   627   627 I chatty  : uid=0(root) /vendor/bin/vm_bms identical 2 lines
04-01 17:42:52.741   627   627 E libc    : Access denied finding property "vbms.log.enable"
04-01 17:42:52.744   627   627 W vm_bms  : type=1400 audit(0.0:96): avc: denied { read } for name="u:object_r:default_prop:s0" dev="tmpfs" ino=6245 scontext=u:r:vm_bms:s0 tcontext=u:object_r:default_prop:s0 tclass=file permissive=0
04-01 17:42:52.746   627   627 E libc    : Access denied finding property "vbms.log.enable"
04-01 17:42:52.744   627   627 W vm_bms  : type=1400 audit(0.0:97): avc: denied { read } for name="u:object_r:default_prop:s0" dev="tmpfs" ino=6245 scontext=u:r:vm_bms:s0 tcontext=u:object_r:default_prop:s0 tclass=file permissive=0
04-01 17:42:52.746   627   627 E libc    : Access denied finding property "vbms.log.enable"
04-01 17:42:52.746   627   627 I chatty  : uid=0(root) /vendor/bin/vm_bms identical 6 lines
04-01 17:42:52.746   627   627 E libc    : Access denied finding property "vbms.log.enable"
04-01 17:42:52.744   627   627 W vm_bms  : type=1400 audit(0.0:98): avc: denied { read } for name="u:object_r:default_prop:s0" dev="tmpfs" ino=6245 scontext=u:r:vm_bms:s0 tcontext=u:object_r:default_prop:s0 tclass=file permissive=0
04-01 17:42:52.744   627   627 W vm_bms  : type=1400 audit(0.0:99): avc: denied { read } for name="u:object_r:default_prop:s0" dev="tmpfs" ino=6245 scontext=u:r:vm_bms:s0 tcontext=u:object_r:default_prop:s0 tclass=file permissive=0
04-01 17:42:52.744   627   627 W vm_bms  : type=1400 audit(0.0:100): avc: denied { read } for name="u:object_r:default_prop:s0" dev="tmpfs" ino=6245 scontext=u:r:vm_bms:s0 tcontext=u:object_r:default_prop:s0 tclass=file permissive=0
04-01 17:42:52.747   627   627 E libc    : Access denied finding property "vbms.log.enable"
04-01 17:42:52.749   627   627 I chatty  : uid=0(root) /vendor/bin/vm_bms identical 24 lines
04-01 17:42:52.749   627   627 E libc    : Access denied finding property "vbms.log.enable"
04-01 17:42:52.749   627   627 I VM_BMS  : power_supply_update: ocv_uv=4310515 ibatt=63818 soc=99 seq_num=2
04-01 17:42:52.750   627   627 E libc    : Access denied finding property "vbms.log.enable"
04-01 17:42:52.750   627   627 E libc    : Access denied finding property "vbms.log.enable"
04-01 17:42:53.709   642  1034 W ServiceManager: Service package_native didn't start. Returning NULL
04-01 17:42:57.572   607   607 I FocusManager: << focus() called >>
04-01 17:42:57.572   607   607 I FocusManager:    trying to set focus on, tag: DIV, id: notification-view, class: 
04-01 17:42:57.662   607   607 I FocusManager:    current focused element, tag: browser, id: , class: 
04-01 17:42:57.662   607   607 I FocusManager: <- blur on, tag: browser, id: , class: 
04-01 17:42:57.663  1601  1601 I FocusManager: <- blur on, tag: DIV, id: main-view, class: is-focus
04-01 17:42:57.665   607   607 I FocusManager: -> focus is now on, tag: DIV, id: notification-view, class: 
04-01 17:42:57.704  1601  1601 I Gecko   : [Event] event type: keydown, key: SoftLeft, target: [object HTMLDivElement], id: main-view
04-01 17:42:57.913   607   607 I FocusManager: << focus() called >>
04-01 17:42:57.913   607   607 I FocusManager:    trying to set focus on, tag: browser, id: systemapp, class: 
04-01 17:42:57.913   607   607 I FocusManager: Warning: element is already focused.
04-01 17:42:58.016   608  1053 E telemetry: error recv from sock Sys(EAGAIN)
04-01 17:42:58.532   607   607 I FocusManager: << focus() called >>
04-01 17:42:58.532   607   607 I FocusManager:    trying to set focus on, tag: browser, id: , class: 
04-01 17:42:58.533   607   607 I FocusManager:    current focused element, tag: DIV, id: notification-view, class: 
04-01 17:42:58.534   607   607 I FocusManager: <- blur on, tag: DIV, id: notification-view, class: 
04-01 17:42:58.535   607   607 I FocusManager: -> focus is now on, tag: browser, id: , class: 
04-01 17:42:58.537  1601  1601 I FocusManager: * WindowRaised *
04-01 17:42:58.537  1601  1601 I FocusManager: -> focus is now on, tag: DIV, id: main-view, class: 
04-01 17:42:58.544  1601  1601 I Gecko   : console.warn: "L10nError: \"icon=all-apps\" not found in en-US in http://launcher.localhost/index.html"
04-01 17:42:58.545  1601  1601 W Web Content: Content JS WARN: 
04-01 17:43:28.736   608  1053 E telemetry: error recv from sock Sys(EAGAIN)
