04-01 17:41:50.163   500   500 D audio_hw_primary: disable_audio_route: reset and update mixer path: low-latency-playback
04-01 17:41:50.174   637  1012 D ImsSenderRxr: onRegistrationChanged_1_6
04-01 17:41:50.174   637  1012 D         : ImsRegistrationInfo state: 1 errorCode: 0 errorMessage:  radioTech: 14 pAssociatedUris: sip:+886966640236@ims.mnc001.mcc466.3gppnetwork.org|tel:+886966640236
04-01 17:41:50.174   637  1012 D ImsSenderRxr: [UNSOL] < UNSOL_RESPONSE_IMS_NETWORK_STATE_CHANGED [SUB0]
04-01 17:41:50.174   637  1012 D ImsServiceSub: Received unsolicited IMS response UNSOL_RESPONSE_IMS_NETWORK_STATE_CHANGED
04-01 17:41:50.174   637  1012 D         : ImsRegistrationInfo state: 1 errorCode: 0 errorMessage:  radioTech: 14 pAssociatedUris: sip:+886966640236@ims.mnc001.mcc466.3gppnetwork.org|tel:+886966640236
04-01 17:41:50.174   637  1012 D ImsSenderRxr: [0009] > REQUEST_QUERY_SERVICE_STATUS [SUB0]
04-01 17:41:50.175   637  1012 D ImsRegistrationImpl: onRegistered imsRadioTech = 1
04-01 17:41:50.177   637  1012 D ImsSenderRxr: queryServiceStatusResponse_1_6 errorCode = 0
04-01 17:41:50.177   637  1012 D         : StatusForAccessTech NetworkMode = 0 registered = 2 Status = 0 restrictCause = 0
04-01 17:41:50.177   637  1012 D ImsSenderRxr: [0009] < REQUEST_QUERY_SERVICE_STATUS [SUB0]
04-01 17:41:50.177   637  1012 D ImsServiceSub: Received solicited IMS response REQUEST_QUERY_SERVICE_STATUS
04-01 17:41:50.177   637  1012 D ImsServiceSub: type = 5 status = 0 isvalid = true
04-01 17:41:50.177   637  1012 I ImsServiceSub: Call Type 5 has num updates = 
04-01 17:41:50.177   637  1012 D         : StatusForAccessTech NetworkMode = 0 registered = 2 Status = 0 restrictCause = 0
04-01 17:41:50.177   637  1012 D ImsServiceSub: canAddCapability capability: 8 registrationTech: 0
04-01 17:41:50.177   500   500 D soundtrigger: audio_extn_sound_trigger_update_stream_status: uc_info->id 1 of type 0 for Event 2, with Raise=0
04-01 17:41:50.177   500   500 D msm8916_platform: platform_split_snd_device: snd_device(9) num devices(0) new_snd_devices(0)
04-01 17:41:50.177   500   500 I msm8916_platform: platform_get_custom_mtmx_params: no matching param with id 0 ip_ch 2 op_ch 1 uc_id 1 snd_dev 9
04-01 17:41:50.177   500   500 D hardware_info: hw_info_append_hw_type : device_name = headphones
04-01 17:41:50.177   500   500 D audio_hw_primary: disable_snd_device: snd_device(9: headphones)
04-01 17:41:50.177   500   500 D msm8916_platform: platform_split_snd_device: snd_device(9) num devices(0) new_snd_devices(0)
04-01 17:41:50.185   500   500 I soundtrigger: audio_extn_sound_trigger_update_device_status: device 0x9 of type 0 for Event 0, with Raise=0
04-01 17:41:50.185   500   500 D audio_hw_primary: out_standby: exit
04-01 17:41:50.244  1601  1601 I GeckoDump: [launcher] Disabling DUMP
04-01 17:41:50.268   637  1012 D ImsSenderRxr: onServiceStatusChanged_1_6
04-01 17:41:50.268   637  1012 D         : StatusForAccessTech NetworkMode = 14 registered = 2 Status = 0 restrictCause = 0
04-01 17:41:50.268   637  1012 D         : StatusForAccessTech NetworkMode = 14 registered = 1 Status = 2 restrictCause = 0
04-01 17:41:50.268   637  1012 I chatty  : uid=1001(radio) HwBinder:637_1 identical 2 lines
04-01 17:41:50.268   637  1012 D         : StatusForAccessTech NetworkMode = 14 registered = 1 Status = 2 restrictCause = 0
04-01 17:41:50.268   637  1012 D ImsSenderRxr: [UNSOL] < UNSOL_SRV_STATUS_UPDATE [SUB0]
04-01 17:41:50.268   637  1012 D ImsServiceSub: Received unsolicited IMS response UNSOL_SRV_STATUS_UPDATE
04-01 17:41:50.268   637  1012 D ImsServiceSub: type = 5 status = 0 isvalid = true
04-01 17:41:50.268   637  1012 I ImsServiceSub: Call Type 5 has num updates = 
04-01 17:41:50.268   637  1012 D         : StatusForAccessTech NetworkMode = 14 registered = 2 Status = 0 restrictCause = 0
04-01 17:41:50.268   637  1012 D ImsServiceSub: canAddCapability capability: 8 registrationTech: 1
04-01 17:41:50.268   637  1012 D ImsServiceSub: canAddCapability status: 0
04-01 17:41:50.268   637  1012 D ImsServiceSub: type = 0 status = 2 isvalid = true
04-01 17:41:50.268   637  1012 I ImsServiceSub: Call Type 0 has num updates = 
04-01 17:41:50.268   637  1012 D         : StatusForAccessTech NetworkMode = 14 registered = 1 Status = 2 restrictCause = 0
04-01 17:41:50.268   637  1012 D ImsServiceSub: canAddCapability capability: 1 registrationTech: 1
04-01 17:41:50.268   637  1012 D ImsServiceSub: canAddCapability status: 2
04-01 17:41:50.268   637  1012 D ImsServiceSub: type = 3 status = 2 isvalid = true
04-01 17:41:50.268   637  1012 I ImsServiceSub: Call Type 3 has num updates = 
04-01 17:41:50.268   637  1012 D         : StatusForAccessTech NetworkMode = 14 registered = 1 Status = 2 restrictCause = 0
04-01 17:41:50.268   637  1012 D ImsServiceSub: canAddCapability capability: 2 registrationTech: 1
04-01 17:41:50.268   637  1012 D ImsServiceSub: canAddCapability status: 2
04-01 17:41:50.268   637  1012 D ImsServiceSub: type = 1 status = 2 isvalid = true
04-01 17:41:50.269   637  1012 I ImsServiceSub: Call Type 1 has num updates = 
04-01 17:41:50.269   637  1012 D         : StatusForAccessTech NetworkMode = 14 registered = 1 Status = 2 restrictCause = 0
04-01 17:41:50.269   637  1012 D ImsServiceSub: canAddCapability capability: 2 registrationTech: 1
04-01 17:41:50.269   637  1012 D ImsServiceSub: canAddCapability status: 2
04-01 17:41:50.269   637  1012 D ImsServiceSub: type = 2 status = 2 isvalid = true
04-01 17:41:50.269   637  1012 I ImsServiceSub: Call Type 2 has num updates = 
04-01 17:41:50.269   637  1012 D         : StatusForAccessTech NetworkMode = 14 registered = 1 Status = 2 restrictCause = 0
04-01 17:41:50.269   637  1012 D ImsServiceSub: canAddCapability capability: 2 registrationTech: 1
04-01 17:41:50.269   637  1012 D ImsServiceSub: canAddCapability status: 2
04-01 17:41:50.323   637  1463 D ImsRegistrationImpl: getRegistrationTechnology mImsRadioTech = 1
04-01 17:41:50.912  1559  1559 I b2gkillerd: Try to kill process with priority 3
04-01 17:41:51.299   551   569 E Sensors : sns_debug_main.c(161):Debug Timer Callback called
04-01 17:41:52.292   608  1058 I chatty  : uid=0(root) actix-rt:worker expire 25 lines
04-01 17:41:52.304   608  1059 I chatty  : uid=0(root) actix-rt:worker expire 34 lines
04-01 17:41:52.358   608  1060 I chatty  : uid=0(root) actix-rt:worker expire 42 lines
04-01 17:41:52.377   608  1057 I chatty  : uid=0(root) actix-rt:worker expire 35 lines
04-01 17:41:53.140   607   607 I chatty  : uid=0(root) /system/b2g/b2g expire 7 lines
04-01 17:41:53.702   607  2367 I chatty  : uid=0(root) /system/b2g/b2g expire 20 lines
04-01 17:41:53.788   520   520 W ServiceUtilities: retreivePackageManager: failed to retrieve native package manager
04-01 17:41:53.788   520   520 W ServiceUtilities: doIsAllowed: Playback capture is denied as package manager is not reachable
04-01 17:41:53.892   500   500 D audio_hw_primary: adev_get_parameters:vr_audio_mode_on
04-01 17:41:53.899   500   500 I audio_hw_primary: getting vr mode to 0
04-01 17:41:53.902   500   500 D audio_hw_primary: adev_get_parameters: exit: returns - vr_audio_mode_on=false
04-01 17:41:53.913   520   520 I AudioPolicyManagerCustom: VR mode is 0, switch to primary output if request is for fast|raw
04-01 17:41:53.948   520   520 D AudioFlinger: Client defaulted notificationFrames to 320 for frameCount 648
04-01 17:41:53.952   520   520 D AF::TrackHandle: OpPlayAudio: track:56 usage:1 not muted
04-01 17:41:53.999   520   889 W AudioFlinger: no wake lock to update, system not ready yet
04-01 17:41:54.002   520   889 W BatteryNotifier: batterystats service unavailable!
04-01 17:41:54.002   500  2158 D audio_hw_primary: start_output_stream: enter: stream(0xa8138000)usecase(1: low-latency-playback) devices(0x4)
04-01 17:41:54.090   500  2158 E ANDR-PERF: IPerf:: Perf HAL Service is not available.
04-01 17:41:54.090   500  2158 E audio_hw_extn: audio_extn_perf_lock_acquire: Failed to acquire perf lock, err: -1
04-01 17:41:54.090   500  2158 D audio_hw_primary: select_devices for use case (low-latency-playback)
04-01 17:41:54.090   500  2158 D audio_hw_extn: audio_extn_get_anc_enabled: anc_enabled:0
04-01 17:41:54.090   500  2158 D audio_hw_primary: select_devices: out_snd_device(9: headphones) in_snd_device(0: )
04-01 17:41:54.090   500  2158 I msm8916_platform: platform_check_and_set_codec_backend_cfg:becf: afe: bitwidth 16, samplerate 48000 channels 2, backend_idx 0 usecase = 1 device (headphones)
04-01 17:41:54.090   500  2158 D msm8916_platform: platform_split_snd_device: snd_device(9) num devices(1) new_snd_devices(0)
04-01 17:41:54.090   500  2158 I msm8916_platform: platform_check_and_set_codec_backend_cfg: becf: new_snd_devices[0] is headphones
04-01 17:41:54.090   500  2158 I msm8916_platform: platform_check_codec_backend_cfg:becf: afe: Codec selected backend: 0 current bit width: 16 sample rate: 48000 channels: 2 usecase 1 device (headphones)
04-01 17:41:54.090   500  2158 D msm8916_platform: platform_check_codec_backend_cfg:becf: afe: napb not active - set non fractional rate
04-01 17:41:54.090   500  2158 D msm8916_platform: platform_check_codec_backend_cfg:becf: afe: only 48KHZ sample rate is supported Configure afe to default Sample Rate(48k)
04-01 17:41:54.091   500  2158 I msm8916_platform: platform_check_codec_backend_cfg:becf: afe: Codec selected backend: 0 updated bit width: 16 sample rate: 48000 channels: 2
04-01 17:41:54.091   500  2158 E audio_route: unable to find path 'hph-lowpower-mode'
04-01 17:41:54.091   500  2158 D audio_hw_primary: check_usecases_codec_backend:becf: force routing 0
04-01 17:41:54.091   500  2158 E msm8916_platform: platform_check_backends_match: Invalid snd_device = 
04-01 17:41:54.091   500  2158 D audio_hw_primary: check_usecases_codec_backend:becf: (63) check_usecases curr device: headphones, usecase device: backends match 0
04-01 17:41:54.091   500  2158 D audio_hw_primary: check_usecases_codec_backend:becf: check_usecases num.of Usecases to switch 0
04-01 17:41:54.091   500  2158 D hardware_info: hw_info_append_hw_type : device_name = headphones
04-01 17:41:54.091   500  2158 D msm8916_platform: platform_split_snd_device: snd_device(9) num devices(0) new_snd_devices(0)
04-01 17:41:54.091   500  2158 D audio_hw_primary: enable_snd_device: snd_device(9: headphones)
04-01 17:41:54.091   500  2158 I soundtrigger: audio_extn_sound_trigger_update_device_status: device 0x9 of type 0 for Event 1, with Raise=0
04-01 17:41:54.091   500  2158 D audio_route: Apply path: headphones
04-01 17:41:54.095   500  2158 D soundtrigger: audio_extn_sound_trigger_update_stream_status: uc_info->id 1 of type 0 for Event 3, with Raise=0
04-01 17:41:54.095   500  2158 D audio_hw_utils: audio_extn_utils_send_app_type_cfg: usecase->out_snd_device headphones
04-01 17:41:54.095   500  2158 D msm8916_platform: platform_split_snd_device: snd_device(9) num devices(0) new_snd_devices(0)
04-01 17:41:54.096   500  2158 D audio_hw_utils: audio_extn_btsco_get_sample_rate:Not a BT SCO device, need not update sampling rate
04-01 17:41:54.096   500  2158 I audio_hw_utils: send_app_type_cfg_for_device PLAYBACK app_type 69937, acdb_dev_id 10, sample_rate 48000, snd_device_be_idx 43
04-01 17:41:54.096   500  2158 D msm8916_platform: platform_split_snd_device: snd_device(9) num devices(1) new_snd_devices(0)
04-01 17:41:54.096   500  2158 D audio_hw_utils: audio_extn_btsco_get_sample_rate:Not a BT SCO device, need not update sampling rate
04-01 17:41:54.099   500  2158 D ACDB-LOADER: ACDB -> send_audio_cal, acdb_id = 10, path = 0, app id = 0x11131, sample rate = 48000, afe_sample_rate = 48000
04-01 17:41:54.099   500  2158 D ACDB-LOADER: ACDB -> send_asm_topology
04-01 17:41:54.099   500  2158 D ACDB-LOADER: ACDB -> ACDB_CMD_GET_AUDPROC_STREAM_TOPOLOGY_ID
04-01 17:41:54.099   500  2158 D ACDB-LOADER: ACDB -> send_adm_topology
04-01 17:41:54.099   500  2158 D ACDB-LOADER: ACDB -> ACDB_CMD_GET_AUDPROC_COMMON_TOPOLOGY_ID
04-01 17:41:54.099   500  2158 D ACDB-LOADER: ACDB -> send_audtable
04-01 17:41:54.099   500  2158 D ACDB-LOADER: ACDB -> ACDB_CMD_GET_AUDPROC_COMMON_TABLE_SIZE
04-01 17:41:54.099   500  2158 D ACDB-LOADER: ACDB -> ACDB_CMD_GET_AUDPROC_COMMON_TABLE
04-01 17:41:54.099   500  2158 D ACDB-LOADER: ACDB -> AUDIO_SET_AUDPROC_CAL cal_type[11] acdb_id[10] app_type[69937]
04-01 17:41:54.099   500  2158 D ACDB-LOADER: ACDB -> send_audvoltable
04-01 17:41:54.099   500  2158 D ACDB-LOADER: ACDB -> ACDB_CMD_GET_AUDPROC_GAIN_DEP_STEP_TABLE_SIZE
04-01 17:41:54.099   500  2158 D ACDB-LOADER: ACDB -> ACDB_CMD_GET_AUDPROC_GAIN_DEP_STEP_TABLE, vol index 0
04-01 17:41:54.099   500  2158 D ACDB-LOADER: ACDB -> AUDIO_SET_VOL_CAL cal type = 12
04-01 17:41:54.099   500  2158 D ACDB-LOADER: ACDB -> ACDB_CMD_GET_AUDPROC_STREAM_TABLE_SIZE
04-01 17:41:54.099   500  2158 D ACDB-LOADER: ACDB -> send_audstrmtable
04-01 17:41:54.099   500  2158 D ACDB-LOADER: ACDB -> ACDB_CMD_GET_AUDPROC_STREAM_TABLE_V2
04-01 17:41:54.099   500  2158 D ACDB-LOADER: ACDB -> audstrm_cal->cal_type.cal_data.cal_size = 16
04-01 17:41:54.099   500  2158 D ACDB-LOADER: ACDB -> send_afe_topology
04-01 17:41:54.099   500  2158 D ACDB-LOADER: ACDB -> ACDB_CMD_GET_AFE_TOPOLOGY_ID
04-01 17:41:54.099   500  2158 D ACDB-LOADER: ACDB -> GET_AFE_TOPOLOGY_ID for adcd_id 10, Topology Id 112fc
04-01 17:41:54.099   500  2158 D ACDB-LOADER: ACDB -> send_afe_cal
04-01 17:41:54.099   500  2158 D ACDB-LOADER: ACDB -> ACDB_CMD_GET_AFE_COMMON_TABLE_SIZE
04-01 17:41:54.101   500  2158 D         : Failed to fetch the lookup information of the device 0000000A 
04-01 17:41:54.101   500  2158 D ACDB-LOADER: Error: ACDB_CMD_GET_AFE_COMMON_TABLE_SIZE Returned = -19
04-01 17:41:54.101   500  2158 D ACDB-LOADER: ACDB -> ACDB_CMD_GET_AFE_COMMON_TABLE
04-01 17:41:54.101   500  2158 D         : Failed to fetch the lookup information of the device 0000000A 
04-01 17:41:54.101   500  2158 D ACDB-LOADER: Error: ACDB AFE returned = -19
04-01 17:41:54.101   500  2158 D ACDB-LOADER: ACDB -> AUDIO_SET_AFE_CAL cal_type[16] acdb_id[10]
04-01 17:41:54.101   500  2158 D ACDB-LOADER: ACDB -> send_hw_delay : acdb_id = 10 path = 0
04-01 17:41:54.101   500  2158 D ACDB-LOADER: ACDB -> ACDB_AVSYNC_INFO: ACDB_CMD_GET_DEVICE_PROPERTY
04-01 17:41:54.101   500  2158 D msm8916_platform: platform_split_snd_device: snd_device(9) num devices(0) new_snd_devices(0)
04-01 17:41:54.101   500  2158 I msm8916_platform: platform_get_custom_mtmx_params: no matching param with id 0 ip_ch 2 op_ch 1 uc_id 1 snd_dev 9
04-01 17:41:54.101   500  2158 D audio_hw_primary: enable_audio_route: apply mixer and update path: low-latency-playback
04-01 17:41:54.101   500  2158 D audio_route: Apply path: low-latency-playback
04-01 17:41:54.103   500  2158 D audio_hw_primary: select_devices: done
04-01 17:41:54.105   500  2158 D msm8916_platform: platform_set_channel_map mixer_ctl_name:Playback Channel Map12
04-01 17:41:54.105   500  2158 D msm8916_platform: platform_set_channel_map: set mapping(1 2 0 0 0 0 0 0) for channel:2
04-01 17:41:54.153   500  2158 E audio_hw_extn: audio_extn_perf_lock_release: Perf lock release error 
04-01 17:41:54.154   500  2158 D audio_hw_primary: start_output_stream: exit
04-01 17:41:54.154   500  2158 D msm8916_platform: platform_split_snd_device: snd_device(9) num devices(0) new_snd_devices(0)
04-01 17:41:54.154   500  2158 I msm8916_platform: platform_get_custom_mtmx_params: no matching param with id 0 ip_ch 2 op_ch 1 uc_id 1 snd_dev 9
04-01 17:41:54.154   520   888 E FastThread: did not receive expected priority boost on time
04-01 17:41:54.243   608  2376 I chatty  : uid=0(root) /data/local/service/api-daemon/api-daemon expire 1 line
04-01 17:41:54.244   608  2377 I chatty  : uid=0(root) /data/local/service/api-daemon/api-daemon expire 1 line
04-01 17:41:54.434  1601  1601 I Gecko   : console.warn: "L10nError: \"Google\" not found in en-US in http://launcher.localhost/index.html"
04-01 17:41:54.436  1601  1601 W Web Content: Content JS WARN: 
04-01 17:41:54.453  1601  1601 I Gecko   : console.warn: "L10nError: \"Google\" not found in en-US in http://launcher.localhost/index.html"
04-01 17:41:54.454  1601  1601 W Web Content: Content JS WARN: 
04-01 17:41:54.460   520   520 W ServiceUtilities: retreivePackageManager: failed to retrieve native package manager
04-01 17:41:54.460   520   520 W ServiceUtilities: doIsAllowed: Playback capture is denied as package manager is not reachable
04-01 17:41:54.461   500   500 D audio_hw_primary: adev_get_parameters:vr_audio_mode_on
04-01 17:41:54.461   500   500 I audio_hw_primary: getting vr mode to 0
04-01 17:41:54.461   500   500 D audio_hw_primary: adev_get_parameters: exit: returns - vr_audio_mode_on=false
04-01 17:41:54.462   520   520 I AudioPolicyManagerCustom: VR mode is 0, switch to primary output if request is for fast|raw
04-01 17:41:54.463   520   520 D AudioFlinger: Client defaulted notificationFrames to 320 for frameCount 648
04-01 17:41:54.467   520   520 D AF::TrackHandle: OpPlayAudio: track:57 usage:1 not muted
04-01 17:41:54.479   520   889 W AudioFlinger: no wake lock to update, system not ready yet
04-01 17:41:54.517   520   889 W AudioFlinger: no wake lock to update, system not ready yet
04-01 17:41:54.603  2084  2084 I FocusManager: << focus() called >>
04-01 17:41:54.603  2084  2084 I FocusManager:    trying to set focus on, tag: LI, id: , class: focus
04-01 17:41:54.644   608  2285 I chatty  : uid=0(root) uds server expire 2 lines
04-01 17:41:54.668  2084  2084 I FocusManager:    current focused element, NULL, tag: , id: , class: 
04-01 17:41:54.671  2084  2084 I FocusManager: <- blur on, NULL, tag: , id: , class: 
04-01 17:41:54.671  2084  2084 I FocusManager: -> focus is now on, tag: LI, id: , class: focus
04-01 17:41:54.771  1601  1826 I Gecko   : console.log: "Websocket: opened"
04-01 17:41:54.775  1601  1601 I Web Content: Content JS LOG: 
04-01 17:41:54.937  1601  1826 I Gecko   : console.log: "Got ack: {\"success\":true}"
04-01 17:41:54.938  1601  1826 I Gecko   : console.log: "[LibSession] onsessionconnected"
04-01 17:41:54.939  1601  1601 I Web Content: Content JS LOG: 
04-01 17:41:54.940  1601  1601 I Web Content: Content JS LOG: 
04-01 17:41:54.940  1601  1826 I Gecko   : console.log: "[LibSession] sessionInit"
04-01 17:41:54.944  1601  1601 I Web Content: Content JS LOG: 
04-01 17:41:55.045  1601  1826 I Gecko   : console.log: "[LibSession] services-load-complete"
04-01 17:41:55.046  1601  1601 I Web Content: Content JS LOG: 
04-01 17:41:55.062  1601  1837 I Gecko   : console.log: "Websocket: opened"
04-01 17:41:55.064  1601  1601 I Web Content: Content JS LOG: 
04-01 17:41:55.068  1601  1837 I Gecko   : console.log: "Got ack: {\"success\":true}"
04-01 17:41:55.068  1601  1837 I Gecko   : console.log: "[LibSession] onsessionconnected"
04-01 17:41:55.068  1601  1601 I Web Content: Content JS LOG: 
04-01 17:41:55.069  1601  1837 I Gecko   : console.log: "[LibSession] sessionInit"
04-01 17:41:55.069  1601  1601 I Web Content: Content JS LOG: 
04-01 17:41:55.070  1601  1601 I Web Content: Content JS LOG: 
04-01 17:41:55.083  1601  1837 I Gecko   : console.log: "[LibSession] services-load-complete"
04-01 17:41:55.084  1601  1601 I Web Content: Content JS LOG: 
04-01 17:41:55.087  1601  1837 I Gecko   : console.log: "-*- CMAS utils -*- servicesInit success"
04-01 17:41:55.089  1601  1601 I Web Content: Content JS LOG: 
04-01 17:41:55.095  2084  2084 I Gecko   : WebViewChild: 
04-01 17:41:55.096  2084  2084 I Gecko   : Got metaChanged: (og:kaios:softkeyinfo) Enter: Deselect, SoftRight: Next 
04-01 17:41:55.096  2084  2084 I Gecko   : 
04-01 17:41:55.098  2084  2084 I FocusManager: << focus() called >>
04-01 17:41:55.098  2084  2084 I FocusManager:    trying to set focus on, tag: FORM, id: softkeyPanel, class: skbar none-paddings visible focused
04-01 17:41:55.138  2084  2084 I FocusManager: Warning: element is not focusable.
04-01 17:41:55.141  2084  2084 I Gecko   : [Event] event type: keydown, key: SoftRight, target: [object HTMLBodyElement], class: theme-system
04-01 17:41:55.164  2084  2084 I Gecko   : [Event] event type: keyup, key: SoftRight, target: [object HTMLLIElement], class: focus
04-01 17:41:55.252  1601  1818 I Gecko   : console.log: "communications: subscribe succeed telephony-call-ended"
04-01 17:41:55.253  1601  1818 I Gecko   : console.log: "communications: subscribe errorSecurityError: The operation is insecure."
04-01 17:41:55.254  1601  1818 I Gecko   : console.log: "communications: subscribe succeed bluetooth-dialer-command"
04-01 17:41:55.254  1601  1818 I Gecko   : console.log: "communications: subscribe succeed activity"
04-01 17:41:55.258  1601  1601 I Web Content: Content JS LOG: 
04-01 17:41:55.262  1601  1601 I chatty  : uid=12101(u0_a2101) launcher identical 2 lines
04-01 17:41:55.263  1601  1601 I Web Content: Content JS LOG: 
04-01 17:41:55.270  1601  1818 I Gecko   : console.log: "communications sw install success!"
04-01 17:41:55.272  1601  1601 I Web Content: Content JS LOG: 
04-01 17:41:55.278  1601  1818 I Gecko   : console.log: "communications sw activate success!"
04-01 17:41:55.280  1601  1601 I Web Content: Content JS LOG: 
04-01 17:41:55.286  1601  1818 I Gecko   : console.log: "Websocket: opened"
04-01 17:41:55.289  1601  1601 I Web Content: Content JS LOG: 
04-01 17:41:55.299  1601  1818 I Gecko   : console.log: "Got ack: {\"success\":true}"
04-01 17:41:55.300  1601  1818 I Gecko   : console.log: "[LibSession] onsessionconnected"
04-01 17:41:55.301  1601  1601 I Web Content: Content JS LOG: 
04-01 17:41:55.302  1601  1818 I Gecko   : console.log: "[LibSession] sessionInit"
04-01 17:41:55.303  1601  1601 I Web Content: Content JS LOG: 
04-01 17:41:55.304  1601  1601 I Web Content: Content JS LOG: 
04-01 17:41:55.324  1601  1842 I Gecko   : console.log: "Websocket: opened"
04-01 17:41:55.325  1601  1818 I Gecko   : console.log: "[LibSession] services-load-complete"
04-01 17:41:55.327  1601  1601 I Web Content: Content JS LOG: 
04-01 17:41:55.328  1601  1601 I Web Content: Content JS LOG: 
04-01 17:41:55.337  1601  1842 I Gecko   : console.log: "Got ack: {\"success\":true}"
04-01 17:41:55.338  1601  1601 I Web Content: Content JS LOG: 
04-01 17:41:55.338  1601  1842 I Gecko   : console.log: "[LibSession] onsessionconnected"
04-01 17:41:55.339  1601  1601 I Web Content: Content JS LOG: 
04-01 17:41:55.348  1601  1842 I Gecko   : console.log: "[LibSession] sessionInit"
04-01 17:41:55.349  1601  1601 I Web Content: Content JS LOG: 
04-01 17:41:55.376  1601  1842 I Gecko   : console.log: "[LibSession] services-load-complete"
04-01 17:41:55.377  1601  1601 I Web Content: Content JS LOG: 
04-01 17:41:55.423   608  1057 I actix_web::middleware..: "GET /api/v1/shared/core.js HTTP/1.1" 127.0.0.1 200 2418 3.286510
04-01 17:41:55.464   608  1057 I actix_web::middleware..: "GET /api/v1/shared/session.js HTTP/1.1" 127.0.0.1 200 2460 2.762553
04-01 17:41:55.522   608  1057 I actix_web::middleware..: "GET /api/v1/settings/service.js HTTP/1.1" 127.0.0.1 200 3370 4.515990
04-01 17:41:55.576   608  1057 I actix_web::middleware..: "GET /api/v1/contacts/service.js HTTP/1.1" 127.0.0.1 200 5668 3.178906
04-01 17:41:55.642   607   607 I Gecko   : -*- ServiceWorkerAssistant : register http://wappush.localhost/sw_system_message.js success!
04-01 17:41:55.642   607   607 I Gecko   : -*- ServiceWorkerAssistant : waitForRegistration done.
04-01 17:41:55.644   607   607 I Gecko   : console.log: "Embedding: Embedder event: sw-registration-done"
04-01 17:41:55.646   607   607 I GeckoConsole: Content JS LOG: 
04-01 17:41:55.693  1601  1846 I Gecko   : console.log: "Websocket: opened"
04-01 17:41:55.698  1601  1601 I Web Content: Content JS LOG: 
04-01 17:41:55.700  2084  2084 I Gecko   : WebViewChild: 
04-01 17:41:55.701  2084  2084 I Gecko   : Got metaChanged: (og:kaios:softkeyinfo) SoftRight: Skip 
04-01 17:41:55.701  2084  2084 I Gecko   : 
04-01 17:41:55.714   608  2394 I common  : Checking event service #1 object #0 event #0 : false
04-01 17:41:55.715   608  2394 I chatty  : uid=0(root) /data/local/service/api-daemon/api-daemon identical 4 lines
04-01 17:41:55.715   608  2394 I common  : Checking event service #1 object #0 event #0 : false
04-01 17:41:55.715   608  2394 I common  : Checking event service #2 object #0 event #0 : false
04-01 17:41:55.716   608  2394 I common  : Checking event service #1 object #0 event #0 : false
04-01 17:41:55.716   608  2394 I chatty  : uid=0(root) /data/local/service/api-daemon/api-daemon identical 1 line
04-01 17:41:55.716   608  2394 I common  : Checking event service #1 object #0 event #0 : false
04-01 17:41:55.718   608  1058 I api_daemon::session: Got client handshake
04-01 17:41:55.727  1601  1846 I Gecko   : console.log: "Got ack: {\"success\":true}"
04-01 17:41:55.728  2084  2084 I Gecko   : [Event] event type: keydown, key: SoftRight, target: [object HTMLLIElement], class: focus
04-01 17:41:55.728  1601  1601 I Web Content: Content JS LOG: 
04-01 17:41:55.728  1601  1846 I Gecko   : console.log: "[LibSession] onsessionconnected"
04-01 17:41:55.729  1601  1846 I Gecko   : console.log: "[LibSession] sessionInit"
04-01 17:41:55.733  1601  1601 I Web Content: Content JS LOG: 
04-01 17:41:55.736  1601  1601 I Web Content: Content JS LOG: 
04-01 17:41:55.745   513  1940 V WifiHAL : event received NL80211_CMD_TRIGGER_SCAN
04-01 17:41:55.745   513  1940 E WifiHAL : Invalid data received from driver
04-01 17:41:55.745   513  1940 E WifiHAL : Invalid data received from driver
04-01 17:41:55.747   608  1058 I settings_service::ser..: SettingsService::create
04-01 17:41:55.749   608  1058 I contacts_service::ser..: ContactsService::create
04-01 17:41:55.757   513  1940 E WifiHAL : Invalid data received from driver
04-01 17:41:55.760   513  1940 I chatty  : uid=1010 wifi@1.0-servic identical 14 lines
04-01 17:41:55.760   513  1940 E WifiHAL : Invalid data received from driver
04-01 17:41:55.760  1601  1846 I Gecko   : console.log: "[LibSession] services-load-complete"
04-01 17:41:55.759   730  1943 D LOWI-8.6.0.81: [LOWI-Scan] wait_event:Wait done with Cmd 33
04-01 17:41:55.762   730  1943 D LOWI-8.6.0.81: [LOWI-Scan] do_listen_events: Rcvd valid Netlink Cmd 0 Err 0
04-01 17:41:55.763  1601  1601 I Web Content: Content JS LOG: 
04-01 17:41:55.766   607   607 E GeckoConsole: Content JS ERROR: 
04-01 17:41:55.793   513  1940 E WifiHAL : Invalid data received from driver
04-01 17:41:55.818   513  1940 I chatty  : uid=1010 wifi@1.0-servic identical 1 line
04-01 17:41:55.866   513  1940 E WifiHAL : Invalid data received from driver
04-01 17:41:55.871  2084  2084 I Gecko   : [Event] event type: keyup, key: SoftRight, target: [object HTMLBodyElement], class: theme-system
04-01 17:41:55.926   513  1940 E WifiHAL : Invalid data received from driver
04-01 17:41:56.022   513  1940 I chatty  : uid=1010 wifi@1.0-servic identical 2 lines
04-01 17:41:56.056   513  1940 E WifiHAL : Invalid data received from driver
04-01 17:41:56.068  2084  2084 I Gecko   : WebViewChild: 
04-01 17:41:56.069  2084  2084 I Gecko   : Got metaChanged: (og:kaios:softkeyinfo) SoftLeft: Deny, SoftRight: Allow 
04-01 17:41:56.069  2084  2084 I Gecko   : 
04-01 17:41:56.071  2084  2084 I FocusManager: << focus() called >>
04-01 17:41:56.071  2084  2084 I FocusManager:    trying to set focus on, tag: FORM, id: softkeyPanel, class: skbar none-paddings visible focused
04-01 17:41:56.074  2084  2084 I FocusManager: Warning: element is not focusable.
04-01 17:41:56.077  2084  2084 I FocusManager: << focus() called >>
04-01 17:41:56.077  2084  2084 I FocusManager:    trying to set focus on, tag: P, id: location-content, class: focus
04-01 17:41:56.077  2084  2084 I FocusManager:    current focused element, tag: LI, id: , class: 
04-01 17:41:56.077  2084  2084 I FocusManager: <- blur on, tag: LI, id: , class: 
04-01 17:41:56.078  2084  2084 I FocusManager: -> focus is now on, tag: P, id: location-content, class: focus
04-01 17:41:56.084  2084  2084 I Gecko   : [Event] event type: keydown, key: SoftRight, target: [object HTMLBodyElement], class: theme-system
04-01 17:41:56.091   608  2395 I common  : Checking event service #1 object #0 event #0 : false
04-01 17:41:56.091   608  2395 I chatty  : uid=0(root) /data/local/service/api-daemon/api-daemon identical 5 lines
04-01 17:41:56.091   608  2395 I common  : Checking event service #1 object #0 event #0 : false
04-01 17:41:56.091   608  2395 I common  : Checking event service #2 object #0 event #0 : false
04-01 17:41:56.091   608  2395 I common  : Checking event service #1 object #0 event #0 : false
04-01 17:41:56.091   608  2395 I chatty  : uid=0(root) /data/local/service/api-daemon/api-daemon identical 1 line
04-01 17:41:56.091   608  2395 I common  : Checking event service #1 object #0 event #0 : false
04-01 17:41:56.106   513  1940 E WifiHAL : Invalid data received from driver
04-01 17:41:56.130  2084  2084 I Gecko   : [Event] event type: keyup, key: SoftRight, target: [object HTMLParagraphElement], id: location-content, class: focus
04-01 17:41:56.153   607  1508 E NetworkUtils: interface wlan0 is not present in any network
04-01 17:41:56.157   513  1940 E WifiHAL : Invalid data received from driver
04-01 17:41:56.226   513  1940 I chatty  : uid=1010 wifi@1.0-servic identical 1 line
04-01 17:41:56.276   513  1940 E WifiHAL : Invalid data received from driver
04-01 17:41:56.291  1941  1941 E wpa_supplicant: eap_proxy: eap_proxy_notify_config
04-01 17:41:56.292  1941  1941 E wpa_supplicant: eap_proxy: eap_proxy_notify_config
04-01 17:41:56.308   513  1940 E WifiHAL : Invalid data received from driver
04-01 17:41:56.309   608  2396 I common  : Checking event service #1 object #0 event #0 : false
04-01 17:41:56.309   608  2396 I chatty  : uid=0(root) /data/local/service/api-daemon/api-daemon identical 5 lines
04-01 17:41:56.309   608  2396 I common  : Checking event service #1 object #0 event #0 : false
04-01 17:41:56.309   608  2396 I common  : Checking event service #2 object #0 event #0 : false
04-01 17:41:56.309   608  2396 I common  : Checking event service #1 object #0 event #0 : false
04-01 17:41:56.309   608  2396 I chatty  : uid=0(root) /data/local/service/api-daemon/api-daemon identical 1 line
04-01 17:41:56.309   608  2396 I common  : Checking event service #1 object #0 event #0 : false
04-01 17:41:56.313   608  1060 W api_daemon::session: Processing 'SettingsService request: SettingsFactorySet([SettingInfo { name: "time.timezone.automatic-update.enabled", value: JsonValue(Bool(true)) }])' took too long: 26ms
04-01 17:41:56.321  2084  2084 I Gecko   : WebViewChild: 
04-01 17:41:56.321  2084  2084 I Gecko   : Got metaChanged: (og:kaios:softkeyinfo) Enter: Select, SoftRight: Next 
04-01 17:41:56.321  2084  2084 I Gecko   : 
04-01 17:41:56.322  2084  2084 I FocusManager: << focus() called >>
04-01 17:41:56.322  2084  2084 I FocusManager:    trying to set focus on, tag: FORM, id: softkeyPanel, class: skbar none-paddings visible focused
04-01 17:41:56.324  2084  2084 I FocusManager: Warning: element is not focusable.
04-01 17:41:56.325   513  1940 E WifiHAL : Invalid data received from driver
04-01 17:41:56.326   513  1940 I chatty  : uid=1010 wifi@1.0-servic identical 4 lines
04-01 17:41:56.326   513  1940 E WifiHAL : Invalid data received from driver
04-01 17:41:56.327  2084  2084 I FocusManager: << focus() called >>
04-01 17:41:56.327  2084  2084 I FocusManager:    trying to set focus on, tag: LI, id: info-container, class: focus
04-01 17:41:56.330  2084  2084 I FocusManager:    current focused element, tag: P, id: location-content, class: 
04-01 17:41:56.330  2084  2084 I FocusManager: <- blur on, tag: P, id: location-content, class: 
04-01 17:41:56.331  2084  2084 I FocusManager: -> focus is now on, tag: LI, id: info-container, class: focus
04-01 17:41:56.336  1941  1941 E wpa_supplicant: eap_proxy: eap_proxy_notify_config
04-01 17:41:56.336   513  1940 V WifiHAL : event received NL80211_CMD_SCAN_ABORTED
04-01 17:41:56.337   730   764 D LOWI-8.6.0.81: [LOWINetlinkSocketReceiver] unpackRTMLinkMessage: RTM_NEWLINK - ifname wlan0, flags 0x1002 ()
04-01 17:41:51.082  1559  1559 I b2gkillerd: Try to kill process with priority 3
04-01 17:41:56.337   677   677 W wificond: Scan aborted
04-01 17:41:56.337   730  1943 D LOWI-8.6.0.81: [LOWI-Scan] wait_event:Wait done with Cmd 35
04-01 17:41:56.337   730  1943 D LOWI-8.6.0.81: [LOWI-Scan] do_listen_events: Rcvd valid Netlink Cmd 35 Err 0
04-01 17:41:56.337   730  1943 D LOWI-8.6.0.81: [LOWI-Scan] do_listen_events:got scan abort message, return
04-01 17:41:56.337   730  1943 D LOWI-8.6.0.81: [LOWI-Scan] No dump done. Error -1
04-01 17:41:56.337   730  1943 D LOWI-8.6.0.81: [LOWI-Scan] WipsScanUsingNL: passive scan cached 0, took 13003 ms, err -1
04-01 17:41:56.337   730  1943 D LOWI-8.6.0.81: [LOWI-Scan] lowi_proc_req_passive_scan_with_live_meas - No WLAN Frames to be parsed
04-01 17:41:56.337   730  1943 D LOWI-8.6.0.81: [LOWIWifiDriverInterface] setMeasScanStatus:No measurements found Err = -1
04-01 17:41:56.337   730  1943 D LOWI-8.6.0.81: [LOWIScanResultReceiver] Send scan meas to listener
04-01 17:41:56.337   730  1943 D LOWI-8.6.0.81: [LOWIScanResultReceiver] Enter passive listening mode
04-01 17:41:56.337   730  1943 D LOWI-8.6.0.81: [LOWIWifiDriverInterface] getMeasurements - Passive listening mode
04-01 17:41:56.337   730  1943 D LOWI-8.6.0.81: [LOWI-Scan] WipsScanUsingNL:wait -1 sec for netlink message
04-01 17:41:56.337   730   769 D LOWI-8.6.0.81: [LOWIEventReceiver] handleEvent:FROM:NA, TO:NA, REQ:NA, IREQ:NA, REQ_ID:0, RESP:NA, INFO:NA
04-01 17:41:56.337   730   769 D LOWI-8.6.0.81: [LOWIBackgroundScanMgr] isRspForBgScanMgr: evt(LOWI_NO_EVT) - not handled
04-01 17:41:56.337   730   769 D LOWI-8.6.0.81: [LOWIScheduler] manageMsg: NULL results or NULL request in results
04-01 17:41:56.337   730   769 D LOWI-8.6.0.81: [LOWIController] Measurements received
04-01 17:41:56.337   730   769 D LOWI-8.6.0.81: [LOWICacheManager] putInCache:No measurements to put in cache
04-01 17:41:56.337   730   769 D LOWI-8.6.0.81: [LOWIController] processMeasurementResults: No current Request. Cache measurements
04-01 17:41:56.338   730   769 D LOWI-8.6.0.81: [LOWIControllerExtn] sendLOWILpDiscoveryScanResponse: Not a discovery scan response
04-01 17:41:56.338   730   764 D LOWI-8.6.0.81: [LOWINetlinkSocketReceiver] processNetlinkPacket: ifname(wlan0) status(0)
04-01 17:41:56.338   730   764 D LOWI-8.6.0.81: [LOWIController] intfStateReceived: ifname(wlan0) state(0)
04-01 17:41:56.338   730   769 D LOWI-8.6.0.81: [LOWIEventReceiver] handleEvent:FROM:NA, TO:NA, REQ:NA, IREQ:NA, REQ_ID:0, RESP:NA, INFO:INTF-STATUS-UPDATE
04-01 17:41:56.338  2084  2084 I Gecko   : [Event] event type: keydown, key: SoftRight, target: [object HTMLParagraphElement], id: location-content
04-01 17:41:56.338   730   769 D LOWI-8.6.0.81: [LOWIEventReceiver] Info to [INTF-STATUS-UPDATE]
04-01 17:41:56.338   730   769 D LOWI-8.6.0.81: [LOWIController] updateIntfState: WIFI enabled 0 mNlWifiStatus 1 mWifiStateEnabled 1
04-01 17:41:56.338   730   769 D LOWI-8.6.0.81: [LOWIController] isWifiEnabled: mNlWifiStatus 0 mWifiStateEnabled 1
04-01 17:41:56.338   730   769 I LOWI-8.6.0.81: [LOWIController] isWifiEnabled: Wifi is now disabled
04-01 17:41:56.338   730   769 D LOWI-8.6.0.81: [LOWIController] terminateScanResultReceiver
04-01 17:41:56.338   730  1943 D LOWI-8.6.0.81: [LOWI-Scan] wips_wait_on_nl_socket: read returned 6, Received string: Close 
04-01 17:41:56.338   730  1943 D LOWI-8.6.0.81: [LOWI-Scan] do_listen_events: Select Error return - -301
04-01 17:41:56.338   730  1943 D LOWI-8.6.0.81: [LOWI-Scan] No dump done. Error -301
04-01 17:41:56.338   730  1943 D LOWI-8.6.0.81: [LOWI-Scan] WipsScanUsingNL: passive scan cached 0, took 1 ms, err -301
04-01 17:41:56.338   730  1943 D LOWI-8.6.0.81: [LOWI-Scan] lowi_proc_req_passive_scan_with_live_meas - No WLAN Frames to be parsed
04-01 17:41:56.338   730  1943 D LOWI-8.6.0.81: [LOWIWifiDriverInterface] Scan terminated for passive listening request
04-01 17:41:56.338   730  1943 I LOWI-8.6.0.81: [LOWIScanResultReceiver] Thread terminate was requested
04-01 17:41:56.343  1941  1941 E wpa_supplicant: No VendorStaIfaceCallback is register
04-01 17:41:56.350   608  2398 I common  : Checking event service #1 object #0 event #0 : false
04-01 17:41:56.351   608  2398 I chatty  : uid=0(root) /data/local/service/api-daemon/api-daemon identical 5 lines
04-01 17:41:56.351   608  2398 I common  : Checking event service #1 object #0 event #0 : false
04-01 17:41:56.351   608  2398 I common  : Checking event service #2 object #0 event #0 : false
04-01 17:41:56.351   608  2398 I common  : Checking event service #1 object #0 event #0 : false
04-01 17:41:56.351   608  2398 I chatty  : uid=0(root) /data/local/service/api-daemon/api-daemon identical 1 line
04-01 17:41:56.351   608  2398 I common  : Checking event service #1 object #0 event #0 : false
04-01 17:41:56.351   608  2398 E time_service::time_ma..: set timezone UTC+08:00 
04-01 17:41:56.351   730  1943 D LOWI-8.6.0.81: [LOWI-Scan] Closing the pipe
04-01 17:41:56.352   730   769 D LOWI-8.6.0.81: [LOWIScanResultReceiver] After join complete
04-01 17:41:56.352   730   769 D LOWI-8.6.0.81: [LOWI-ROME-RTT] RomeUnblockRangingThread
04-01 17:41:56.352   730  1944 D LOWI-8.6.0.81: [LOWI-ROME-RTT] RomeWaitOnActivityOnSocketOrPipe: Ranging thread Received string: Close, request socket shutdown 
04-01 17:41:56.352   730  1944 D LOWI-8.6.0.81: [LOWIRangingFSM] FSM: Received Terminate Thread request from Controller
04-01 17:41:56.352   730  1944 D LOWI-8.6.0.81: [LOWIROMEWifiDriver] FSM returned an non zero value indicating something bad happened
04-01 17:41:56.352   730  1944 I LOWI-8.6.0.81: [LOWIScanResultReceiver] Thread terminate was requested
04-01 17:41:56.352   730  1944 D LOWI-8.6.0.81: [LOWI-ROME-RTT] Closing the Ranging pipe
04-01 17:41:56.352   730   769 D LOWI-8.6.0.81: [LOWIScanResultReceiver] After join complete
04-01 17:41:56.352   730   769 D LOWI-8.6.0.81: [LOWIController] terminateWifiDriver
04-01 17:41:56.369   641   833 I netd    : interfaceSetCfg() <39.52ms>
04-01 17:41:56.389   608  2398 I common  : Checking event service #1 object #0 event #1 : false
04-01 17:41:56.389   608  2398 I chatty  : uid=0(root) /data/local/service/api-daemon/api-daemon identical 1 line
04-01 17:41:56.389   608  2398 I common  : Checking event service #1 object #0 event #1 : false
04-01 17:41:56.389   608  2398 I common  : Checking event service #11 object #0 event #1 : false
04-01 17:41:56.389   608  2398 I common  : Checking event service #5 object #0 event #1 : false
04-01 17:41:56.389   608  2398 I common  : Checking event service #1 object #0 event #1 : false
04-01 17:41:56.389   608  2398 I common  : Checking event service #3 object #0 event #1 : false
04-01 17:41:56.389   608  2398 I common  : Checking event service #1 object #0 event #1 : false
04-01 17:41:56.391   608  2145 I time_service::service: incoming request
04-01 17:41:56.391   608  2092 I time_service::service: incoming request
04-01 17:41:56.391   608  1720 I time_service::service: incoming request
04-01 17:41:56.391   608  2234 I time_service::service: incoming request
04-01 17:41:56.392   608  1365 I time_service::service: incoming request
04-01 17:41:56.402   607  1723 E Sandbox : SandboxBroker: denied op=open rflags=2400000 perms=0 path=/data/misc/zoneinfo/current/tzdata for pid=1601
04-01 17:41:56.404   608  2397 I common  : Checking event service #1 object #0 event #0 : false
04-01 17:41:56.404   608  2397 I chatty  : uid=0(root) /data/local/service/api-daemon/api-daemon identical 5 lines
04-01 17:41:56.404   608  2397 I common  : Checking event service #1 object #0 event #0 : false
04-01 17:41:56.404   608  2397 I common  : Checking event service #2 object #0 event #0 : false
04-01 17:41:56.404   608  2397 I common  : Checking event service #1 object #0 event #0 : false
04-01 17:41:56.404   608  2397 I chatty  : uid=0(root) /data/local/service/api-daemon/api-daemon identical 1 line
04-01 17:41:56.404   608  2397 I common  : Checking event service #1 object #0 event #0 : false
04-01 17:41:56.413   608  1720 I time_service::service: TimeManager::format_request
04-01 17:41:56.413   608  2145 I time_service::service: TimeManager::format_request
04-01 17:41:56.413   608  1720 W api_daemon::session: Processing 'TimeManager service request: TimeObserverCallbackSuccess' took too long: 21ms
04-01 17:41:56.413   608  2145 W api_daemon::session: Processing 'TimeManager service request: TimeObserverCallbackSuccess' took too long: 22ms
04-01 17:41:56.413   608  2234 I time_service::service: TimeManager::format_request
04-01 17:41:56.413   608  2092 I time_service::service: TimeManager::format_request
04-01 17:41:56.413   608  2234 W api_daemon::session: Processing 'TimeManager service request: TimeObserverCallbackSuccess' took too long: 21ms
04-01 17:41:56.413   608  2092 W api_daemon::session: Processing 'TimeManager service request: TimeObserverCallbackSuccess' took too long: 21ms
04-01 17:41:56.413   608  1365 I time_service::service: TimeManager::format_request
04-01 17:41:56.413   608  1365 W api_daemon::session: Processing 'TimeManager service request: TimeObserverCallbackSuccess' took too long: 20ms
04-01 17:41:56.413   608  1365 I time_service::service: incoming request
04-01 17:41:56.427   607  1723 E Sandbox : SandboxBroker: denied op=open rflags=2400000 perms=0 path=/data/misc/zoneinfo/current/tzdata for pid=1601
04-01 17:41:56.432   607  1723 E Sandbox : SandboxBroker: denied op=open rflags=2440000 perms=0 path=/usr/share/zoneinfo/ for pid=1601
04-01 17:41:56.433   608  1057 I time_service::service: incoming request
04-01 17:41:56.438  2084  2084 I Gecko   : [Event] event type: keyup, key: SoftRight, target: [object HTMLLIElement], id: info-container, class: focus
04-01 17:41:56.449   608  1059 I actix_web::middleware..: "GET /resources/mcc.json HTTP/1.1" shared.localhost 200 3580 2.398906
04-01 17:41:56.464   608  1060 I time_service::service: incoming request
04-01 17:41:56.482   608  1059 I time_service::service: incoming request
04-01 17:41:56.493   608  1059 I actix_web::middleware..: "GET /resources/tz.json HTTP/1.1" shared.localhost 200 1314 4.224063
04-01 17:41:56.507  1941  1941 I wpa_supplicant: wlan0: Do not deauthenticate as part of interface deinit since WoWLAN is enabled
04-01 17:41:56.529   513  1940 E WifiHAL : Invalid data received from driver
04-01 17:41:56.529   513  1940 I chatty  : uid=1010 wifi@1.0-servic identical 1 line
04-01 17:41:56.531   513  1940 E WifiHAL : Invalid data received from driver
04-01 17:41:56.544  1941  1941 E wpa_supplicant: eap_proxy: pthread_join on eap_proxy=0x7fbc611c
04-01 17:41:56.544  1941  1941 E wpa_supplicant: eap_proxy: session not started for client = 1
04-01 17:41:56.544  1941  1941 E wpa_supplicant: eap_proxy: Released QMI UIM service client
04-01 17:41:56.545  1941  1941 E wpa_supplicant: eap_proxy: Released QMI EAP service client
04-01 17:41:56.545  1941  1941 E wpa_supplicant: eap_proxy: session not started for client = 2
04-01 17:41:56.546  1941  1941 E wpa_supplicant: eap_proxy: Released QMI UIM service client
04-01 17:41:56.546  1941  1941 E wpa_supplicant: eap_proxy: Released QMI EAP service client
04-01 17:41:56.548  1941  1941 I wpa_supplicant: eap_proxy: eap_proxy Deinitialzed
04-01 17:41:56.553  2084  2084 I Gecko   : [Event] event type: keydown, key: SoftRight, target: [object HTMLLIElement], id: info-container, class: focus
04-01 17:41:56.598   608  1059 I actix_web::middleware..: "GET /js/utils/components/component_utils.js HTTP/1.1" shared.localhost 200 727 1.637865
04-01 17:41:56.600   608  1057 W api_daemon::session: Processing 'SettingsService request: SettingsFactorySet([SettingInfo { name: "time.timezone", value: JsonValue(String("Asia/Taipei")) }])' took too long: 31ms
04-01 17:41:56.604  1941  1941 I wpa_supplicant: nl80211: deinit ifname=wlan0 disabled_11b_rates=0
04-01 17:41:56.605   608  2399 I common  : Checking event service #1 object #0 event #0 : false
04-01 17:41:56.605   608  2399 I chatty  : uid=0(root) /data/local/service/api-daemon/api-daemon identical 5 lines
04-01 17:41:56.605   608  2399 I common  : Checking event service #1 object #0 event #0 : false
04-01 17:41:56.605   608  2399 I common  : Checking event service #2 object #0 event #0 : false
04-01 17:41:56.605   608  2399 I common  : Checking event service #1 object #0 event #0 : false
04-01 17:41:56.605   608  2399 I chatty  : uid=0(root) /data/local/service/api-daemon/api-daemon identical 1 line
04-01 17:41:56.605   608  2399 I common  : Checking event service #1 object #0 event #0 : false
04-01 17:41:56.605   608  2399 E time_service::time_ma..: set timezone Asia/Taipei 
04-01 17:41:56.612   608  1059 I actix_web::middleware..: "GET /js/helper/dialog/confirm_dialog_helper.js HTTP/1.1" shared.localhost 200 3412 4.337344
04-01 17:41:56.619   608  2399 I common  : Checking event service #1 object #0 event #1 : false
04-01 17:41:56.619   608  2399 I chatty  : uid=0(root) /data/local/service/api-daemon/api-daemon identical 1 line
04-01 17:41:56.619   608  2399 I common  : Checking event service #1 object #0 event #1 : false
04-01 17:41:56.619   608  2399 I common  : Checking event service #11 object #0 event #1 : false
04-01 17:41:56.619   608  2399 I common  : Checking event service #5 object #0 event #1 : false
04-01 17:41:56.619   608  2399 I common  : Checking event service #1 object #0 event #1 : false
04-01 17:41:56.619   608  2399 I common  : Checking event service #3 object #0 event #1 : false
04-01 17:41:56.619   608  2399 I common  : Checking event service #1 object #0 event #1 : false
04-01 17:41:56.620   608  2145 I time_service::service: incoming request
04-01 17:41:56.620   608  2234 I time_service::service: incoming request
04-01 17:41:56.621   608  1365 I time_service::service: incoming request
04-01 17:41:56.621   608  1365 I time_service::service: incoming request
04-01 17:41:56.621   608  2092 I time_service::service: incoming request
04-01 17:41:56.621   608  1720 I time_service::service: incoming request
04-01 17:41:56.625  2084  2084 I Gecko   : WebViewChild: 
04-01 17:41:56.626  2084  2084 I Gecko   : Got metaChanged: (og:kaios:softkeyinfo)  
04-01 17:41:56.626  2084  2084 I Gecko   : 
04-01 17:41:56.628  2084  2084 I Gecko   : WebViewChild: 
04-01 17:41:56.628  2084  2084 I Gecko   : Got metaChanged: (og:kaios:softkeyinfo) Enter: Select, SoftRight: Next 
04-01 17:41:56.628  2084  2084 I Gecko   : 
04-01 17:41:56.639  1941  1941 I wpa_supplicant: Try to unregister vendor interface
04-01 17:41:56.658  2084  2084 I Gecko   : [Event] event type: keyup, key: SoftRight, target: [object HTMLLIElement], id: info-container, class: focus
04-01 17:41:56.662   608  1057 I time_service::service: incoming request
04-01 17:41:56.673   608  1060 I time_service::service: incoming request
04-01 17:41:56.677   607  1723 E Sandbox : SandboxBroker: denied op=open rflags=2400000 perms=0 path=/data/misc/zoneinfo/current/tzdata for pid=1601
04-01 17:41:56.700   677   677 I wificond: Unsubscribe scan result for interface with index: 26
04-01 17:41:56.695   607  1723 E Sandbox : SandboxBroker: denied op=open rflags=2400000 perms=0 path=/data/misc/zoneinfo/current/tzdata for pid=1601
04-01 17:41:56.711   608  1059 I actix_web::middleware..: "GET /elements/gaia_confirm/gaia_confirm.js HTTP/1.1" shared.localhost 200 778 1.473282
04-01 17:41:56.730   513  1940 E WifiHAL : Invalid data received from driver
04-01 17:41:56.730   513  1940 E WifiHAL : Invalid data received from driver
04-01 17:41:56.748   608  1059 I time_service::service: incoming request
04-01 17:41:56.765   513   513 W android.hardware.wifi@1.0-service: No active wlan interfaces in use! Using default
04-01 17:41:56.777   513  1940 I WifiHAL : exit_event_handler, buf=E
04-01 17:41:56.778   513   513 I WifiHAL : Sent msg on exit sock to unblock poll()
04-01 17:41:56.790   513  1940 D WifiHAL : wlan_service_update_sys_param: /proc/sys/net/ipv4/tcp_limit_output_bytes 262144
04-01 17:41:56.791   513  1940 D WifiHAL : wlan_service_update_sys_param: /proc/sys/net/ipv4/tcp_use_userconfig 0
04-01 17:41:56.791   513  1940 D WifiHAL : wlan_service_update_sys_param: /proc/sys/net/ipv4/tcp_adv_win_scale 1
04-01 17:41:56.791   513  1940 V WifiHAL : Successfully removed event handler for vendor 0x1374
04-01 17:41:56.791   513  1940 E WifiHAL : 1 events were leftover without being freed
04-01 17:41:56.791   513  1940 I android.hardware.wifi@1.0-service: Legacy HAL stop complete callback received
04-01 17:41:56.793   513  1940 I WifiHAL : wifi_event_loop() exits success
04-01 17:41:56.800  2084  2084 I FocusManager: << blur() called or ClearFocus called >>
04-01 17:41:56.800  2084  2084 I FocusManager: <- blur on, tag: LI, id: info-container, class: focus
04-01 17:41:56.803  2084  2084 I FocusManager: << focus() called >>
04-01 17:41:56.803  2084  2084 I FocusManager:    trying to set focus on, tag: FORM, id: softkeyPanel, class: skbar none-paddings visible focused
04-01 17:41:56.816  2084  2084 I FocusManager: Warning: element is not focusable.
04-01 17:41:56.817  2084  2084 I Gecko   : WebViewChild: 
04-01 17:41:56.817  2084  2084 I Gecko   : Got metaChanged: (og:kaios:softkeyinfo) SoftLeft: Decline, SoftRight: Accept 
04-01 17:41:56.817  2084  2084 I Gecko   : 
04-01 17:41:56.878  2084  2084 I Gecko   : [Event] event type: keydown, key: SoftRight, target: [object HTMLBodyElement], class: theme-system
04-01 17:41:56.879  2084  2084 I Gecko   : [Event] event type: keyup, key: SoftRight, target: [object HTMLBodyElement], class: theme-system
04-01 17:41:56.939  2084  2084 I Gecko   : [Event] event type: keydown, key: SoftRight, target: [object HTMLBodyElement], class: theme-system
