--------- beginning of events
01-10 08:08:12.067   348   348 I auditd  : type=2000 audit(0.0:1): initialized
01-10 08:08:13.483   348   348 I auditd  : type=1403 audit(0.0:2): policy loaded auid=4294967295 ses=4294967295
01-10 08:08:13.483   348   348 I auditd  : type=1404 audit(0.0:3): enforcing=1 old_enforcing=0 auid=4294967295 ses=4294967295
01-10 08:08:17.838   349   349 I auditd  : SELinux: Loaded service_contexts from:
01-10 08:08:17.854   349   349 I auditd  :     /system/etc/selinux/plat_service_contexts
--------- beginning of system
01-10 08:08:18.024   355   355 I vold    : Vold 3.0 (the awakening) firing up
01-10 08:08:18.025   355   355 D vold    : Detected support for: ext4 f2fs vfat
01-10 08:08:18.035   355   355 D vold    : Found unmanaged dm device named vroot
01-10 08:08:18.035   355   355 D vold    : Found unmanaged dm device named vendor-verity
01-10 08:08:18.035   355   355 W vold    : Failed to LOOP_GET_STATUS64 /dev/block/loop10: No such device or address
01-10 08:08:18.035   355   355 W vold    : Failed to LOOP_GET_STATUS64 /dev/block/loop5: No such device or address
01-10 08:08:18.035   355   355 W vold    : Failed to LOOP_GET_STATUS64 /dev/block/loop9: No such device or address
01-10 08:08:18.035   355   355 W vold    : Failed to LOOP_GET_STATUS64 /dev/block/loop4: No such device or address
01-10 08:08:18.036   355   355 W vold    : Failed to LOOP_GET_STATUS64 /dev/block/loop2: No such device or address
01-10 08:08:18.036   355   355 W vold    : Failed to LOOP_GET_STATUS64 /dev/block/loop8: No such device or address
01-10 08:08:18.036   355   355 W vold    : Failed to LOOP_GET_STATUS64 /dev/block/loop13: No such device or address
01-10 08:08:18.036   355   355 W vold    : Failed to LOOP_GET_STATUS64 /dev/block/loop7: No such device or address
01-10 08:08:18.036   355   355 W vold    : Failed to LOOP_GET_STATUS64 /dev/block/loop12: No such device or address
01-10 08:08:18.036   355   355 W vold    : Failed to LOOP_GET_STATUS64 /dev/block/loop1: No such device or address
01-10 08:08:18.036   355   355 W vold    : Failed to LOOP_GET_STATUS64 /dev/block/loop15: No such device or address
01-10 08:08:18.036   355   355 W vold    : Failed to LOOP_GET_STATUS64 /dev/block/loop3: No such device or address
01-10 08:08:18.036   355   355 W vold    : Failed to LOOP_GET_STATUS64 /dev/block/loop0: No such device or address
01-10 08:08:18.036   355   355 W vold    : Failed to LOOP_GET_STATUS64 /dev/block/loop14: No such device or address
01-10 08:08:18.036   355   355 W vold    : Failed to LOOP_GET_STATUS64 /dev/block/loop6: No such device or address
01-10 08:08:18.036   355   355 W vold    : Failed to LOOP_GET_STATUS64 /dev/block/loop11: No such device or address
01-10 08:08:18.040   355   355 D vold    : VoldNativeService::start() completed OK
01-10 08:08:18.313   355   365 I vold    : Found disk at /devices/platform/soc/7864900.sdhci/mmc_host/mmc1/mmc1:aaaa/block/mmcblk1 but delaying scan due to secure keyguard
01-10 08:08:18.577   383   392 I QISL    : QSEE Interrupt Service Listener Thread is started
01-10 08:08:18.578   383   392 I QISL    : QSEE Interrupt Service Listener was activated successfully
01-10 08:08:18.672   355   355 I Checkpoint: cp_prepareCheckpoint called
01-10 08:08:18.703   355   355 I vold    : fscrypt_initialize_systemwide_keys
01-10 08:08:18.703   355   355 I vold    : Creating new key in /data/unencrypted/key
01-10 08:08:18.728   355   355 I vold    : List of Keymaster HALs found:
01-10 08:08:18.728   355   355 I vold    : Keymaster HAL #1: Keymaster HAL: 4 from QTI SecurityLevel: TRUSTED_ENVIRONMENT HAL: android.hardware.keymaster@4.0::IKeymasterDevice/default
01-10 08:08:18.735   355   355 D vold    : Computing HMAC with params { (seed: 07dae02926d63a53823eee7317c98af484b4893cef0f8572b8c310c471238c, nonce: 6c60e3e83c4c23eff9dc64c1ef38c515aa06fd8295a88e25f13d346c64d3c38) }
01-10 08:08:18.735   355   355 D vold    : Computing HMAC for Keymaster HAL: 4 from QTI SecurityLevel: TRUSTED_ENVIRONMENT HAL: android.hardware.keymaster@4.0::IKeymasterDevice/default
01-10 08:08:18.743   355   355 I vold    : Using Keymaster HAL: 4 from QTI for encryption.  Security level: TRUSTED_ENVIRONMENT, HAL: android.hardware.keymaster@4.0::IKeymasterDevice/default
01-10 08:08:18.743   355   355 D vold    : Creating key that doesn't need auth token
01-10 08:08:18.773   355   355 D vold    : Created key: /data/unencrypted/key
01-10 08:08:18.773   355   355 D vold    : Added key 873865705 (ext4:55cbb2c8e531c623) to keyring 739244583 in process 355
01-10 08:08:18.774   355   355 D vold    : Added key 262296870 (f2fs:55cbb2c8e531c623) to keyring 739244583 in process 355
01-10 08:08:18.774   355   355 D vold    : Added key 55732061 (fscrypt:55cbb2c8e531c623) to keyring 739244583 in process 355
01-10 08:08:18.776   355   355 I vold    : Wrote system DE key reference to:/data/unencrypted/ref
01-10 08:08:18.776   355   355 D vold    : Added key 1024657077 (ext4:5c26f079eddc74f7) to keyring 739244583 in process 355
01-10 08:08:18.776   355   355 D vold    : Added key 1068095144 (f2fs:5c26f079eddc74f7) to keyring 739244583 in process 355
01-10 08:08:18.776   355   355 D vold    : Added key 46014681 (fscrypt:5c26f079eddc74f7) to keyring 739244583 in process 355
01-10 08:08:18.777   355   355 I vold    : Wrote per boot key reference to:/data/unencrypted/per_boot_ref
01-10 08:08:19.001   355   355 D vold    : fscrypt_init_user0
01-10 08:08:19.001   355   355 D vold    : Preparing: /data/misc/vold/user_keys
01-10 08:08:19.002   355   355 D vold    : Preparing: /data/misc/vold/user_keys/ce
01-10 08:08:19.002   355   355 D vold    : Preparing: /data/misc/vold/user_keys/de
01-10 08:08:19.002   355   355 D vold    : Preparing: /data/misc/vold/user_keys/ce/0
01-10 08:08:19.002   355   355 D vold    : Skipping non-key .
01-10 08:08:19.002   355   355 D vold    : Skipping non-key ..
01-10 08:08:19.070   355   355 I vold    : List of Keymaster HALs found:
01-10 08:08:19.070   355   355 I vold    : Keymaster HAL #1: Keymaster HAL: 4 from QTI SecurityLevel: TRUSTED_ENVIRONMENT HAL: android.hardware.keymaster@4.0::IKeymasterDevice/default
01-10 08:08:19.070   355   355 I vold    : Using Keymaster HAL: 4 from QTI for encryption.  Security level: TRUSTED_ENVIRONMENT, HAL: android.hardware.keymaster@4.0::IKeymasterDevice/default
01-10 08:08:19.070   355   355 D vold    : Creating key that doesn't need auth token
01-10 08:08:19.094   355   355 D vold    : Created key: /data/misc/vold/user_keys/ce/0/current
01-10 08:08:19.114   355   355 I vold    : List of Keymaster HALs found:
01-10 08:08:19.114   355   355 I vold    : Keymaster HAL #1: Keymaster HAL: 4 from QTI SecurityLevel: TRUSTED_ENVIRONMENT HAL: android.hardware.keymaster@4.0::IKeymasterDevice/default
01-10 08:08:19.114   355   355 I vold    : Using Keymaster HAL: 4 from QTI for encryption.  Security level: TRUSTED_ENVIRONMENT, HAL: android.hardware.keymaster@4.0::IKeymasterDevice/default
01-10 08:08:19.114   355   355 D vold    : Creating key that doesn't need auth token
01-10 08:08:19.136   355   355 D vold    : Created key: /data/misc/vold/user_keys/de/0
01-10 08:08:19.136   355   355 D vold    : Added key 940001150 (ext4:9c3694e93d314aef) to keyring 739244583 in process 355
01-10 08:08:19.136   355   355 D vold    : Added key 198532020 (f2fs:9c3694e93d314aef) to keyring 739244583 in process 355
01-10 08:08:19.136   355   355 D vold    : Added key 736017980 (fscrypt:9c3694e93d314aef) to keyring 739244583 in process 355
01-10 08:08:19.136   355   355 D vold    : Added key 67251020 (ext4:81b0e08c5b54ce81) to keyring 739244583 in process 355
01-10 08:08:19.136   355   355 D vold    : Added key 1009910505 (f2fs:81b0e08c5b54ce81) to keyring 739244583 in process 355
01-10 08:08:19.136   355   355 D vold    : Added key 1021511794 (fscrypt:81b0e08c5b54ce81) to keyring 739244583 in process 355
01-10 08:08:19.136   355   355 D vold    : Created keys for user 0
01-10 08:08:19.136   355   355 D vold    : Skipping non-de-key .
01-10 08:08:19.136   355   355 D vold    : Skipping non-de-key ..
01-10 08:08:19.137   355   355 D vold    : fscrypt_prepare_user_storage for volume null, user 0, serial 0, flags 1
01-10 08:08:19.137   355   355 D vold    : Preparing: /data/system/users/0
01-10 08:08:19.137   355   355 D vold    : Preparing: /data/misc/profiles/cur/0
01-10 08:08:19.137   355   355 D vold    : Preparing: /data/system_de/0
01-10 08:08:19.137   355   355 D vold    : Preparing: /data/misc_de/0
01-10 08:08:19.137   355   355 D vold    : Preparing: /data/vendor_de/0
01-10 08:08:19.137   355   355 D vold    : Preparing: /data/user_de/0
01-10 08:08:19.138   355   355 I vold    : Policy for /data/system_de/0 set to 9c3694e93d314aef modes 127/4
01-10 08:08:19.138   355   355 I vold    : Policy for /data/misc_de/0 set to 9c3694e93d314aef modes 127/4
01-10 08:08:19.138   355   355 I vold    : Policy for /data/vendor_de/0 set to 9c3694e93d314aef modes 127/4
01-10 08:08:19.138   355   355 I vold    : Policy for /data/user_de/0 set to 9c3694e93d314aef modes 127/4
01-10 08:08:19.138   355   355 D vold    : /system/bin/vold_prepare_subdirs
01-10 08:08:19.138   355   355 D vold    :     prepare
01-10 08:08:19.138   355   355 D vold    :     
01-10 08:08:19.138   355   355 D vold    :     0
01-10 08:08:19.138   355   355 D vold    :     1
01-10 08:08:19.895   515   515 I irsc_util: Starting irsc tool
01-10 08:08:19.905   515   515 I irsc_util: Num of entries:297
01-10 08:08:19.916   515   515 I irsc_util: Ending irsc tool
01-10 08:08:20.162   513   513 I android.hardware.wifi@1.0-service: Wifi Hal is booting up...
01-10 08:08:20.167   513   513 I ServiceManagement: Registered android.hardware.wifi@1.3::IWifi/default (start delay of 439ms)
01-10 08:08:21.347   677   677 I wificond: wificond is starting up...
--------- beginning of radio
01-10 08:08:21.855   637   637 D IMSD    : **IMS Daemon Started**
01-10 08:08:23.870   804   804 I auditd  : type=1400 audit(0.0:4): avc: denied { dac_override } for comm="cp" capability=1 scontext=u:r:qti_init_shell:s0 tcontext=u:r:qti_init_shell:s0 tclass=capability permissive=0
01-10 08:08:23.870   804   804 I auditd  : type=1400 audit(0.0:5): avc: denied { dac_override } for comm="cp" capability=1 scontext=u:r:qti_init_shell:s0 tcontext=u:r:qti_init_shell:s0 tclass=capability permissive=0
01-10 08:08:24.943   619   619 I auditd  : type=1400 audit(0.0:6): avc: denied { read } for comm="wcnss_service" name="u:object_r:system_prop:s0" dev="tmpfs" ino=6339 scontext=u:r:wcnss_service:s0 tcontext=u:object_r:system_prop:s0 tclass=file permissive=0
01-10 08:08:25.006   619   619 I auditd  : type=1400 audit(0.0:7): avc: denied { read } for comm="wcnss_service" name="u:object_r:serialno_prop:s0" dev="tmpfs" ino=6333 scontext=u:r:wcnss_service:s0 tcontext=u:object_r:serialno_prop:s0 tclass=file permissive=0
01-10 08:08:26.919   637   637 E         : getPhoneCount iTelephony is NULL
01-10 08:08:26.921   637   637 D ImsSenderRxr: registerServerNotification: phoneId 0
01-10 08:08:26.932   637   637 D ImsSenderRxr: Registered for service start notifications
01-10 08:08:27.508   642   818 E storaged: getService package_native failed
01-10 08:08:27.818   642   818 I storaged: storaged: Start
01-10 08:08:31.661   862   862 D RILD    : **RIL Daemon Started**
01-10 08:08:31.661   862   862 D RILD    : **RILd param count=1**
01-10 08:08:31.661   862   862 D RILD    : RIL_Init argc = 3 clientId = 0
01-10 08:08:31.703   862   862 E RILQ    : log to /data/vendor/radio/ril_log for QCRIL logging is not enabled
01-10 08:08:32.015   637   637 E         : getPhoneCount iTelephony is NULL
01-10 08:08:32.016   637   637 D ImsSenderRxr: registerForMessage:: Handler af99446c registering for msg UNSOL_RADIO_STATE_CHANGED list size 17
01-10 08:08:32.016   637   637 D ImsSubController: onServiceDown phoneId = 0
01-10 08:08:32.016   637   637 D ImsSubController: updateStackConfig phoneId = 0 isEnabled =  false mIsDsdv = true
01-10 08:08:32.016   637   637 D ImsSubController: updateStackConfig Stacks are not yet initialized
01-10 08:08:32.016   637   637 D ImsSubController: notifyStackConfigChanged phoneId = 0
01-10 08:08:32.016   637   637 D ImsSubController: activeStack[0] = false
01-10 08:08:32.016   637   637 D ImsServiceSub: onStackConfigChanged
01-10 08:08:32.016   637   637 D ImsServiceSub: onStackConfigChanged activeStacks[0] = false
01-10 08:08:32.016   637   637 D ImsServiceSub: onStackConfigChanged oldFeatureState = 1 mFeatureState = 0
01-10 08:08:32.016   637   637 W ImsServiceSub: mFeatureStatusListener is null. Not able to inform B2G of feature status
01-10 08:08:32.016   637   637 D ImsSenderRxr: registerForMessage:: Handler af9a3000 registering for msg UNSOL_RESPONSE_IMS_NETWORK_STATE_CHANGED list size 17
01-10 08:08:32.016   637   637 D ImsSenderRxr: registerForMessage:: Handler af9a3000 registering for msg UNSOL_SRV_STATUS_UPDATE list size 17
01-10 08:08:32.016   637   637 D ImsSenderRxr: registerForMessage:: Handler af9a3000 registering for msg UNSOL_RESPONSE_CALL_STATE_CHANGED list size 17
01-10 08:08:32.016   637   637 D ImsSenderRxr: registerForMessage:: Handler af9a3000 registering for msg UNSOL_RESPONSE_HANDOVER list size 17
01-10 08:08:32.016   637   637 D ImsSenderRxr: registerForMessage:: Handler af9a3000 registering for msg UNSOL_SUPP_SVC_NOTIFICATION list size 17
01-10 08:08:32.016   637   637 D ImsSenderRxr: registerForMessage:: Handler af9a3000 registering for msg UNSOL_MODIFY_CALL list size 17
01-10 08:08:32.016   637   637 D ImsSenderRxr: registerForMessage:: Handler af9a3000 registering for msg UNSOL_AUTO_CALL_REJECTION list size 17
01-10 08:08:32.016   637   637 D ImsSenderRxr: registerForMessage:: Handler af9a3000 registering for msg UNSOL_REFRESH_CONF_INFO list size 17
01-10 08:08:32.016   637   637 D ImsEcbmImpl: ImsEcbmImpl
01-10 08:08:32.016   637   637 D ImsSenderRxr: registerForMessage:: Handler af97b570 registering for msg UNSOL_ENTER_EMERGENCY_CALLBACK_MODE list size 17
01-10 08:08:32.016   637   637 D ImsSenderRxr: registerForMessage:: Handler af97b570 registering for msg UNSOL_EXIT_EMERGENCY_CALLBACK_MODE list size 17
01-10 08:08:32.016   637   637 D ImsSenderRxr: registerForMessage:: Handler af98f3cc registering for msg UNSOL_INCOMING_IMS_SMS list size 17
01-10 08:08:32.016   637   637 D ImsSenderRxr: registerForMessage:: Handler af98f3cc registering for msg UNSOL_IMS_SMS_STATUS_REPORT list size 17
01-10 08:08:32.016   637   637 D ImsService: startService registering Service: imsservicemanager
01-10 08:08:32.017   637   637 D IMSD    : starting sleep loop
01-10 08:08:32.925   642   818 E storaged: getService package_native failed
01-10 08:08:33.340   862   862 W RILC    : RIL_onUnsolicitedResponse called before RIL_register
01-10 08:08:33.452   862   862 I chatty  : uid=1001(radio) main identical 1 line
01-10 08:08:33.453   862   862 W RILC    : RIL_onUnsolicitedResponse called before RIL_register
01-10 08:08:33.468   862   862 D RILD    : RIL_Init rilInit completed
01-10 08:08:33.468   862   862 I RILC    : SIM_COUNT: 1
01-10 08:08:33.468   862   862 E RILC    : RIL_register: RIL version 15
01-10 08:08:33.468   862   862 I RILC    : s_registerCalled flag set, 1
01-10 08:08:33.471   862  1284 D RIL_SAP : sap_register_service status=0
01-10 08:08:33.544   637  1012 D ImsSenderRxr: onRegistration callback fqname = vendor.qti.hardware.radio.ims@1.0::IImsRadio name = imsradio0
01-10 08:08:33.544   637  1012 D ImsSenderRxr: initImsRadio: phoneId 0
01-10 08:08:33.559   637  1012 D ImsSenderRxr: initImsRadio: imsRadioV11 availability: available
01-10 08:08:33.573   637  1012 D ImsSenderRxr: initImsRadio: imsRadioV12 availability: available
01-10 08:08:33.577   637  1012 D ImsSenderRxr: initImsRadio: imsRadioV13 availability: available
01-10 08:08:33.583   637  1012 D ImsSenderRxr: initImsRadio: imsRadioV14 availability: available
01-10 08:08:33.589   637  1012 D ImsSenderRxr: initImsRadio: imsRadioV15 availability: available
01-10 08:08:33.600   637  1012 D ImsSenderRxr: initImsRadio: imsRadioV16 availability: available
01-10 08:08:33.693   637  1012 D ImsSenderRxr: notifyServiceUp instanceName = imsradio0
01-10 08:08:33.693   637  1012 D ImsSubController: onServiceUp phoneId = 0
01-10 08:08:33.693   637  1012 D ImsSubController: Single SIM mode
01-10 08:08:33.693   637  1012 D ImsSubController: initSubscriptionStatus: Not multi-sim
01-10 08:08:33.693   637  1012 D ImsSubController: notifyStackConfigChanged phoneId = 0
01-10 08:08:33.693   637  1012 D ImsSubController: activeStack[0] = true
01-10 08:08:33.693   637  1012 D ImsServiceSub: onStackConfigChanged
01-10 08:08:33.693   637  1012 D ImsServiceSub: onStackConfigChanged activeStacks[0] = true
01-10 08:08:33.693   637  1012 D ImsServiceSub: onStackConfigChanged oldFeatureState = 0 mFeatureState = 2
01-10 08:08:33.693   637  1012 W ImsServiceSub: mFeatureStatusListener is null. Not able to inform B2G of feature status
01-10 08:08:33.704   862   862 I RILC    : RILHIDL called registerService
01-10 08:08:33.704   862   862 D RILD    : RIL_Init RIL_register completed
01-10 08:08:33.704   862   862 D RILD    : RIL_register_socket completed
01-10 08:08:33.718   862  1232 E RILQ    : (0/862): RIL[0][(862,1232)] get_ecc_property_name: ecc list name : ril.ecclist.
01-10 08:08:33.723   862  1232 E RILQ    : (0/862): RIL[0][(862,1232)] qcril_reqlist_new_all: [RID 0] Fail to add ReqList entry with token [0xffffff04 (token id -252)] (already exists)
01-10 08:08:33.725   862  1232 E RILQ    : (0/862): RIL[0][(862,1232)] get_ecc_property_name: ecc list name : ril.ecclist.
01-10 08:08:33.729   862  1232 E RILQ    : (0/862): RIL[0][(862,1232)] get_ecc_property_name: ecc list name : ril.ecclist.
01-10 08:08:33.734   637  1012 D ImsSenderRxr: onRadioStateChanged
01-10 08:08:33.738   862  1232 E RILQ    : (0/862): RIL[0][(862,1232)] get_ecc_property_name: ecc list name : ril.ecclist.
01-10 08:08:33.741   637  1012 D         : radioState = 0
01-10 08:08:33.741   637  1012 D ImsSenderRxr: [UNSOL] < UNSOL_RADIO_STATE_CHANGED [SUB0]
01-10 08:08:33.741   637  1012 D ImsSubController: Received unsolicited IMS response UNSOL_RADIO_STATE_CHANGED
01-10 08:08:33.741   637  1012 D ImsSubController: handleRadioStateChanged radioState = 0 phoneId = 0
01-10 08:08:33.741   637  1012 D ImsSenderRxr: getImsSubConfig
01-10 08:08:33.741   637  1012 D ImsSenderRxr: [0000] > REQUEST_GET_IMS_SUB_CONFIG [SUB0]
01-10 08:08:33.766   637  1012 D ImsSenderRxr: getImsSubConfigResponse errorCode = 0
01-10 08:08:33.766   637  1012 D         : ImsSubConfigDetails simultStackCount: 1
01-10 08:08:33.766   637  1012 D         : mImsStackEnabled[0] = true
01-10 08:08:33.766   637  1012 D         : mImsStackEnabled[1] = false
01-10 08:08:33.766   637  1012 D         : mImsStackEnabled[2] = false
01-10 08:08:33.766   637  1012 D ImsSenderRxr: [0000] < REQUEST_GET_IMS_SUB_CONFIG [SUB0]
01-10 08:08:33.766   637  1012 D ImsSubController: Received solicited IMS response REQUEST_GET_IMS_SUB_CONFIG
01-10 08:08:33.767   637  1012 D         : ImsSubConfigDetails simultStackCount: 1
01-10 08:08:33.767   637  1012 D         : mImsStackEnabled[0] = true
01-10 08:08:33.767   637  1012 D         : mImsStackEnabled[1] = false
01-10 08:08:33.767   637  1012 D         : mImsStackEnabled[2] = false
01-10 08:08:33.767   637  1012 D ImsSubController: handleSubConfigChanged mActiveStacks[0] = true
01-10 08:08:33.767   637  1012 D ImsSubController: handleSubConfigChanged phoneId = 0
01-10 08:08:33.767   637  1012 D ImsSubController: notifyStackConfigChanged phoneId = 0
01-10 08:08:33.767   637  1012 D ImsSubController: activeStack[0] = true
01-10 08:08:33.767   637  1012 D ImsServiceSub: onStackConfigChanged
01-10 08:08:33.767   637  1012 D ImsServiceSub: onStackConfigChanged activeStacks[0] = true
01-10 08:08:33.767   637  1012 D ImsServiceSub: onStackConfigChanged oldFeatureState = 2 mFeatureState = 2
01-10 08:08:33.767   637  1012 W ImsServiceSub: mFeatureStatusListener is null. Not able to inform B2G of feature status
01-10 08:08:44.836   607   607 I Gecko   : ============ B2G device information ============
01-10 08:08:44.836   607   607 I Gecko   : Build UID         = 
01-10 08:08:44.836   607   607 I Gecko   : Build Description = Gflip5_VZW-userdebug 10 QKQ1.200623.002 eng.rex.20210401.165856 test-keys
01-10 08:08:44.836   607   607 I Gecko   : Bootloader        = unknown
01-10 08:08:44.836   607   607 I Gecko   : OS Version        = KAIOS 3.0
01-10 08:08:44.836   607   607 I Gecko   : ==================================================
01-10 08:08:45.250   627   627 I auditd  : type=1400 audit(0.0:8): avc: denied { read } for comm="vm_bms" name="u:object_r:default_prop:s0" dev="tmpfs" ino=6245 scontext=u:r:vm_bms:s0 tcontext=u:object_r:default_prop:s0 tclass=file permissive=0
01-10 08:08:45.260   627   627 I chatty  : uid=0(root) /vendor/bin/vm_bms identical 39 lines
01-10 08:08:45.260   627   627 I auditd  : type=1400 audit(0.0:48): avc: denied { read } for comm="vm_bms" name="u:object_r:default_prop:s0" dev="tmpfs" ino=6245 scontext=u:r:vm_bms:s0 tcontext=u:object_r:default_prop:s0 tclass=file permissive=0
01-10 08:08:46.316  1404  1404 I sysui_multi_action: [757,1098,758,4,1099,<EMPTY>]
01-10 08:08:46.319  1404  1404 I sysui_multi_action: [757,804,799,factory_reset_current_time,801,778126,802,1]
01-10 08:08:46.321  1404  1404 I sysui_multi_action: [757,804,799,last_boot_time_utc,801,778126,802,1]
01-10 08:08:46.321  1404  1404 I sysui_multi_action: [757,804,799,build_date,801,1617267534,802,1]
01-10 08:08:46.321  1404  1404 I sysui_multi_action: [757,804,799,factory_reset_boot_complete_no_encryption,801,35,802,1]
01-10 08:08:46.321  1404  1404 I sysui_multi_action: [757,804,799,factory_reset_boot_complete,801,35,802,1]
01-10 08:08:46.321  1404  1404 I sysui_multi_action: [757,804,799,ro.boottime.init,801,1352,802,1]
01-10 08:08:46.321  1404  1404 I sysui_multi_action: [757,804,799,ro.boottime.init.selinux,801,192,802,1]
01-10 08:08:46.321  1404  1404 I sysui_multi_action: [757,804,799,ro.boottime.init.cold_boot_wait,801,2889,802,1]
01-10 08:08:46.321  1404  1404 I sysui_multi_action: [757,804,799,boottime.bootloader.total,801,0,802,1]
01-10 08:08:46.321  1404  1404 I sysui_multi_action: [757,804,799,absolute_boot_time,801,35,802,1]
01-10 08:08:46.321  1404  1404 I sysui_multi_action: [757,804,799,boot_reason,801,0,802,1]
01-10 08:08:46.322  1404  1404 I sysui_multi_action: [757,804,799,system_boot_reason,801,64,802,1]
01-10 08:08:46.322  1404  1404 I sysui_multi_action: [757,804,799,factory_reset_current_time,801,778126,802,1]
01-10 08:08:46.322  1404  1404 I sysui_multi_action: [757,804,799,factory_reset,801,778126,802,1]
01-10 08:08:47.190  1456  1456 I auditd  : type=1400 audit(0.0:49): avc: denied { read } for comm="getprop" name="u:object_r:default_prop:s0" dev="tmpfs" ino=6245 scontext=u:r:qti_init_shell:s0 tcontext=u:object_r:default_prop:s0 tclass=file permissive=0
01-10 08:08:47.519   862   862 D RILC    : setResponseFunctions_1_4
01-10 08:08:47.534   862   862 D RILC    : RadioImpl_1_4::setResponseFunctions_nolock
01-10 08:08:47.563   862   862 D RILC    : RadioImpl_1_3::setResponseFunctions_nolock
01-10 08:08:47.563   862   862 D RILC    : RadioImpl_1_2::setResponseFunctions_nolock
01-10 08:08:47.612   862   862 D RILC    : rilConnectedInd
01-10 08:08:47.613   862   862 D RILC    : radioStateChangedInd: radioState 0
01-10 08:08:47.614   862   862 I RILC    : RIL Daemon version: Qualcomm RIL 1.0
01-10 08:08:47.809   637  1241 D ImsService: createMmTelFeature slotId = 0
01-10 08:08:47.809   637  1241 D ImsServiceSub: setFeatureStatusListener mFeatureState = 2
01-10 08:08:48.111   637  1241 D ImsServiceSub: setSmsListener setting IImsSmsListener
01-10 08:08:48.111   637  1241 D ImsSmsImpl: registerSmsListener setting IImsSmsListener
01-10 08:08:48.111   637  1241 D ImsSmsImpl: onReady 
01-10 08:08:49.692   862   862 D RILC    : setRadioPower: serial 2 on 0
01-10 08:08:49.696   637  1241 D ImsService: getRegistration slotId = 0
01-10 08:08:49.697   637  1241 D ImsService: getConfig slotId = 0
01-10 08:08:49.708   637  1241 D ImsService: getEcbm slotId = 0
01-10 08:08:49.709   637  1241 D ImsEcbmImpl: setListener
01-10 08:08:49.709   637  1241 D ImsServiceSub: setListener setting mMMtelListener
01-10 08:08:49.709   637  1241 D ImsServiceSub: creating ImsServiceClassTracker
01-10 08:08:49.710   637  1241 D ImsServiceClassTracker: updateFeatureCapabilities isVideoSupported = false isVoiceSupported = false
01-10 08:08:49.710   637  1241 D ImsSenderRxr: getImsRegistrationState
01-10 08:08:49.710   637  1241 D ImsSenderRxr: [0001] > REQUEST_IMS_REGISTRATION_STATE [SUB0]
01-10 08:08:49.744   637  1241 D ImsRegistrationImpl: getRegistrationTechnology mImsRadioTech = 0
01-10 08:08:49.827   637  1012 D ImsSenderRxr: getRegistrationResponse_1_6 errorCode = 0
01-10 08:08:49.827   637  1012 D         : ImsRegistrationInfo state: 2 errorCode: 0 errorMessage:  radioTech: 2147483647 pAssociatedUris: 
01-10 08:08:49.827   637  1012 D ImsSenderRxr: [0001] < REQUEST_IMS_REGISTRATION_STATE [SUB0]
01-10 08:08:49.827   637  1012 D ImsServiceSub: Received solicited IMS response REQUEST_IMS_REGISTRATION_STATE
01-10 08:08:49.827   637  1012 D         : ImsRegistrationInfo state: 2 errorCode: 0 errorMessage:  radioTech: 2147483647 pAssociatedUris: 
01-10 08:08:49.827   637  1012 D ImsRegistrationImpl: onDeregistered reasonInfo = 0
01-10 08:08:49.844   862  1232 E RILQ    : (0/862): RIL[0][(862,1232)] get_ecc_property_name: ecc list name : ril.ecclist.
01-10 08:08:49.852   862  1232 D RILC    : radioStateChangedInd: radioState 0
01-10 08:08:49.853   637  1012 D ImsSenderRxr: onRadioStateChanged
01-10 08:08:49.854   637  1012 D         : radioState = 0
01-10 08:08:49.854   637  1012 D ImsSenderRxr: [UNSOL] < UNSOL_RADIO_STATE_CHANGED [SUB0]
01-10 08:08:49.854   637  1012 D ImsSubController: Received unsolicited IMS response UNSOL_RADIO_STATE_CHANGED
01-10 08:08:49.854   637  1012 D ImsSubController: handleRadioStateChanged radioState = 0 phoneId = 0
01-10 08:08:49.854   637  1012 D ImsSenderRxr: getImsSubConfig
01-10 08:08:49.854   637  1012 D ImsSenderRxr: [0002] > REQUEST_GET_IMS_SUB_CONFIG [SUB0]
01-10 08:08:49.887   637  1012 D ImsSenderRxr: getImsSubConfigResponse errorCode = 0
01-10 08:08:49.887   637  1012 D         : ImsSubConfigDetails simultStackCount: 1
01-10 08:08:49.887   637  1012 D         : mImsStackEnabled[0] = true
01-10 08:08:49.887   637  1012 D         : mImsStackEnabled[1] = false
01-10 08:08:49.887   637  1012 D         : mImsStackEnabled[2] = false
01-10 08:08:49.887   637  1012 D ImsSenderRxr: [0002] < REQUEST_GET_IMS_SUB_CONFIG [SUB0]
01-10 08:08:49.887   637  1012 D ImsSubController: Received solicited IMS response REQUEST_GET_IMS_SUB_CONFIG
01-10 08:08:49.887   637  1012 D         : ImsSubConfigDetails simultStackCount: 1
01-10 08:08:49.887   637  1012 D         : mImsStackEnabled[0] = true
01-10 08:08:49.887   637  1012 D         : mImsStackEnabled[1] = false
01-10 08:08:49.887   637  1012 D         : mImsStackEnabled[2] = false
01-10 08:08:49.887   637  1012 D ImsSubController: handleSubConfigChanged mActiveStacks[0] = true
01-10 08:08:49.887   637  1012 D ImsSubController: handleSubConfigChanged phoneId = 0
01-10 08:08:49.887   637  1012 D ImsSubController: notifyStackConfigChanged phoneId = 0
01-10 08:08:49.887   637  1012 D ImsSubController: activeStack[0] = true
01-10 08:08:49.887   637  1012 D ImsServiceSub: onStackConfigChanged
01-10 08:08:49.887   637  1012 D ImsServiceSub: onStackConfigChanged activeStacks[0] = true
01-10 08:08:49.887   637  1012 D ImsServiceSub: onStackConfigChanged oldFeatureState = 2 mFeatureState = 2
01-10 08:08:55.981   642  1034 E storaged: getService package_native failed
01-10 08:08:59.037   355   413 D vold    : Waiting for FUSE to spin up...
01-10 08:08:59.088   355   413 D vold    : Waiting for FUSE to spin up...
01-10 08:08:59.118  1734  1734 W sdcard  : Device explicitly enabled sdcardfs
01-10 08:08:59.140   355   355 D vold    : Linking /storage/emulated/0 to /mnt/user/0/primary
01-10 08:08:59.142   355   355 D vold    : /system/bin/sgdisk
01-10 08:08:59.142   355   355 D vold    :     --android-dump
01-10 08:08:59.142   355   355 D vold    :     /dev/block/vold/disk:179,64
01-10 08:08:59.424   355   355 D vold    : DISK mbr
01-10 08:08:59.424   355   355 D vold    : 
01-10 08:08:59.424   355   355 D vold    : PART 1 c
01-10 08:08:59.424   355   355 D vold    : 
01-10 08:08:59.429   355   355 D vold    : /system/bin/blkid
01-10 08:08:59.429   355   355 D vold    :     -c
01-10 08:08:59.429   355   355 D vold    :     /dev/null
01-10 08:08:59.429   355   355 D vold    :     -s
01-10 08:08:59.429   355   355 D vold    :     TYPE
01-10 08:08:59.429   355   355 D vold    :     -s
01-10 08:08:59.429   355   355 D vold    :     UUID
01-10 08:08:59.429   355   355 D vold    :     -s
01-10 08:08:59.429   355   355 D vold    :     LABEL
01-10 08:08:59.429   355   355 D vold    :     /dev/block/vold/public:179,65
01-10 08:08:59.641   355   355 D vold    : /dev/block/vold/public:179,65: UUID="3336-3134" TYPE="vfat" 
01-10 08:08:59.641   355   355 D vold    : 
01-10 08:08:59.643   355   355 D vold    : /system/bin/fsck_msdos
01-10 08:08:59.643   355   355 D vold    :     -p
01-10 08:08:59.643   355   355 D vold    :     -f
01-10 08:08:59.643   355   355 D vold    :     -y
01-10 08:08:59.643   355   355 D vold    :     /dev/block/vold/public:179,65
01-10 08:08:59.946   355   355 D vold    : /dev/block/vold/public:179,65: 29 files, 2913568 free (484265 clusters)
01-10 08:08:59.946   355   355 D vold    : 
01-10 08:08:59.947   355   355 I vold    : Filesystem check completed OK
01-10 08:09:00.004   355   355 D vold    : Linking /mnt/media_rw/3336-3134 to /mnt/user/0/primary
01-10 08:09:06.449   513   513 I android.hardware.wifi@1.0-service: Wifi HAL started
01-10 08:09:06.695   513   513 I android.hardware.wifi@1.0-service: Adding interface handle for wlan0
01-10 08:09:06.695   513   513 I android.hardware.wifi@1.0-service: Adding interface handle for p2p0
01-10 08:09:06.695   513   513 W android.hardware.wifi@1.0-service: No active wlan interfaces in use! Using default
01-10 08:09:06.696   513   513 W android.hardware.wifi@1.0-service: No active wlan interfaces in use! Using default
01-10 08:09:06.700   513   513 I android.hardware.wifi@1.0-service: Configured chip in mode 0
01-10 08:09:06.700   513   513 W android.hardware.wifi@1.0-service: No active wlan interfaces in use! Using default
01-10 08:09:08.050   677   677 I wificond: setting base_wiphy_index_ to 0
01-10 08:09:08.052   677   677 I wificond: create scanner for interface with index: 26
01-10 08:09:08.052   677   677 I wificond: subscribe scan result for interface with index: 26
01-10 08:09:08.060   677   677 E wificond: No Offload Service available
01-10 08:09:08.060   677   677 I wificond: Offload HAL not supported 
01-10 08:09:09.134   862   862 D RILC    : setRadioPower: serial 102 on 1
01-10 08:09:09.611   862  1232 E RILQ    : (0/862): RIL[0][(862,1232)] get_ecc_property_name: ecc list name : ril.ecclist.
01-10 08:09:09.677   637  1463 D ImsConfigImpl: setConfigInt item = 27 value = 2
01-10 08:09:09.708   862  1232 E RILQ    : (0/862): RIL[0][(862,1232)] get_ecc_property_name: ecc list name : ril.ecclist.
01-10 08:09:09.713   637  1241 D ImsService: turnOnIms slotId = 0 on = true
01-10 08:09:09.713   637  1241 D ImsSenderRxr: sendImsRegistrationState
01-10 08:09:09.713   637  1241 D ImsSenderRxr: [0004] > REQUEST_IMS_REG_STATE_CHANGE [SUB0]
01-10 08:09:09.714   862  1232 D RILC    : radioStateChangedInd: radioState 10
01-10 08:09:09.745   637  1012 D ImsSenderRxr: onRadioStateChanged
01-10 08:09:09.745   637  1012 D         : radioState = 2
01-10 08:09:09.745   637  1012 D ImsSenderRxr: [UNSOL] < UNSOL_RADIO_STATE_CHANGED [SUB0]
01-10 08:09:09.745   637  1012 D ImsSubController: Received unsolicited IMS response UNSOL_RADIO_STATE_CHANGED
01-10 08:09:09.745   637  1012 D ImsSubController: handleRadioStateChanged radioState = 2 phoneId = 0
01-10 08:09:09.745   637  1012 D ImsSenderRxr: getImsSubConfig
01-10 08:09:09.745   637  1012 D ImsSenderRxr: [0005] > REQUEST_GET_IMS_SUB_CONFIG [SUB0]
01-10 08:09:09.771   637  1242 D CapabilityStatus: mCapability = 1 mStatus = 1 mRadioTech = 1
01-10 08:09:09.771   637  1242 D         : buildServiceStatusInfo srvType = 0 rat = 14 enabled = 2
01-10 08:09:09.771   637  1242 D CapabilityStatus: mCapability = 1 mStatus = 1 mRadioTech = 2
01-10 08:09:09.771   637  1242 D         : buildServiceStatusInfo srvType = 0 rat = 19 enabled = 2
01-10 08:09:09.771   637  1242 D CapabilityStatus: mCapability = 8 mStatus = 1 mRadioTech = 1
01-10 08:09:09.771   637  1242 D         : buildServiceStatusInfo srvType = 5 rat = 14 enabled = 2
01-10 08:09:09.771   637  1242 D CapabilityStatus: mCapability = 8 mStatus = 1 mRadioTech = 2
01-10 08:09:09.771   637  1242 D         : buildServiceStatusInfo srvType = 5 rat = 19 enabled = 2
01-10 08:09:09.771   637  1242 D ImsSenderRxr: [0003] > REQUEST_SET_SERVICE_STATUS [SUB0]
01-10 08:09:09.772   637  1463 D ImsSenderRxr: [0006] > REQUEST_SET_IMS_CONFIG [SUB0]
01-10 08:09:09.772   637  1463 D ImsSenderRxr: REQUEST_SET_IMS_CONFIG request to ImsRadio: token 6 item: 29  boolValue: false intValue: 2 strValue:  errorCause: 0
01-10 08:09:09.788   862  1232 E RILQ    : (0/862): RIL[0][(862,1232)] get_ecc_property_name: ecc list name : ril.ecclist.
01-10 08:09:09.823   637  1012 D ImsSenderRxr: getImsSubConfigResponse errorCode = 0
01-10 08:09:09.823   637  1012 D         : ImsSubConfigDetails simultStackCount: 1
01-10 08:09:09.823   637  1012 D         : mImsStackEnabled[0] = true
01-10 08:09:09.823   637  1012 D         : mImsStackEnabled[1] = false
01-10 08:09:09.823   637  1012 D         : mImsStackEnabled[2] = false
01-10 08:09:09.823   637  1012 D ImsSenderRxr: [0005] < REQUEST_GET_IMS_SUB_CONFIG [SUB0]
01-10 08:09:09.823   637  1012 D ImsSubController: Received solicited IMS response REQUEST_GET_IMS_SUB_CONFIG
01-10 08:09:09.823   637  1012 D         : ImsSubConfigDetails simultStackCount: 1
01-10 08:09:09.823   637  1012 D         : mImsStackEnabled[0] = true
01-10 08:09:09.823   637  1012 D         : mImsStackEnabled[1] = false
01-10 08:09:09.823   637  1012 D         : mImsStackEnabled[2] = false
01-10 08:09:09.823   637  1012 D ImsSubController: handleSubConfigChanged mActiveStacks[0] = true
01-10 08:09:09.823   637  1012 D ImsSubController: handleSubConfigChanged phoneId = 0
01-10 08:09:09.823   637  1012 D ImsSubController: notifyStackConfigChanged phoneId = 0
01-10 08:09:09.823   637  1012 D ImsSubController: activeStack[0] = true
01-10 08:09:09.823   637  1012 D ImsServiceSub: onStackConfigChanged
01-10 08:09:09.823   637  1012 D ImsServiceSub: onStackConfigChanged activeStacks[0] = true
01-10 08:09:09.824   637  1012 D ImsServiceSub: onStackConfigChanged oldFeatureState = 2 mFeatureState = 2
01-10 08:09:09.826   862  1232 I RILQ    : (0/862):RIL[0][(862,1232)] qcril_qmi_imss_set_ims_service_enable_config_resp_ims_reg_change_hdlr: ril_err: 0, qmi res: 0
01-10 08:09:09.826   637  1012 D ImsSenderRxr: requestRegistrationChangeResponse errorCode = 0
01-10 08:09:09.826   637  1012 D ImsSenderRxr: [0004] < REQUEST_IMS_REG_STATE_CHANGE [SUB0]
01-10 08:09:09.826   637  1012 D ImsServiceSub: Received solicited IMS response REQUEST_IMS_REG_STATE_CHANGE
01-10 08:09:09.826   862  1232 I RILQ    : (0/862):RIL[0][(862,1232)] qcril_qmi_imss_set_ims_service_enable_config_resp_hdlr: ril_err: 0, qmi res: 0
01-10 08:09:09.827   637  1012 D ImsSenderRxr: setServiceStatusResponse errorCode = 0
01-10 08:09:09.827   637  1012 D ImsSenderRxr: [0003] < REQUEST_SET_SERVICE_STATUS [SUB0]
01-10 08:09:09.827   637  1012 D ImsConfigImpl: Received solicited IMS response REQUEST_SET_SERVICE_STATUS
01-10 08:09:09.829   637  1012 D ImsSenderRxr: setConfigResponse_1_6 errorCode = 0
01-10 08:09:09.829   637  1012 D ImsSenderRxr: [0006] < REQUEST_SET_IMS_CONFIG [SUB0]
01-10 08:09:09.829   637  1012 D ImsConfigImpl: Received solicited IMS response REQUEST_SET_IMS_CONFIG
01-10 08:09:09.829   637  1012 D ImsConfigImpl: onSetImsConfigDone
01-10 08:09:09.829   637  1012 D         : ImsConfigItem item:29 boolValue:false intValue:0 stringValue: errorCause: 0
01-10 08:09:10.010   862  1232 E RILQ    : (0/862): RIL[0][(862,1232)] get_ecc_property_name: ecc list name : ril.ecclist.
01-10 08:09:10.885   677   677 I wificond: Regulatory domain changed to country: TW
01-10 08:09:10.887   677   677 I wificond: 2.4Ghz frequencies: 2412 2417 2422 2427 2432 2437 2442 2447 2452 2457 2462
01-10 08:09:10.887   677   677 I wificond: 5Ghz non-DFS frequencies:
01-10 08:09:10.887   677   677 I wificond: 5Ghz DFS frequencies:
01-10 08:09:10.440   862  1232 I chatty  : uid=1001(radio) DispatcherModul identical 3 lines
01-10 08:09:10.450   862  1232 E RILQ    : (0/862): RIL[0][(862,1232)] get_ecc_property_name: ecc list name : ril.ecclist.
01-10 08:09:10.920   637  1463 D ImsConfigImpl: setConfigInt item = 66 value = 0
01-10 08:09:10.920   637  1463 D ImsSenderRxr: [0007] > REQUEST_SET_IMS_CONFIG [SUB0]
01-10 08:09:10.920   637  1463 D ImsSenderRxr: REQUEST_SET_IMS_CONFIG request to ImsRadio: token 7 item: 70  boolValue: false intValue: 0 strValue:  errorCause: 0
01-10 08:09:10.930   637  1012 D ImsSenderRxr: setConfigResponse_1_6 errorCode = 0
01-10 08:09:10.930   637  1012 D ImsSenderRxr: [0007] < REQUEST_SET_IMS_CONFIG [SUB0]
01-10 08:09:10.930   637  1012 D ImsConfigImpl: Received solicited IMS response REQUEST_SET_IMS_CONFIG
01-10 08:09:10.930   637  1012 D ImsConfigImpl: onSetImsConfigDone
01-10 08:09:10.930   637  1012 D         : ImsConfigItem item:70 boolValue:false intValue:0 stringValue: errorCause: 0
--------- beginning of main
04-01 17:41:48.221  1601  1601 I TelephonyIPCService: constructor
04-01 17:41:48.263  1601  1601 I FocusManager: << focus() called >>
04-01 17:41:48.263  1601  1601 I FocusManager:    trying to set focus on, tag: DIV, id: Tutorial, class: Tutorial
04-01 17:41:48.264  1601  1601 I FocusManager:    current focused element, NULL, tag: , id: , class: 
04-01 17:41:48.289  1601  1601 I Gecko   : WebViewChild: 
04-01 17:41:48.289  1601  1601 I Gecko   : Got metaChanged: (og:kaios:softkeyinfo)  
04-01 17:41:48.290  1601  1601 I Gecko   : 
04-01 17:41:48.291  1601  1601 I Gecko   : WebViewChild: 
04-01 17:41:48.291   607   607 I chatty  : uid=0(root) /system/b2g/b2g expire 37 lines
04-01 17:41:48.292  1601  1601 I Gecko   : Got metaChanged: (og:kaios:softkeyinfo) SoftRight: next 
04-01 17:41:48.292  1601  1601 I Gecko   : 
04-01 17:41:48.384   607  1723 I chatty  : uid=0(root) FS Broker 1601 expire 6 lines
04-01 17:41:48.385  1601  1601 E libc    : Access denied finding property "sys.use_memfd"
04-01 17:41:48.391  1601  1601 E /system/b2g/b2g: Failed to get IAshmemDeviceService.
04-01 17:41:48.436  1601  1601 I Gecko   : WebViewChild: 
04-01 17:41:48.436  1601  1601 I Gecko   : Got afterpaint event: http://launcher.localhost/index.html#tutorial 
04-01 17:41:48.436  1601  1601 I Gecko   : 
04-01 17:41:48.459   608  1059 I chatty  : uid=0(root) actix-rt:worker expire 97 lines
04-01 17:41:48.572   848   848 E cutils-trace: Error opening trace file: No such file or directory (2)
04-01 17:41:48.580   608  2285 I chatty  : uid=0(root) uds server expire 1 line
04-01 17:41:48.610   608  1058 I chatty  : uid=0(root) actix-rt:worker expire 37 lines
04-01 17:41:48.653   608  2292 I chatty  : uid=0(root) /data/local/service/api-daemon/api-daemon expire 1 line
04-01 17:41:48.654   608  2293 I chatty  : uid=0(root) /data/local/service/api-daemon/api-daemon expire 1 line
04-01 17:41:48.655   608  2294 I chatty  : uid=0(root) /data/local/service/api-daemon/api-daemon expire 1 line
04-01 17:41:48.655   608  2295 I chatty  : uid=0(root) /data/local/service/api-daemon/api-daemon expire 1 line
04-01 17:41:48.671   500   500 W DeviceHAL: Error from HAL Device in function get_mic_mute: Function not implemented
04-01 17:41:48.671   500   500 I chatty  : uid=1041(audioserver) audio@2.0-servi identical 1 line
04-01 17:41:48.671   500   500 W DeviceHAL: Error from HAL Device in function get_mic_mute: Function not implemented
04-01 17:41:48.701   608  2298 I chatty  : uid=0(root) /data/local/service/api-daemon/api-daemon expire 1 line
04-01 17:41:48.703   608  2299 I chatty  : uid=0(root) /data/local/service/api-daemon/api-daemon expire 1 line
04-01 17:41:48.703   608  2301 I chatty  : uid=0(root) /data/local/service/api-daemon/api-daemon expire 1 line
04-01 17:41:48.704   608  2303 I chatty  : uid=0(root) /data/local/service/api-daemon/api-daemon expire 1 line
04-01 17:41:48.705   608  2302 I chatty  : uid=0(root) /data/local/service/api-daemon/api-daemon expire 1 line
04-01 17:41:48.706   608  2304 I chatty  : uid=0(root) /data/local/service/api-daemon/api-daemon expire 1 line
04-01 17:41:48.780   608  1057 I chatty  : uid=0(root) actix-rt:worker expire 31 lines
04-01 17:41:48.788   608  1060 I chatty  : uid=0(root) actix-rt:worker expire 45 lines
04-01 17:41:48.847  1601  2313 E /system/b2g/b2g: Failed to get IAshmemDeviceService.
04-01 17:41:48.851  1989  1989 I Gecko   : console.log: "Websocket: opened"
04-01 17:41:48.852  1601  2313 E /system/b2g/b2g: Failed to get IAshmemDeviceService.
04-01 17:41:48.856  1601  2314 E /system/b2g/b2g: Failed to get IAshmemDeviceService.
04-01 17:41:48.858  1601  2312 E /system/b2g/b2g: Failed to get IAshmemDeviceService.
04-01 17:41:48.863  1989  1989 I Web Content: Content JS LOG: 
04-01 17:41:48.893  1601  2313 E /system/b2g/b2g: Failed to get IAshmemDeviceService.
04-01 17:41:48.918  1989  1989 I Gecko   : console.log: "Got ack: {\"success\":true}"
04-01 17:41:48.918  1989  1989 I Web Content: Content JS LOG: 
04-01 17:41:48.920  1989  1989 I Gecko   : console.log: "[LibSession] onsessionconnected"
04-01 17:41:48.920  1989  1989 I Web Content: Content JS LOG: 
04-01 17:41:48.921  1989  1989 I Gecko   : console.log: "[LibSession] sessionInit"
04-01 17:41:48.922  1989  1989 I Web Content: Content JS LOG: 
04-01 17:41:48.967  1989  1989 I Gecko   : console.log: "[LibSession] services-load-complete"
04-01 17:41:48.968  1989  1989 I Web Content: Content JS LOG: 
04-01 17:41:49.013   608  2319 I chatty  : uid=0(root) /data/local/service/api-daemon/api-daemon expire 1 line
04-01 17:41:49.114   608  2325 I chatty  : uid=0(root) /data/local/service/api-daemon/api-daemon expire 1 line
04-01 17:41:49.151  2084  2084 I Gecko   : console.log: "Websocket: opened"
04-01 17:41:49.164  2084  2084 I Web Content: Content JS LOG: 
04-01 17:41:49.194   607  1387 I chatty  : uid=0(root) Binder:607_1 expire 2 lines
04-01 17:41:49.195  1601  1601 I Gecko   : console.log: "Websocket: opened"
04-01 17:41:49.196  1601  1601 I Web Content: Content JS LOG: 
04-01 17:41:49.235   637  1012 D ImsSenderRxr: onRegistrationChanged_1_6
04-01 17:41:49.236   637  1012 D         : ImsRegistrationInfo state: 3 errorCode: 0 errorMessage:  radioTech: 14 pAssociatedUris: 
04-01 17:41:49.236   637  1012 D ImsSenderRxr: [UNSOL] < UNSOL_RESPONSE_IMS_NETWORK_STATE_CHANGED [SUB0]
04-01 17:41:49.236   637  1012 D ImsServiceSub: Received unsolicited IMS response UNSOL_RESPONSE_IMS_NETWORK_STATE_CHANGED
04-01 17:41:49.236   637  1012 D         : ImsRegistrationInfo state: 3 errorCode: 0 errorMessage:  radioTech: 14 pAssociatedUris: 
04-01 17:41:49.236   637  1012 D ImsSenderRxr: [0008] > REQUEST_QUERY_SERVICE_STATUS [SUB0]
04-01 17:41:49.236   637  1012 D ImsRegistrationImpl: onRegistering imsRadioTech = 0
04-01 17:41:49.237   607  1739 I chatty  : uid=0(root) Binder:607_4 expire 5 lines
04-01 17:41:49.277  2084  2084 I Gecko   : console.log: "Got ack: {\"success\":true}"
04-01 17:41:49.278  2084  2084 I Web Content: Content JS LOG: 
04-01 17:41:49.280  2084  2084 I Gecko   : console.log: "[LibSession] onsessionconnected"
04-01 17:41:49.280  2084  2084 I Web Content: Content JS LOG: 
04-01 17:41:49.281  2084  2084 I Gecko   : console.log: "[LibSession] sessionInit"
04-01 17:41:49.282  2084  2084 I Web Content: Content JS LOG: 
04-01 17:41:49.316   637  1012 D ImsSenderRxr: queryServiceStatusResponse_1_6 errorCode = 0
04-01 17:41:49.316   637  1012 D         : StatusForAccessTech NetworkMode = 0 registered = 2 Status = 0 restrictCause = 0
04-01 17:41:49.316   637  1012 D ImsSenderRxr: [0008] < REQUEST_QUERY_SERVICE_STATUS [SUB0]
04-01 17:41:49.316   637  1012 D ImsServiceSub: Received solicited IMS response REQUEST_QUERY_SERVICE_STATUS
04-01 17:41:49.317   637  1012 D ImsServiceSub: type = 5 status = 0 isvalid = true
04-01 17:41:49.317   637  1012 I ImsServiceSub: Call Type 5 has num updates = 
04-01 17:41:49.317   637  1012 D         : StatusForAccessTech NetworkMode = 0 registered = 2 Status = 0 restrictCause = 0
04-01 17:41:49.317   637  1012 D ImsServiceSub: canAddCapability capability: 8 registrationTech: 0
04-01 17:41:49.325  1559  1559 I b2gkillerd: b2gkillerd has kicked 607
04-01 17:41:49.345   637  1463 D ImsRegistrationImpl: getRegistrationTechnology mImsRadioTech = 1
04-01 17:41:49.363  1601  1601 I Gecko   : WebViewChild: 
04-01 17:41:49.364  1601  1601 I Gecko   : Got metaChanged: (og:kaios:softkeyinfo) SoftRight: Next 
04-01 17:41:49.364  1601  1601 I Gecko   : 
04-01 17:41:49.428  2084  2084 I Gecko   : console.log: "[LibSession] services-load-complete"
04-01 17:41:49.430  2084  2084 I Web Content: Content JS LOG: 
04-01 17:41:49.471   608  2332 I chatty  : uid=0(root) /data/local/service/api-daemon/api-daemon expire 1 line
04-01 17:41:49.472   608  2330 I chatty  : uid=0(root) /data/local/service/api-daemon/api-daemon expire 1 line
04-01 17:41:49.473   608  2331 I chatty  : uid=0(root) /data/local/service/api-daemon/api-daemon expire 1 line
04-01 17:41:49.520  1601  1832 I Gecko   : console.log: "service_worker: system message" "activity"
04-01 17:41:49.538  2084  2084 W Web Content: [JavaScript Warning: "Synchronous XMLHttpRequest on the main thread is deprecated because of its detrimental effects to the end user’s experience. For more help http://xhr.spec.whatwg.org/" {file: "http://ftu.localhost/js/utils.js" line: 1}]
04-01 17:41:49.546  1601  1832 I Gecko   : console.log: "service_worker: matchAll success!"
04-01 17:41:49.636  1989  1989 E Web Content: [JavaScript Error: "NS_ERROR_ABORT"]
04-01 17:41:49.647  1601  1601 I Gecko   : console.log: "Got ack: {\"success\":true}"
04-01 17:41:49.679  1601  1601 I Web Content: Content JS LOG: 
04-01 17:41:49.682  1601  1601 I Gecko   : console.log: "[LibSession] onsessionconnected"
04-01 17:41:49.686  1601  1601 I Web Content: Content JS LOG: 
04-01 17:41:49.687  1601  1601 I Gecko   : console.log: "[LibSession] sessionInit"
04-01 17:41:49.691  1601  1601 I Web Content: Content JS LOG: 
04-01 17:41:49.746  1601  1601 I Web Content: Content JS LOG: 
04-01 17:41:49.797  1601  1601 I Web Content: Content JS LOG: 
04-01 17:41:49.820  1601  1601 I Gecko   : console.log: "[LibSession] services-load-complete"
04-01 17:41:49.820  1601  1601 I Web Content: Content JS LOG: 
04-01 17:41:49.868   608  2340 I chatty  : uid=0(root) /data/local/service/api-daemon/api-daemon expire 1 line
04-01 17:41:49.883   608  2341 I chatty  : uid=0(root) /data/local/service/api-daemon/api-daemon expire 1 line
04-01 17:41:49.883   608  2343 I chatty  : uid=0(root) /data/local/service/api-daemon/api-daemon expire 1 line
04-01 17:41:49.884   608  2346 I chatty  : uid=0(root) /data/local/service/api-daemon/api-daemon expire 1 line
04-01 17:41:49.888   608  2348 I chatty  : uid=0(root) /data/local/service/api-daemon/api-daemon expire 1 line
04-01 17:41:49.891   608  2345 I chatty  : uid=0(root) /data/local/service/api-daemon/api-daemon expire 1 line
04-01 17:41:49.901   608  2344 I chatty  : uid=0(root) /data/local/service/api-daemon/api-daemon expire 1 line
04-01 17:41:49.903   608  2347 I chatty  : uid=0(root) /data/local/service/api-daemon/api-daemon expire 1 line
04-01 17:41:49.904   608  2349 I chatty  : uid=0(root) /data/local/service/api-daemon/api-daemon expire 1 line
04-01 17:41:49.904   608  2342 I chatty  : uid=0(root) /data/local/service/api-daemon/api-daemon expire 1 line
04-01 17:41:49.933  2084  2084 I FocusManager: << focus() called >>
04-01 17:41:49.933  2084  2084 I FocusManager:    trying to set focus on, tag: FORM, id: softkeyPanel, class: skbar none-paddings visible focused
04-01 17:41:49.943  2084  2084 I FocusManager: Warning: element is not focusable.
04-01 17:41:49.946  2084  2084 I Gecko   : WebViewChild: 
04-01 17:41:49.946  2084  2084 I Gecko   : Got metaChanged: (og:kaios:softkeyinfo)  
04-01 17:41:49.946  2084  2084 I Gecko   : 
04-01 17:41:49.949  2084  2084 I Gecko   : WebViewChild: 
04-01 17:41:49.950  2084  2084 I Gecko   : Got metaChanged: (og:kaios:softkeyinfo) SoftRight: Next 
04-01 17:41:49.950  2084  2084 I Gecko   : 
04-01 17:41:50.008  2084  2084 I FocusManager: << focus() called >>
04-01 17:41:50.008  2084  2084 I FocusManager:    trying to set focus on, tag: LI, id: , class: focus
04-01 17:41:50.008  2084  2084 I FocusManager: Warning: element is not focusable.
04-01 17:41:50.011  2084  2084 I Gecko   : WebViewChild: 
04-01 17:41:50.012  2084  2084 I Gecko   : Got metaChanged: (og:kaios:softkeyinfo) SoftLeft: Readout, Enter: Select, SoftRight: Next 
04-01 17:41:50.012  2084  2084 I Gecko   : 
04-01 17:41:50.013  2084  2084 I FocusManager: << focus() called >>
04-01 17:41:50.013  2084  2084 I FocusManager:    trying to set focus on, tag: FORM, id: softkeyPanel, class: skbar none-paddings visible focused
04-01 17:41:50.050  2084  2084 I FocusManager: Warning: element is not focusable.
04-01 17:41:50.064   500   500 D audio_hw_primary: out_standby: enter: stream (0xa8138000) usecase(1: low-latency-playback)
04-01 17:41:50.131   608  2355 I chatty  : uid=0(root) /data/local/service/api-daemon/api-daemon expire 7 lines
