04-01 17:41:57.007   730   764 D LOWI-8.6.0.81: [LOWINetlinkSocketReceiver] unpackRTMLinkMessage: RTM_DELLINK - ifname wlan0, flags 0x1002 ()
04-01 17:41:57.007   730   764 D LOWI-8.6.0.81: [LOWINetlinkSocketReceiver] processNetlinkPacket: ifname(wlan0) status(0)
04-01 17:41:57.007   730   764 D LOWI-8.6.0.81: [LOWIController] intfStateReceived: ifname(wlan0) state(0)
04-01 17:41:57.007   730   769 D LOWI-8.6.0.81: [LOWIEventReceiver] handleEvent:FROM:NA, TO:NA, REQ:NA, IREQ:NA, REQ_ID:0, RESP:NA, INFO:INTF-STATUS-UPDATE
04-01 17:41:57.007   730   769 D LOWI-8.6.0.81: [LOWIEventReceiver] Info to [INTF-STATUS-UPDATE]
04-01 17:41:57.007   730   769 D LOWI-8.6.0.81: [LOWIController] updateIntfState: WIFI enabled 0 mNlWifiStatus 0 mWifiStateEnabled 0
04-01 17:41:57.007   730   769 D LOWI-8.6.0.81: [LOWIController] isWifiEnabled: mNlWifiStatus 0 mWifiStateEnabled 0
04-01 17:41:57.069  2084  2084 I Gecko   : [Event] event type: keyup, key: SoftRight, target: [object HTMLBodyElement], class: theme-system
04-01 17:41:57.073   730   764 D LOWI-8.6.0.81: [LOWINetlinkSocketReceiver] unpackRTMLinkMessage: RTM_DELLINK - ifname p2p0, flags 0x1002 ()
04-01 17:41:57.137  2084  2084 I Gecko   : [Event] event type: keydown, key: SoftRight, target: [object HTMLBodyElement], class: theme-system
04-01 17:41:57.240  2084  2084 I Gecko   : [Event] event type: keyup, key: SoftRight, target: [object HTMLBodyElement], class: theme-system
04-01 17:41:57.359  2084  2084 I Gecko   : WebViewChild: 
04-01 17:41:57.359  2084  2084 I Gecko   : Got metaChanged: (og:kaios:softkeyinfo)  
04-01 17:41:57.359  2084  2084 I Gecko   : 
04-01 17:41:57.361  2084  2084 I Gecko   : WebViewChild: 
04-01 17:41:57.361  2084  2084 I Gecko   : Got metaChanged: (og:kaios:softkeyinfo) Enter: Select, SoftRight: Next 
04-01 17:41:57.361  2084  2084 I Gecko   : 
04-01 17:41:57.362  2084  2084 I FocusManager: << focus() called >>
04-01 17:41:57.362  2084  2084 I FocusManager:    trying to set focus on, tag: LI, id: info-container, class: focus
04-01 17:41:57.363  2084  2084 I FocusManager:    current focused element, NULL, tag: , id: , class: 
04-01 17:41:57.363  2084  2084 I FocusManager: <- blur on, NULL, tag: , id: , class: 
04-01 17:41:57.363  2084  2084 I FocusManager: -> focus is now on, tag: LI, id: info-container, class: focus
04-01 17:41:57.388  2084  2084 I Gecko   : WebViewChild: 
04-01 17:41:57.388  2084  2084 I Gecko   : Closing window [object Window] 
04-01 17:41:57.388  2084  2084 I Gecko   : 
04-01 17:41:57.389  2084  2084 I Gecko   : [Event] event type: keydown, key: SoftRight, target: [object HTMLBodyElement], class: theme-system
04-01 17:41:57.446   607   607 I FocusManager: << blur() called or ClearFocus called >>
04-01 17:41:57.446   607   607 I FocusManager: <- blur on, tag: browser, id: , class: 
04-01 17:41:57.447  2084  2084 I FocusManager: <- blur on, tag: LI, id: info-container, class: focus
04-01 17:41:57.458   607   607 I Gecko   : console.log: "Customization:SimConfig:FTU done or skiped."
04-01 17:41:57.458   607   607 I GeckoConsole: Content JS LOG: 
04-01 17:41:57.459   607   607 I Gecko   : console.log: "Customization:SimConfig:simConfigRun"
04-01 17:41:57.460   607   607 I GeckoConsole: Content JS LOG: 
04-01 17:41:57.464   607   607 I Gecko   : console.log: "[SilentInstallService]" "Start Activate"
04-01 17:41:57.465   607   607 I GeckoConsole: Content JS LOG: 
04-01 17:41:57.465   607   607 I Gecko   : console.log: "[SilentInstallService]" "isReady" (void 0) true true
04-01 17:41:57.466   607   607 I GeckoConsole: Content JS LOG: 
04-01 17:41:57.472   608  2402 I common  : Checking event service #1 object #0 event #0 : false
04-01 17:41:57.473   608  2402 I chatty  : uid=0(root) /data/local/service/api-daemon/api-daemon identical 5 lines
04-01 17:41:57.473   608  2402 I common  : Checking event service #1 object #0 event #0 : false
04-01 17:41:57.473   608  2402 I common  : Checking event service #2 object #0 event #0 : false
04-01 17:41:57.473   608  2402 I common  : Checking event service #1 object #0 event #0 : false
04-01 17:41:57.473   608  2402 I chatty  : uid=0(root) /data/local/service/api-daemon/api-daemon identical 1 line
04-01 17:41:57.473   608  2402 I common  : Checking event service #1 object #0 event #0 : false
04-01 17:41:57.479   607   607 I Gecko   : console.log: "Customization:SimConfig:get settings:{\"name\":\"sim.base.customization.enabled\",\"value\":false}"
04-01 17:41:57.480   607   607 I GeckoConsole: Content JS LOG: 
04-01 17:41:57.481   607   607 I Gecko   : console.log: "Customization:SimConfig:sim base customization is disabled"
04-01 17:41:57.481   608  2403 I common  : Checking event service #1 object #0 event #0 : false
04-01 17:41:57.481   608  2403 I chatty  : uid=0(root) /data/local/service/api-daemon/api-daemon identical 5 lines
04-01 17:41:57.481   608  2403 I common  : Checking event service #1 object #0 event #0 : false
04-01 17:41:57.481   608  2403 I common  : Checking event service #2 object #0 event #0 : false
04-01 17:41:57.481   608  2403 I common  : Checking event service #1 object #0 event #0 : false
04-01 17:41:57.481   608  2403 I chatty  : uid=0(root) /data/local/service/api-daemon/api-daemon identical 1 line
04-01 17:41:57.481   608  2403 I common  : Checking event service #1 object #0 event #0 : false
04-01 17:41:57.481   607   607 I GeckoConsole: Content JS LOG: 
04-01 17:41:57.483   607   607 I Gecko   : -*- ContentPermissionPrompt: prompt request.types[0]: device-storage:sdcard:read [System Principal]
04-01 17:41:57.502   608  2404 I common  : Checking event service #1 object #0 event #0 : false
04-01 17:41:57.502   608  2404 I chatty  : uid=0(root) /data/local/service/api-daemon/api-daemon identical 5 lines
04-01 17:41:57.502   608  2404 I common  : Checking event service #1 object #0 event #0 : false
04-01 17:41:57.503   608  2404 I common  : Checking event service #2 object #0 event #0 : false
04-01 17:41:57.503   608  2404 I common  : Checking event service #1 object #0 event #0 : false
04-01 17:41:57.503   608  2404 I chatty  : uid=0(root) /data/local/service/api-daemon/api-daemon identical 1 line
04-01 17:41:57.503   608  2404 I common  : Checking event service #1 object #0 event #0 : false
04-01 17:41:57.507   608  2405 I common  : Checking event service #1 object #0 event #0 : false
04-01 17:41:57.507   608  2405 I chatty  : uid=0(root) /data/local/service/api-daemon/api-daemon identical 5 lines
04-01 17:41:57.507   608  2405 I common  : Checking event service #1 object #0 event #0 : false
04-01 17:41:57.507   608  2405 I common  : Checking event service #2 object #0 event #0 : false
04-01 17:41:57.507   608  2405 I common  : Checking event service #1 object #0 event #0 : false
04-01 17:41:57.507   608  2405 I chatty  : uid=0(root) /data/local/service/api-daemon/api-daemon identical 1 line
04-01 17:41:57.507   608  2405 I common  : Checking event service #1 object #0 event #0 : false
04-01 17:41:57.517   607   607 I FocusManager: << focus() called >>
04-01 17:41:57.517   607   607 I FocusManager:    trying to set focus on, tag: DIV, id: , class: content p-ul
04-01 17:41:57.527   607   607 I FocusManager:    current focused element, NULL, tag: , id: , class: 
04-01 17:41:57.527   607   607 I FocusManager: <- blur on, NULL, tag: , id: , class: 
04-01 17:41:57.527   607   607 I FocusManager: -> focus is now on, tag: DIV, id: , class: content p-ul
04-01 17:41:57.570   607   607 I FocusManager: << focus() called >>
04-01 17:41:57.570   607   607 I FocusManager:    trying to set focus on, tag: DIV, id: , class: content p-ul
04-01 17:41:57.574   607   607 I FocusManager: Warning: element is already focused.
04-01 17:41:57.594   607   607 I FocusManager: << focus() called >>
04-01 17:41:57.594   607   607 I FocusManager:    trying to set focus on, tag: browser, id: , class: 
04-01 17:41:57.595   607   607 I FocusManager:    current focused element, NULL, tag: , id: , class: 
04-01 17:41:57.595   607   607 I FocusManager: <- blur on, NULL, tag: , id: , class: 
04-01 17:41:57.595   607   607 I FocusManager: -> focus is now on, tag: browser, id: , class: 
04-01 17:41:57.603  1601  1601 I FocusManager: * WindowRaised *
04-01 17:41:57.604  1601  1601 I FocusManager: -> focus is now on, tag: DIV, id: Tutorial, class: Tutorial
04-01 17:41:57.629   607   607 E GeckoConsole: [JavaScript Error: "uncaught exception: undefined"]
04-01 17:41:57.633   513   513 I android.hardware.wifi@1.0-service: Wifi HAL stopped
04-01 17:41:57.804  1601  1601 I Gecko   : WebViewChild: 
04-01 17:41:57.804  1601  1601 I Gecko   : Got metaChanged: (og:kaios:softkeyinfo) SoftLeft: Back, Enter: OK 
04-01 17:41:57.804  1601  1601 I Gecko   : 
04-01 17:41:57.813  1601  1601 I Gecko   : [Event] event type: keydown, key: SoftRight, target: [object HTMLDivElement], id: Tutorial, class: Tutorial
04-01 17:41:57.866  1601  1601 E /system/b2g/b2g: Failed to get IAshmemDeviceService.
04-01 17:41:57.905  1601  1601 I Gecko   : [Event] event type: keyup, key: SoftRight, target: [object HTMLDivElement], id: Tutorial, class: Tutorial
04-01 17:41:57.946   607   607 I Gecko   : console.warn: "screen.mozLockOrientation() returned false for" "http://launcher.localhost/manifest.webmanifest" "orientation" "natural"
04-01 17:41:57.947   607   607 W GeckoConsole: Content JS WARN: 
04-01 17:41:57.988  1601  1601 I Gecko   : [Event] event type: keydown, key: SoftRight, target: [object HTMLDivElement], id: Tutorial, class: Tutorial
04-01 17:41:58.096  1601  1601 I Gecko   : [Event] event type: keyup, key: SoftRight, target: [object HTMLDivElement], id: Tutorial, class: Tutorial
04-01 17:41:58.204  1601  1601 I Gecko   : [Event] event type: keydown, key: SoftRight, target: [object HTMLDivElement], id: Tutorial, class: Tutorial
04-01 17:41:58.223   607   607 E GeckoConsole: [JavaScript Error: "NS_ERROR_FILE_NOT_FOUND: " {file: "resource://gre/modules/SessionStoreFunctions.jsm" line: 444}]
04-01 17:41:58.223   607   607 E GeckoConsole: SSF_updateSessionStore@resource://gre/modules/SessionStoreFunctions.jsm:444:5
04-01 17:41:58.223   607   607 E GeckoConsole: UpdateSessionStore@resource://gre/modules/SessionStoreFunctions.jsm:20:35
04-01 17:41:58.224   608  1060 I settings_service::ser..: Dropping Settings Service #1
04-01 17:41:58.224   608  1060 I devicecapability_serv..: Dropping DeviceCapabilityService #2
04-01 17:41:58.224   608  1060 I apps_service::service: Dropping Apps Service #3
04-01 17:41:58.246   608  1057 W api_daemon::session: Processing 'ProcManagerService request: ProcessServiceCommit' took too long: 20ms
04-01 17:41:58.285   608  2319 I api_daemon::uds_server: Failed to read frame: IO Error: failed to fill whole buffer, closing uds session.
04-01 17:41:58.285   608  2319 I geckobridge::service: Dropping GeckoBridge Service #1
04-01 17:41:58.285   608  2321 I api_daemon::uds_server: Closing uds connection.
04-01 17:41:58.289   608  2145 I api_daemon::uds_server: Failed to read frame: IO Error: failed to fill whole buffer, closing uds session.
04-01 17:41:58.289   608  2147 I api_daemon::uds_server: Closing uds connection.
04-01 17:41:58.306  1601  1601 I Gecko   : [Event] event type: keyup, key: SoftRight, target: [object HTMLDivElement], id: Tutorial, class: Tutorial
04-01 17:41:58.345   607  2408 D         : PlayerBase::pause() from IPlayer
04-01 17:41:58.347   607  2408 D AudioTrack: stop(31): called with 62720 frames delivered
04-01 17:41:58.354   607  2408 D         : TrackPlayerBase::~TrackPlayerBase()
04-01 17:41:58.354   607  2408 D         : PlayerBase::~PlayerBase()
04-01 17:41:58.385  1601  1601 I Gecko   : [Event] event type: keydown, key: SoftRight, target: [object HTMLDivElement], id: Tutorial, class: Tutorial
04-01 17:41:58.420   520   889 W AudioFlinger: no wake lock to update, system not ready yet
04-01 17:41:58.421   520   889 W BatteryNotifier: batterystats service unavailable!
04-01 17:41:58.450   607   607 I Gecko   : console.warn: "screen.mozLockOrientation() returned false for" "http://launcher.localhost/manifest.webmanifest" "orientation" "natural"
04-01 17:41:58.452   607   607 W GeckoConsole: Content JS WARN: 
04-01 17:41:58.453   607  1481 I Gecko   : 
04-01 17:41:58.453   607  1481 I Gecko   : ###!!! [Parent][RunMessage] Error: Channel error: cannot send/recv
04-01 17:41:58.453   607  1481 I Gecko   : 
04-01 17:41:58.453   607  1481 I chatty  : uid=0(root) Compositor identical 5 lines
04-01 17:41:58.453   607  1481 I Gecko   : 
04-01 17:41:58.453   607  1481 I Gecko   : ###!!! [Parent][RunMessage] Error: Channel error: cannot send/recv
04-01 17:41:58.453   607  1481 I Gecko   : 
04-01 17:41:58.454   607  1481 I Gecko   : 
04-01 17:41:58.454   607  1481 I Gecko   : ###!!! [Parent][MessageChannel] Error: (msgtype=0x3A0050,name=PCompositorBridge::Msg_ReleaseSharedCompositorFrameMetrics) Channel error: cannot send/recv
04-01 17:41:58.454   607  1481 I Gecko   : 
04-01 17:41:58.454   607  1481 I Gecko   : 
04-01 17:41:58.454   607  1481 I Gecko   : ###!!! [Parent][RunMessage] Error: Channel error: cannot send/recv
04-01 17:41:58.454   607  1481 I Gecko   : 
04-01 17:41:58.454   607  1481 I chatty  : uid=0(root) Compositor identical 6 lines
04-01 17:41:58.454   607  1481 I Gecko   : 
04-01 17:41:58.454   607  1481 I Gecko   : ###!!! [Parent][RunMessage] Error: Channel error: cannot send/recv
04-01 17:41:58.454   607  1481 I Gecko   : 
04-01 17:41:58.454   607  1481 I Gecko   : 
04-01 17:41:58.454   607  1481 I Gecko   : ###!!! [Parent][MessageChannel] Error: (msgtype=0xD,name=PAPZ::Msg_Destroy) Channel error: cannot send/recv
04-01 17:41:58.454   607  1481 I Gecko   : 
04-01 17:41:58.494  1601  1601 I Gecko   : [Event] event type: keyup, key: SoftRight, target: [object HTMLDivElement], id: Tutorial, class: Tutorial
04-01 17:41:58.716   608  1549 I common  : Checking event service #5 object #0 event #1 : false
04-01 17:41:58.717   608  1549 I common  : Checking event service #2 object #0 event #1 : false
04-01 17:41:58.718   608  1549 I common  : Checking event service #1 object #0 event #1 : false
04-01 17:41:58.719   608  1549 I common  : Checking event service #2 object #0 event #1 : false
04-01 17:41:58.720   608  1549 I common  : Checking event service #4 object #0 event #1 : true
04-01 17:41:58.721   608  1549 I common  : Checking event service #10 object #0 event #1 : false
04-01 17:41:58.722   608  1549 I common  : Checking event service #5 object #0 event #3 : false
04-01 17:41:58.722   608  1549 I common  : Checking event service #2 object #0 event #3 : false
04-01 17:41:58.722   608  1549 I common  : Checking event service #1 object #0 event #3 : false
04-01 17:41:58.722   608  1549 I common  : Checking event service #2 object #0 event #3 : false
04-01 17:41:58.722   608  1549 I common  : Checking event service #4 object #0 event #3 : false
04-01 17:41:58.722   608  1549 I common  : Checking event service #10 object #0 event #3 : false
04-01 17:41:58.724   608  1549 W api_daemon::session: Processing 'SettingsService request: GeckoFeaturesImportSimContacts(Some([SimContactInfo { id: "898860181580046009061", tel: "55589714575", email: "", name: "kai89714575 qa", category: "SIM\u{1e}SIM0\u{1e}KAICONTACT" }, SimContactInfo { id: "898860181580046009062", tel: "55596738677", email: "", name: "kai96738677 qa", category: "SIM\u{1e}SIM0\u{1e}KAICONTACT" }, SimContactInfo { id: "898860181580046009063", tel: "55589845626", email: "", name: "kai89845626 qa", category: "SIM\u{1e}SIM0\u{1e}KAICONTACT" }, SimContactInfo { id: "898860181580046009064", tel: "55591610375", email: "", name: "kai91610375 qa", category: "SIM\u{1e}SIM0\u{1e}KAICONTACT" }, SimContactInfo { id: "898860181580046009065", tel: "55599220672", email: "", name: "kai99220672 qa", category: "SIM\u{1e}SIM0\u{1e}KAICONTACT" }, SimContactInfo { id: "898860181580046009066", tel: "55596549428", email: "", name: "kai96549428 qa", category: "SIM\u{1e}SIM0\u{1e}KAICONTACT" }, SimContactInfo { id: "898860181580046009067", tel: "55587133286", email: "", name: "kai87133286 qa", category: "SIM\u{1e}SIM0\u{1e}KAICONTACT" }, SimContactInfo { id: "898860181580046009068", tel: "55592632608", email: "", name: "kai92632608 qa", category: "SIM\u{1e}SIM0\u{1e}KAICONTACT" }, SimContactInfo { id: "898860181580046009069", tel: "55590411985", email: "", name: "kai90411985 qa", category: "SIM\u{1e}SIM0\u{1e}KAICONTACT" }, SimContactInfo { id: "8988601815800460090610", tel: "55596610985", email: "", name: "kai96610985 qa", category: "SIM\u{1e}SIM0\u{1e}KAICONTACT" }, SimContactInfo { id: "8988601815800460090611", tel: "55598110738", email: "", name: "kai98110738 qa", category: "SIM\u{1e}SIM0\u{1e}KAICONTACT" }, SimContactInfo { id: "8988601815800460090612", tel: "55591475537", email: "", name: "kai91475537 qa", category: "SIM\u{1e}SIM0\u{1e}KAICONTACT" }, SimContactInfo { id: "8988601815800460090613", tel: "55589892151", email: "", name: "kai89892151 qa", category: "SIM\u{1e}SIM0\u{1e}KAICONTACT" }, SimContactInfo { id: "8988601815800460090614", tel: "55588012667", email: "", name: "kai88012667 qa", category: "SIM\u{1e}SIM0\u{1e}KAICONTACT" }, SimContactInfo { id: "8988601815800460090615", tel: "55596254434", email: "", name: "kai96254434 qa", category: "SIM\u{1e}SIM0\u{1e}KAICONTACT" }, SimContactInfo { id: "8988601815800460090616", tel: "55587470589", email: "", name: "kai87470589 qa", category: "SIM\u{1e}SIM0\u{1e}KAICONTACT" }, SimContactInfo { id: "8988601815800460090617", tel: "55593947108", email: "", name: "kai93947108 qa", category: "SIM\u{1e}SIM0\u{1e}KAICONTACT" }, SimContactInfo { id: "8988601815800460090618", tel: "55596176298", email: "", name: "kai96176298 qa", category: "SIM\u{1e}SIM0\u{1e}KAICONTACT" }, SimContactInfo { id: "8988601815800460090619", tel: "55589344988", email: "", name: "kai89344988 qa", category: "SIM\u{1e}SIM0\u{1e}KAICONTACT" }, SimContactInfo { id: "8988601815800460090620", tel: "55585350366", email: "", name: "kai85350366 qa", category: "SIM\u{1e}SIM0\u{1e}KAICONTACT" }, SimContactInfo { id: "8988601815800460090621", tel: "55538874403", email: "", name: "kai38874403 qa", category: "SIM\u{1e}SIM0\u{1e}KAICONTACT" }, SimContactInfo { id: "8988601815800460090622", tel: "55577259758", email: "", name: "kai77259758 qa", category: "SIM\u{1e}SIM0\u{1e}KAICONTACT" }, SimContactInfo { id: "8988601815800460090623", tel: "55597412987", email: "", name: "kai97412987 qa", category: "SIM\u{1e}SIM0\u{1e}KAICONTACT" }, SimContactInfo { id: "8988601815800460090624", tel: "55598246117", email: "", name: "kai98246117 qa", category: "SIM\u{1e}SIM0\u{1e}KAICONTACT" }, SimContactInfo { id: "8988601815800460090625", tel: "55591040807", email: "", name: "kai91040807 qa", category: "SIM\u{1e}SIM0\u{1e}KAICONTACT" }, SimContactInfo { id: "8988601815800460090626", tel: "55588210366", email: "", name: "kai88210366 qa", category: "SIM\u{1e}SIM0\u{1e}KAICONTACT" }, SimContactInfo { id: "8988601815800460090627", tel: "55584771811", email: "", name: "kai84771811 qa", category: "
04-01 17:41:58.724   608  1549 W api_daemon::session: SIM\u{1e}SIM0\u{1e}KAICONTACT" }, SimContactInfo { id: "8988601815800460090628", tel: "55598562297", email: "", name: "kai98562297 qa", category: "SIM\u{1e}SIM0\u{1e}KAICONTACT" }, SimContactInfo { id: "8988601815800460090629", tel: "55595802732", email: "", name: "kai95802732 qa", category: "SIM\u{1e}SIM0\u{1e}KAICONTACT" }, SimContactInfo { id: "8988601815800460090630", tel: "55597206855", email: "", name: "kai97206855 qa", category: "SIM\u{1e}SIM0\u{1e}KAICONTACT" }, SimContactInfo { id: "8988601815800460090631", tel: "55589367852", email: "", name: "kai89367852 qa", category: "SIM\u{1e}SIM0\u{1e}KAICONTACT" }, SimContactInfo { id: "8988601815800460090633", tel: "55588750927", email: "", name: "kai88750927 qa", category: "SIM\u{1e}SIM0\u{1e}KAICONTACT" }, SimContactInfo { id: "8988601815800460090634", tel: "55591390631", email: "", name: "kai91390631 qa", category: "SIM\u{1e}SIM0\u{1e}KAICONTACT" }, SimContactInfo { id: "8988601815800460090635", tel: "55535583936", email: "", name: "kai35583936 qa", category: "SIM\u{1e}SIM0\u{1e}KAICONTACT" }, SimContactInfo { id: "8988601815800460090636", tel: "55596061296", email: "", name: "kai96061296 qa", category: "SIM\u{1e}SIM0\u{1e}KAICONTACT" }, SimContactInfo { id: "8988601815800460090638", tel: "55584297183", email: "", name: "kai84297183 qa", category: "SIM\u{1e}SIM0\u{1e}KAICONTACT" }, SimContactInfo { id: "8988601815800460090640", tel: "55584350848", email: "", name: "kai84350848 qa", category: "SIM\u{1e}SIM0\u{1e}KAICONTACT" }, SimContactInfo { id: "8988601815800460090641", tel: "55577758684", email: "", name: "kai77758684 qa", category: "SIM\u{1e}SIM0\u{1e}KAICONTACT" }, SimContactInfo { id: "8988601815800460090642", tel: "55590264168", email: "", name: "kai90264168 qa", category: "SIM\u{1e}SIM0\u{1e}KAICONTACT" }, SimContactInfo { id: "8988601815800460090643", tel: "55576233785", email: "", name: "kai76233785 qa", category: "SIM\u{1e}SIM0\u{1e}KAICONTACT" }, SimContactInfo { id: "8988601815800460090644", tel: "55588009124", email: "", name: "kai88009124 qa", category: "SIM\u{1e}SIM0\u{1e}KAICONTACT" }, SimContactInfo { id: "8988601815800460090646", tel: "55585223627", email: "", name: "kai85223627 qa", category: "SIM\u{1e}SIM0\u{1e}KAICONTACT" }, SimContactInfo { id: "8988601815800460090647", tel: "55577980058", email: "", name: "kai77980058 qa", category: "SIM\u{1e}SIM0\u{1e}KAICONTACT" }, SimContactInfo { id: "8988601815800460090649", tel: "55588133008", email: "", name: "kai88133008 qa", category: "SIM\u{1e}SIM0\u{1e}KAICONTACT" }, SimContactInfo { id: "8988601815800460090651", tel: "55586879604", email: "", name: "kai86879604 qa", category: "SIM\u{1e}SIM0\u{1e}KAICONTACT" }, SimContactInfo { id: "8988601815800460090652", tel: "55577580035", email: "", name: "kai77580035 qa", category: "SIM\u{1e}SIM0\u{1e}KAICONTACT" }, SimContactInfo { id: "8988601815800460090653", tel: "55576921534", email: "", name: "kai76921534 qa", category: "SIM\u{1e}SIM0\u{1e}KAICONTACT" }, SimContactInfo { id: "8988601815800460090654", tel: "55576233785", email: "", name: "kai76233785 qa", category: "SIM\u{1e}SIM0\u{1e}KAICONTACT" }, SimContactInfo { id: "8988601815800460090656", tel: "55576233785", email: "", name: "kai76233785 qa", category: "SIM\u{1e}SIM0\u{1e}KAICONTACT" }, SimContactInfo { id: "8988601815800460090659", tel: "55571703494", email: "", name: "kai71703494 qa", category: "SIM\u{1e}SIM0\u{1e}KAICONTACT" }, SimContactInfo { id: "8988601815800460090663", tel: "55589196918", email: "", name: "kai89196918 qa", category: "SIM\u{1e}SIM0\u{1e}KAICONTACT" }, SimContactInfo { id: "8988601815800460090664", tel: "55598460233", email: "", name: "kai98460233 qa", category: "SIM\u{1e}SIM0\u{1e}KAICONTACT" }, SimContactInfo { id: "8988601815800460090666", tel: "55574813564", email: "", name: "kai74813564 qa", category: "SIM\u{1e}SIM0\u{1e}KAICONTACT" }, SimContactInfo { id: "8988601815800460090667", tel: "55569175807", email: "", name: "kai69175807 qa", category: "SIM\u{1e}SIM0\u{1e}KAICONTACT" 
04-01 17:41:58.724   608  1549 W api_daemon::session: }]))' took too long: 2762ms
04-01 17:41:58.785   608  1057 I settings_service::ser..: Adding observer ObjectRef(1)
04-01 17:41:58.836  1601  1601 I Gecko   : [Event] event type: keydown, key: SoftRight, target: [object HTMLDivElement], id: Tutorial, class: Tutorial
04-01 17:41:58.867  1601  1601 I Gecko   : [Event] event type: keyup, key: SoftRight, target: [object HTMLDivElement], id: Tutorial, class: Tutorial
04-01 17:41:58.968   608  1057 I settings_service::ser..: Adding observer ObjectRef(1)
04-01 17:41:58.969   608  1057 I settings_service::ser..: Adding observer ObjectRef(1)
04-01 17:41:59.231   608  1060 I actix_web::middleware..: "GET /ws HTTP/1.1" 127.0.0.1 101 2890 10117.297987
04-01 17:41:59.389  1601  1601 I Gecko   : [Event] event type: keydown, key: Enter, target: [object HTMLDivElement], id: Tutorial, class: Tutorial
04-01 17:41:59.393  1601  1601 I Gecko   : [Event] event type: keydown, key: MicrophoneToggle, target: [object HTMLDivElement], id: Tutorial, class: Tutorial
04-01 17:41:59.548  1601  1601 I FocusManager: << focus() called >>
04-01 17:41:59.548  1601  1601 I FocusManager:    trying to set focus on, tag: DIV, id: main-view, class: 
04-01 17:41:59.548  1601  1601 I FocusManager:    current focused element, tag: DIV, id: Tutorial, class: Tutorial
04-01 17:41:59.549  1601  1601 I FocusManager: <- blur on, tag: DIV, id: Tutorial, class: Tutorial
04-01 17:41:59.551  1601  1601 I FocusManager: -> focus is now on, tag: DIV, id: main-view, class: 
04-01 17:41:59.559  1601  1601 I Gecko   : console.warn: "L10nError: \"icon=all-apps\" not found in en-US in http://launcher.localhost/index.html"
04-01 17:41:59.560  1601  1601 W Web Content: Content JS WARN: 
04-01 17:41:59.561  1601  1601 I Gecko   : WebViewChild: 
04-01 17:41:59.562  1601  1601 I Gecko   : Got metaChanged: (og:kaios:softkeyinfo) SoftLeft: Notices, Enter: icon=all-apps, SoftRight: Contacts 
04-01 17:41:59.562  1601  1601 I Gecko   : 
04-01 17:41:59.580  1601  1601 I Gecko   : [Event] event type: keyup, key: Enter, target: [object HTMLDivElement], id: Tutorial, class: Tutorial
04-01 17:41:59.630   608  1059 I actix_web::middleware..: "GET /style/images/browser_56.png HTTP/1.1" launcher.localhost 200 5070 9.797241
04-01 17:41:59.637   608  1060 I actix_web::middleware..: "GET /style/images/google_search_56.png HTTP/1.1" launcher.localhost 200 2987 15.904794
04-01 17:41:59.668  1601  1601 I Gecko   : [Event] event type: keyup, key: MicrophoneToggle, target: [object HTMLDivElement], id: main-view, class: is-focus
04-01 17:42:01.370   500   500 D audio_hw_primary: out_standby: enter: stream (0xa8138000) usecase(1: low-latency-playback)
04-01 17:42:01.475   500   500 D audio_hw_primary: disable_audio_route: reset and update mixer path: low-latency-playback
04-01 17:42:01.476   500   500 D soundtrigger: audio_extn_sound_trigger_update_stream_status: uc_info->id 1 of type 0 for Event 2, with Raise=0
04-01 17:42:01.476   500   500 D msm8916_platform: platform_split_snd_device: snd_device(9) num devices(0) new_snd_devices(0)
04-01 17:42:01.476   500   500 I msm8916_platform: platform_get_custom_mtmx_params: no matching param with id 0 ip_ch 2 op_ch 1 uc_id 1 snd_dev 9
04-01 17:42:01.476   500   500 D hardware_info: hw_info_append_hw_type : device_name = headphones
04-01 17:42:01.476   500   500 D audio_hw_primary: disable_snd_device: snd_device(9: headphones)
04-01 17:42:01.476   500   500 D msm8916_platform: platform_split_snd_device: snd_device(9) num devices(0) new_snd_devices(0)
04-01 17:42:01.480   500   500 I soundtrigger: audio_extn_sound_trigger_update_device_status: device 0x9 of type 0 for Event 0, with Raise=0
04-01 17:42:01.481   500   500 D audio_hw_primary: out_standby: exit
04-01 17:42:04.469   505   579 I LocSvc_BatteryListener: operator():153] healthInfo cb thread: cb CHARGING
04-01 17:42:04.488   642  1034 I ServiceManager: Waiting for service 'package_native' on '/dev/binder'...
04-01 17:42:04.522   627   627 E libc    : Access denied finding property "vbms.log.enable"
04-01 17:42:04.517   627   627 I auditd  : type=1400 audit(0.0:50): avc: denied { read } for comm="vm_bms" name="u:object_r:default_prop:s0" dev="tmpfs" ino=6245 scontext=u:r:vm_bms:s0 tcontext=u:object_r:default_prop:s0 tclass=file permissive=0
04-01 17:42:04.522   627   627 I chatty  : uid=0(root) /vendor/bin/vm_bms identical 1 line
04-01 17:42:04.522   627   627 E libc    : Access denied finding property "vbms.log.enable"
04-01 17:42:04.517   627   627 W vm_bms  : type=1400 audit(0.0:50): avc: denied { read } for name="u:object_r:default_prop:s0" dev="tmpfs" ino=6245 scontext=u:r:vm_bms:s0 tcontext=u:object_r:default_prop:s0 tclass=file permissive=0
04-01 17:42:04.517   627   627 I chatty  : uid=0(root) /vendor/bin/vm_bms identical 1 line
04-01 17:42:04.517   627   627 W vm_bms  : type=1400 audit(0.0:52): avc: denied { read } for name="u:object_r:default_prop:s0" dev="tmpfs" ino=6245 scontext=u:r:vm_bms:s0 tcontext=u:object_r:default_prop:s0 tclass=file permissive=0
04-01 17:42:04.522   627   627 E libc    : Access denied finding property "vbms.log.enable"
04-01 17:42:04.520   627   627 W vm_bms  : type=1400 audit(0.0:53): avc: denied { read } for name="u:object_r:default_prop:s0" dev="tmpfs" ino=6245 scontext=u:r:vm_bms:s0 tcontext=u:object_r:default_prop:s0 tclass=file permissive=0
04-01 17:42:04.524   627   627 W vm_bms  : type=1400 audit(0.0:54): avc: denied { read } for name="u:object_r:default_prop:s0" dev="tmpfs" ino=6245 scontext=u:r:vm_bms:s0 tcontext=u:object_r:default_prop:s0 tclass=file permissive=0
04-01 17:42:04.527   627   627 E libc    : Access denied finding property "vbms.log.enable"
04-01 17:42:04.527   627   627 E libc    : Access denied finding property "vbms.log.enable"
04-01 17:42:04.524   627   627 W vm_bms  : type=1400 audit(0.0:55): avc: denied { read } for name="u:object_r:default_prop:s0" dev="tmpfs" ino=6245 scontext=u:r:vm_bms:s0 tcontext=u:object_r:default_prop:s0 tclass=file permissive=0
04-01 17:42:04.527   627   627 E libc    : Access denied finding property "vbms.log.enable"
04-01 17:42:04.527   627   627 E libc    : Access denied finding property "vbms.log.enable"
04-01 17:42:04.524   627   627 W vm_bms  : type=1400 audit(0.0:56): avc: denied { read } for name="u:object_r:default_prop:s0" dev="tmpfs" ino=6245 scontext=u:r:vm_bms:s0 tcontext=u:object_r:default_prop:s0 tclass=file permissive=0
04-01 17:42:04.527   627   627 E libc    : Access denied finding property "vbms.log.enable"
04-01 17:42:04.527   627   627 I chatty  : uid=0(root) /vendor/bin/vm_bms identical 8 lines
04-01 17:42:04.528   627   627 E libc    : Access denied finding property "vbms.log.enable"
04-01 17:42:04.524   627   627 W vm_bms  : type=1400 audit(0.0:57): avc: denied { read } for name="u:object_r:default_prop:s0" dev="tmpfs" ino=6245 scontext=u:r:vm_bms:s0 tcontext=u:object_r:default_prop:s0 tclass=file permissive=0
04-01 17:42:04.528   627   627 E libc    : Access denied finding property "vbms.log.enable"
04-01 17:42:04.529   627   627 I chatty  : uid=0(root) /vendor/bin/vm_bms identical 19 lines
04-01 17:42:04.529   627   627 E libc    : Access denied finding property "vbms.log.enable"
04-01 17:42:04.530   627   627 I VM_BMS  : power_supply_update: ocv_uv=4310561 ibatt=486732 soc=99 seq_num=1
04-01 17:42:04.530   627   627 E libc    : Access denied finding property "vbms.log.enable"
04-01 17:42:04.530   627   627 E libc    : Access denied finding property "vbms.log.enable"
04-01 17:42:04.547   505   547 I LocSvc_SystemStatusOsObserver: DataItem: IS_POWER_CONNECTED: true >> Wiper
04-01 17:42:04.574   607   607 E GeckoConsole: [JavaScript Error: "uncaught exception: undefined"]
04-01 17:42:04.575   505   571 I LocSvc_api_v02: ---> locClientSendReq line 2345 QMI_LOC_SET_EXTERNAL_POWER_CONFIG_REQ_V02
04-01 17:42:04.583   505   939 I LocSvc_ApiV02: <--- globalRespCb line 192 QMI_LOC_SET_EXTERNAL_POWER_CONFIG_REQ_V02
04-01 17:42:04.654   599  1546 I adbd    : USB event: FUNCTIONFS_ENABLE
04-01 17:42:04.661   607  2069 D         : PlayerBase::PlayerBase()
04-01 17:42:04.662   607  2069 E         : PlayerBase(): binding to audio service failed, service up?
04-01 17:42:04.662   607  2069 D         : TrackPlayerBase::TrackPlayerBase()
04-01 17:42:04.662   607  1353 E AutoMounter: Failed to get property, ro.b2g.usb.state_node, use default value.
04-01 17:42:04.662   607  1353 E AutoMounter: Failed to get property, ro.b2g.usb.functions_node, use default value.
04-01 17:42:04.662   607  1353 E AutoMounter: Failed to get property, ro.b2g.usb.state_node, use default value.
04-01 17:42:04.663   607  1353 E AutoMounter: Failed to get property, ro.b2g.ums.directory_node, use default value.
04-01 17:42:04.663   607  1353 E AutoMounter: Failed to get property, ro.b2g.mtp.directory_node, use default value.
04-01 17:42:04.663   607  1353 E AutoMounter: Failed to get property, ro.b2g.mtp.mode, use default value.
04-01 17:42:04.663   607  1353 I AutoMounter: UpdateState: ums:A0C0E0 mtp:A1C0E0 mode:0 usb:1 tryToShare:0 state:IDLE
04-01 17:42:04.663   607  1353 I AutoMounter: UpdateState: Volume sdcard is Mounted and inserted @ /mnt/vendor/usbmsc gen 1 locked 0 sharing x
04-01 17:42:04.663   607  1353 I AutoMounter: UpdateState: Volume sdcard1 is Mounted and inserted @ /mnt/media_rw/3336-3134 gen 2 locked 0 sharing dis
04-01 17:42:04.663   607  2069 I libOpenSLES: Emulating old channel mask behavior (ignoring positional mask 0x3, using default mask 0x3 based on channel count of 2)
04-01 17:42:04.665   520  2379 W ServiceUtilities: retreivePackageManager: failed to retrieve native package manager
04-01 17:42:04.665   520  2379 W ServiceUtilities: doIsAllowed: Playback capture is denied as package manager is not reachable
04-01 17:42:04.666   500   500 D audio_hw_primary: adev_get_parameters:vr_audio_mode_on
04-01 17:42:04.666   500   500 I audio_hw_primary: getting vr mode to 0
04-01 17:42:04.666   500   500 D audio_hw_primary: adev_get_parameters: exit: returns - vr_audio_mode_on=false
04-01 17:42:04.666   520  2379 I AudioPolicyManagerCustom: VR mode is 0, switch to primary output if request is for fast|raw
04-01 17:42:04.667   520  2379 I AudioPolicyManagerCustom: FLAG None hence request for a primary output
04-01 17:42:04.667   520  2379 W AudioFlinger: createTrack_l(): mismatch between requested flags (00000008) and output flags (00000006)
04-01 17:42:04.667   520  2379 D AudioFlinger: Client defaulted notificationFrames to 886 for frameCount 1772
04-01 17:42:04.669   520  2379 D AF::TrackHandle: OpPlayAudio: track:58 usage:5 not muted
04-01 17:42:04.670   607  2069 E         : AudioPlayer realize: no audio service, player will not be registered
04-01 17:42:04.694   607  2069 E libOpenSLES: Configuration error: unknown key
04-01 17:42:04.694   607  2069 W libOpenSLES: Leaving AndroidConfiguration::GetConfiguration (SL_RESULT_PARAMETER_INVALID)
04-01 17:42:04.695   520   889 W AudioFlinger: no wake lock to update, system not ready yet
04-01 17:42:04.695   520   889 W BatteryNotifier: batterystats service unavailable!
04-01 17:42:04.696   500  2158 D audio_hw_primary: start_output_stream: enter: stream(0xa8138000)usecase(1: low-latency-playback) devices(0x4)
04-01 17:42:04.697   500  2158 E ANDR-PERF: IPerf:: Perf HAL Service is not available.
04-01 17:42:04.697   500  2158 E audio_hw_extn: audio_extn_perf_lock_acquire: Failed to acquire perf lock, err: -1
04-01 17:42:04.697   500  2158 D audio_hw_primary: select_devices for use case (low-latency-playback)
04-01 17:42:04.697   500  2158 D audio_hw_extn: audio_extn_get_anc_enabled: anc_enabled:0
04-01 17:42:04.697   500  2158 D audio_hw_primary: select_devices: out_snd_device(9: headphones) in_snd_device(0: )
04-01 17:42:04.697   500  2158 I msm8916_platform: platform_check_and_set_codec_backend_cfg:becf: afe: bitwidth 16, samplerate 48000 channels 2, backend_idx 0 usecase = 1 device (headphones)
04-01 17:42:04.697   500  2158 D msm8916_platform: platform_split_snd_device: snd_device(9) num devices(1) new_snd_devices(0)
04-01 17:42:04.697   500  2158 I msm8916_platform: platform_check_and_set_codec_backend_cfg: becf: new_snd_devices[0] is headphones
04-01 17:42:04.697   500  2158 I msm8916_platform: platform_check_codec_backend_cfg:becf: afe: Codec selected backend: 0 current bit width: 16 sample rate: 48000 channels: 2 usecase 1 device (headphones)
04-01 17:42:04.697   500  2158 D msm8916_platform: platform_check_codec_backend_cfg:becf: afe: napb not active - set non fractional rate
04-01 17:42:04.697   500  2158 D msm8916_platform: platform_check_codec_backend_cfg:becf: afe: only 48KHZ sample rate is supported Configure afe to default Sample Rate(48k)
04-01 17:42:04.698   500  2158 I msm8916_platform: platform_check_codec_backend_cfg:becf: afe: Codec selected backend: 0 updated bit width: 16 sample rate: 48000 channels: 2
04-01 17:42:04.698   500  2158 E audio_route: unable to find path 'hph-lowpower-mode'
04-01 17:42:04.698   500  2158 D audio_hw_primary: check_usecases_codec_backend:becf: force routing 0
04-01 17:42:04.698   500  2158 E msm8916_platform: platform_check_backends_match: Invalid snd_device = 
04-01 17:42:04.698   500  2158 D audio_hw_primary: check_usecases_codec_backend:becf: (63) check_usecases curr device: headphones, usecase device: backends match 0
04-01 17:42:04.698   500  2158 D audio_hw_primary: check_usecases_codec_backend:becf: check_usecases num.of Usecases to switch 0
04-01 17:42:04.698   500  2158 D hardware_info: hw_info_append_hw_type : device_name = headphones
04-01 17:42:04.698   500  2158 D msm8916_platform: platform_split_snd_device: snd_device(9) num devices(0) new_snd_devices(0)
04-01 17:42:04.698   500  2158 D audio_hw_primary: enable_snd_device: snd_device(9: headphones)
04-01 17:42:04.698   500  2158 I soundtrigger: audio_extn_sound_trigger_update_device_status: device 0x9 of type 0 for Event 1, with Raise=0
04-01 17:42:04.698   500  2158 D audio_route: Apply path: headphones
04-01 17:42:04.702   500  2158 D soundtrigger: audio_extn_sound_trigger_update_stream_status: uc_info->id 1 of type 0 for Event 3, with Raise=0
04-01 17:42:04.702   500  2158 D audio_hw_utils: audio_extn_utils_send_app_type_cfg: usecase->out_snd_device headphones
04-01 17:42:04.702   500  2158 D msm8916_platform: platform_split_snd_device: snd_device(9) num devices(0) new_snd_devices(0)
04-01 17:42:04.703   500  2158 D audio_hw_utils: audio_extn_btsco_get_sample_rate:Not a BT SCO device, need not update sampling rate
04-01 17:42:04.703   500  2158 I audio_hw_utils: send_app_type_cfg_for_device PLAYBACK app_type 69937, acdb_dev_id 10, sample_rate 48000, snd_device_be_idx 43
04-01 17:42:04.703   500  2158 D msm8916_platform: platform_split_snd_device: snd_device(9) num devices(1) new_snd_devices(0)
04-01 17:42:04.703   500  2158 D audio_hw_utils: audio_extn_btsco_get_sample_rate:Not a BT SCO device, need not update sampling rate
04-01 17:42:04.703   500  2158 D ACDB-LOADER: ACDB -> send_audio_cal, acdb_id = 10, path = 0, app id = 0x11131, sample rate = 48000, afe_sample_rate = 48000
04-01 17:42:04.703   500  2158 D ACDB-LOADER: ACDB -> send_asm_topology
04-01 17:42:04.703   500  2158 D ACDB-LOADER: ACDB -> ACDB_CMD_GET_AUDPROC_STREAM_TOPOLOGY_ID
04-01 17:42:04.703   500  2158 D ACDB-LOADER: ACDB -> send_adm_topology
04-01 17:42:04.703   500  2158 D ACDB-LOADER: ACDB -> ACDB_CMD_GET_AUDPROC_COMMON_TOPOLOGY_ID
04-01 17:42:04.703   500  2158 D ACDB-LOADER: ACDB -> send_audtable
04-01 17:42:04.703   500  2158 D ACDB-LOADER: ACDB -> ACDB_CMD_GET_AUDPROC_COMMON_TABLE_SIZE
04-01 17:42:04.703   500  2158 D ACDB-LOADER: ACDB -> ACDB_CMD_GET_AUDPROC_COMMON_TABLE
04-01 17:42:04.703   500  2158 D ACDB-LOADER: ACDB -> AUDIO_SET_AUDPROC_CAL cal_type[11] acdb_id[10] app_type[69937]
04-01 17:42:04.703   500  2158 D ACDB-LOADER: ACDB -> send_audvoltable
04-01 17:42:04.703   500  2158 D ACDB-LOADER: ACDB -> ACDB_CMD_GET_AUDPROC_GAIN_DEP_STEP_TABLE_SIZE
04-01 17:42:04.703   500  2158 D ACDB-LOADER: ACDB -> ACDB_CMD_GET_AUDPROC_GAIN_DEP_STEP_TABLE, vol index 0
04-01 17:42:04.703   500  2158 D ACDB-LOADER: ACDB -> AUDIO_SET_VOL_CAL cal type = 12
04-01 17:42:04.703   500  2158 D ACDB-LOADER: ACDB -> ACDB_CMD_GET_AUDPROC_STREAM_TABLE_SIZE
04-01 17:42:04.703   500  2158 D ACDB-LOADER: ACDB -> send_audstrmtable
04-01 17:42:04.703   500  2158 D ACDB-LOADER: ACDB -> ACDB_CMD_GET_AUDPROC_STREAM_TABLE_V2
04-01 17:42:04.703   500  2158 D ACDB-LOADER: ACDB -> audstrm_cal->cal_type.cal_data.cal_size = 16
04-01 17:42:04.703   500  2158 D ACDB-LOADER: ACDB -> send_afe_topology
04-01 17:42:04.703   500  2158 D ACDB-LOADER: ACDB -> ACDB_CMD_GET_AFE_TOPOLOGY_ID
04-01 17:42:04.703   500  2158 D ACDB-LOADER: ACDB -> GET_AFE_TOPOLOGY_ID for adcd_id 10, Topology Id 112fc
04-01 17:42:04.703   500  2158 D ACDB-LOADER: ACDB -> send_afe_cal
04-01 17:42:04.703   500  2158 D ACDB-LOADER: ACDB -> ACDB_CMD_GET_AFE_COMMON_TABLE_SIZE
04-01 17:42:04.703   500  2158 D         : Failed to fetch the lookup information of the device 0000000A 
04-01 17:42:04.703   500  2158 D ACDB-LOADER: Error: ACDB_CMD_GET_AFE_COMMON_TABLE_SIZE Returned = -19
04-01 17:42:04.703   500  2158 D ACDB-LOADER: ACDB -> ACDB_CMD_GET_AFE_COMMON_TABLE
04-01 17:42:04.703   500  2158 D         : Failed to fetch the lookup information of the device 0000000A 
04-01 17:42:04.703   500  2158 D ACDB-LOADER: Error: ACDB AFE returned = -19
04-01 17:42:04.703   500  2158 D ACDB-LOADER: ACDB -> AUDIO_SET_AFE_CAL cal_type[16] acdb_id[10]
04-01 17:42:04.703   500  2158 D ACDB-LOADER: ACDB -> send_hw_delay : acdb_id = 10 path = 0
04-01 17:42:04.703   500  2158 D ACDB-LOADER: ACDB -> ACDB_AVSYNC_INFO: ACDB_CMD_GET_DEVICE_PROPERTY
04-01 17:42:04.703   500  2158 D msm8916_platform: platform_split_snd_device: snd_device(9) num devices(0) new_snd_devices(0)
04-01 17:42:04.703   500  2158 I msm8916_platform: platform_get_custom_mtmx_params: no matching param with id 0 ip_ch 2 op_ch 1 uc_id 1 snd_dev 9
04-01 17:42:04.703   500  2158 D audio_hw_primary: enable_audio_route: apply mixer and update path: low-latency-playback
04-01 17:42:04.704   500  2158 D audio_route: Apply path: low-latency-playback
04-01 17:42:04.704   500  2158 D audio_hw_primary: select_devices: done
04-01 17:42:04.706   500  2158 D msm8916_platform: platform_set_channel_map mixer_ctl_name:Playback Channel Map12
04-01 17:42:04.706   500  2158 D msm8916_platform: platform_set_channel_map: set mapping(1 2 0 0 0 0 0 0) for channel:2
04-01 17:42:04.746   500  2158 E audio_hw_extn: audio_extn_perf_lock_release: Perf lock release error 
04-01 17:42:04.746   500  2158 D audio_hw_primary: start_output_stream: exit
04-01 17:42:04.746   500  2158 D msm8916_platform: platform_split_snd_device: snd_device(9) num devices(0) new_snd_devices(0)
04-01 17:42:04.746   500  2158 I msm8916_platform: platform_get_custom_mtmx_params: no matching param with id 0 ip_ch 2 op_ch 1 uc_id 1 snd_dev 9
04-01 17:42:04.746   520   888 E FastThread: did not receive expected priority boost on time
04-01 17:42:04.996   607  2069 D         : PlayerBase::pause() from IPlayer
04-01 17:42:04.996   607  2069 D AudioTrack: stop(32): called with 12356 frames delivered
04-01 17:42:04.997   607  2069 D         : TrackPlayerBase::~TrackPlayerBase()
04-01 17:42:04.997   607  2069 D         : PlayerBase::~PlayerBase()
04-01 17:42:05.067   520   889 W AudioFlinger: no wake lock to update, system not ready yet
04-01 17:42:05.067   520   889 W BatteryNotifier: batterystats service unavailable!
04-01 17:42:05.489   642  1034 I ServiceManager: Waiting for service 'package_native' on '/dev/binder'...
04-01 17:42:05.497   599   599 I adbd    : UsbFfs: already offline
04-01 17:42:05.592   607   607 W GeckoConsole: [JavaScript Warning: "Cannot play media. No decoders for requested formats: video/ogg" {file: "chrome://system/content/index.html" line: 0}]
04-01 17:42:06.490   642  1034 I ServiceManager: Waiting for service 'package_native' on '/dev/binder'...
04-01 17:42:07.490   642  1034 I ServiceManager: Waiting for service 'package_native' on '/dev/binder'...
04-01 17:42:08.000   500   500 D audio_hw_primary: out_standby: enter: stream (0xa8138000) usecase(1: low-latency-playback)
04-01 17:42:08.106   500   500 D audio_hw_primary: disable_audio_route: reset and update mixer path: low-latency-playback
04-01 17:42:08.107   500   500 D soundtrigger: audio_extn_sound_trigger_update_stream_status: uc_info->id 1 of type 0 for Event 2, with Raise=0
04-01 17:42:08.107   500   500 D msm8916_platform: platform_split_snd_device: snd_device(9) num devices(0) new_snd_devices(0)
04-01 17:42:08.107   500   500 I msm8916_platform: platform_get_custom_mtmx_params: no matching param with id 0 ip_ch 2 op_ch 1 uc_id 1 snd_dev 9
04-01 17:42:08.107   500   500 D hardware_info: hw_info_append_hw_type : device_name = headphones
04-01 17:42:08.107   500   500 D audio_hw_primary: disable_snd_device: snd_device(9: headphones)
04-01 17:42:08.107   500   500 D msm8916_platform: platform_split_snd_device: snd_device(9) num devices(0) new_snd_devices(0)
04-01 17:42:08.110   500   500 I soundtrigger: audio_extn_sound_trigger_update_device_status: device 0x9 of type 0 for Event 0, with Raise=0
04-01 17:42:08.111   500   500 D audio_hw_primary: out_standby: exit
04-01 17:42:08.491   642  1034 I ServiceManager: Waiting for service 'package_native' on '/dev/binder'...
04-01 17:42:09.491   642  1034 W ServiceManager: Service package_native didn't start. Returning NULL
04-01 17:42:09.492   642  1034 E storaged: getService package_native failed
04-01 17:42:10.373   599  2430 I adbd    : adbd restarting as root
04-01 17:42:10.617  2431  2432 I adbd    : opening control endpoint /dev/usb-ffs/adb/ep0
04-01 17:42:10.623  2431  2432 I adbd    : UsbFfsConnection constructed
04-01 17:42:10.624  2431  2433 I adbd    : USB event: FUNCTIONFS_BIND
04-01 17:42:10.628   607  1353 E AutoMounter: Failed to get property, ro.b2g.usb.state_node, use default value.
04-01 17:42:10.629   607  1353 E AutoMounter: Failed to get property, ro.b2g.usb.functions_node, use default value.
04-01 17:42:10.629   607  1353 E AutoMounter: Failed to get property, ro.b2g.usb.state_node, use default value.
04-01 17:42:10.629   607  1353 E AutoMounter: Failed to get property, ro.b2g.ums.directory_node, use default value.
04-01 17:42:10.629   607  1353 E AutoMounter: Failed to get property, ro.b2g.mtp.directory_node, use default value.
04-01 17:42:10.629   607  1353 E AutoMounter: Failed to get property, ro.b2g.mtp.mode, use default value.
04-01 17:42:10.629   607  1353 I AutoMounter: UpdateState: ums:A0C0E0 mtp:A1C0E0 mode:0 usb:0 tryToShare:0 state:IDLE
04-01 17:42:10.629   607  1353 I AutoMounter: UpdateState: Volume sdcard is Mounted and inserted @ /mnt/vendor/usbmsc gen 1 locked 0 sharing x
04-01 17:42:10.629   607  1353 I AutoMounter: UpdateState: Volume sdcard1 is Mounted and inserted @ /mnt/media_rw/3336-3134 gen 2 locked 0 sharing dis
04-01 17:42:10.807  2431  2433 I adbd    : USB event: FUNCTIONFS_ENABLE
04-01 17:42:10.808   607  1353 E AutoMounter: Failed to get property, ro.b2g.usb.state_node, use default value.
04-01 17:42:10.809   607  1353 E AutoMounter: Failed to get property, ro.b2g.usb.functions_node, use default value.
04-01 17:42:10.809   607  1353 E AutoMounter: Failed to get property, ro.b2g.usb.state_node, use default value.
04-01 17:42:10.809   607  1353 E AutoMounter: Failed to get property, ro.b2g.ums.directory_node, use default value.
04-01 17:42:10.809   607  1353 E AutoMounter: Failed to get property, ro.b2g.mtp.directory_node, use default value.
04-01 17:42:10.809   607  1353 E AutoMounter: Failed to get property, ro.b2g.mtp.mode, use default value.
04-01 17:42:10.809   607  1353 I AutoMounter: UpdateState: ums:A0C0E0 mtp:A1C0E0 mode:0 usb:1 tryToShare:0 state:IDLE
04-01 17:42:10.809   607  1353 I AutoMounter: UpdateState: Volume sdcard is Mounted and inserted @ /mnt/vendor/usbmsc gen 1 locked 0 sharing x
04-01 17:42:10.809   607  1353 I AutoMounter: UpdateState: Volume sdcard1 is Mounted and inserted @ /mnt/media_rw/3336-3134 gen 2 locked 0 sharing dis
04-01 17:42:11.495  2431  2431 I adbd    : UsbFfs: already offline
04-01 17:42:04.524   627   627 I chatty  : uid=0(root) /vendor/bin/vm_bms identical 6 lines
04-01 17:42:04.524   627   627 I auditd  : type=1400 audit(0.0:57): avc: denied { read } for comm="vm_bms" name="u:object_r:default_prop:s0" dev="tmpfs" ino=6245 scontext=u:r:vm_bms:s0 tcontext=u:object_r:default_prop:s0 tclass=file permissive=0
04-01 17:42:15.327  2437  2437 I auditd  : type=1400 audit(0.0:91): avc: denied { getattr } for comm="df" name="/" dev="mmcblk0p15" ino=1 scontext=u:r:su:s0 tcontext=u:object_r:firmware_file:s0 tclass=filesystem permissive=1
04-01 17:42:15.327  2437  2437 I df      : type=1400 audit(0.0:91): avc: denied { getattr } for name="/" dev="mmcblk0p15" ino=1 scontext=u:r:su:s0 tcontext=u:object_r:firmware_file:s0 tclass=filesystem permissive=1
04-01 17:42:19.463   607   607 I Gecko   : *** UTM:SVC TimerManager:registerTimer - timerID: telemetry_modules_ping interval: 604800 skipFirst: true
04-01 17:42:19.463   607   607 I GeckoConsole: UTM:SVC TimerManager:registerTimer - timerID: telemetry_modules_ping interval: 604800 skipFirst: true
04-01 17:42:24.740   608  1058 I settings_service::ser..: Dropping Settings Service #1
04-01 17:42:25.058   608  1059 I settings_service::ser..: Dropping Settings Service #1
04-01 17:42:25.326   608  1057 I settings_service::ser..: Dropping Settings Service #1
04-01 17:42:25.481   522   522 I vendor.rmt_storage: rmt_storage_connect_cb: clnt_h=0xb conn_h=0xa750a020
04-01 17:42:25.481   522   522 I vendor.rmt_storage: rmt_storage_rw_iovec_cb: /boot/modem_fs2: req_h=0xb msg_id=3: R/W request received (wr_count 1)
04-01 17:42:25.481   522   522 I vendor.rmt_storage: wakelock acquired: 1, error no: 42
04-01 17:42:25.481   522   917 I vendor.rmt_storage: rmt_storage_client_thread: /boot/modem_fs2: Unblock worker thread (th_id: -1490832848)
04-01 17:42:25.661   608  1058 I settings_service::ser..: Dropping Settings Service #1
04-01 17:42:25.709   522   917 I vendor.rmt_storage: rmt_storage_client_thread: /boot/modem_fs2: req_h=0xb msg_id=3: Bytes written = 1572864, wr_count 1
04-01 17:42:25.709   522   917 I vendor.rmt_storage: rmt_storage_client_thread: /boot/modem_fs2: req_h=0xb msg_id=3: Send response: res=0 err=0, wr_count 1
04-01 17:42:25.709   522   917 I vendor.rmt_storage: rmt_storage_client_thread: /boot/modem_fs2: About to block rmt_storage client thread (th_id: -1490832848) wakelock released: 1, error no: 0
04-01 17:42:25.709   522   917 I vendor.rmt_storage: 
04-01 17:42:25.710   522   522 I vendor.rmt_storage: rmt_storage_disconnect_cb: clnt_h=0xb conn_h=0xa750a020
04-01 17:42:25.743   608  1058 I actix_web::middleware..: "GET /ws HTTP/1.1" 127.0.0.1 101 15 30999.073974
